##teamcity[enteredTheMatrix timestamp = '2018-06-13T07:22:52.496+0100']
##teamcity[customProgressStatus testsCategory = 'Scenarios' count = '0' timestamp = '2018-06-13T07:22:52.497+0100']
##teamcity[testSuiteStarted timestamp = '2018-06-13T07:22:52.498+0100' locationHint = 'file:///Users/Gbemiga/git/business/shotgun/viewserver-shotgun/src/test/resources//Users/Gbemiga/git/business/shotgun/viewserver-shotgun/src/test/resources/09_Cluster_EndToEnd.feature:1' name = 'Feature: Cluster scenarios']
Not re-registeringclass io.viewserver.server.steps.ViewServerClientContext
19:22:52.832 [Thread-1] INFO  io.viewserver.server.steps.ShotgunViewServerSteps$TestServer - MILESTONE: Actually running view server against url inproc://master1
19:22:53.495 [Thread-1] INFO  com.shotgun.viewserver.setup.MongoApplicationSetup - Bootstrapping mongo database
19:22:53.495 [Thread-1] INFO  io.viewserver.adapters.mongo.MongoConnectionFactory - Creating connection
19:22:54.052 [Thread-1] INFO  org.mongodb.driver.cluster - Cluster created with settings {hosts=[cluster0-shard-00-00-mvv2v.mongodb.net:27017, cluster0-shard-00-01-mvv2v.mongodb.net:27017, cluster0-shard-00-02-mvv2v.mongodb.net:27017], mode=MULTIPLE, requiredClusterType=REPLICA_SET, serverSelectionTimeout='30000 ms', maxWaitQueueSize=100, requiredReplicaSetName='Cluster0-shard-0'}
19:22:54.052 [Thread-1] INFO  org.mongodb.driver.cluster - Adding discovered server cluster0-shard-00-00-mvv2v.mongodb.net:27017 to client view of cluster
19:22:54.109 [Thread-1] INFO  org.mongodb.driver.cluster - Adding discovered server cluster0-shard-00-01-mvv2v.mongodb.net:27017 to client view of cluster
19:22:54.110 [Thread-1] INFO  org.mongodb.driver.cluster - Adding discovered server cluster0-shard-00-02-mvv2v.mongodb.net:27017 to client view of cluster
19:22:54.199 [Thread-1] INFO  com.shotgun.viewserver.setup.MongoTestApplicationSetup - Deleting collection contentType
19:22:54.224 [Thread-1] INFO  org.mongodb.driver.cluster - No server chosen by com.mongodb.client.internal.MongoClientDelegate$1@4a4831d7 from cluster description ClusterDescription{type=REPLICA_SET, connectionMode=MULTIPLE, serverDescriptions=[ServerDescription{address=cluster0-shard-00-02-mvv2v.mongodb.net:27017, type=UNKNOWN, state=CONNECTING}, ServerDescription{address=cluster0-shard-00-01-mvv2v.mongodb.net:27017, type=UNKNOWN, state=CONNECTING}, ServerDescription{address=cluster0-shard-00-00-mvv2v.mongodb.net:27017, type=UNKNOWN, state=CONNECTING}]}. Waiting for 30000 ms before timing out
19:22:55.430 [cluster-ClusterId{value='5b2160fe97b820516e568bf4', description='null'}-cluster0-shard-00-02-mvv2v.mongodb.net:27017] INFO  org.mongodb.driver.connection - Opened connection [connectionId{localValue:2, serverValue:23158}] to cluster0-shard-00-02-mvv2v.mongodb.net:27017
19:22:55.548 [cluster-ClusterId{value='5b2160fe97b820516e568bf4', description='null'}-cluster0-shard-00-02-mvv2v.mongodb.net:27017] INFO  org.mongodb.driver.cluster - Monitor thread successfully connected to server with description ServerDescription{address=cluster0-shard-00-02-mvv2v.mongodb.net:27017, type=REPLICA_SET_SECONDARY, state=CONNECTED, ok=true, version=ServerVersion{versionList=[3, 6, 5]}, minWireVersion=0, maxWireVersion=6, maxDocumentSize=16777216, logicalSessionTimeoutMinutes=30, roundTripTimeNanos=115246587, setName='Cluster0-shard-0', canonicalAddress=cluster0-shard-00-02-mvv2v.mongodb.net:27017, hosts=[cluster0-shard-00-02-mvv2v.mongodb.net:27017, cluster0-shard-00-01-mvv2v.mongodb.net:27017, cluster0-shard-00-00-mvv2v.mongodb.net:27017], passives=[], arbiters=[], primary='cluster0-shard-00-01-mvv2v.mongodb.net:27017', tagSet=TagSet{[]}, electionId=null, setVersion=1, lastWriteDate=Wed Jun 13 19:22:55 BST 2018, lastUpdateTimeNanos=625095051663220}
19:22:55.578 [Thread-1] INFO  org.mongodb.driver.cluster - No server chosen by WritableServerSelector from cluster description ClusterDescription{type=REPLICA_SET, connectionMode=MULTIPLE, serverDescriptions=[ServerDescription{address=cluster0-shard-00-02-mvv2v.mongodb.net:27017, type=REPLICA_SET_SECONDARY, state=CONNECTED, ok=true, version=ServerVersion{versionList=[3, 6, 5]}, minWireVersion=0, maxWireVersion=6, maxDocumentSize=16777216, logicalSessionTimeoutMinutes=30, roundTripTimeNanos=115246587, setName='Cluster0-shard-0', canonicalAddress=cluster0-shard-00-02-mvv2v.mongodb.net:27017, hosts=[cluster0-shard-00-02-mvv2v.mongodb.net:27017, cluster0-shard-00-01-mvv2v.mongodb.net:27017, cluster0-shard-00-00-mvv2v.mongodb.net:27017], passives=[], arbiters=[], primary='cluster0-shard-00-01-mvv2v.mongodb.net:27017', tagSet=TagSet{[]}, electionId=null, setVersion=1, lastWriteDate=Wed Jun 13 19:22:55 BST 2018, lastUpdateTimeNanos=625095051663220}, ServerDescription{address=cluster0-shard-00-01-mvv2v.mongodb.net:27017, type=UNKNOWN, state=CONNECTING}, ServerDescription{address=cluster0-shard-00-00-mvv2v.mongodb.net:27017, type=UNKNOWN, state=CONNECTING}]}. Waiting for 30000 ms before timing out
19:22:55.593 [cluster-ClusterId{value='5b2160fe97b820516e568bf4', description='null'}-cluster0-shard-00-00-mvv2v.mongodb.net:27017] INFO  org.mongodb.driver.connection - Opened connection [connectionId{localValue:1, serverValue:21784}] to cluster0-shard-00-00-mvv2v.mongodb.net:27017
19:22:55.705 [cluster-ClusterId{value='5b2160fe97b820516e568bf4', description='null'}-cluster0-shard-00-00-mvv2v.mongodb.net:27017] INFO  org.mongodb.driver.cluster - Monitor thread successfully connected to server with description ServerDescription{address=cluster0-shard-00-00-mvv2v.mongodb.net:27017, type=REPLICA_SET_SECONDARY, state=CONNECTED, ok=true, version=ServerVersion{versionList=[3, 6, 5]}, minWireVersion=0, maxWireVersion=6, maxDocumentSize=16777216, logicalSessionTimeoutMinutes=30, roundTripTimeNanos=111420870, setName='Cluster0-shard-0', canonicalAddress=cluster0-shard-00-00-mvv2v.mongodb.net:27017, hosts=[cluster0-shard-00-02-mvv2v.mongodb.net:27017, cluster0-shard-00-01-mvv2v.mongodb.net:27017, cluster0-shard-00-00-mvv2v.mongodb.net:27017], passives=[], arbiters=[], primary='cluster0-shard-00-01-mvv2v.mongodb.net:27017', tagSet=TagSet{[]}, electionId=null, setVersion=1, lastWriteDate=Wed Jun 13 19:22:55 BST 2018, lastUpdateTimeNanos=625095209176826}
19:22:55.827 [cluster-ClusterId{value='5b2160fe97b820516e568bf4', description='null'}-cluster0-shard-00-01-mvv2v.mongodb.net:27017] INFO  org.mongodb.driver.connection - Opened connection [connectionId{localValue:3, serverValue:700118}] to cluster0-shard-00-01-mvv2v.mongodb.net:27017
19:22:55.934 [cluster-ClusterId{value='5b2160fe97b820516e568bf4', description='null'}-cluster0-shard-00-01-mvv2v.mongodb.net:27017] INFO  org.mongodb.driver.cluster - Monitor thread successfully connected to server with description ServerDescription{address=cluster0-shard-00-01-mvv2v.mongodb.net:27017, type=REPLICA_SET_PRIMARY, state=CONNECTED, ok=true, version=ServerVersion{versionList=[3, 6, 5]}, minWireVersion=0, maxWireVersion=6, maxDocumentSize=16777216, logicalSessionTimeoutMinutes=30, roundTripTimeNanos=105907324, setName='Cluster0-shard-0', canonicalAddress=cluster0-shard-00-01-mvv2v.mongodb.net:27017, hosts=[cluster0-shard-00-02-mvv2v.mongodb.net:27017, cluster0-shard-00-01-mvv2v.mongodb.net:27017, cluster0-shard-00-00-mvv2v.mongodb.net:27017], passives=[], arbiters=[], primary='cluster0-shard-00-01-mvv2v.mongodb.net:27017', tagSet=TagSet{[]}, electionId=7fffffff0000000000000002, setVersion=1, lastWriteDate=Wed Jun 13 19:22:55 BST 2018, lastUpdateTimeNanos=625095437721534}
19:22:55.935 [cluster-ClusterId{value='5b2160fe97b820516e568bf4', description='null'}-cluster0-shard-00-01-mvv2v.mongodb.net:27017] INFO  org.mongodb.driver.cluster - Setting max election id to 7fffffff0000000000000002 from replica set primary cluster0-shard-00-01-mvv2v.mongodb.net:27017
19:22:55.935 [cluster-ClusterId{value='5b2160fe97b820516e568bf4', description='null'}-cluster0-shard-00-01-mvv2v.mongodb.net:27017] INFO  org.mongodb.driver.cluster - Setting max set version to 1 from replica set primary cluster0-shard-00-01-mvv2v.mongodb.net:27017
19:22:55.935 [cluster-ClusterId{value='5b2160fe97b820516e568bf4', description='null'}-cluster0-shard-00-01-mvv2v.mongodb.net:27017] INFO  org.mongodb.driver.cluster - Discovered replica set primary cluster0-shard-00-01-mvv2v.mongodb.net:27017
19:22:56.921 [Thread-1] INFO  org.mongodb.driver.connection - Opened connection [connectionId{localValue:4, serverValue:570761}] to cluster0-shard-00-01-mvv2v.mongodb.net:27017
19:22:57.058 [Thread-1] INFO  com.shotgun.viewserver.setup.MongoTestApplicationSetup - Deleting collection product
19:22:57.185 [Thread-1] INFO  com.shotgun.viewserver.setup.MongoTestApplicationSetup - Deleting collection productCategory
19:22:57.317 [Thread-1] INFO  com.shotgun.viewserver.setup.MongoTestApplicationSetup - Deleting collection user
19:22:57.446 [Thread-1] INFO  com.shotgun.viewserver.setup.MongoTestApplicationSetup - Deleting collection payments
19:22:57.578 [Thread-1] INFO  com.shotgun.viewserver.setup.MongoTestApplicationSetup - Deleting collection messages
19:22:57.685 [Thread-1] INFO  com.shotgun.viewserver.setup.MongoTestApplicationSetup - Deleting collection deliveryAddress
19:22:57.793 [Thread-1] INFO  com.shotgun.viewserver.setup.MongoTestApplicationSetup - Deleting collection order
19:22:57.900 [Thread-1] INFO  com.shotgun.viewserver.setup.MongoTestApplicationSetup - Deleting collection phoneNumber
19:22:58.031 [Thread-1] INFO  com.shotgun.viewserver.setup.MongoTestApplicationSetup - Deleting collection vehicle
19:22:58.664 [Thread-1] INFO  io.viewserver.adapters.mongo.MongoCsvDataLoader - Loaded 243 rows from test-data/product.csv
19:22:58.665 [Thread-1] INFO  com.shotgun.viewserver.setup.MongoApplicationSetup - 243 records loading into mongo table product
19:22:58.906 [Thread-1] INFO  io.viewserver.adapters.mongo.MongoCsvDataLoader - Loaded 5 rows from test-data/contentType.csv
19:22:58.906 [Thread-1] INFO  com.shotgun.viewserver.setup.MongoApplicationSetup - 5 records loading into mongo table contentType
19:22:59.142 [Thread-1] INFO  io.viewserver.adapters.mongo.MongoCsvDataLoader - Loaded 42 rows from test-data/productCategory.csv
19:22:59.142 [Thread-1] INFO  com.shotgun.viewserver.setup.MongoApplicationSetup - 42 records loading into mongo table productCategory
19:22:59.368 [Thread-1] INFO  io.viewserver.adapters.mongo.MongoCsvDataLoader - Loaded 2 rows from test-data/phoneNumber.csv
19:22:59.368 [Thread-1] INFO  com.shotgun.viewserver.setup.MongoApplicationSetup - 2 records loading into mongo table phoneNumber
19:22:59.617 [Thread-1] INFO  io.viewserver.adapters.mongo.MongoCsvDataLoader - Loaded 0 rows from test-data/cluster.csv
19:22:59.618 [Thread-1] INFO  com.shotgun.viewserver.setup.MongoApplicationSetup - 0 records loading into mongo table cluster
19:22:59.618 [Thread-1] INFO  com.shotgun.viewserver.setup.MongoApplicationSetup - Deleting collection user
19:22:59.725 [Thread-1] INFO  com.shotgun.viewserver.setup.MongoApplicationSetup - Deleting collection payments
19:22:59.832 [Thread-1] INFO  com.shotgun.viewserver.setup.MongoApplicationSetup - Deleting collection messages
19:22:59.940 [Thread-1] INFO  com.shotgun.viewserver.setup.MongoApplicationSetup - Deleting collection deliveryAddress
19:23:00.050 [Thread-1] INFO  com.shotgun.viewserver.setup.MongoApplicationSetup - Deleting collection order
19:23:00.156 [Thread-1] INFO  com.shotgun.viewserver.setup.MongoApplicationSetup - Deleting collection vehicle
19:23:00.515 [Thread-1] INFO  io.viewserver.adapters.mongo.MongoCsvDataLoader - Loaded 5 rows from test-data/user.csv
19:23:00.515 [Thread-1] INFO  com.shotgun.viewserver.setup.MongoApplicationSetup - 5 records loading into mongo table user
19:23:00.528 [Thread-1] INFO  com.shotgun.viewserver.ShotgunServerLauncher - MILESTONE: Kicking off basic server inproc://master1
19:23:00.810 [reactor-inproc://master1_2018-06-13T19:22:52.800+01:00] INFO  io.viewserver.server.components.NettyBasicServerComponent - Memory used: 64104232; Free memory: 84793560; Max memory: 1908932608
19:23:00.870 [Thread-1] INFO  io.viewserver.datasource.DataSourceRegistry - Creating data source registry datasources
19:23:01.242 [Thread-1] INFO  io.viewserver.server.components.InitialDataLoaderComponent - Waiting for table - /datasources/messages/table
19:23:01.275 [Thread-1] INFO  io.viewserver.server.components.InitialDataLoaderComponent - Waiting for table - /datasources/product/table
19:23:01.275 [Thread-1] INFO  io.viewserver.server.components.InitialDataLoaderComponent - Already got so just returning - report_registry
19:23:01.276 [Thread-1] INFO  io.viewserver.server.components.InitialDataLoaderComponent - Successfully got table /report_registry that we were waiting for
19:23:01.432 [Thread-1] INFO  io.viewserver.server.components.InitialDataLoaderComponent - Waiting for table - /datasources/phoneNumber/table
19:23:01.432 [Thread-1] INFO  io.viewserver.server.components.InitialDataLoaderComponent - Waiting for table - /datasources/productCategory/table
19:23:01.432 [Thread-1] INFO  io.viewserver.server.components.InitialDataLoaderComponent - Already got so just returning - /datasources
19:23:01.433 [Thread-1] INFO  io.viewserver.server.components.InitialDataLoaderComponent - Successfully got table /datasources that we were waiting for
19:23:01.433 [Thread-1] INFO  io.viewserver.adapters.mongo.MongoRecordLoader - SCHEDULING - Addition of snapshot listener for Mongo table datasources
19:23:01.434 [Thread-1] INFO  io.viewserver.server.components.InitialDataLoaderComponent - Waiting for table - /datasources/contentType/table
19:23:01.434 [datasources-inproc://master1_2018-06-13T19:22:52.800+01:00-0] INFO  io.viewserver.adapters.mongo.MongoRecordLoader - EXECUTING - Addition of snapshot listener for Mongo table datasources
19:23:01.434 [Thread-1] INFO  io.viewserver.server.components.InitialDataLoaderComponent - Waiting for table - /datasources/user/table
19:23:01.434 [Thread-1] INFO  io.viewserver.server.components.InitialDataLoaderComponent - Waiting for table - /datasources/vehicle/table
19:23:01.435 [reactor-inproc://master1_2018-06-13T19:22:52.800+01:00] INFO  io.viewserver.datasource.RecordUtils - Acually adding record rec to operator /report_registry
19:23:01.435 [Thread-1] INFO  io.viewserver.server.components.InitialDataLoaderComponent - Waiting for table - /datasources/cluster/table
19:23:01.435 [Thread-1] INFO  io.viewserver.server.components.InitialDataLoaderComponent - Waiting for table - /datasources/deliveryAddress/table
19:23:01.435 [Thread-1] INFO  io.viewserver.server.components.InitialDataLoaderComponent - Waiting for table - /datasources/payments/table
19:23:01.435 [Thread-1] INFO  io.viewserver.server.components.InitialDataLoaderComponent - Already got so just returning - datasources
19:23:01.435 [Thread-1] INFO  io.viewserver.server.components.InitialDataLoaderComponent - Successfully got table /datasources that we were waiting for
19:23:01.436 [datasources-inproc://master1_2018-06-13T19:22:52.800+01:00-0] INFO  io.viewserver.adapters.mongo.MongoRecordLoader - GETTING SNAPSHOT - Addition of snapshot listener for Mongo table datasources
19:23:01.437 [reactor-inproc://master1_2018-06-13T19:22:52.800+01:00] INFO  io.viewserver.datasource.RecordUtils - Finished adding record rec to operator /report_registry
19:23:01.437 [reactor-inproc://master1_2018-06-13T19:22:52.800+01:00] INFO  io.viewserver.datasource.RecordUtils - Acually adding record rec to operator /report_registry
19:23:01.437 [reactor-inproc://master1_2018-06-13T19:22:52.800+01:00] INFO  io.viewserver.datasource.RecordUtils - Finished adding record rec to operator /report_registry
19:23:01.438 [reactor-inproc://master1_2018-06-13T19:22:52.800+01:00] INFO  io.viewserver.datasource.RecordUtils - Acually adding record rec to operator /report_registry
19:23:01.438 [reactor-inproc://master1_2018-06-13T19:22:52.800+01:00] INFO  io.viewserver.datasource.RecordUtils - Finished adding record rec to operator /report_registry
19:23:01.438 [reactor-inproc://master1_2018-06-13T19:22:52.800+01:00] INFO  io.viewserver.datasource.RecordUtils - Acually adding record rec to operator /report_registry
19:23:01.438 [reactor-inproc://master1_2018-06-13T19:22:52.800+01:00] INFO  io.viewserver.datasource.RecordUtils - Finished adding record rec to operator /report_registry
19:23:01.438 [reactor-inproc://master1_2018-06-13T19:22:52.800+01:00] INFO  io.viewserver.datasource.RecordUtils - Acually adding record rec to operator /report_registry
19:23:01.438 [reactor-inproc://master1_2018-06-13T19:22:52.800+01:00] INFO  io.viewserver.datasource.RecordUtils - Finished adding record rec to operator /report_registry
19:23:01.438 [reactor-inproc://master1_2018-06-13T19:22:52.800+01:00] INFO  io.viewserver.datasource.RecordUtils - Acually adding record rec to operator /report_registry
19:23:01.438 [reactor-inproc://master1_2018-06-13T19:22:52.800+01:00] INFO  io.viewserver.datasource.RecordUtils - Finished adding record rec to operator /report_registry
19:23:01.438 [reactor-inproc://master1_2018-06-13T19:22:52.800+01:00] INFO  io.viewserver.datasource.RecordUtils - Acually adding record rec to operator /report_registry
19:23:01.438 [reactor-inproc://master1_2018-06-13T19:22:52.800+01:00] INFO  io.viewserver.datasource.RecordUtils - Finished adding record rec to operator /report_registry
19:23:01.438 [reactor-inproc://master1_2018-06-13T19:22:52.800+01:00] INFO  io.viewserver.datasource.RecordUtils - Acually adding record rec to operator /report_registry
19:23:01.439 [reactor-inproc://master1_2018-06-13T19:22:52.800+01:00] INFO  io.viewserver.datasource.RecordUtils - Finished adding record rec to operator /report_registry
19:23:01.439 [reactor-inproc://master1_2018-06-13T19:22:52.800+01:00] INFO  io.viewserver.datasource.RecordUtils - Acually adding record rec to operator /report_registry
19:23:01.439 [reactor-inproc://master1_2018-06-13T19:22:52.800+01:00] INFO  io.viewserver.datasource.RecordUtils - Finished adding record rec to operator /report_registry
19:23:01.439 [reactor-inproc://master1_2018-06-13T19:22:52.800+01:00] INFO  io.viewserver.datasource.RecordUtils - Acually adding record rec to operator /report_registry
19:23:01.439 [reactor-inproc://master1_2018-06-13T19:22:52.800+01:00] INFO  io.viewserver.datasource.RecordUtils - Finished adding record rec to operator /report_registry
19:23:01.439 [reactor-inproc://master1_2018-06-13T19:22:52.800+01:00] INFO  io.viewserver.datasource.RecordUtils - Acually adding record rec to operator /report_registry
19:23:01.439 [reactor-inproc://master1_2018-06-13T19:22:52.800+01:00] INFO  io.viewserver.datasource.RecordUtils - Finished adding record rec to operator /report_registry
19:23:01.439 [reactor-inproc://master1_2018-06-13T19:22:52.800+01:00] INFO  io.viewserver.datasource.RecordUtils - Acually adding record rec to operator /report_registry
19:23:01.440 [reactor-inproc://master1_2018-06-13T19:22:52.800+01:00] INFO  io.viewserver.datasource.RecordUtils - Finished adding record rec to operator /report_registry
19:23:01.440 [reactor-inproc://master1_2018-06-13T19:22:52.800+01:00] INFO  io.viewserver.datasource.RecordUtils - Acually adding record rec to operator /report_registry
19:23:01.440 [reactor-inproc://master1_2018-06-13T19:22:52.800+01:00] INFO  io.viewserver.datasource.RecordUtils - Finished adding record rec to operator /report_registry
19:23:01.440 [reactor-inproc://master1_2018-06-13T19:22:52.800+01:00] INFO  io.viewserver.datasource.RecordUtils - Acually adding record rec to operator /report_registry
19:23:01.440 [reactor-inproc://master1_2018-06-13T19:22:52.800+01:00] INFO  io.viewserver.datasource.RecordUtils - Finished adding record rec to operator /report_registry
19:23:01.460 [reactor-inproc://master1_2018-06-13T19:22:52.800+01:00] INFO  io.viewserver.datasource.RecordUtils - Acually adding record rec to operator /datasources
19:23:01.460 [Thread-1] INFO  io.viewserver.server.components.InitialDataLoaderComponent - Waiting for table - /datasources/order/table
19:23:01.487 [Thread-1] INFO  com.shotgun.viewserver.servercomponents.UserOrderNotificationComponent - Waiting for user operator /datasources/user/table
19:23:01.505 [Thread-1] INFO  com.shotgun.viewserver.ShotgunServerLauncher - MILESTONE: Kicked off basic server inproc://master1
19:23:01.507 [Thread-2] INFO  io.viewserver.server.steps.ShotgunViewServerSteps$TestServer - MILESTONE: Actually running view server against url inproc://master2
19:23:01.513 [Thread-2] INFO  com.shotgun.viewserver.ShotgunServerLauncher - MILESTONE: Kicking off basic server inproc://master2
19:23:01.518 [Thread-2] INFO  io.viewserver.datasource.DataSourceRegistry - Creating data source registry datasources
19:23:01.519 [reactor-inproc://master2_2018-06-13T19:23:01.507+01:00] INFO  io.viewserver.server.components.NettyBasicServerComponent - Memory used: 34085496; Free memory: 134735240; Max memory: 1908932608
19:23:01.562 [Thread-2] INFO  io.viewserver.server.components.InitialDataLoaderComponent - Waiting for table - /datasources/messages/table
19:23:01.562 [Thread-2] INFO  io.viewserver.server.components.InitialDataLoaderComponent - Waiting for table - /datasources/product/table
19:23:01.562 [Thread-2] INFO  io.viewserver.server.components.InitialDataLoaderComponent - Already got so just returning - report_registry
19:23:01.562 [Thread-2] INFO  io.viewserver.server.components.InitialDataLoaderComponent - Successfully got table /report_registry that we were waiting for
19:23:01.571 [reactor-inproc://master2_2018-06-13T19:23:01.507+01:00] INFO  io.viewserver.datasource.RecordUtils - Acually adding record rec to operator /report_registry
19:23:01.571 [Thread-2] INFO  io.viewserver.server.components.InitialDataLoaderComponent - Waiting for table - /datasources/phoneNumber/table
19:23:01.571 [reactor-inproc://master2_2018-06-13T19:23:01.507+01:00] INFO  io.viewserver.datasource.RecordUtils - Finished adding record rec to operator /report_registry
19:23:01.571 [reactor-inproc://master2_2018-06-13T19:23:01.507+01:00] INFO  io.viewserver.datasource.RecordUtils - Acually adding record rec to operator /report_registry
19:23:01.571 [Thread-2] INFO  io.viewserver.server.components.InitialDataLoaderComponent - Waiting for table - /datasources/productCategory/table
19:23:01.571 [reactor-inproc://master2_2018-06-13T19:23:01.507+01:00] INFO  io.viewserver.datasource.RecordUtils - Finished adding record rec to operator /report_registry
19:23:01.571 [reactor-inproc://master2_2018-06-13T19:23:01.507+01:00] INFO  io.viewserver.datasource.RecordUtils - Acually adding record rec to operator /report_registry
19:23:01.572 [reactor-inproc://master2_2018-06-13T19:23:01.507+01:00] INFO  io.viewserver.datasource.RecordUtils - Finished adding record rec to operator /report_registry
19:23:01.572 [Thread-2] INFO  io.viewserver.server.components.InitialDataLoaderComponent - Already got so just returning - /datasources
19:23:01.572 [reactor-inproc://master2_2018-06-13T19:23:01.507+01:00] INFO  io.viewserver.datasource.RecordUtils - Acually adding record rec to operator /report_registry
19:23:01.572 [Thread-2] INFO  io.viewserver.server.components.InitialDataLoaderComponent - Successfully got table /datasources that we were waiting for
19:23:01.572 [reactor-inproc://master2_2018-06-13T19:23:01.507+01:00] INFO  io.viewserver.datasource.RecordUtils - Finished adding record rec to operator /report_registry
19:23:01.572 [Thread-2] INFO  io.viewserver.adapters.mongo.MongoRecordLoader - SCHEDULING - Addition of snapshot listener for Mongo table datasources
19:23:01.572 [reactor-inproc://master2_2018-06-13T19:23:01.507+01:00] INFO  io.viewserver.datasource.RecordUtils - Acually adding record rec to operator /report_registry
19:23:01.572 [reactor-inproc://master2_2018-06-13T19:23:01.507+01:00] INFO  io.viewserver.datasource.RecordUtils - Finished adding record rec to operator /report_registry
19:23:01.572 [reactor-inproc://master2_2018-06-13T19:23:01.507+01:00] INFO  io.viewserver.datasource.RecordUtils - Acually adding record rec to operator /report_registry
19:23:01.572 [reactor-inproc://master2_2018-06-13T19:23:01.507+01:00] INFO  io.viewserver.datasource.RecordUtils - Finished adding record rec to operator /report_registry
19:23:01.572 [reactor-inproc://master2_2018-06-13T19:23:01.507+01:00] INFO  io.viewserver.datasource.RecordUtils - Acually adding record rec to operator /report_registry
19:23:01.572 [reactor-inproc://master2_2018-06-13T19:23:01.507+01:00] INFO  io.viewserver.datasource.RecordUtils - Finished adding record rec to operator /report_registry
19:23:01.572 [reactor-inproc://master2_2018-06-13T19:23:01.507+01:00] INFO  io.viewserver.datasource.RecordUtils - Acually adding record rec to operator /report_registry
19:23:01.572 [Thread-2] INFO  io.viewserver.server.components.InitialDataLoaderComponent - Waiting for table - /datasources/contentType/table
19:23:01.572 [reactor-inproc://master2_2018-06-13T19:23:01.507+01:00] INFO  io.viewserver.datasource.RecordUtils - Finished adding record rec to operator /report_registry
19:23:01.572 [reactor-inproc://master2_2018-06-13T19:23:01.507+01:00] INFO  io.viewserver.datasource.RecordUtils - Acually adding record rec to operator /report_registry
19:23:01.573 [reactor-inproc://master2_2018-06-13T19:23:01.507+01:00] INFO  io.viewserver.datasource.RecordUtils - Finished adding record rec to operator /report_registry
19:23:01.573 [Thread-2] INFO  io.viewserver.server.components.InitialDataLoaderComponent - Waiting for table - /datasources/user/table
19:23:01.573 [reactor-inproc://master2_2018-06-13T19:23:01.507+01:00] INFO  io.viewserver.datasource.RecordUtils - Acually adding record rec to operator /report_registry
19:23:01.573 [reactor-inproc://master2_2018-06-13T19:23:01.507+01:00] INFO  io.viewserver.datasource.RecordUtils - Finished adding record rec to operator /report_registry
19:23:01.573 [reactor-inproc://master2_2018-06-13T19:23:01.507+01:00] INFO  io.viewserver.datasource.RecordUtils - Acually adding record rec to operator /report_registry
19:23:01.573 [Thread-2] INFO  io.viewserver.server.components.InitialDataLoaderComponent - Waiting for table - /datasources/vehicle/table
19:23:01.573 [reactor-inproc://master2_2018-06-13T19:23:01.507+01:00] INFO  io.viewserver.datasource.RecordUtils - Finished adding record rec to operator /report_registry
19:23:01.573 [reactor-inproc://master2_2018-06-13T19:23:01.507+01:00] INFO  io.viewserver.datasource.RecordUtils - Acually adding record rec to operator /report_registry
19:23:01.573 [reactor-inproc://master2_2018-06-13T19:23:01.507+01:00] INFO  io.viewserver.datasource.RecordUtils - Finished adding record rec to operator /report_registry
19:23:01.573 [reactor-inproc://master2_2018-06-13T19:23:01.507+01:00] INFO  io.viewserver.datasource.RecordUtils - Acually adding record rec to operator /report_registry
19:23:01.573 [Thread-2] INFO  io.viewserver.server.components.InitialDataLoaderComponent - Waiting for table - /datasources/cluster/table
19:23:01.573 [datasources-inproc://master2_2018-06-13T19:23:01.507+01:00-0] INFO  io.viewserver.adapters.mongo.MongoRecordLoader - EXECUTING - Addition of snapshot listener for Mongo table datasources
19:23:01.573 [datasources-inproc://master2_2018-06-13T19:23:01.507+01:00-0] INFO  io.viewserver.adapters.mongo.MongoRecordLoader - GETTING SNAPSHOT - Addition of snapshot listener for Mongo table datasources
19:23:01.573 [datasources-inproc://master2_2018-06-13T19:23:01.507+01:00-0] INFO  io.viewserver.adapters.mongo.MongoConnectionFactory - Creating connection
19:23:01.574 [Thread-2] INFO  io.viewserver.server.components.InitialDataLoaderComponent - Waiting for table - /datasources/deliveryAddress/table
19:23:01.574 [reactor-inproc://master2_2018-06-13T19:23:01.507+01:00] INFO  io.viewserver.datasource.RecordUtils - Finished adding record rec to operator /report_registry
19:23:01.576 [reactor-inproc://master2_2018-06-13T19:23:01.507+01:00] INFO  io.viewserver.datasource.RecordUtils - Acually adding record rec to operator /report_registry
19:23:01.576 [reactor-inproc://master2_2018-06-13T19:23:01.507+01:00] INFO  io.viewserver.datasource.RecordUtils - Finished adding record rec to operator /report_registry
19:23:01.577 [Thread-2] INFO  io.viewserver.server.components.InitialDataLoaderComponent - Waiting for table - /datasources/payments/table
19:23:01.577 [Thread-2] INFO  io.viewserver.server.components.InitialDataLoaderComponent - Already got so just returning - datasources
19:23:01.577 [Thread-2] INFO  io.viewserver.server.components.InitialDataLoaderComponent - Successfully got table /datasources that we were waiting for
19:23:01.582 [reactor-inproc://master2_2018-06-13T19:23:01.507+01:00] INFO  io.viewserver.datasource.RecordUtils - Acually adding record rec to operator /datasources
19:23:01.582 [Thread-2] INFO  io.viewserver.server.components.InitialDataLoaderComponent - Waiting for table - /datasources/order/table
19:23:01.583 [Thread-2] INFO  com.shotgun.viewserver.servercomponents.UserOrderNotificationComponent - Waiting for user operator /datasources/user/table
19:23:01.593 [Thread-2] INFO  com.shotgun.viewserver.ShotgunServerLauncher - MILESTONE: Kicked off basic server inproc://master2
19:23:01.600 [Thread-3] INFO  io.viewserver.server.steps.ShotgunViewServerSteps$TestServer - MILESTONE: Actually running view server against url inproc://master3
19:23:01.609 [Thread-3] INFO  com.shotgun.viewserver.ShotgunServerLauncher - MILESTONE: Kicking off basic server inproc://master3
19:23:01.611 [Thread-3] INFO  io.viewserver.datasource.DataSourceRegistry - Creating data source registry datasources
19:23:01.612 [reactor-inproc://master3_2018-06-13T19:23:01.597+01:00] INFO  io.viewserver.server.components.NettyBasicServerComponent - Memory used: 45249664; Free memory: 123571072; Max memory: 1908932608
19:23:01.625 [datasources-inproc://master2_2018-06-13T19:23:01.507+01:00-0] INFO  org.mongodb.driver.cluster - Cluster created with settings {hosts=[cluster0-shard-00-02-mvv2v.mongodb.net:27017, cluster0-shard-00-00-mvv2v.mongodb.net:27017, cluster0-shard-00-01-mvv2v.mongodb.net:27017], mode=MULTIPLE, requiredClusterType=REPLICA_SET, serverSelectionTimeout='30000 ms', maxWaitQueueSize=100, requiredReplicaSetName='Cluster0-shard-0'}
19:23:01.626 [datasources-inproc://master2_2018-06-13T19:23:01.507+01:00-0] INFO  org.mongodb.driver.cluster - Adding discovered server cluster0-shard-00-02-mvv2v.mongodb.net:27017 to client view of cluster
19:23:01.629 [datasources-inproc://master2_2018-06-13T19:23:01.507+01:00-0] INFO  org.mongodb.driver.cluster - Adding discovered server cluster0-shard-00-00-mvv2v.mongodb.net:27017 to client view of cluster
19:23:01.631 [datasources-inproc://master2_2018-06-13T19:23:01.507+01:00-0] INFO  org.mongodb.driver.cluster - Adding discovered server cluster0-shard-00-01-mvv2v.mongodb.net:27017 to client view of cluster
19:23:01.635 [datasources-inproc://master2_2018-06-13T19:23:01.507+01:00-0] INFO  org.mongodb.driver.cluster - No server chosen by com.mongodb.client.internal.MongoClientDelegate$1@5edc9e3e from cluster description ClusterDescription{type=REPLICA_SET, connectionMode=MULTIPLE, serverDescriptions=[ServerDescription{address=cluster0-shard-00-02-mvv2v.mongodb.net:27017, type=UNKNOWN, state=CONNECTING}, ServerDescription{address=cluster0-shard-00-01-mvv2v.mongodb.net:27017, type=UNKNOWN, state=CONNECTING}, ServerDescription{address=cluster0-shard-00-00-mvv2v.mongodb.net:27017, type=UNKNOWN, state=CONNECTING}]}. Waiting for 30000 ms before timing out
19:23:01.754 [Thread-3] INFO  io.viewserver.server.components.InitialDataLoaderComponent - Waiting for table - /datasources/messages/table
19:23:01.755 [Thread-3] INFO  io.viewserver.server.components.InitialDataLoaderComponent - Waiting for table - /datasources/product/table
19:23:01.755 [Thread-3] INFO  io.viewserver.server.components.InitialDataLoaderComponent - Already got so just returning - report_registry
19:23:01.755 [Thread-3] INFO  io.viewserver.server.components.InitialDataLoaderComponent - Successfully got table /report_registry that we were waiting for
19:23:01.758 [reactor-inproc://master2_2018-06-13T19:23:01.507+01:00] INFO  io.viewserver.datasource.RecordUtils - Finished adding record rec to operator /datasources
19:23:01.758 [reactor-inproc://master2_2018-06-13T19:23:01.507+01:00] INFO  io.viewserver.datasource.RecordUtils - Acually adding record rec to operator /datasources
19:23:01.758 [reactor-inproc://master1_2018-06-13T19:22:52.800+01:00] INFO  io.viewserver.datasource.RecordUtils - Finished adding record rec to operator /datasources
19:23:01.758 [reactor-inproc://master1_2018-06-13T19:22:52.800+01:00] INFO  io.viewserver.datasource.RecordUtils - Acually adding record rec to operator /datasources
19:23:01.759 [reactor-inproc://master3_2018-06-13T19:23:01.597+01:00] INFO  io.viewserver.datasource.RecordUtils - Acually adding record rec to operator /report_registry
19:23:01.759 [Thread-3] INFO  io.viewserver.server.components.InitialDataLoaderComponent - Waiting for table - /datasources/phoneNumber/table
19:23:01.759 [reactor-inproc://master3_2018-06-13T19:23:01.597+01:00] INFO  io.viewserver.datasource.RecordUtils - Finished adding record rec to operator /report_registry
19:23:01.759 [reactor-inproc://master3_2018-06-13T19:23:01.597+01:00] INFO  io.viewserver.datasource.RecordUtils - Acually adding record rec to operator /report_registry
19:23:01.759 [reactor-inproc://master3_2018-06-13T19:23:01.597+01:00] INFO  io.viewserver.datasource.RecordUtils - Finished adding record rec to operator /report_registry
19:23:01.760 [Thread-3] INFO  io.viewserver.server.components.InitialDataLoaderComponent - Waiting for table - /datasources/productCategory/table
19:23:01.760 [reactor-inproc://master3_2018-06-13T19:23:01.597+01:00] INFO  io.viewserver.datasource.RecordUtils - Acually adding record rec to operator /report_registry
19:23:01.760 [reactor-inproc://master3_2018-06-13T19:23:01.597+01:00] INFO  io.viewserver.datasource.RecordUtils - Finished adding record rec to operator /report_registry
19:23:01.760 [reactor-inproc://master3_2018-06-13T19:23:01.597+01:00] INFO  io.viewserver.datasource.RecordUtils - Acually adding record rec to operator /report_registry
19:23:01.760 [Thread-3] INFO  io.viewserver.server.components.InitialDataLoaderComponent - Already got so just returning - /datasources
19:23:01.760 [reactor-inproc://master3_2018-06-13T19:23:01.597+01:00] INFO  io.viewserver.datasource.RecordUtils - Finished adding record rec to operator /report_registry
19:23:01.760 [Thread-3] INFO  io.viewserver.server.components.InitialDataLoaderComponent - Successfully got table /datasources that we were waiting for
19:23:01.760 [reactor-inproc://master3_2018-06-13T19:23:01.597+01:00] INFO  io.viewserver.datasource.RecordUtils - Acually adding record rec to operator /report_registry
19:23:01.760 [reactor-inproc://master3_2018-06-13T19:23:01.597+01:00] INFO  io.viewserver.datasource.RecordUtils - Finished adding record rec to operator /report_registry
19:23:01.760 [reactor-inproc://master3_2018-06-13T19:23:01.597+01:00] INFO  io.viewserver.datasource.RecordUtils - Acually adding record rec to operator /report_registry
19:23:01.760 [Thread-3] INFO  io.viewserver.adapters.mongo.MongoRecordLoader - SCHEDULING - Addition of snapshot listener for Mongo table datasources
19:23:01.760 [reactor-inproc://master3_2018-06-13T19:23:01.597+01:00] INFO  io.viewserver.datasource.RecordUtils - Finished adding record rec to operator /report_registry
19:23:01.760 [reactor-inproc://master3_2018-06-13T19:23:01.597+01:00] INFO  io.viewserver.datasource.RecordUtils - Acually adding record rec to operator /report_registry
19:23:01.760 [reactor-inproc://master3_2018-06-13T19:23:01.597+01:00] INFO  io.viewserver.datasource.RecordUtils - Finished adding record rec to operator /report_registry
19:23:01.760 [reactor-inproc://master3_2018-06-13T19:23:01.597+01:00] INFO  io.viewserver.datasource.RecordUtils - Acually adding record rec to operator /report_registry
19:23:01.760 [reactor-inproc://master3_2018-06-13T19:23:01.597+01:00] INFO  io.viewserver.datasource.RecordUtils - Finished adding record rec to operator /report_registry
19:23:01.760 [reactor-inproc://master3_2018-06-13T19:23:01.597+01:00] INFO  io.viewserver.datasource.RecordUtils - Acually adding record rec to operator /report_registry
19:23:01.761 [reactor-inproc://master3_2018-06-13T19:23:01.597+01:00] INFO  io.viewserver.datasource.RecordUtils - Finished adding record rec to operator /report_registry
19:23:01.761 [reactor-inproc://master3_2018-06-13T19:23:01.597+01:00] INFO  io.viewserver.datasource.RecordUtils - Acually adding record rec to operator /report_registry
19:23:01.761 [reactor-inproc://master3_2018-06-13T19:23:01.597+01:00] INFO  io.viewserver.datasource.RecordUtils - Finished adding record rec to operator /report_registry
19:23:01.761 [reactor-inproc://master3_2018-06-13T19:23:01.597+01:00] INFO  io.viewserver.datasource.RecordUtils - Acually adding record rec to operator /report_registry
19:23:01.762 [reactor-inproc://master3_2018-06-13T19:23:01.597+01:00] INFO  io.viewserver.datasource.RecordUtils - Finished adding record rec to operator /report_registry
19:23:01.762 [reactor-inproc://master3_2018-06-13T19:23:01.597+01:00] INFO  io.viewserver.datasource.RecordUtils - Acually adding record rec to operator /report_registry
19:23:01.763 [reactor-inproc://master3_2018-06-13T19:23:01.597+01:00] INFO  io.viewserver.datasource.RecordUtils - Finished adding record rec to operator /report_registry
19:23:01.763 [reactor-inproc://master3_2018-06-13T19:23:01.597+01:00] INFO  io.viewserver.datasource.RecordUtils - Acually adding record rec to operator /report_registry
19:23:01.763 [reactor-inproc://master3_2018-06-13T19:23:01.597+01:00] INFO  io.viewserver.datasource.RecordUtils - Finished adding record rec to operator /report_registry
19:23:01.763 [reactor-inproc://master3_2018-06-13T19:23:01.597+01:00] INFO  io.viewserver.datasource.RecordUtils - Acually adding record rec to operator /report_registry
19:23:01.763 [reactor-inproc://master3_2018-06-13T19:23:01.597+01:00] INFO  io.viewserver.datasource.RecordUtils - Finished adding record rec to operator /report_registry
19:23:01.764 [datasources-inproc://master3_2018-06-13T19:23:01.597+01:00-0] INFO  io.viewserver.adapters.mongo.MongoRecordLoader - EXECUTING - Addition of snapshot listener for Mongo table datasources
19:23:01.765 [datasources-inproc://master3_2018-06-13T19:23:01.597+01:00-0] INFO  io.viewserver.adapters.mongo.MongoRecordLoader - GETTING SNAPSHOT - Addition of snapshot listener for Mongo table datasources
19:23:01.765 [datasources-inproc://master3_2018-06-13T19:23:01.597+01:00-0] INFO  io.viewserver.adapters.mongo.MongoConnectionFactory - Creating connection
19:23:01.765 [Thread-3] INFO  io.viewserver.server.components.InitialDataLoaderComponent - Waiting for table - /datasources/contentType/table
19:23:01.766 [Thread-3] INFO  io.viewserver.server.components.InitialDataLoaderComponent - Waiting for table - /datasources/user/table
19:23:01.766 [Thread-3] INFO  io.viewserver.server.components.InitialDataLoaderComponent - Waiting for table - /datasources/vehicle/table
19:23:01.766 [Thread-3] INFO  io.viewserver.server.components.InitialDataLoaderComponent - Waiting for table - /datasources/cluster/table
19:23:01.767 [Thread-3] INFO  io.viewserver.server.components.InitialDataLoaderComponent - Waiting for table - /datasources/deliveryAddress/table
19:23:01.767 [Thread-3] INFO  io.viewserver.server.components.InitialDataLoaderComponent - Waiting for table - /datasources/payments/table
19:23:01.767 [Thread-3] INFO  io.viewserver.server.components.InitialDataLoaderComponent - Already got so just returning - datasources
19:23:01.767 [Thread-3] INFO  io.viewserver.server.components.InitialDataLoaderComponent - Successfully got table /datasources that we were waiting for
19:23:01.770 [reactor-inproc://master2_2018-06-13T19:23:01.507+01:00] INFO  io.viewserver.datasource.RecordUtils - Finished adding record rec to operator /datasources
19:23:01.770 [reactor-inproc://master2_2018-06-13T19:23:01.507+01:00] INFO  io.viewserver.datasource.RecordUtils - Acually adding record rec to operator /datasources
19:23:01.772 [reactor-inproc://master1_2018-06-13T19:22:52.800+01:00] INFO  io.viewserver.datasource.RecordUtils - Finished adding record rec to operator /datasources
19:23:01.772 [reactor-inproc://master3_2018-06-13T19:23:01.597+01:00] INFO  io.viewserver.datasource.RecordUtils - Acually adding record rec to operator /datasources
19:23:01.772 [Thread-3] INFO  io.viewserver.server.components.InitialDataLoaderComponent - Waiting for table - /datasources/order/table
19:23:01.772 [reactor-inproc://master1_2018-06-13T19:22:52.800+01:00] INFO  io.viewserver.datasource.RecordUtils - Acually adding record rec to operator /datasources
19:23:01.779 [reactor-inproc://master2_2018-06-13T19:23:01.507+01:00] INFO  io.viewserver.datasource.RecordUtils - Finished adding record rec to operator /datasources
19:23:01.779 [reactor-inproc://master2_2018-06-13T19:23:01.507+01:00] INFO  io.viewserver.datasource.RecordUtils - Acually adding record rec to operator /datasources
19:23:01.779 [Thread-3] INFO  com.shotgun.viewserver.servercomponents.UserOrderNotificationComponent - Waiting for user operator /datasources/user/table
19:23:01.780 [reactor-inproc://master1_2018-06-13T19:22:52.800+01:00] INFO  io.viewserver.datasource.RecordUtils - Finished adding record rec to operator /datasources
19:23:01.780 [reactor-inproc://master1_2018-06-13T19:22:52.800+01:00] INFO  io.viewserver.datasource.RecordUtils - Acually adding record rec to operator /datasources
19:23:01.781 [Thread-3] INFO  com.shotgun.viewserver.ShotgunServerLauncher - MILESTONE: Kicked off basic server inproc://master3
##teamcity[customProgressStatus type = 'testStarted' timestamp = '2018-06-13T07:23:01.792+0100']
##teamcity[testSuiteStarted timestamp = '2018-06-13T07:23:01.792+0100' locationHint = 'file:///Users/Gbemiga/git/business/shotgun/viewserver-shotgun/src/test/resources//Users/Gbemiga/git/business/shotgun/viewserver-shotgun/src/test/resources/09_Cluster_EndToEnd.feature:22' name = 'Scenario: Client should fail to connect to incompatable version but should be referred to compatable verison']
##teamcity[testStarted timestamp = '2018-06-13T07:23:01.506+0100' locationHint = 'file:////Users/Gbemiga/git/business/shotgun/viewserver-shotgun/src/test/resources//Users/Gbemiga/git/business/shotgun/viewserver-shotgun/src/test/resources/09_Cluster_EndToEnd.feature:4' captureStandardOutput = 'true' name = 'Given  a running shotgun viewserver with url "inproc://master1" and version "1" and bootstrap "true"']
##teamcity[testFinished timestamp = '2018-06-13T07:23:01.506+0100' duration = '8902' name = 'Given  a running shotgun viewserver with url "inproc://master1" and version "1" and bootstrap "true"']
##teamcity[testStarted timestamp = '2018-06-13T07:23:01.594+0100' locationHint = 'file:////Users/Gbemiga/git/business/shotgun/viewserver-shotgun/src/test/resources//Users/Gbemiga/git/business/shotgun/viewserver-shotgun/src/test/resources/09_Cluster_EndToEnd.feature:5' captureStandardOutput = 'true' name = 'Given  a running shotgun viewserver with url "inproc://master2" and version "2" and bootstrap "false"']
##teamcity[testFinished timestamp = '2018-06-13T07:23:01.594+0100' duration = '87' name = 'Given  a running shotgun viewserver with url "inproc://master2" and version "2" and bootstrap "false"']
##teamcity[testStarted timestamp = '2018-06-13T07:23:01.782+0100' locationHint = 'file:////Users/Gbemiga/git/business/shotgun/viewserver-shotgun/src/test/resources//Users/Gbemiga/git/business/shotgun/viewserver-shotgun/src/test/resources/09_Cluster_EndToEnd.feature:6' captureStandardOutput = 'true' name = 'Given  a running shotgun viewserver with url "inproc://master3" and version "1" and bootstrap "false"']
##teamcity[testFinished timestamp = '2018-06-13T07:23:01.782+0100' duration = '186' name = 'Given  a running shotgun viewserver with url "inproc://master3" and version "1" and bootstrap "false"']
##teamcity[testStarted timestamp = '2018-06-13T07:23:01.790+0100' locationHint = 'file:////Users/Gbemiga/git/business/shotgun/viewserver-shotgun/src/test/resources//Users/Gbemiga/git/business/shotgun/viewserver-shotgun/src/test/resources/09_Cluster_EndToEnd.feature:7' captureStandardOutput = 'true' name = 'Given  keyColumn is "url"']
##teamcity[testFinished timestamp = '2018-06-13T07:23:01.791+0100' duration = '2' name = 'Given  keyColumn is "url"']
19:23:01.796 [reactor-inproc://master2_2018-06-13T19:23:01.507+01:00] INFO  io.viewserver.datasource.RecordUtils - Finished adding record rec to operator /datasources
19:23:01.796 [reactor-inproc://master2_2018-06-13T19:23:01.507+01:00] INFO  io.viewserver.datasource.RecordUtils - Acually adding record rec to operator /datasources
19:23:01.799 [reactor-inproc://master1_2018-06-13T19:22:52.800+01:00] INFO  io.viewserver.datasource.RecordUtils - Finished adding record rec to operator /datasources
19:23:01.799 [reactor-inproc://master1_2018-06-13T19:22:52.800+01:00] INFO  io.viewserver.datasource.RecordUtils - Acually adding record rec to operator /datasources
19:23:01.816 [reactor-inproc://master3_2018-06-13T19:23:01.597+01:00] INFO  io.viewserver.datasource.RecordUtils - Finished adding record rec to operator /datasources
19:23:01.816 [reactor-inproc://master3_2018-06-13T19:23:01.597+01:00] INFO  io.viewserver.datasource.RecordUtils - Acually adding record rec to operator /datasources
19:23:01.816 [main] INFO  io.viewserver.network.Network - EXECUTING - Connecting to NettyInProcEndpoint{name='master1'} - Failure Count is 0
19:23:01.819 [reactor-inproc://master3_2018-06-13T19:23:01.597+01:00] INFO  io.viewserver.datasource.RecordUtils - Finished adding record rec to operator /datasources
19:23:01.819 [reactor-inproc://master3_2018-06-13T19:23:01.597+01:00] INFO  io.viewserver.datasource.RecordUtils - Acually adding record rec to operator /datasources
19:23:01.823 [reactor-inproc://master3_2018-06-13T19:23:01.597+01:00] INFO  io.viewserver.datasource.RecordUtils - Finished adding record rec to operator /datasources
19:23:01.823 [reactor-inproc://master3_2018-06-13T19:23:01.597+01:00] INFO  io.viewserver.datasource.RecordUtils - Acually adding record rec to operator /datasources
19:23:01.825 [reactor-inproc://master3_2018-06-13T19:23:01.597+01:00] INFO  io.viewserver.datasource.RecordUtils - Finished adding record rec to operator /datasources
19:23:01.825 [reactor-inproc://master3_2018-06-13T19:23:01.597+01:00] INFO  io.viewserver.datasource.RecordUtils - Acually adding record rec to operator /datasources
19:23:01.848 [datasources-inproc://master3_2018-06-13T19:23:01.597+01:00-0] INFO  org.mongodb.driver.cluster - Cluster created with settings {hosts=[cluster0-shard-00-00-mvv2v.mongodb.net:27017, cluster0-shard-00-01-mvv2v.mongodb.net:27017, cluster0-shard-00-02-mvv2v.mongodb.net:27017], mode=MULTIPLE, requiredClusterType=REPLICA_SET, serverSelectionTimeout='30000 ms', maxWaitQueueSize=100, requiredReplicaSetName='Cluster0-shard-0'}
19:23:01.848 [datasources-inproc://master3_2018-06-13T19:23:01.597+01:00-0] INFO  org.mongodb.driver.cluster - Adding discovered server cluster0-shard-00-00-mvv2v.mongodb.net:27017 to client view of cluster
19:23:01.852 [datasources-inproc://master3_2018-06-13T19:23:01.597+01:00-0] INFO  org.mongodb.driver.cluster - Adding discovered server cluster0-shard-00-01-mvv2v.mongodb.net:27017 to client view of cluster
19:23:01.855 [datasources-inproc://master3_2018-06-13T19:23:01.597+01:00-0] INFO  org.mongodb.driver.cluster - Adding discovered server cluster0-shard-00-02-mvv2v.mongodb.net:27017 to client view of cluster
19:23:01.860 [datasources-inproc://master3_2018-06-13T19:23:01.597+01:00-0] INFO  org.mongodb.driver.cluster - No server chosen by com.mongodb.client.internal.MongoClientDelegate$1@5d8fa769 from cluster description ClusterDescription{type=REPLICA_SET, connectionMode=MULTIPLE, serverDescriptions=[ServerDescription{address=cluster0-shard-00-02-mvv2v.mongodb.net:27017, type=UNKNOWN, state=CONNECTING}, ServerDescription{address=cluster0-shard-00-01-mvv2v.mongodb.net:27017, type=UNKNOWN, state=CONNECTING}, ServerDescription{address=cluster0-shard-00-00-mvv2v.mongodb.net:27017, type=UNKNOWN, state=CONNECTING}]}. Waiting for 30000 ms before timing out
19:23:01.881 [reactor-inproc://master1_2018-06-13T19:22:52.800+01:00] INFO  io.viewserver.server.components.DataSourceComponents - WAITING - Data sources userProduct Waiting for product,user
19:23:01.881 [reactor-inproc://master3_2018-06-13T19:23:01.597+01:00] INFO  io.viewserver.server.components.DataSourceComponents - WAITING - Data sources userProduct Waiting for product,user
19:23:01.881 [reactor-inproc://master2_2018-06-13T19:23:01.507+01:00] INFO  io.viewserver.server.components.DataSourceComponents - WAITING - Data sources userProduct Waiting for product,user
19:23:01.883 [reactor-inproc://master2_2018-06-13T19:23:01.507+01:00] INFO  io.viewserver.datasource.RecordUtils - Finished adding record rec to operator /datasources
19:23:01.884 [reactor-inproc://master2_2018-06-13T19:23:01.507+01:00] INFO  io.viewserver.datasource.RecordUtils - Acually adding record rec to operator /datasources
19:23:01.884 [reactor-inproc://master1_2018-06-13T19:22:52.800+01:00] INFO  io.viewserver.datasource.RecordUtils - Finished adding record rec to operator /datasources
19:23:01.884 [reactor-inproc://master1_2018-06-13T19:22:52.800+01:00] INFO  io.viewserver.datasource.RecordUtils - Acually adding record rec to operator /datasources
19:23:01.884 [reactor-inproc://master3_2018-06-13T19:23:01.597+01:00] INFO  io.viewserver.datasource.RecordUtils - Finished adding record rec to operator /datasources
19:23:01.884 [reactor-inproc://master3_2018-06-13T19:23:01.597+01:00] INFO  io.viewserver.datasource.RecordUtils - Acually adding record rec to operator /datasources
19:23:01.927 [reactor-inproc://master3_2018-06-13T19:23:01.597+01:00] INFO  io.viewserver.datasource.RecordUtils - Finished adding record rec to operator /datasources
19:23:01.927 [reactor-inproc://master1_2018-06-13T19:22:52.800+01:00] INFO  io.viewserver.datasource.RecordUtils - Finished adding record rec to operator /datasources
19:23:01.927 [reactor-inproc://master2_2018-06-13T19:23:01.507+01:00] INFO  io.viewserver.datasource.RecordUtils - Finished adding record rec to operator /datasources
19:23:01.927 [reactor-inproc://master3_2018-06-13T19:23:01.597+01:00] INFO  io.viewserver.datasource.RecordUtils - Acually adding record rec to operator /datasources
19:23:01.927 [reactor-inproc://master1_2018-06-13T19:22:52.800+01:00] INFO  io.viewserver.datasource.RecordUtils - Acually adding record rec to operator /datasources
19:23:01.927 [reactor-inproc://master2_2018-06-13T19:23:01.507+01:00] INFO  io.viewserver.datasource.RecordUtils - Acually adding record rec to operator /datasources
19:23:01.933 [reactor-inproc://master1_2018-06-13T19:22:52.800+01:00] INFO  io.viewserver.datasource.RecordUtils - Finished adding record rec to operator /datasources
19:23:01.933 [reactor-inproc://master1_2018-06-13T19:22:52.800+01:00] INFO  io.viewserver.datasource.RecordUtils - Acually adding record rec to operator /datasources
19:23:01.935 [reactor-inproc://master2_2018-06-13T19:23:01.507+01:00] INFO  io.viewserver.datasource.RecordUtils - Finished adding record rec to operator /datasources
19:23:01.936 [reactor-inproc://master2_2018-06-13T19:23:01.507+01:00] INFO  io.viewserver.datasource.RecordUtils - Acually adding record rec to operator /datasources
19:23:01.939 [reactor-inproc://master3_2018-06-13T19:23:01.597+01:00] INFO  io.viewserver.datasource.RecordUtils - Finished adding record rec to operator /datasources
19:23:01.940 [reactor-inproc://master3_2018-06-13T19:23:01.597+01:00] INFO  io.viewserver.datasource.RecordUtils - Acually adding record rec to operator /datasources
19:23:01.942 [reactor-inproc://master3_2018-06-13T19:23:01.597+01:00] INFO  io.viewserver.datasource.RecordUtils - Finished adding record rec to operator /datasources
19:23:01.942 [reactor-inproc://master3_2018-06-13T19:23:01.597+01:00] INFO  io.viewserver.datasource.RecordUtils - Acually adding record rec to operator /datasources
19:23:01.943 [reactor-inproc://master2_2018-06-13T19:23:01.507+01:00] INFO  io.viewserver.datasource.RecordUtils - Finished adding record rec to operator /datasources
19:23:01.943 [reactor-inproc://master2_2018-06-13T19:23:01.507+01:00] INFO  io.viewserver.datasource.RecordUtils - Acually adding record rec to operator /datasources
19:23:01.944 [reactor-inproc://master1_2018-06-13T19:22:52.800+01:00] INFO  io.viewserver.datasource.RecordUtils - Finished adding record rec to operator /datasources
19:23:01.944 [reactor-inproc://master1_2018-06-13T19:22:52.800+01:00] INFO  io.viewserver.datasource.RecordUtils - Acually adding record rec to operator /datasources
19:23:01.950 [reactor-inproc://master1_2018-06-13T19:22:52.800+01:00] INFO  io.viewserver.server.components.DataSourceComponents - WAITING - Data sources order Waiting for product,user,contentType,productCategory
19:23:01.951 [reactor-inproc://master1_2018-06-13T19:22:52.800+01:00] INFO  io.viewserver.datasource.RecordUtils - Finished adding record rec to operator /datasources
19:23:01.951 [reactor-inproc://master1_2018-06-13T19:22:52.800+01:00] INFO  io.viewserver.datasource.RecordUtils - Acually adding record rec to operator /datasources
19:23:01.951 [reactor-inproc://master3_2018-06-13T19:23:01.597+01:00] INFO  io.viewserver.server.components.DataSourceComponents - WAITING - Data sources order Waiting for product,user,contentType,productCategory
19:23:01.951 [reactor-inproc://master3_2018-06-13T19:23:01.597+01:00] INFO  io.viewserver.datasource.RecordUtils - Finished adding record rec to operator /datasources
19:23:01.951 [reactor-inproc://master2_2018-06-13T19:23:01.507+01:00] INFO  io.viewserver.server.components.DataSourceComponents - WAITING - Data sources order Waiting for product,user,contentType,productCategory
19:23:01.951 [reactor-inproc://master3_2018-06-13T19:23:01.597+01:00] INFO  io.viewserver.datasource.RecordUtils - Acually adding record rec to operator /datasources
19:23:01.951 [reactor-inproc://master2_2018-06-13T19:23:01.507+01:00] INFO  io.viewserver.datasource.RecordUtils - Finished adding record rec to operator /datasources
19:23:01.951 [reactor-inproc://master2_2018-06-13T19:23:01.507+01:00] INFO  io.viewserver.datasource.RecordUtils - Acually adding record rec to operator /datasources
19:23:01.954 [reactor-inproc://master2_2018-06-13T19:23:01.507+01:00] INFO  io.viewserver.datasource.RecordUtils - Finished adding record rec to operator /datasources
19:23:01.954 [reactor-inproc://master2_2018-06-13T19:23:01.507+01:00] INFO  io.viewserver.datasource.RecordUtils - Acually adding record rec to operator /datasources
19:23:01.955 [reactor-inproc://master3_2018-06-13T19:23:01.597+01:00] INFO  io.viewserver.datasource.RecordUtils - Finished adding record rec to operator /datasources
19:23:01.955 [reactor-inproc://master3_2018-06-13T19:23:01.597+01:00] INFO  io.viewserver.datasource.RecordUtils - Acually adding record rec to operator /datasources
19:23:01.957 [reactor-inproc://master1_2018-06-13T19:22:52.800+01:00] INFO  io.viewserver.datasource.RecordUtils - Finished adding record rec to operator /datasources
19:23:01.957 [reactor-inproc://master1_2018-06-13T19:22:52.800+01:00] INFO  io.viewserver.datasource.RecordUtils - Acually adding record rec to operator /datasources
19:23:01.961 [reactor-inproc://master2_2018-06-13T19:23:01.507+01:00] INFO  io.viewserver.server.components.DataSourceComponents - WAITING - Data sources orderWithResponses Waiting for user,order
19:23:01.961 [reactor-inproc://master2_2018-06-13T19:23:01.507+01:00] INFO  io.viewserver.datasource.RecordUtils - Finished adding record rec to operator /datasources
19:23:01.961 [reactor-inproc://master2_2018-06-13T19:23:01.507+01:00] INFO  io.viewserver.datasource.RecordUtils - Acually adding record rec to operator /datasources
19:23:01.961 [reactor-inproc://master3_2018-06-13T19:23:01.597+01:00] INFO  io.viewserver.server.components.DataSourceComponents - WAITING - Data sources orderWithResponses Waiting for user,order
19:23:01.961 [reactor-inproc://master3_2018-06-13T19:23:01.597+01:00] INFO  io.viewserver.datasource.RecordUtils - Finished adding record rec to operator /datasources
19:23:01.961 [reactor-inproc://master1_2018-06-13T19:22:52.800+01:00] INFO  io.viewserver.server.components.DataSourceComponents - WAITING - Data sources orderWithResponses Waiting for user,order
19:23:01.962 [reactor-inproc://master3_2018-06-13T19:23:01.597+01:00] INFO  io.viewserver.datasource.RecordUtils - Acually adding record rec to operator /datasources
19:23:01.962 [reactor-inproc://master1_2018-06-13T19:22:52.800+01:00] INFO  io.viewserver.datasource.RecordUtils - Finished adding record rec to operator /datasources
19:23:01.962 [reactor-inproc://master1_2018-06-13T19:22:52.800+01:00] INFO  io.viewserver.datasource.RecordUtils - Acually adding record rec to operator /datasources
19:23:01.964 [reactor-inproc://master1_2018-06-13T19:22:52.800+01:00] INFO  io.viewserver.datasource.RecordUtils - Finished adding record rec to operator /datasources
19:23:01.964 [reactor-inproc://master2_2018-06-13T19:23:01.507+01:00] INFO  io.viewserver.datasource.RecordUtils - Finished adding record rec to operator /datasources
19:23:01.964 [reactor-inproc://master1_2018-06-13T19:22:52.800+01:00] INFO  io.viewserver.datasource.RecordUtils - Acually adding record rec to operator /datasources
19:23:01.964 [reactor-inproc://master2_2018-06-13T19:23:01.507+01:00] INFO  io.viewserver.datasource.RecordUtils - Acually adding record rec to operator /datasources
19:23:01.965 [reactor-inproc://master3_2018-06-13T19:23:01.597+01:00] INFO  io.viewserver.datasource.RecordUtils - Finished adding record rec to operator /datasources
19:23:01.965 [reactor-inproc://master3_2018-06-13T19:23:01.597+01:00] INFO  io.viewserver.datasource.RecordUtils - Acually adding record rec to operator /datasources
19:23:01.968 [reactor-inproc://master1_2018-06-13T19:22:52.800+01:00] INFO  io.viewserver.datasource.RecordUtils - Finished adding record rec to operator /datasources
19:23:01.970 [reactor-inproc://master3_2018-06-13T19:23:01.597+01:00] INFO  io.viewserver.datasource.RecordUtils - Finished adding record rec to operator /datasources
19:23:01.974 [reactor-inproc://master2_2018-06-13T19:23:01.507+01:00] INFO  io.viewserver.datasource.RecordUtils - Finished adding record rec to operator /datasources
19:23:01.984 [reactor-inproc://master2_2018-06-13T19:23:01.507+01:00] INFO  io.viewserver.execution.plan.DataSourceExecutionPlan - Starting to run execution plan for productCategory
19:23:01.984 [reactor-inproc://master3_2018-06-13T19:23:01.597+01:00] INFO  io.viewserver.execution.plan.DataSourceExecutionPlan - Starting to run execution plan for productCategory
19:23:01.984 [reactor-inproc://master1_2018-06-13T19:22:52.800+01:00] INFO  io.viewserver.execution.plan.DataSourceExecutionPlan - Starting to run execution plan for productCategory
19:23:02.032 [reactor-inproc://master2_2018-06-13T19:23:01.507+01:00] INFO  io.viewserver.server.components.InitialDataLoaderComponent - Found table - /datasources/productCategory/table
19:23:02.032 [reactor-inproc://master3_2018-06-13T19:23:01.597+01:00] INFO  io.viewserver.server.components.InitialDataLoaderComponent - Found table - /datasources/productCategory/table
19:23:02.032 [reactor-inproc://master1_2018-06-13T19:22:52.800+01:00] INFO  io.viewserver.server.components.InitialDataLoaderComponent - Found table - /datasources/productCategory/table
19:23:02.033 [reactor-inproc://master3_2018-06-13T19:23:01.597+01:00] INFO  io.viewserver.server.components.InitialDataLoaderComponent - Successfully got table /datasources/productCategory/table that we were waiting for
19:23:02.033 [reactor-inproc://master2_2018-06-13T19:23:01.507+01:00] INFO  io.viewserver.server.components.InitialDataLoaderComponent - Successfully got table /datasources/productCategory/table that we were waiting for
19:23:02.033 [reactor-inproc://master1_2018-06-13T19:22:52.800+01:00] INFO  io.viewserver.server.components.InitialDataLoaderComponent - Successfully got table /datasources/productCategory/table that we were waiting for
19:23:02.033 [reactor-inproc://master3_2018-06-13T19:23:01.597+01:00] INFO  io.viewserver.adapters.mongo.MongoRecordLoader - SCHEDULING - Addition of snapshot listener for Mongo table productCategory
19:23:02.033 [reactor-inproc://master1_2018-06-13T19:22:52.800+01:00] INFO  io.viewserver.adapters.mongo.MongoRecordLoader - SCHEDULING - Addition of snapshot listener for Mongo table productCategory
19:23:02.033 [reactor-inproc://master2_2018-06-13T19:23:01.507+01:00] INFO  io.viewserver.adapters.mongo.MongoRecordLoader - SCHEDULING - Addition of snapshot listener for Mongo table productCategory
19:23:02.034 [productCategory-inproc://master1_2018-06-13T19:22:52.800+01:00-0] INFO  io.viewserver.adapters.mongo.MongoRecordLoader - EXECUTING - Addition of snapshot listener for Mongo table productCategory
19:23:02.034 [productCategory-inproc://master2_2018-06-13T19:23:01.507+01:00-0] INFO  io.viewserver.adapters.mongo.MongoRecordLoader - EXECUTING - Addition of snapshot listener for Mongo table productCategory
19:23:02.034 [productCategory-inproc://master2_2018-06-13T19:23:01.507+01:00-0] INFO  io.viewserver.adapters.mongo.MongoRecordLoader - GETTING SNAPSHOT - Addition of snapshot listener for Mongo table productCategory
19:23:02.034 [productCategory-inproc://master1_2018-06-13T19:22:52.800+01:00-0] INFO  io.viewserver.adapters.mongo.MongoRecordLoader - GETTING SNAPSHOT - Addition of snapshot listener for Mongo table productCategory
19:23:02.035 [productCategory-inproc://master3_2018-06-13T19:23:01.597+01:00-0] INFO  io.viewserver.adapters.mongo.MongoRecordLoader - EXECUTING - Addition of snapshot listener for Mongo table productCategory
19:23:02.035 [productCategory-inproc://master3_2018-06-13T19:23:01.597+01:00-0] INFO  io.viewserver.adapters.mongo.MongoRecordLoader - GETTING SNAPSHOT - Addition of snapshot listener for Mongo table productCategory
19:23:02.035 [productCategory-inproc://master2_2018-06-13T19:23:01.507+01:00-0] INFO  org.mongodb.driver.cluster - No server chosen by com.mongodb.client.internal.MongoClientDelegate$1@4121886 from cluster description ClusterDescription{type=REPLICA_SET, connectionMode=MULTIPLE, serverDescriptions=[ServerDescription{address=cluster0-shard-00-02-mvv2v.mongodb.net:27017, type=UNKNOWN, state=CONNECTING}, ServerDescription{address=cluster0-shard-00-01-mvv2v.mongodb.net:27017, type=UNKNOWN, state=CONNECTING}, ServerDescription{address=cluster0-shard-00-00-mvv2v.mongodb.net:27017, type=UNKNOWN, state=CONNECTING}]}. Waiting for 30000 ms before timing out
19:23:02.035 [productCategory-inproc://master3_2018-06-13T19:23:01.597+01:00-0] INFO  org.mongodb.driver.cluster - No server chosen by com.mongodb.client.internal.MongoClientDelegate$1@44d2bf1a from cluster description ClusterDescription{type=REPLICA_SET, connectionMode=MULTIPLE, serverDescriptions=[ServerDescription{address=cluster0-shard-00-02-mvv2v.mongodb.net:27017, type=UNKNOWN, state=CONNECTING}, ServerDescription{address=cluster0-shard-00-01-mvv2v.mongodb.net:27017, type=UNKNOWN, state=CONNECTING}, ServerDescription{address=cluster0-shard-00-00-mvv2v.mongodb.net:27017, type=UNKNOWN, state=CONNECTING}]}. Waiting for 30000 ms before timing out
19:23:02.112 [reactor-inproc://master3_2018-06-13T19:23:01.597+01:00] INFO  io.viewserver.server.components.DataSourceComponents - Successfully built data source productCategory
19:23:02.112 [reactor-inproc://master2_2018-06-13T19:23:01.507+01:00] INFO  io.viewserver.server.components.DataSourceComponents - Successfully built data source productCategory
19:23:02.112 [reactor-inproc://master1_2018-06-13T19:22:52.800+01:00] INFO  io.viewserver.server.components.DataSourceComponents - Successfully built data source productCategory
19:23:02.112 [reactor-inproc://master2_2018-06-13T19:23:01.507+01:00] INFO  io.viewserver.datasource.DataSourceRegistry - Updating data source productCategory with row 0 to status INITIALIZED
19:23:02.112 [reactor-inproc://master1_2018-06-13T19:22:52.800+01:00] INFO  io.viewserver.datasource.DataSourceRegistry - Updating data source productCategory with row 0 to status INITIALIZED
19:23:02.112 [reactor-inproc://master3_2018-06-13T19:23:01.597+01:00] INFO  io.viewserver.datasource.DataSourceRegistry - Updating data source productCategory with row 0 to status INITIALIZED
19:23:02.114 [reactor-inproc://master3_2018-06-13T19:23:01.597+01:00] INFO  io.viewserver.datasource.DataSourceRegistry - Updated data source productCategory with row 0 to status INITIALIZED
19:23:02.114 [reactor-inproc://master2_2018-06-13T19:23:01.507+01:00] INFO  io.viewserver.datasource.DataSourceRegistry - Updated data source productCategory with row 0 to status INITIALIZED
19:23:02.114 [reactor-inproc://master1_2018-06-13T19:22:52.800+01:00] INFO  io.viewserver.datasource.DataSourceRegistry - Updated data source productCategory with row 0 to status INITIALIZED
19:23:02.115 [reactor-inproc://master1_2018-06-13T19:22:52.800+01:00] INFO  io.viewserver.execution.plan.DataSourceExecutionPlan - Finished execution plan for productCategory
19:23:02.115 [reactor-inproc://master2_2018-06-13T19:23:01.507+01:00] INFO  io.viewserver.execution.plan.DataSourceExecutionPlan - Finished execution plan for productCategory
19:23:02.115 [reactor-inproc://master3_2018-06-13T19:23:01.597+01:00] INFO  io.viewserver.execution.plan.DataSourceExecutionPlan - Finished execution plan for productCategory
19:23:02.115 [reactor-inproc://master1_2018-06-13T19:22:52.800+01:00] INFO  io.viewserver.execution.plan.DataSourceExecutionPlan - Starting to run execution plan for product
19:23:02.115 [reactor-inproc://master2_2018-06-13T19:23:01.507+01:00] INFO  io.viewserver.execution.plan.DataSourceExecutionPlan - Starting to run execution plan for product
19:23:02.115 [reactor-inproc://master3_2018-06-13T19:23:01.597+01:00] INFO  io.viewserver.execution.plan.DataSourceExecutionPlan - Starting to run execution plan for product
19:23:02.117 [reactor-inproc://master2_2018-06-13T19:23:01.507+01:00] INFO  io.viewserver.server.components.InitialDataLoaderComponent - Found table - /datasources/product/table
19:23:02.117 [reactor-inproc://master2_2018-06-13T19:23:01.507+01:00] INFO  io.viewserver.server.components.InitialDataLoaderComponent - Successfully got table /datasources/product/table that we were waiting for
19:23:02.118 [reactor-inproc://master2_2018-06-13T19:23:01.507+01:00] INFO  io.viewserver.adapters.mongo.MongoRecordLoader - SCHEDULING - Addition of snapshot listener for Mongo table product
19:23:02.118 [reactor-inproc://master3_2018-06-13T19:23:01.597+01:00] INFO  io.viewserver.server.components.InitialDataLoaderComponent - Found table - /datasources/product/table
19:23:02.118 [reactor-inproc://master3_2018-06-13T19:23:01.597+01:00] INFO  io.viewserver.server.components.InitialDataLoaderComponent - Successfully got table /datasources/product/table that we were waiting for
19:23:02.118 [reactor-inproc://master3_2018-06-13T19:23:01.597+01:00] INFO  io.viewserver.adapters.mongo.MongoRecordLoader - SCHEDULING - Addition of snapshot listener for Mongo table product
19:23:02.118 [product-inproc://master2_2018-06-13T19:23:01.507+01:00-0] INFO  io.viewserver.adapters.mongo.MongoRecordLoader - EXECUTING - Addition of snapshot listener for Mongo table product
19:23:02.118 [product-inproc://master2_2018-06-13T19:23:01.507+01:00-0] INFO  io.viewserver.adapters.mongo.MongoRecordLoader - GETTING SNAPSHOT - Addition of snapshot listener for Mongo table product
19:23:02.119 [product-inproc://master3_2018-06-13T19:23:01.597+01:00-0] INFO  io.viewserver.adapters.mongo.MongoRecordLoader - EXECUTING - Addition of snapshot listener for Mongo table product
19:23:02.119 [product-inproc://master2_2018-06-13T19:23:01.507+01:00-0] INFO  org.mongodb.driver.cluster - No server chosen by com.mongodb.client.internal.MongoClientDelegate$1@56755389 from cluster description ClusterDescription{type=REPLICA_SET, connectionMode=MULTIPLE, serverDescriptions=[ServerDescription{address=cluster0-shard-00-02-mvv2v.mongodb.net:27017, type=UNKNOWN, state=CONNECTING}, ServerDescription{address=cluster0-shard-00-01-mvv2v.mongodb.net:27017, type=UNKNOWN, state=CONNECTING}, ServerDescription{address=cluster0-shard-00-00-mvv2v.mongodb.net:27017, type=UNKNOWN, state=CONNECTING}]}. Waiting for 30000 ms before timing out
19:23:02.119 [product-inproc://master3_2018-06-13T19:23:01.597+01:00-0] INFO  io.viewserver.adapters.mongo.MongoRecordLoader - GETTING SNAPSHOT - Addition of snapshot listener for Mongo table product
19:23:02.119 [product-inproc://master3_2018-06-13T19:23:01.597+01:00-0] INFO  org.mongodb.driver.cluster - No server chosen by com.mongodb.client.internal.MongoClientDelegate$1@67b1bfb from cluster description ClusterDescription{type=REPLICA_SET, connectionMode=MULTIPLE, serverDescriptions=[ServerDescription{address=cluster0-shard-00-02-mvv2v.mongodb.net:27017, type=UNKNOWN, state=CONNECTING}, ServerDescription{address=cluster0-shard-00-01-mvv2v.mongodb.net:27017, type=UNKNOWN, state=CONNECTING}, ServerDescription{address=cluster0-shard-00-00-mvv2v.mongodb.net:27017, type=UNKNOWN, state=CONNECTING}]}. Waiting for 30000 ms before timing out
19:23:02.119 [reactor-inproc://master1_2018-06-13T19:22:52.800+01:00] INFO  io.viewserver.server.components.InitialDataLoaderComponent - Found table - /datasources/product/table
19:23:02.119 [reactor-inproc://master1_2018-06-13T19:22:52.800+01:00] INFO  io.viewserver.server.components.InitialDataLoaderComponent - Successfully got table /datasources/product/table that we were waiting for
19:23:02.119 [reactor-inproc://master1_2018-06-13T19:22:52.800+01:00] INFO  io.viewserver.adapters.mongo.MongoRecordLoader - SCHEDULING - Addition of snapshot listener for Mongo table product
19:23:02.120 [product-inproc://master1_2018-06-13T19:22:52.800+01:00-0] INFO  io.viewserver.adapters.mongo.MongoRecordLoader - EXECUTING - Addition of snapshot listener for Mongo table product
19:23:02.120 [product-inproc://master1_2018-06-13T19:22:52.800+01:00-0] INFO  io.viewserver.adapters.mongo.MongoRecordLoader - GETTING SNAPSHOT - Addition of snapshot listener for Mongo table product
19:23:02.121 [reactor-inproc://master2_2018-06-13T19:23:01.507+01:00] INFO  io.viewserver.server.components.DataSourceComponents - Successfully built data source product
19:23:02.121 [reactor-inproc://master3_2018-06-13T19:23:01.597+01:00] INFO  io.viewserver.server.components.DataSourceComponents - Successfully built data source product
19:23:02.121 [reactor-inproc://master2_2018-06-13T19:23:01.507+01:00] INFO  io.viewserver.datasource.DataSourceRegistry - Updating data source product with row 1 to status INITIALIZED
19:23:02.121 [reactor-inproc://master3_2018-06-13T19:23:01.597+01:00] INFO  io.viewserver.datasource.DataSourceRegistry - Updating data source product with row 1 to status INITIALIZED
19:23:02.121 [reactor-inproc://master2_2018-06-13T19:23:01.507+01:00] INFO  io.viewserver.datasource.DataSourceRegistry - Updated data source product with row 1 to status INITIALIZED
19:23:02.121 [reactor-inproc://master3_2018-06-13T19:23:01.597+01:00] INFO  io.viewserver.datasource.DataSourceRegistry - Updated data source product with row 1 to status INITIALIZED
19:23:02.121 [reactor-inproc://master2_2018-06-13T19:23:01.507+01:00] INFO  io.viewserver.execution.plan.DataSourceExecutionPlan - Finished execution plan for product
19:23:02.121 [reactor-inproc://master3_2018-06-13T19:23:01.597+01:00] INFO  io.viewserver.execution.plan.DataSourceExecutionPlan - Finished execution plan for product
19:23:02.121 [reactor-inproc://master2_2018-06-13T19:23:01.507+01:00] INFO  io.viewserver.execution.plan.DataSourceExecutionPlan - Starting to run execution plan for contentType
19:23:02.121 [reactor-inproc://master3_2018-06-13T19:23:01.597+01:00] INFO  io.viewserver.execution.plan.DataSourceExecutionPlan - Starting to run execution plan for contentType
19:23:02.122 [reactor-inproc://master1_2018-06-13T19:22:52.800+01:00] INFO  io.viewserver.server.components.DataSourceComponents - Successfully built data source product
19:23:02.122 [reactor-inproc://master1_2018-06-13T19:22:52.800+01:00] INFO  io.viewserver.datasource.DataSourceRegistry - Updating data source product with row 1 to status INITIALIZED
19:23:02.122 [reactor-inproc://master1_2018-06-13T19:22:52.800+01:00] INFO  io.viewserver.datasource.DataSourceRegistry - Updated data source product with row 1 to status INITIALIZED
19:23:02.123 [reactor-inproc://master1_2018-06-13T19:22:52.800+01:00] INFO  io.viewserver.execution.plan.DataSourceExecutionPlan - Finished execution plan for product
19:23:02.123 [reactor-inproc://master1_2018-06-13T19:22:52.800+01:00] INFO  io.viewserver.execution.plan.DataSourceExecutionPlan - Starting to run execution plan for contentType
19:23:02.123 [reactor-inproc://master3_2018-06-13T19:23:01.597+01:00] INFO  io.viewserver.server.components.InitialDataLoaderComponent - Found table - /datasources/contentType/table
19:23:02.123 [reactor-inproc://master3_2018-06-13T19:23:01.597+01:00] INFO  io.viewserver.server.components.InitialDataLoaderComponent - Successfully got table /datasources/contentType/table that we were waiting for
19:23:02.123 [reactor-inproc://master2_2018-06-13T19:23:01.507+01:00] INFO  io.viewserver.server.components.InitialDataLoaderComponent - Found table - /datasources/contentType/table
19:23:02.123 [reactor-inproc://master3_2018-06-13T19:23:01.597+01:00] INFO  io.viewserver.adapters.mongo.MongoRecordLoader - SCHEDULING - Addition of snapshot listener for Mongo table contentType
19:23:02.123 [reactor-inproc://master2_2018-06-13T19:23:01.507+01:00] INFO  io.viewserver.server.components.InitialDataLoaderComponent - Successfully got table /datasources/contentType/table that we were waiting for
19:23:02.123 [reactor-inproc://master2_2018-06-13T19:23:01.507+01:00] INFO  io.viewserver.adapters.mongo.MongoRecordLoader - SCHEDULING - Addition of snapshot listener for Mongo table contentType
19:23:02.124 [contentType-inproc://master3_2018-06-13T19:23:01.597+01:00-0] INFO  io.viewserver.adapters.mongo.MongoRecordLoader - EXECUTING - Addition of snapshot listener for Mongo table contentType
19:23:02.124 [contentType-inproc://master3_2018-06-13T19:23:01.597+01:00-0] INFO  io.viewserver.adapters.mongo.MongoRecordLoader - GETTING SNAPSHOT - Addition of snapshot listener for Mongo table contentType
19:23:02.124 [contentType-inproc://master3_2018-06-13T19:23:01.597+01:00-0] INFO  org.mongodb.driver.cluster - No server chosen by com.mongodb.client.internal.MongoClientDelegate$1@45baa09e from cluster description ClusterDescription{type=REPLICA_SET, connectionMode=MULTIPLE, serverDescriptions=[ServerDescription{address=cluster0-shard-00-02-mvv2v.mongodb.net:27017, type=UNKNOWN, state=CONNECTING}, ServerDescription{address=cluster0-shard-00-01-mvv2v.mongodb.net:27017, type=UNKNOWN, state=CONNECTING}, ServerDescription{address=cluster0-shard-00-00-mvv2v.mongodb.net:27017, type=UNKNOWN, state=CONNECTING}]}. Waiting for 30000 ms before timing out
19:23:02.124 [contentType-inproc://master2_2018-06-13T19:23:01.507+01:00-0] INFO  io.viewserver.adapters.mongo.MongoRecordLoader - EXECUTING - Addition of snapshot listener for Mongo table contentType
19:23:02.125 [contentType-inproc://master2_2018-06-13T19:23:01.507+01:00-0] INFO  io.viewserver.adapters.mongo.MongoRecordLoader - GETTING SNAPSHOT - Addition of snapshot listener for Mongo table contentType
19:23:02.125 [reactor-inproc://master1_2018-06-13T19:22:52.800+01:00] INFO  io.viewserver.server.components.InitialDataLoaderComponent - Found table - /datasources/contentType/table
19:23:02.125 [reactor-inproc://master1_2018-06-13T19:22:52.800+01:00] INFO  io.viewserver.server.components.InitialDataLoaderComponent - Successfully got table /datasources/contentType/table that we were waiting for
19:23:02.125 [reactor-inproc://master1_2018-06-13T19:22:52.800+01:00] INFO  io.viewserver.adapters.mongo.MongoRecordLoader - SCHEDULING - Addition of snapshot listener for Mongo table contentType
19:23:02.125 [contentType-inproc://master2_2018-06-13T19:23:01.507+01:00-0] INFO  org.mongodb.driver.cluster - No server chosen by com.mongodb.client.internal.MongoClientDelegate$1@17e08073 from cluster description ClusterDescription{type=REPLICA_SET, connectionMode=MULTIPLE, serverDescriptions=[ServerDescription{address=cluster0-shard-00-02-mvv2v.mongodb.net:27017, type=UNKNOWN, state=CONNECTING}, ServerDescription{address=cluster0-shard-00-01-mvv2v.mongodb.net:27017, type=UNKNOWN, state=CONNECTING}, ServerDescription{address=cluster0-shard-00-00-mvv2v.mongodb.net:27017, type=UNKNOWN, state=CONNECTING}]}. Waiting for 30000 ms before timing out
19:23:02.125 [contentType-inproc://master1_2018-06-13T19:22:52.800+01:00-0] INFO  io.viewserver.adapters.mongo.MongoRecordLoader - EXECUTING - Addition of snapshot listener for Mongo table contentType
19:23:02.125 [contentType-inproc://master1_2018-06-13T19:22:52.800+01:00-0] INFO  io.viewserver.adapters.mongo.MongoRecordLoader - GETTING SNAPSHOT - Addition of snapshot listener for Mongo table contentType
19:23:02.126 [reactor-inproc://master3_2018-06-13T19:23:01.597+01:00] INFO  io.viewserver.server.components.DataSourceComponents - Successfully built data source contentType
19:23:02.127 [reactor-inproc://master3_2018-06-13T19:23:01.597+01:00] INFO  io.viewserver.datasource.DataSourceRegistry - Updating data source contentType with row 2 to status INITIALIZED
19:23:02.127 [reactor-inproc://master3_2018-06-13T19:23:01.597+01:00] INFO  io.viewserver.datasource.DataSourceRegistry - Updated data source contentType with row 2 to status INITIALIZED
19:23:02.127 [reactor-inproc://master2_2018-06-13T19:23:01.507+01:00] INFO  io.viewserver.server.components.DataSourceComponents - Successfully built data source contentType
19:23:02.127 [reactor-inproc://master3_2018-06-13T19:23:01.597+01:00] INFO  io.viewserver.execution.plan.DataSourceExecutionPlan - Finished execution plan for contentType
19:23:02.127 [reactor-inproc://master3_2018-06-13T19:23:01.597+01:00] INFO  io.viewserver.execution.plan.DataSourceExecutionPlan - Starting to run execution plan for phoneNumber
19:23:02.127 [reactor-inproc://master2_2018-06-13T19:23:01.507+01:00] INFO  io.viewserver.datasource.DataSourceRegistry - Updating data source contentType with row 2 to status INITIALIZED
19:23:02.127 [reactor-inproc://master2_2018-06-13T19:23:01.507+01:00] INFO  io.viewserver.datasource.DataSourceRegistry - Updated data source contentType with row 2 to status INITIALIZED
19:23:02.128 [reactor-inproc://master2_2018-06-13T19:23:01.507+01:00] INFO  io.viewserver.execution.plan.DataSourceExecutionPlan - Finished execution plan for contentType
19:23:02.128 [reactor-inproc://master1_2018-06-13T19:22:52.800+01:00] INFO  io.viewserver.server.components.DataSourceComponents - Successfully built data source contentType
19:23:02.128 [reactor-inproc://master1_2018-06-13T19:22:52.800+01:00] INFO  io.viewserver.datasource.DataSourceRegistry - Updating data source contentType with row 2 to status INITIALIZED
19:23:02.128 [reactor-inproc://master1_2018-06-13T19:22:52.800+01:00] INFO  io.viewserver.datasource.DataSourceRegistry - Updated data source contentType with row 2 to status INITIALIZED
19:23:02.128 [reactor-inproc://master1_2018-06-13T19:22:52.800+01:00] INFO  io.viewserver.execution.plan.DataSourceExecutionPlan - Finished execution plan for contentType
19:23:02.128 [reactor-inproc://master2_2018-06-13T19:23:01.507+01:00] INFO  io.viewserver.execution.plan.DataSourceExecutionPlan - Starting to run execution plan for phoneNumber
19:23:02.128 [reactor-inproc://master1_2018-06-13T19:22:52.800+01:00] INFO  io.viewserver.execution.plan.DataSourceExecutionPlan - Starting to run execution plan for phoneNumber
19:23:02.129 [reactor-inproc://master3_2018-06-13T19:23:01.597+01:00] INFO  io.viewserver.server.components.InitialDataLoaderComponent - Found table - /datasources/phoneNumber/table
19:23:02.129 [reactor-inproc://master3_2018-06-13T19:23:01.597+01:00] INFO  io.viewserver.server.components.InitialDataLoaderComponent - Successfully got table /datasources/phoneNumber/table that we were waiting for
19:23:02.129 [reactor-inproc://master3_2018-06-13T19:23:01.597+01:00] INFO  io.viewserver.adapters.mongo.MongoRecordLoader - SCHEDULING - Addition of snapshot listener for Mongo table phoneNumber
19:23:02.129 [phoneNumber-inproc://master3_2018-06-13T19:23:01.597+01:00-0] INFO  io.viewserver.adapters.mongo.MongoRecordLoader - EXECUTING - Addition of snapshot listener for Mongo table phoneNumber
19:23:02.129 [phoneNumber-inproc://master3_2018-06-13T19:23:01.597+01:00-0] INFO  io.viewserver.adapters.mongo.MongoRecordLoader - GETTING SNAPSHOT - Addition of snapshot listener for Mongo table phoneNumber
19:23:02.129 [reactor-inproc://master1_2018-06-13T19:22:52.800+01:00] INFO  io.viewserver.server.components.InitialDataLoaderComponent - Found table - /datasources/phoneNumber/table
19:23:02.129 [reactor-inproc://master2_2018-06-13T19:23:01.507+01:00] INFO  io.viewserver.server.components.InitialDataLoaderComponent - Found table - /datasources/phoneNumber/table
19:23:02.129 [phoneNumber-inproc://master3_2018-06-13T19:23:01.597+01:00-0] INFO  org.mongodb.driver.cluster - No server chosen by com.mongodb.client.internal.MongoClientDelegate$1@6796d993 from cluster description ClusterDescription{type=REPLICA_SET, connectionMode=MULTIPLE, serverDescriptions=[ServerDescription{address=cluster0-shard-00-02-mvv2v.mongodb.net:27017, type=UNKNOWN, state=CONNECTING}, ServerDescription{address=cluster0-shard-00-01-mvv2v.mongodb.net:27017, type=UNKNOWN, state=CONNECTING}, ServerDescription{address=cluster0-shard-00-00-mvv2v.mongodb.net:27017, type=UNKNOWN, state=CONNECTING}]}. Waiting for 30000 ms before timing out
19:23:02.129 [reactor-inproc://master1_2018-06-13T19:22:52.800+01:00] INFO  io.viewserver.server.components.InitialDataLoaderComponent - Successfully got table /datasources/phoneNumber/table that we were waiting for
19:23:02.130 [reactor-inproc://master1_2018-06-13T19:22:52.800+01:00] INFO  io.viewserver.adapters.mongo.MongoRecordLoader - SCHEDULING - Addition of snapshot listener for Mongo table phoneNumber
19:23:02.130 [reactor-inproc://master2_2018-06-13T19:23:01.507+01:00] INFO  io.viewserver.server.components.InitialDataLoaderComponent - Successfully got table /datasources/phoneNumber/table that we were waiting for
19:23:02.130 [reactor-inproc://master2_2018-06-13T19:23:01.507+01:00] INFO  io.viewserver.adapters.mongo.MongoRecordLoader - SCHEDULING - Addition of snapshot listener for Mongo table phoneNumber
19:23:02.130 [phoneNumber-inproc://master1_2018-06-13T19:22:52.800+01:00-0] INFO  io.viewserver.adapters.mongo.MongoRecordLoader - EXECUTING - Addition of snapshot listener for Mongo table phoneNumber
19:23:02.130 [phoneNumber-inproc://master1_2018-06-13T19:22:52.800+01:00-0] INFO  io.viewserver.adapters.mongo.MongoRecordLoader - GETTING SNAPSHOT - Addition of snapshot listener for Mongo table phoneNumber
19:23:02.130 [phoneNumber-inproc://master2_2018-06-13T19:23:01.507+01:00-0] INFO  io.viewserver.adapters.mongo.MongoRecordLoader - EXECUTING - Addition of snapshot listener for Mongo table phoneNumber
19:23:02.130 [reactor-inproc://master3_2018-06-13T19:23:01.597+01:00] INFO  io.viewserver.server.components.DataSourceComponents - Successfully built data source phoneNumber
19:23:02.131 [phoneNumber-inproc://master2_2018-06-13T19:23:01.507+01:00-0] INFO  io.viewserver.adapters.mongo.MongoRecordLoader - GETTING SNAPSHOT - Addition of snapshot listener for Mongo table phoneNumber
19:23:02.131 [reactor-inproc://master3_2018-06-13T19:23:01.597+01:00] INFO  io.viewserver.datasource.DataSourceRegistry - Updating data source phoneNumber with row 3 to status INITIALIZED
19:23:02.131 [reactor-inproc://master3_2018-06-13T19:23:01.597+01:00] INFO  io.viewserver.datasource.DataSourceRegistry - Updated data source phoneNumber with row 3 to status INITIALIZED
19:23:02.131 [phoneNumber-inproc://master2_2018-06-13T19:23:01.507+01:00-0] INFO  org.mongodb.driver.cluster - No server chosen by com.mongodb.client.internal.MongoClientDelegate$1@25ed1309 from cluster description ClusterDescription{type=REPLICA_SET, connectionMode=MULTIPLE, serverDescriptions=[ServerDescription{address=cluster0-shard-00-02-mvv2v.mongodb.net:27017, type=UNKNOWN, state=CONNECTING}, ServerDescription{address=cluster0-shard-00-01-mvv2v.mongodb.net:27017, type=UNKNOWN, state=CONNECTING}, ServerDescription{address=cluster0-shard-00-00-mvv2v.mongodb.net:27017, type=UNKNOWN, state=CONNECTING}]}. Waiting for 30000 ms before timing out
19:23:02.131 [reactor-inproc://master3_2018-06-13T19:23:01.597+01:00] INFO  io.viewserver.execution.plan.DataSourceExecutionPlan - Finished execution plan for phoneNumber
19:23:02.133 [reactor-inproc://master3_2018-06-13T19:23:01.597+01:00] INFO  io.viewserver.execution.plan.DataSourceExecutionPlan - Starting to run execution plan for user
19:23:02.133 [reactor-inproc://master1_2018-06-13T19:22:52.800+01:00] INFO  io.viewserver.server.components.DataSourceComponents - Successfully built data source phoneNumber
19:23:02.133 [reactor-inproc://master2_2018-06-13T19:23:01.507+01:00] INFO  io.viewserver.server.components.DataSourceComponents - Successfully built data source phoneNumber
19:23:02.133 [reactor-inproc://master2_2018-06-13T19:23:01.507+01:00] INFO  io.viewserver.datasource.DataSourceRegistry - Updating data source phoneNumber with row 3 to status INITIALIZED
19:23:02.133 [reactor-inproc://master1_2018-06-13T19:22:52.800+01:00] INFO  io.viewserver.datasource.DataSourceRegistry - Updating data source phoneNumber with row 3 to status INITIALIZED
19:23:02.133 [reactor-inproc://master2_2018-06-13T19:23:01.507+01:00] INFO  io.viewserver.datasource.DataSourceRegistry - Updated data source phoneNumber with row 3 to status INITIALIZED
19:23:02.133 [reactor-inproc://master1_2018-06-13T19:22:52.800+01:00] INFO  io.viewserver.datasource.DataSourceRegistry - Updated data source phoneNumber with row 3 to status INITIALIZED
19:23:02.133 [reactor-inproc://master2_2018-06-13T19:23:01.507+01:00] INFO  io.viewserver.execution.plan.DataSourceExecutionPlan - Finished execution plan for phoneNumber
19:23:02.133 [reactor-inproc://master1_2018-06-13T19:22:52.800+01:00] INFO  io.viewserver.execution.plan.DataSourceExecutionPlan - Finished execution plan for phoneNumber
19:23:02.134 [reactor-inproc://master2_2018-06-13T19:23:01.507+01:00] INFO  io.viewserver.execution.plan.DataSourceExecutionPlan - Starting to run execution plan for user
19:23:02.134 [reactor-inproc://master1_2018-06-13T19:22:52.800+01:00] INFO  io.viewserver.execution.plan.DataSourceExecutionPlan - Starting to run execution plan for user
19:23:02.139 [reactor-inproc://master3_2018-06-13T19:23:01.597+01:00] INFO  io.viewserver.server.components.InitialDataLoaderComponent - Found table - /datasources/user/table
19:23:02.139 [reactor-inproc://master1_2018-06-13T19:22:52.800+01:00] INFO  io.viewserver.server.components.InitialDataLoaderComponent - Found table - /datasources/user/table
19:23:02.139 [reactor-inproc://master2_2018-06-13T19:23:01.507+01:00] INFO  io.viewserver.server.components.InitialDataLoaderComponent - Found table - /datasources/user/table
19:23:02.139 [reactor-inproc://master3_2018-06-13T19:23:01.597+01:00] INFO  io.viewserver.server.components.InitialDataLoaderComponent - Successfully got table /datasources/user/table that we were waiting for
19:23:02.140 [reactor-inproc://master2_2018-06-13T19:23:01.507+01:00] INFO  io.viewserver.server.components.InitialDataLoaderComponent - Successfully got table /datasources/user/table that we were waiting for
19:23:02.140 [reactor-inproc://master1_2018-06-13T19:22:52.800+01:00] INFO  io.viewserver.server.components.InitialDataLoaderComponent - Successfully got table /datasources/user/table that we were waiting for
19:23:02.140 [reactor-inproc://master3_2018-06-13T19:23:01.597+01:00] INFO  io.viewserver.adapters.mongo.MongoRecordLoader - SCHEDULING - Addition of snapshot listener for Mongo table user
19:23:02.140 [reactor-inproc://master2_2018-06-13T19:23:01.507+01:00] INFO  io.viewserver.adapters.mongo.MongoRecordLoader - SCHEDULING - Addition of snapshot listener for Mongo table user
19:23:02.140 [reactor-inproc://master1_2018-06-13T19:22:52.800+01:00] INFO  io.viewserver.adapters.mongo.MongoRecordLoader - SCHEDULING - Addition of snapshot listener for Mongo table user
19:23:02.140 [reactor-inproc://master3_2018-06-13T19:23:01.597+01:00] INFO  com.shotgun.viewserver.servercomponents.UserOrderNotificationComponent - Found for user operator /datasources/user/table
19:23:02.140 [user-inproc://master3_2018-06-13T19:23:01.597+01:00-0] INFO  io.viewserver.adapters.mongo.MongoRecordLoader - EXECUTING - Addition of snapshot listener for Mongo table user
19:23:02.140 [user-inproc://master3_2018-06-13T19:23:01.597+01:00-0] INFO  io.viewserver.adapters.mongo.MongoRecordLoader - GETTING SNAPSHOT - Addition of snapshot listener for Mongo table user
19:23:02.140 [reactor-inproc://master2_2018-06-13T19:23:01.507+01:00] INFO  com.shotgun.viewserver.servercomponents.UserOrderNotificationComponent - Found for user operator /datasources/user/table
19:23:02.140 [user-inproc://master2_2018-06-13T19:23:01.507+01:00-0] INFO  io.viewserver.adapters.mongo.MongoRecordLoader - EXECUTING - Addition of snapshot listener for Mongo table user
19:23:02.140 [user-inproc://master3_2018-06-13T19:23:01.597+01:00-0] INFO  org.mongodb.driver.cluster - No server chosen by com.mongodb.client.internal.MongoClientDelegate$1@6e2cd04f from cluster description ClusterDescription{type=REPLICA_SET, connectionMode=MULTIPLE, serverDescriptions=[ServerDescription{address=cluster0-shard-00-02-mvv2v.mongodb.net:27017, type=UNKNOWN, state=CONNECTING}, ServerDescription{address=cluster0-shard-00-01-mvv2v.mongodb.net:27017, type=UNKNOWN, state=CONNECTING}, ServerDescription{address=cluster0-shard-00-00-mvv2v.mongodb.net:27017, type=UNKNOWN, state=CONNECTING}]}. Waiting for 30000 ms before timing out
19:23:02.140 [user-inproc://master2_2018-06-13T19:23:01.507+01:00-0] INFO  io.viewserver.adapters.mongo.MongoRecordLoader - GETTING SNAPSHOT - Addition of snapshot listener for Mongo table user
19:23:02.140 [user-inproc://master1_2018-06-13T19:22:52.800+01:00-0] INFO  io.viewserver.adapters.mongo.MongoRecordLoader - EXECUTING - Addition of snapshot listener for Mongo table user
19:23:02.140 [user-inproc://master1_2018-06-13T19:22:52.800+01:00-0] INFO  io.viewserver.adapters.mongo.MongoRecordLoader - GETTING SNAPSHOT - Addition of snapshot listener for Mongo table user
19:23:02.140 [reactor-inproc://master1_2018-06-13T19:22:52.800+01:00] INFO  com.shotgun.viewserver.servercomponents.UserOrderNotificationComponent - Found for user operator /datasources/user/table
19:23:02.141 [user-inproc://master2_2018-06-13T19:23:01.507+01:00-0] INFO  org.mongodb.driver.cluster - No server chosen by com.mongodb.client.internal.MongoClientDelegate$1@487dac92 from cluster description ClusterDescription{type=REPLICA_SET, connectionMode=MULTIPLE, serverDescriptions=[ServerDescription{address=cluster0-shard-00-02-mvv2v.mongodb.net:27017, type=UNKNOWN, state=CONNECTING}, ServerDescription{address=cluster0-shard-00-01-mvv2v.mongodb.net:27017, type=UNKNOWN, state=CONNECTING}, ServerDescription{address=cluster0-shard-00-00-mvv2v.mongodb.net:27017, type=UNKNOWN, state=CONNECTING}]}. Waiting for 30000 ms before timing out
19:23:02.182 [reactor-inproc://master1_2018-06-13T19:22:52.800+01:00] INFO  io.viewserver.server.components.DataSourceComponents - Successfully built data source user
19:23:02.183 [reactor-inproc://master1_2018-06-13T19:22:52.800+01:00] INFO  io.viewserver.datasource.DataSourceRegistry - Updating data source user with row 5 to status INITIALIZED
19:23:02.183 [reactor-inproc://master1_2018-06-13T19:22:52.800+01:00] INFO  io.viewserver.datasource.DataSourceRegistry - Updated data source user with row 5 to status INITIALIZED
19:23:02.183 [reactor-inproc://master2_2018-06-13T19:23:01.507+01:00] INFO  io.viewserver.server.components.DataSourceComponents - Successfully built data source user
19:23:02.183 [reactor-inproc://master1_2018-06-13T19:22:52.800+01:00] INFO  io.viewserver.server.components.DataSourceComponents - COMPLETED FINISHED WAITING userProduct for product,user 
19:23:02.183 [reactor-inproc://master2_2018-06-13T19:23:01.507+01:00] INFO  io.viewserver.datasource.DataSourceRegistry - Updating data source user with row 5 to status INITIALIZED
19:23:02.183 [reactor-inproc://master2_2018-06-13T19:23:01.507+01:00] INFO  io.viewserver.datasource.DataSourceRegistry - Updated data source user with row 5 to status INITIALIZED
19:23:02.183 [reactor-inproc://master2_2018-06-13T19:23:01.507+01:00] INFO  io.viewserver.server.components.DataSourceComponents - COMPLETED FINISHED WAITING userProduct for product,user 
19:23:02.183 [reactor-inproc://master1_2018-06-13T19:22:52.800+01:00] INFO  io.viewserver.execution.plan.DataSourceExecutionPlan - Finished execution plan for user
19:23:02.184 [reactor-inproc://master1_2018-06-13T19:22:52.800+01:00] INFO  io.viewserver.execution.plan.DataSourceExecutionPlan - Starting to run execution plan for cluster
19:23:02.184 [reactor-inproc://master3_2018-06-13T19:23:01.597+01:00] INFO  io.viewserver.server.components.DataSourceComponents - Successfully built data source user
19:23:02.184 [reactor-inproc://master3_2018-06-13T19:23:01.597+01:00] INFO  io.viewserver.datasource.DataSourceRegistry - Updating data source user with row 5 to status INITIALIZED
19:23:02.184 [reactor-inproc://master3_2018-06-13T19:23:01.597+01:00] INFO  io.viewserver.datasource.DataSourceRegistry - Updated data source user with row 5 to status INITIALIZED
19:23:02.184 [reactor-inproc://master3_2018-06-13T19:23:01.597+01:00] INFO  io.viewserver.server.components.DataSourceComponents - COMPLETED FINISHED WAITING userProduct for product,user 
19:23:02.184 [reactor-inproc://master2_2018-06-13T19:23:01.507+01:00] INFO  io.viewserver.execution.plan.DataSourceExecutionPlan - Finished execution plan for user
19:23:02.184 [reactor-inproc://master2_2018-06-13T19:23:01.507+01:00] INFO  io.viewserver.execution.plan.DataSourceExecutionPlan - Starting to run execution plan for cluster
19:23:02.185 [reactor-inproc://master3_2018-06-13T19:23:01.597+01:00] INFO  io.viewserver.execution.plan.DataSourceExecutionPlan - Finished execution plan for user
19:23:02.185 [reactor-inproc://master1_2018-06-13T19:22:52.800+01:00] INFO  io.viewserver.server.components.InitialDataLoaderComponent - Found table - /datasources/cluster/table
19:23:02.185 [reactor-inproc://master1_2018-06-13T19:22:52.800+01:00] INFO  io.viewserver.server.components.InitialDataLoaderComponent - Successfully got table /datasources/cluster/table that we were waiting for
19:23:02.185 [reactor-inproc://master3_2018-06-13T19:23:01.597+01:00] INFO  io.viewserver.execution.plan.DataSourceExecutionPlan - Starting to run execution plan for cluster
19:23:02.185 [reactor-inproc://master1_2018-06-13T19:22:52.800+01:00] INFO  io.viewserver.adapters.mongo.MongoRecordLoader - SCHEDULING - Addition of snapshot listener for Mongo table cluster
19:23:02.185 [cluster-inproc://master1_2018-06-13T19:22:52.800+01:00-0] INFO  io.viewserver.adapters.mongo.MongoRecordLoader - EXECUTING - Addition of snapshot listener for Mongo table cluster
19:23:02.185 [cluster-inproc://master1_2018-06-13T19:22:52.800+01:00-0] INFO  io.viewserver.adapters.mongo.MongoRecordLoader - GETTING SNAPSHOT - Addition of snapshot listener for Mongo table cluster
19:23:02.186 [reactor-inproc://master2_2018-06-13T19:23:01.507+01:00] INFO  io.viewserver.server.components.InitialDataLoaderComponent - Found table - /datasources/cluster/table
19:23:02.186 [reactor-inproc://master2_2018-06-13T19:23:01.507+01:00] INFO  io.viewserver.server.components.InitialDataLoaderComponent - Successfully got table /datasources/cluster/table that we were waiting for
19:23:02.186 [reactor-inproc://master2_2018-06-13T19:23:01.507+01:00] INFO  io.viewserver.adapters.mongo.MongoRecordLoader - SCHEDULING - Addition of snapshot listener for Mongo table cluster
19:23:02.186 [reactor-inproc://master3_2018-06-13T19:23:01.597+01:00] INFO  io.viewserver.server.components.InitialDataLoaderComponent - Found table - /datasources/cluster/table
19:23:02.186 [reactor-inproc://master3_2018-06-13T19:23:01.597+01:00] INFO  io.viewserver.server.components.InitialDataLoaderComponent - Successfully got table /datasources/cluster/table that we were waiting for
19:23:02.186 [reactor-inproc://master3_2018-06-13T19:23:01.597+01:00] INFO  io.viewserver.adapters.mongo.MongoRecordLoader - SCHEDULING - Addition of snapshot listener for Mongo table cluster
19:23:02.187 [cluster-inproc://master2_2018-06-13T19:23:01.507+01:00-0] INFO  io.viewserver.adapters.mongo.MongoRecordLoader - EXECUTING - Addition of snapshot listener for Mongo table cluster
19:23:02.187 [reactor-inproc://master1_2018-06-13T19:22:52.800+01:00] INFO  io.viewserver.server.components.DataSourceComponents - Successfully built data source cluster
19:23:02.187 [cluster-inproc://master2_2018-06-13T19:23:01.507+01:00-0] INFO  io.viewserver.adapters.mongo.MongoRecordLoader - GETTING SNAPSHOT - Addition of snapshot listener for Mongo table cluster
19:23:02.187 [reactor-inproc://master1_2018-06-13T19:22:52.800+01:00] INFO  io.viewserver.datasource.DataSourceRegistry - Updating data source cluster with row 6 to status INITIALIZED
19:23:02.187 [reactor-inproc://master1_2018-06-13T19:22:52.800+01:00] INFO  io.viewserver.datasource.DataSourceRegistry - Updated data source cluster with row 6 to status INITIALIZED
19:23:02.187 [cluster-inproc://master3_2018-06-13T19:23:01.597+01:00-0] INFO  io.viewserver.adapters.mongo.MongoRecordLoader - EXECUTING - Addition of snapshot listener for Mongo table cluster
19:23:02.187 [cluster-inproc://master2_2018-06-13T19:23:01.507+01:00-0] INFO  org.mongodb.driver.cluster - No server chosen by com.mongodb.client.internal.MongoClientDelegate$1@21c7aef9 from cluster description ClusterDescription{type=REPLICA_SET, connectionMode=MULTIPLE, serverDescriptions=[ServerDescription{address=cluster0-shard-00-02-mvv2v.mongodb.net:27017, type=UNKNOWN, state=CONNECTING}, ServerDescription{address=cluster0-shard-00-01-mvv2v.mongodb.net:27017, type=UNKNOWN, state=CONNECTING}, ServerDescription{address=cluster0-shard-00-00-mvv2v.mongodb.net:27017, type=UNKNOWN, state=CONNECTING}]}. Waiting for 30000 ms before timing out
19:23:02.187 [cluster-inproc://master3_2018-06-13T19:23:01.597+01:00-0] INFO  io.viewserver.adapters.mongo.MongoRecordLoader - GETTING SNAPSHOT - Addition of snapshot listener for Mongo table cluster
19:23:02.187 [reactor-inproc://master1_2018-06-13T19:22:52.800+01:00] INFO  io.viewserver.execution.plan.DataSourceExecutionPlan - Finished execution plan for cluster
19:23:02.187 [reactor-inproc://master1_2018-06-13T19:22:52.800+01:00] INFO  io.viewserver.execution.plan.DataSourceExecutionPlan - Starting to run execution plan for deliveryAddress
19:23:02.187 [cluster-inproc://master3_2018-06-13T19:23:01.597+01:00-0] INFO  org.mongodb.driver.cluster - No server chosen by com.mongodb.client.internal.MongoClientDelegate$1@34132a6a from cluster description ClusterDescription{type=REPLICA_SET, connectionMode=MULTIPLE, serverDescriptions=[ServerDescription{address=cluster0-shard-00-02-mvv2v.mongodb.net:27017, type=UNKNOWN, state=CONNECTING}, ServerDescription{address=cluster0-shard-00-01-mvv2v.mongodb.net:27017, type=UNKNOWN, state=CONNECTING}, ServerDescription{address=cluster0-shard-00-00-mvv2v.mongodb.net:27017, type=UNKNOWN, state=CONNECTING}]}. Waiting for 30000 ms before timing out
19:23:02.188 [reactor-inproc://master3_2018-06-13T19:23:01.597+01:00] INFO  io.viewserver.server.components.DataSourceComponents - Successfully built data source cluster
19:23:02.188 [reactor-inproc://master2_2018-06-13T19:23:01.507+01:00] INFO  io.viewserver.server.components.DataSourceComponents - Successfully built data source cluster
19:23:02.188 [reactor-inproc://master2_2018-06-13T19:23:01.507+01:00] INFO  io.viewserver.datasource.DataSourceRegistry - Updating data source cluster with row 6 to status INITIALIZED
19:23:02.188 [reactor-inproc://master3_2018-06-13T19:23:01.597+01:00] INFO  io.viewserver.datasource.DataSourceRegistry - Updating data source cluster with row 6 to status INITIALIZED
19:23:02.188 [reactor-inproc://master2_2018-06-13T19:23:01.507+01:00] INFO  io.viewserver.datasource.DataSourceRegistry - Updated data source cluster with row 6 to status INITIALIZED
19:23:02.188 [reactor-inproc://master3_2018-06-13T19:23:01.597+01:00] INFO  io.viewserver.datasource.DataSourceRegistry - Updated data source cluster with row 6 to status INITIALIZED
19:23:02.188 [reactor-inproc://master2_2018-06-13T19:23:01.507+01:00] INFO  io.viewserver.execution.plan.DataSourceExecutionPlan - Finished execution plan for cluster
19:23:02.188 [reactor-inproc://master3_2018-06-13T19:23:01.597+01:00] INFO  io.viewserver.execution.plan.DataSourceExecutionPlan - Finished execution plan for cluster
19:23:02.188 [reactor-inproc://master2_2018-06-13T19:23:01.507+01:00] INFO  io.viewserver.execution.plan.DataSourceExecutionPlan - Starting to run execution plan for deliveryAddress
19:23:02.188 [reactor-inproc://master3_2018-06-13T19:23:01.597+01:00] INFO  io.viewserver.execution.plan.DataSourceExecutionPlan - Starting to run execution plan for deliveryAddress
19:23:02.188 [reactor-inproc://master1_2018-06-13T19:22:52.800+01:00] INFO  io.viewserver.server.components.InitialDataLoaderComponent - Found table - /datasources/deliveryAddress/table
19:23:02.189 [reactor-inproc://master1_2018-06-13T19:22:52.800+01:00] INFO  io.viewserver.server.components.InitialDataLoaderComponent - Successfully got table /datasources/deliveryAddress/table that we were waiting for
19:23:02.189 [reactor-inproc://master1_2018-06-13T19:22:52.800+01:00] INFO  io.viewserver.adapters.mongo.MongoRecordLoader - SCHEDULING - Addition of snapshot listener for Mongo table deliveryAddress
19:23:02.189 [deliveryAddress-inproc://master1_2018-06-13T19:22:52.800+01:00-0] INFO  io.viewserver.adapters.mongo.MongoRecordLoader - EXECUTING - Addition of snapshot listener for Mongo table deliveryAddress
19:23:02.189 [deliveryAddress-inproc://master1_2018-06-13T19:22:52.800+01:00-0] INFO  io.viewserver.adapters.mongo.MongoRecordLoader - GETTING SNAPSHOT - Addition of snapshot listener for Mongo table deliveryAddress
19:23:02.190 [reactor-inproc://master2_2018-06-13T19:23:01.507+01:00] INFO  io.viewserver.server.components.InitialDataLoaderComponent - Found table - /datasources/deliveryAddress/table
19:23:02.190 [reactor-inproc://master2_2018-06-13T19:23:01.507+01:00] INFO  io.viewserver.server.components.InitialDataLoaderComponent - Successfully got table /datasources/deliveryAddress/table that we were waiting for
19:23:02.190 [reactor-inproc://master1_2018-06-13T19:22:52.800+01:00] INFO  io.viewserver.server.components.DataSourceComponents - Successfully built data source deliveryAddress
19:23:02.190 [reactor-inproc://master1_2018-06-13T19:22:52.800+01:00] INFO  io.viewserver.datasource.DataSourceRegistry - Updating data source deliveryAddress with row 7 to status INITIALIZED
19:23:02.190 [reactor-inproc://master1_2018-06-13T19:22:52.800+01:00] INFO  io.viewserver.datasource.DataSourceRegistry - Updated data source deliveryAddress with row 7 to status INITIALIZED
19:23:02.191 [reactor-inproc://master3_2018-06-13T19:23:01.597+01:00] INFO  io.viewserver.server.components.InitialDataLoaderComponent - Found table - /datasources/deliveryAddress/table
19:23:02.191 [reactor-inproc://master1_2018-06-13T19:22:52.800+01:00] INFO  io.viewserver.execution.plan.DataSourceExecutionPlan - Finished execution plan for deliveryAddress
19:23:02.190 [reactor-inproc://master2_2018-06-13T19:23:01.507+01:00] INFO  io.viewserver.adapters.mongo.MongoRecordLoader - SCHEDULING - Addition of snapshot listener for Mongo table deliveryAddress
19:23:02.191 [reactor-inproc://master3_2018-06-13T19:23:01.597+01:00] INFO  io.viewserver.server.components.InitialDataLoaderComponent - Successfully got table /datasources/deliveryAddress/table that we were waiting for
19:23:02.191 [reactor-inproc://master3_2018-06-13T19:23:01.597+01:00] INFO  io.viewserver.adapters.mongo.MongoRecordLoader - SCHEDULING - Addition of snapshot listener for Mongo table deliveryAddress
19:23:02.191 [deliveryAddress-inproc://master2_2018-06-13T19:23:01.507+01:00-0] INFO  io.viewserver.adapters.mongo.MongoRecordLoader - EXECUTING - Addition of snapshot listener for Mongo table deliveryAddress
19:23:02.191 [deliveryAddress-inproc://master2_2018-06-13T19:23:01.507+01:00-0] INFO  io.viewserver.adapters.mongo.MongoRecordLoader - GETTING SNAPSHOT - Addition of snapshot listener for Mongo table deliveryAddress
19:23:02.191 [deliveryAddress-inproc://master2_2018-06-13T19:23:01.507+01:00-0] INFO  org.mongodb.driver.cluster - No server chosen by com.mongodb.client.internal.MongoClientDelegate$1@7176935b from cluster description ClusterDescription{type=REPLICA_SET, connectionMode=MULTIPLE, serverDescriptions=[ServerDescription{address=cluster0-shard-00-02-mvv2v.mongodb.net:27017, type=UNKNOWN, state=CONNECTING}, ServerDescription{address=cluster0-shard-00-01-mvv2v.mongodb.net:27017, type=UNKNOWN, state=CONNECTING}, ServerDescription{address=cluster0-shard-00-00-mvv2v.mongodb.net:27017, type=UNKNOWN, state=CONNECTING}]}. Waiting for 30000 ms before timing out
19:23:02.192 [reactor-inproc://master1_2018-06-13T19:22:52.800+01:00] INFO  io.viewserver.server.components.DataSourceComponents - COMPLETED FINISHED WAITING order for product,user,contentType,productCategory 
19:23:02.192 [deliveryAddress-inproc://master3_2018-06-13T19:23:01.597+01:00-0] INFO  io.viewserver.adapters.mongo.MongoRecordLoader - EXECUTING - Addition of snapshot listener for Mongo table deliveryAddress
19:23:02.192 [deliveryAddress-inproc://master3_2018-06-13T19:23:01.597+01:00-0] INFO  io.viewserver.adapters.mongo.MongoRecordLoader - GETTING SNAPSHOT - Addition of snapshot listener for Mongo table deliveryAddress
19:23:02.192 [reactor-inproc://master1_2018-06-13T19:22:52.800+01:00] INFO  io.viewserver.execution.plan.DataSourceExecutionPlan - Starting to run execution plan for messages
19:23:02.192 [deliveryAddress-inproc://master3_2018-06-13T19:23:01.597+01:00-0] INFO  org.mongodb.driver.cluster - No server chosen by com.mongodb.client.internal.MongoClientDelegate$1@5fd5554f from cluster description ClusterDescription{type=REPLICA_SET, connectionMode=MULTIPLE, serverDescriptions=[ServerDescription{address=cluster0-shard-00-02-mvv2v.mongodb.net:27017, type=UNKNOWN, state=CONNECTING}, ServerDescription{address=cluster0-shard-00-01-mvv2v.mongodb.net:27017, type=UNKNOWN, state=CONNECTING}, ServerDescription{address=cluster0-shard-00-00-mvv2v.mongodb.net:27017, type=UNKNOWN, state=CONNECTING}]}. Waiting for 30000 ms before timing out
19:23:02.193 [reactor-inproc://master2_2018-06-13T19:23:01.507+01:00] INFO  io.viewserver.server.components.DataSourceComponents - Successfully built data source deliveryAddress
19:23:02.193 [reactor-inproc://master2_2018-06-13T19:23:01.507+01:00] INFO  io.viewserver.datasource.DataSourceRegistry - Updating data source deliveryAddress with row 7 to status INITIALIZED
19:23:02.193 [reactor-inproc://master3_2018-06-13T19:23:01.597+01:00] INFO  io.viewserver.server.components.DataSourceComponents - Successfully built data source deliveryAddress
19:23:02.193 [reactor-inproc://master2_2018-06-13T19:23:01.507+01:00] INFO  io.viewserver.datasource.DataSourceRegistry - Updated data source deliveryAddress with row 7 to status INITIALIZED
19:23:02.193 [reactor-inproc://master3_2018-06-13T19:23:01.597+01:00] INFO  io.viewserver.datasource.DataSourceRegistry - Updating data source deliveryAddress with row 7 to status INITIALIZED
19:23:02.193 [reactor-inproc://master3_2018-06-13T19:23:01.597+01:00] INFO  io.viewserver.datasource.DataSourceRegistry - Updated data source deliveryAddress with row 7 to status INITIALIZED
19:23:02.193 [reactor-inproc://master2_2018-06-13T19:23:01.507+01:00] INFO  io.viewserver.execution.plan.DataSourceExecutionPlan - Finished execution plan for deliveryAddress
19:23:02.193 [reactor-inproc://master3_2018-06-13T19:23:01.597+01:00] INFO  io.viewserver.execution.plan.DataSourceExecutionPlan - Finished execution plan for deliveryAddress
19:23:02.193 [reactor-inproc://master1_2018-06-13T19:22:52.800+01:00] INFO  io.viewserver.server.components.InitialDataLoaderComponent - Found table - /datasources/messages/table
19:23:02.193 [reactor-inproc://master1_2018-06-13T19:22:52.800+01:00] INFO  io.viewserver.server.components.InitialDataLoaderComponent - Successfully got table /datasources/messages/table that we were waiting for
19:23:02.194 [reactor-inproc://master1_2018-06-13T19:22:52.800+01:00] INFO  io.viewserver.adapters.mongo.MongoRecordLoader - SCHEDULING - Addition of snapshot listener for Mongo table messages
19:23:02.194 [messages-inproc://master1_2018-06-13T19:22:52.800+01:00-0] INFO  io.viewserver.adapters.mongo.MongoRecordLoader - EXECUTING - Addition of snapshot listener for Mongo table messages
19:23:02.194 [messages-inproc://master1_2018-06-13T19:22:52.800+01:00-0] INFO  io.viewserver.adapters.mongo.MongoRecordLoader - GETTING SNAPSHOT - Addition of snapshot listener for Mongo table messages
19:23:02.194 [reactor-inproc://master3_2018-06-13T19:23:01.597+01:00] INFO  io.viewserver.server.components.DataSourceComponents - COMPLETED FINISHED WAITING order for product,user,contentType,productCategory 
19:23:02.194 [reactor-inproc://master2_2018-06-13T19:23:01.507+01:00] INFO  io.viewserver.server.components.DataSourceComponents - COMPLETED FINISHED WAITING order for product,user,contentType,productCategory 
19:23:02.194 [reactor-inproc://master3_2018-06-13T19:23:01.597+01:00] INFO  io.viewserver.execution.plan.DataSourceExecutionPlan - Starting to run execution plan for messages
19:23:02.195 [reactor-inproc://master2_2018-06-13T19:23:01.507+01:00] INFO  io.viewserver.execution.plan.DataSourceExecutionPlan - Starting to run execution plan for messages
19:23:02.196 [reactor-inproc://master3_2018-06-13T19:23:01.597+01:00] INFO  io.viewserver.server.components.InitialDataLoaderComponent - Found table - /datasources/messages/table
19:23:02.196 [reactor-inproc://master3_2018-06-13T19:23:01.597+01:00] INFO  io.viewserver.server.components.InitialDataLoaderComponent - Successfully got table /datasources/messages/table that we were waiting for
19:23:02.196 [reactor-inproc://master3_2018-06-13T19:23:01.597+01:00] INFO  io.viewserver.adapters.mongo.MongoRecordLoader - SCHEDULING - Addition of snapshot listener for Mongo table messages
19:23:02.196 [reactor-inproc://master1_2018-06-13T19:22:52.800+01:00] INFO  io.viewserver.server.components.DataSourceComponents - Successfully built data source messages
19:23:02.196 [reactor-inproc://master2_2018-06-13T19:23:01.507+01:00] INFO  io.viewserver.server.components.InitialDataLoaderComponent - Found table - /datasources/messages/table
19:23:02.196 [reactor-inproc://master2_2018-06-13T19:23:01.507+01:00] INFO  io.viewserver.server.components.InitialDataLoaderComponent - Successfully got table /datasources/messages/table that we were waiting for
19:23:02.196 [reactor-inproc://master1_2018-06-13T19:22:52.800+01:00] INFO  io.viewserver.datasource.DataSourceRegistry - Updating data source messages with row 9 to status INITIALIZED
19:23:02.196 [reactor-inproc://master1_2018-06-13T19:22:52.800+01:00] INFO  io.viewserver.datasource.DataSourceRegistry - Updated data source messages with row 9 to status INITIALIZED
19:23:02.196 [reactor-inproc://master2_2018-06-13T19:23:01.507+01:00] INFO  io.viewserver.adapters.mongo.MongoRecordLoader - SCHEDULING - Addition of snapshot listener for Mongo table messages
19:23:02.196 [reactor-inproc://master1_2018-06-13T19:22:52.800+01:00] INFO  io.viewserver.execution.plan.DataSourceExecutionPlan - Finished execution plan for messages
19:23:02.196 [messages-inproc://master3_2018-06-13T19:23:01.597+01:00-0] INFO  io.viewserver.adapters.mongo.MongoRecordLoader - EXECUTING - Addition of snapshot listener for Mongo table messages
19:23:02.197 [messages-inproc://master3_2018-06-13T19:23:01.597+01:00-0] INFO  io.viewserver.adapters.mongo.MongoRecordLoader - GETTING SNAPSHOT - Addition of snapshot listener for Mongo table messages
19:23:02.197 [messages-inproc://master3_2018-06-13T19:23:01.597+01:00-0] INFO  org.mongodb.driver.cluster - No server chosen by com.mongodb.client.internal.MongoClientDelegate$1@701c88cd from cluster description ClusterDescription{type=REPLICA_SET, connectionMode=MULTIPLE, serverDescriptions=[ServerDescription{address=cluster0-shard-00-02-mvv2v.mongodb.net:27017, type=UNKNOWN, state=CONNECTING}, ServerDescription{address=cluster0-shard-00-01-mvv2v.mongodb.net:27017, type=UNKNOWN, state=CONNECTING}, ServerDescription{address=cluster0-shard-00-00-mvv2v.mongodb.net:27017, type=UNKNOWN, state=CONNECTING}]}. Waiting for 30000 ms before timing out
19:23:02.197 [messages-inproc://master2_2018-06-13T19:23:01.507+01:00-0] INFO  io.viewserver.adapters.mongo.MongoRecordLoader - EXECUTING - Addition of snapshot listener for Mongo table messages
19:23:02.197 [messages-inproc://master2_2018-06-13T19:23:01.507+01:00-0] INFO  io.viewserver.adapters.mongo.MongoRecordLoader - GETTING SNAPSHOT - Addition of snapshot listener for Mongo table messages
19:23:02.197 [reactor-inproc://master1_2018-06-13T19:22:52.800+01:00] INFO  io.viewserver.execution.plan.DataSourceExecutionPlan - Starting to run execution plan for vehicle
19:23:02.197 [messages-inproc://master2_2018-06-13T19:23:01.507+01:00-0] INFO  org.mongodb.driver.cluster - No server chosen by com.mongodb.client.internal.MongoClientDelegate$1@2291b1be from cluster description ClusterDescription{type=REPLICA_SET, connectionMode=MULTIPLE, serverDescriptions=[ServerDescription{address=cluster0-shard-00-02-mvv2v.mongodb.net:27017, type=UNKNOWN, state=CONNECTING}, ServerDescription{address=cluster0-shard-00-01-mvv2v.mongodb.net:27017, type=UNKNOWN, state=CONNECTING}, ServerDescription{address=cluster0-shard-00-00-mvv2v.mongodb.net:27017, type=UNKNOWN, state=CONNECTING}]}. Waiting for 30000 ms before timing out
19:23:02.198 [reactor-inproc://master1_2018-06-13T19:22:52.800+01:00] INFO  io.viewserver.server.components.InitialDataLoaderComponent - Found table - /datasources/vehicle/table
19:23:02.198 [reactor-inproc://master1_2018-06-13T19:22:52.800+01:00] INFO  io.viewserver.server.components.InitialDataLoaderComponent - Successfully got table /datasources/vehicle/table that we were waiting for
19:23:02.199 [reactor-inproc://master1_2018-06-13T19:22:52.800+01:00] INFO  io.viewserver.adapters.mongo.MongoRecordLoader - SCHEDULING - Addition of snapshot listener for Mongo table vehicle
19:23:02.199 [vehicle-inproc://master1_2018-06-13T19:22:52.800+01:00-0] INFO  io.viewserver.adapters.mongo.MongoRecordLoader - EXECUTING - Addition of snapshot listener for Mongo table vehicle
19:23:02.199 [vehicle-inproc://master1_2018-06-13T19:22:52.800+01:00-0] INFO  io.viewserver.adapters.mongo.MongoRecordLoader - GETTING SNAPSHOT - Addition of snapshot listener for Mongo table vehicle
19:23:02.200 [reactor-inproc://master1_2018-06-13T19:22:52.800+01:00] INFO  io.viewserver.server.components.DataSourceComponents - Successfully built data source vehicle
19:23:02.200 [reactor-inproc://master1_2018-06-13T19:22:52.800+01:00] INFO  io.viewserver.datasource.DataSourceRegistry - Updating data source vehicle with row 11 to status INITIALIZED
19:23:02.200 [reactor-inproc://master1_2018-06-13T19:22:52.800+01:00] INFO  io.viewserver.datasource.DataSourceRegistry - Updated data source vehicle with row 11 to status INITIALIZED
19:23:02.200 [reactor-inproc://master1_2018-06-13T19:22:52.800+01:00] INFO  io.viewserver.execution.plan.DataSourceExecutionPlan - Finished execution plan for vehicle
19:23:02.200 [reactor-inproc://master2_2018-06-13T19:23:01.507+01:00] INFO  io.viewserver.server.components.DataSourceComponents - Successfully built data source messages
19:23:02.201 [reactor-inproc://master1_2018-06-13T19:22:52.800+01:00] INFO  io.viewserver.execution.plan.DataSourceExecutionPlan - Starting to run execution plan for payments
19:23:02.201 [reactor-inproc://master2_2018-06-13T19:23:01.507+01:00] INFO  io.viewserver.datasource.DataSourceRegistry - Updating data source messages with row 9 to status INITIALIZED
19:23:02.201 [reactor-inproc://master2_2018-06-13T19:23:01.507+01:00] INFO  io.viewserver.datasource.DataSourceRegistry - Updated data source messages with row 9 to status INITIALIZED
19:23:02.201 [reactor-inproc://master3_2018-06-13T19:23:01.597+01:00] INFO  io.viewserver.server.components.DataSourceComponents - Successfully built data source messages
19:23:02.201 [reactor-inproc://master3_2018-06-13T19:23:01.597+01:00] INFO  io.viewserver.datasource.DataSourceRegistry - Updating data source messages with row 9 to status INITIALIZED
19:23:02.201 [reactor-inproc://master3_2018-06-13T19:23:01.597+01:00] INFO  io.viewserver.datasource.DataSourceRegistry - Updated data source messages with row 9 to status INITIALIZED
19:23:02.201 [reactor-inproc://master2_2018-06-13T19:23:01.507+01:00] INFO  io.viewserver.execution.plan.DataSourceExecutionPlan - Finished execution plan for messages
19:23:02.201 [reactor-inproc://master3_2018-06-13T19:23:01.597+01:00] INFO  io.viewserver.execution.plan.DataSourceExecutionPlan - Finished execution plan for messages
19:23:02.202 [reactor-inproc://master1_2018-06-13T19:22:52.800+01:00] INFO  io.viewserver.server.components.InitialDataLoaderComponent - Found table - /datasources/payments/table
19:23:02.202 [reactor-inproc://master1_2018-06-13T19:22:52.800+01:00] INFO  io.viewserver.server.components.InitialDataLoaderComponent - Successfully got table /datasources/payments/table that we were waiting for
19:23:02.202 [reactor-inproc://master2_2018-06-13T19:23:01.507+01:00] INFO  io.viewserver.execution.plan.DataSourceExecutionPlan - Starting to run execution plan for vehicle
19:23:02.202 [reactor-inproc://master1_2018-06-13T19:22:52.800+01:00] INFO  io.viewserver.adapters.mongo.MongoRecordLoader - SCHEDULING - Addition of snapshot listener for Mongo table payments
19:23:02.202 [reactor-inproc://master3_2018-06-13T19:23:01.597+01:00] INFO  io.viewserver.execution.plan.DataSourceExecutionPlan - Starting to run execution plan for vehicle
19:23:02.202 [payments-inproc://master1_2018-06-13T19:22:52.800+01:00-0] INFO  io.viewserver.adapters.mongo.MongoRecordLoader - EXECUTING - Addition of snapshot listener for Mongo table payments
19:23:02.202 [payments-inproc://master1_2018-06-13T19:22:52.800+01:00-0] INFO  io.viewserver.adapters.mongo.MongoRecordLoader - GETTING SNAPSHOT - Addition of snapshot listener for Mongo table payments
19:23:02.203 [reactor-inproc://master3_2018-06-13T19:23:01.597+01:00] INFO  io.viewserver.server.components.InitialDataLoaderComponent - Found table - /datasources/vehicle/table
19:23:02.203 [reactor-inproc://master3_2018-06-13T19:23:01.597+01:00] INFO  io.viewserver.server.components.InitialDataLoaderComponent - Successfully got table /datasources/vehicle/table that we were waiting for
19:23:02.203 [reactor-inproc://master3_2018-06-13T19:23:01.597+01:00] INFO  io.viewserver.adapters.mongo.MongoRecordLoader - SCHEDULING - Addition of snapshot listener for Mongo table vehicle
19:23:02.203 [reactor-inproc://master2_2018-06-13T19:23:01.507+01:00] INFO  io.viewserver.server.components.InitialDataLoaderComponent - Found table - /datasources/vehicle/table
19:23:02.203 [reactor-inproc://master2_2018-06-13T19:23:01.507+01:00] INFO  io.viewserver.server.components.InitialDataLoaderComponent - Successfully got table /datasources/vehicle/table that we were waiting for
19:23:02.204 [reactor-inproc://master2_2018-06-13T19:23:01.507+01:00] INFO  io.viewserver.adapters.mongo.MongoRecordLoader - SCHEDULING - Addition of snapshot listener for Mongo table vehicle
19:23:02.204 [vehicle-inproc://master3_2018-06-13T19:23:01.597+01:00-0] INFO  io.viewserver.adapters.mongo.MongoRecordLoader - EXECUTING - Addition of snapshot listener for Mongo table vehicle
19:23:02.204 [vehicle-inproc://master3_2018-06-13T19:23:01.597+01:00-0] INFO  io.viewserver.adapters.mongo.MongoRecordLoader - GETTING SNAPSHOT - Addition of snapshot listener for Mongo table vehicle
19:23:02.204 [vehicle-inproc://master3_2018-06-13T19:23:01.597+01:00-0] INFO  org.mongodb.driver.cluster - No server chosen by com.mongodb.client.internal.MongoClientDelegate$1@c95cd0 from cluster description ClusterDescription{type=REPLICA_SET, connectionMode=MULTIPLE, serverDescriptions=[ServerDescription{address=cluster0-shard-00-02-mvv2v.mongodb.net:27017, type=UNKNOWN, state=CONNECTING}, ServerDescription{address=cluster0-shard-00-01-mvv2v.mongodb.net:27017, type=UNKNOWN, state=CONNECTING}, ServerDescription{address=cluster0-shard-00-00-mvv2v.mongodb.net:27017, type=UNKNOWN, state=CONNECTING}]}. Waiting for 30000 ms before timing out
19:23:02.204 [vehicle-inproc://master2_2018-06-13T19:23:01.507+01:00-0] INFO  io.viewserver.adapters.mongo.MongoRecordLoader - EXECUTING - Addition of snapshot listener for Mongo table vehicle
19:23:02.205 [vehicle-inproc://master2_2018-06-13T19:23:01.507+01:00-0] INFO  io.viewserver.adapters.mongo.MongoRecordLoader - GETTING SNAPSHOT - Addition of snapshot listener for Mongo table vehicle
19:23:02.205 [reactor-inproc://master1_2018-06-13T19:22:52.800+01:00] INFO  io.viewserver.server.components.DataSourceComponents - Successfully built data source payments
19:23:02.205 [reactor-inproc://master1_2018-06-13T19:22:52.800+01:00] INFO  io.viewserver.datasource.DataSourceRegistry - Updating data source payments with row 12 to status INITIALIZED
19:23:02.205 [reactor-inproc://master1_2018-06-13T19:22:52.800+01:00] INFO  io.viewserver.datasource.DataSourceRegistry - Updated data source payments with row 12 to status INITIALIZED
19:23:02.205 [vehicle-inproc://master2_2018-06-13T19:23:01.507+01:00-0] INFO  org.mongodb.driver.cluster - No server chosen by com.mongodb.client.internal.MongoClientDelegate$1@59b0346c from cluster description ClusterDescription{type=REPLICA_SET, connectionMode=MULTIPLE, serverDescriptions=[ServerDescription{address=cluster0-shard-00-02-mvv2v.mongodb.net:27017, type=UNKNOWN, state=CONNECTING}, ServerDescription{address=cluster0-shard-00-01-mvv2v.mongodb.net:27017, type=UNKNOWN, state=CONNECTING}, ServerDescription{address=cluster0-shard-00-00-mvv2v.mongodb.net:27017, type=UNKNOWN, state=CONNECTING}]}. Waiting for 30000 ms before timing out
19:23:02.205 [reactor-inproc://master1_2018-06-13T19:22:52.800+01:00] INFO  io.viewserver.execution.plan.DataSourceExecutionPlan - Finished execution plan for payments
19:23:02.205 [reactor-inproc://master1_2018-06-13T19:22:52.800+01:00] INFO  io.viewserver.execution.plan.DataSourceExecutionPlan - Starting to run execution plan for userProduct
19:23:02.206 [reactor-inproc://master2_2018-06-13T19:23:01.507+01:00] INFO  io.viewserver.server.components.DataSourceComponents - Successfully built data source vehicle
19:23:02.206 [reactor-inproc://master3_2018-06-13T19:23:01.597+01:00] INFO  io.viewserver.server.components.DataSourceComponents - Successfully built data source vehicle
19:23:02.206 [reactor-inproc://master2_2018-06-13T19:23:01.507+01:00] INFO  io.viewserver.datasource.DataSourceRegistry - Updating data source vehicle with row 11 to status INITIALIZED
19:23:02.206 [reactor-inproc://master2_2018-06-13T19:23:01.507+01:00] INFO  io.viewserver.datasource.DataSourceRegistry - Updated data source vehicle with row 11 to status INITIALIZED
19:23:02.206 [reactor-inproc://master3_2018-06-13T19:23:01.597+01:00] INFO  io.viewserver.datasource.DataSourceRegistry - Updating data source vehicle with row 11 to status INITIALIZED
19:23:02.206 [reactor-inproc://master3_2018-06-13T19:23:01.597+01:00] INFO  io.viewserver.datasource.DataSourceRegistry - Updated data source vehicle with row 11 to status INITIALIZED
19:23:02.207 [reactor-inproc://master2_2018-06-13T19:23:01.507+01:00] INFO  io.viewserver.execution.plan.DataSourceExecutionPlan - Finished execution plan for vehicle
19:23:02.207 [reactor-inproc://master2_2018-06-13T19:23:01.507+01:00] INFO  io.viewserver.execution.plan.DataSourceExecutionPlan - Starting to run execution plan for payments
19:23:02.207 [reactor-inproc://master3_2018-06-13T19:23:01.597+01:00] INFO  io.viewserver.execution.plan.DataSourceExecutionPlan - Finished execution plan for vehicle
19:23:02.207 [reactor-inproc://master3_2018-06-13T19:23:01.597+01:00] INFO  io.viewserver.execution.plan.DataSourceExecutionPlan - Starting to run execution plan for payments
19:23:02.209 [reactor-inproc://master2_2018-06-13T19:23:01.507+01:00] INFO  io.viewserver.server.components.InitialDataLoaderComponent - Found table - /datasources/payments/table
19:23:02.209 [reactor-inproc://master2_2018-06-13T19:23:01.507+01:00] INFO  io.viewserver.server.components.InitialDataLoaderComponent - Successfully got table /datasources/payments/table that we were waiting for
19:23:02.209 [reactor-inproc://master3_2018-06-13T19:23:01.597+01:00] INFO  io.viewserver.server.components.InitialDataLoaderComponent - Found table - /datasources/payments/table
19:23:02.209 [reactor-inproc://master2_2018-06-13T19:23:01.507+01:00] INFO  io.viewserver.adapters.mongo.MongoRecordLoader - SCHEDULING - Addition of snapshot listener for Mongo table payments
19:23:02.209 [reactor-inproc://master3_2018-06-13T19:23:01.597+01:00] INFO  io.viewserver.server.components.InitialDataLoaderComponent - Successfully got table /datasources/payments/table that we were waiting for
19:23:02.210 [reactor-inproc://master3_2018-06-13T19:23:01.597+01:00] INFO  io.viewserver.adapters.mongo.MongoRecordLoader - SCHEDULING - Addition of snapshot listener for Mongo table payments
19:23:02.210 [payments-inproc://master2_2018-06-13T19:23:01.507+01:00-0] INFO  io.viewserver.adapters.mongo.MongoRecordLoader - EXECUTING - Addition of snapshot listener for Mongo table payments
19:23:02.210 [payments-inproc://master2_2018-06-13T19:23:01.507+01:00-0] INFO  io.viewserver.adapters.mongo.MongoRecordLoader - GETTING SNAPSHOT - Addition of snapshot listener for Mongo table payments
19:23:02.210 [payments-inproc://master3_2018-06-13T19:23:01.597+01:00-0] INFO  io.viewserver.adapters.mongo.MongoRecordLoader - EXECUTING - Addition of snapshot listener for Mongo table payments
19:23:02.210 [payments-inproc://master2_2018-06-13T19:23:01.507+01:00-0] INFO  org.mongodb.driver.cluster - No server chosen by com.mongodb.client.internal.MongoClientDelegate$1@1a748c87 from cluster description ClusterDescription{type=REPLICA_SET, connectionMode=MULTIPLE, serverDescriptions=[ServerDescription{address=cluster0-shard-00-02-mvv2v.mongodb.net:27017, type=UNKNOWN, state=CONNECTING}, ServerDescription{address=cluster0-shard-00-01-mvv2v.mongodb.net:27017, type=UNKNOWN, state=CONNECTING}, ServerDescription{address=cluster0-shard-00-00-mvv2v.mongodb.net:27017, type=UNKNOWN, state=CONNECTING}]}. Waiting for 30000 ms before timing out
19:23:02.210 [payments-inproc://master3_2018-06-13T19:23:01.597+01:00-0] INFO  io.viewserver.adapters.mongo.MongoRecordLoader - GETTING SNAPSHOT - Addition of snapshot listener for Mongo table payments
19:23:02.210 [payments-inproc://master3_2018-06-13T19:23:01.597+01:00-0] INFO  org.mongodb.driver.cluster - No server chosen by com.mongodb.client.internal.MongoClientDelegate$1@305317e5 from cluster description ClusterDescription{type=REPLICA_SET, connectionMode=MULTIPLE, serverDescriptions=[ServerDescription{address=cluster0-shard-00-02-mvv2v.mongodb.net:27017, type=UNKNOWN, state=CONNECTING}, ServerDescription{address=cluster0-shard-00-01-mvv2v.mongodb.net:27017, type=UNKNOWN, state=CONNECTING}, ServerDescription{address=cluster0-shard-00-00-mvv2v.mongodb.net:27017, type=UNKNOWN, state=CONNECTING}]}. Waiting for 30000 ms before timing out
19:23:02.212 [reactor-inproc://master3_2018-06-13T19:23:01.597+01:00] INFO  io.viewserver.server.components.DataSourceComponents - Successfully built data source payments
19:23:02.212 [reactor-inproc://master3_2018-06-13T19:23:01.597+01:00] INFO  io.viewserver.datasource.DataSourceRegistry - Updating data source payments with row 12 to status INITIALIZED
19:23:02.212 [reactor-inproc://master3_2018-06-13T19:23:01.597+01:00] INFO  io.viewserver.datasource.DataSourceRegistry - Updated data source payments with row 12 to status INITIALIZED
19:23:02.212 [reactor-inproc://master2_2018-06-13T19:23:01.507+01:00] INFO  io.viewserver.server.components.DataSourceComponents - Successfully built data source payments
19:23:02.212 [reactor-inproc://master2_2018-06-13T19:23:01.507+01:00] INFO  io.viewserver.datasource.DataSourceRegistry - Updating data source payments with row 12 to status INITIALIZED
19:23:02.212 [reactor-inproc://master2_2018-06-13T19:23:01.507+01:00] INFO  io.viewserver.datasource.DataSourceRegistry - Updated data source payments with row 12 to status INITIALIZED
19:23:02.212 [reactor-inproc://master3_2018-06-13T19:23:01.597+01:00] INFO  io.viewserver.execution.plan.DataSourceExecutionPlan - Finished execution plan for payments
19:23:02.212 [reactor-inproc://master3_2018-06-13T19:23:01.597+01:00] INFO  io.viewserver.execution.plan.DataSourceExecutionPlan - Starting to run execution plan for userProduct
19:23:02.212 [reactor-inproc://master2_2018-06-13T19:23:01.507+01:00] INFO  io.viewserver.execution.plan.DataSourceExecutionPlan - Finished execution plan for payments
19:23:02.213 [reactor-inproc://master2_2018-06-13T19:23:01.507+01:00] INFO  io.viewserver.execution.plan.DataSourceExecutionPlan - Starting to run execution plan for userProduct
19:23:02.259 [reactor-inproc://master2_2018-06-13T19:23:01.507+01:00] INFO  io.viewserver.server.components.DataSourceComponents - Successfully built data source userProduct
19:23:02.260 [reactor-inproc://master2_2018-06-13T19:23:01.507+01:00] INFO  io.viewserver.datasource.DataSourceRegistry - Updating data source userProduct with row 4 to status INITIALIZED
19:23:02.260 [reactor-inproc://master2_2018-06-13T19:23:01.507+01:00] INFO  io.viewserver.datasource.DataSourceRegistry - Updated data source userProduct with row 4 to status INITIALIZED
19:23:02.260 [reactor-inproc://master2_2018-06-13T19:23:01.507+01:00] INFO  io.viewserver.execution.plan.DataSourceExecutionPlan - Finished execution plan for userProduct
19:23:02.260 [reactor-inproc://master2_2018-06-13T19:23:01.507+01:00] INFO  io.viewserver.execution.plan.DataSourceExecutionPlan - Starting to run execution plan for order
19:23:02.262 [reactor-inproc://master3_2018-06-13T19:23:01.597+01:00] INFO  io.viewserver.server.components.DataSourceComponents - Successfully built data source userProduct
19:23:02.262 [reactor-inproc://master3_2018-06-13T19:23:01.597+01:00] INFO  io.viewserver.datasource.DataSourceRegistry - Updating data source userProduct with row 4 to status INITIALIZED
19:23:02.262 [reactor-inproc://master3_2018-06-13T19:23:01.597+01:00] INFO  io.viewserver.datasource.DataSourceRegistry - Updated data source userProduct with row 4 to status INITIALIZED
19:23:02.262 [reactor-inproc://master2_2018-06-13T19:23:01.507+01:00] INFO  io.viewserver.server.components.InitialDataLoaderComponent - Found table - /datasources/order/table
19:23:02.262 [reactor-inproc://master2_2018-06-13T19:23:01.507+01:00] INFO  io.viewserver.server.components.InitialDataLoaderComponent - Successfully got table /datasources/order/table that we were waiting for
19:23:02.262 [reactor-inproc://master2_2018-06-13T19:23:01.507+01:00] INFO  io.viewserver.adapters.mongo.MongoRecordLoader - SCHEDULING - Addition of snapshot listener for Mongo table order
19:23:02.262 [reactor-inproc://master3_2018-06-13T19:23:01.597+01:00] INFO  io.viewserver.execution.plan.DataSourceExecutionPlan - Finished execution plan for userProduct
19:23:02.262 [reactor-inproc://master3_2018-06-13T19:23:01.597+01:00] INFO  io.viewserver.execution.plan.DataSourceExecutionPlan - Starting to run execution plan for order
19:23:02.263 [order-inproc://master2_2018-06-13T19:23:01.507+01:00-0] INFO  io.viewserver.adapters.mongo.MongoRecordLoader - EXECUTING - Addition of snapshot listener for Mongo table order
19:23:02.263 [order-inproc://master2_2018-06-13T19:23:01.507+01:00-0] INFO  io.viewserver.adapters.mongo.MongoRecordLoader - GETTING SNAPSHOT - Addition of snapshot listener for Mongo table order
19:23:02.263 [order-inproc://master2_2018-06-13T19:23:01.507+01:00-0] INFO  org.mongodb.driver.cluster - No server chosen by com.mongodb.client.internal.MongoClientDelegate$1@7f91140e from cluster description ClusterDescription{type=REPLICA_SET, connectionMode=MULTIPLE, serverDescriptions=[ServerDescription{address=cluster0-shard-00-02-mvv2v.mongodb.net:27017, type=UNKNOWN, state=CONNECTING}, ServerDescription{address=cluster0-shard-00-01-mvv2v.mongodb.net:27017, type=UNKNOWN, state=CONNECTING}, ServerDescription{address=cluster0-shard-00-00-mvv2v.mongodb.net:27017, type=UNKNOWN, state=CONNECTING}]}. Waiting for 30000 ms before timing out
19:23:02.264 [reactor-inproc://master3_2018-06-13T19:23:01.597+01:00] INFO  io.viewserver.server.components.InitialDataLoaderComponent - Found table - /datasources/order/table
19:23:02.264 [reactor-inproc://master1_2018-06-13T19:22:52.800+01:00] INFO  io.viewserver.server.components.DataSourceComponents - Successfully built data source userProduct
19:23:02.264 [reactor-inproc://master3_2018-06-13T19:23:01.597+01:00] INFO  io.viewserver.server.components.InitialDataLoaderComponent - Successfully got table /datasources/order/table that we were waiting for
19:23:02.264 [reactor-inproc://master3_2018-06-13T19:23:01.597+01:00] INFO  io.viewserver.adapters.mongo.MongoRecordLoader - SCHEDULING - Addition of snapshot listener for Mongo table order
19:23:02.264 [reactor-inproc://master1_2018-06-13T19:22:52.800+01:00] INFO  io.viewserver.datasource.DataSourceRegistry - Updating data source userProduct with row 4 to status INITIALIZED
19:23:02.264 [reactor-inproc://master1_2018-06-13T19:22:52.800+01:00] INFO  io.viewserver.datasource.DataSourceRegistry - Updated data source userProduct with row 4 to status INITIALIZED
19:23:02.264 [reactor-inproc://master1_2018-06-13T19:22:52.800+01:00] INFO  io.viewserver.execution.plan.DataSourceExecutionPlan - Finished execution plan for userProduct
19:23:02.265 [reactor-inproc://master1_2018-06-13T19:22:52.800+01:00] INFO  io.viewserver.execution.plan.DataSourceExecutionPlan - Starting to run execution plan for order
19:23:02.265 [order-inproc://master3_2018-06-13T19:23:01.597+01:00-0] INFO  io.viewserver.adapters.mongo.MongoRecordLoader - EXECUTING - Addition of snapshot listener for Mongo table order
19:23:02.265 [order-inproc://master3_2018-06-13T19:23:01.597+01:00-0] INFO  io.viewserver.adapters.mongo.MongoRecordLoader - GETTING SNAPSHOT - Addition of snapshot listener for Mongo table order
19:23:02.265 [order-inproc://master3_2018-06-13T19:23:01.597+01:00-0] INFO  org.mongodb.driver.cluster - No server chosen by com.mongodb.client.internal.MongoClientDelegate$1@1911a76f from cluster description ClusterDescription{type=REPLICA_SET, connectionMode=MULTIPLE, serverDescriptions=[ServerDescription{address=cluster0-shard-00-02-mvv2v.mongodb.net:27017, type=UNKNOWN, state=CONNECTING}, ServerDescription{address=cluster0-shard-00-01-mvv2v.mongodb.net:27017, type=UNKNOWN, state=CONNECTING}, ServerDescription{address=cluster0-shard-00-00-mvv2v.mongodb.net:27017, type=UNKNOWN, state=CONNECTING}]}. Waiting for 30000 ms before timing out
19:23:02.267 [reactor-inproc://master1_2018-06-13T19:22:52.800+01:00] INFO  io.viewserver.server.components.InitialDataLoaderComponent - Found table - /datasources/order/table
19:23:02.267 [reactor-inproc://master1_2018-06-13T19:22:52.800+01:00] INFO  io.viewserver.server.components.InitialDataLoaderComponent - Successfully got table /datasources/order/table that we were waiting for
19:23:02.267 [reactor-inproc://master1_2018-06-13T19:22:52.800+01:00] INFO  io.viewserver.adapters.mongo.MongoRecordLoader - SCHEDULING - Addition of snapshot listener for Mongo table order
19:23:02.268 [order-inproc://master1_2018-06-13T19:22:52.800+01:00-0] INFO  io.viewserver.adapters.mongo.MongoRecordLoader - EXECUTING - Addition of snapshot listener for Mongo table order
19:23:02.268 [order-inproc://master1_2018-06-13T19:22:52.800+01:00-0] INFO  io.viewserver.adapters.mongo.MongoRecordLoader - GETTING SNAPSHOT - Addition of snapshot listener for Mongo table order
19:23:02.273 [reactor-inproc://master1_2018-06-13T19:22:52.800+01:00] INFO  io.viewserver.server.components.DataSourceComponents - Successfully built data source order
19:23:02.273 [reactor-inproc://master1_2018-06-13T19:22:52.800+01:00] INFO  io.viewserver.datasource.DataSourceRegistry - Updating data source order with row 8 to status INITIALIZED
19:23:02.273 [reactor-inproc://master1_2018-06-13T19:22:52.800+01:00] INFO  io.viewserver.datasource.DataSourceRegistry - Updated data source order with row 8 to status INITIALIZED
19:23:02.273 [reactor-inproc://master2_2018-06-13T19:23:01.507+01:00] INFO  io.viewserver.server.components.DataSourceComponents - Successfully built data source order
19:23:02.273 [reactor-inproc://master2_2018-06-13T19:23:01.507+01:00] INFO  io.viewserver.datasource.DataSourceRegistry - Updating data source order with row 8 to status INITIALIZED
19:23:02.273 [reactor-inproc://master1_2018-06-13T19:22:52.800+01:00] INFO  io.viewserver.server.components.DataSourceComponents - COMPLETED FINISHED WAITING orderWithResponses for user,order 
19:23:02.273 [reactor-inproc://master2_2018-06-13T19:23:01.507+01:00] INFO  io.viewserver.datasource.DataSourceRegistry - Updated data source order with row 8 to status INITIALIZED
19:23:02.273 [reactor-inproc://master2_2018-06-13T19:23:01.507+01:00] INFO  io.viewserver.server.components.DataSourceComponents - COMPLETED FINISHED WAITING orderWithResponses for user,order 
19:23:02.273 [reactor-inproc://master3_2018-06-13T19:23:01.597+01:00] INFO  io.viewserver.server.components.DataSourceComponents - Successfully built data source order
19:23:02.273 [reactor-inproc://master3_2018-06-13T19:23:01.597+01:00] INFO  io.viewserver.datasource.DataSourceRegistry - Updating data source order with row 8 to status INITIALIZED
19:23:02.274 [reactor-inproc://master3_2018-06-13T19:23:01.597+01:00] INFO  io.viewserver.datasource.DataSourceRegistry - Updated data source order with row 8 to status INITIALIZED
19:23:02.274 [reactor-inproc://master1_2018-06-13T19:22:52.800+01:00] INFO  io.viewserver.execution.plan.DataSourceExecutionPlan - Finished execution plan for order
19:23:02.274 [reactor-inproc://master1_2018-06-13T19:22:52.800+01:00] INFO  io.viewserver.execution.plan.DataSourceExecutionPlan - Starting to run execution plan for orderWithResponses
19:23:02.274 [reactor-inproc://master3_2018-06-13T19:23:01.597+01:00] INFO  io.viewserver.server.components.DataSourceComponents - COMPLETED FINISHED WAITING orderWithResponses for user,order 
19:23:02.274 [reactor-inproc://master2_2018-06-13T19:23:01.507+01:00] INFO  io.viewserver.execution.plan.DataSourceExecutionPlan - Finished execution plan for order
19:23:02.274 [reactor-inproc://master2_2018-06-13T19:23:01.507+01:00] INFO  io.viewserver.execution.plan.DataSourceExecutionPlan - Starting to run execution plan for orderWithResponses
19:23:02.274 [reactor-inproc://master3_2018-06-13T19:23:01.597+01:00] INFO  io.viewserver.execution.plan.DataSourceExecutionPlan - Finished execution plan for order
19:23:02.294 [reactor-inproc://master3_2018-06-13T19:23:01.597+01:00] WARN  io.viewserver.datasource.DimensionMapperBase - Already found a dimension named productCategory/dimension_parentCategoryId not registering it again
19:23:02.295 [reactor-inproc://master2_2018-06-13T19:23:01.507+01:00] INFO  io.viewserver.server.components.DataSourceComponents - Successfully built data source orderWithResponses
19:23:02.295 [reactor-inproc://master2_2018-06-13T19:23:01.507+01:00] INFO  io.viewserver.datasource.DataSourceRegistry - Updating data source orderWithResponses with row 10 to status INITIALIZED
19:23:02.296 [reactor-inproc://master2_2018-06-13T19:23:01.507+01:00] INFO  io.viewserver.datasource.DataSourceRegistry - Updated data source orderWithResponses with row 10 to status INITIALIZED
19:23:02.296 [reactor-inproc://master2_2018-06-13T19:23:01.507+01:00] INFO  io.viewserver.execution.plan.DataSourceExecutionPlan - Finished execution plan for orderWithResponses
19:23:02.297 [reactor-inproc://master2_2018-06-13T19:23:01.507+01:00] WARN  io.viewserver.datasource.DimensionMapperBase - Already found a dimension named productCategory/dimension_parentCategoryId not registering it again
19:23:02.300 [reactor-inproc://master1_2018-06-13T19:22:52.800+01:00] INFO  io.viewserver.server.components.DataSourceComponents - Successfully built data source orderWithResponses
19:23:02.300 [reactor-inproc://master1_2018-06-13T19:22:52.800+01:00] INFO  io.viewserver.datasource.DataSourceRegistry - Updating data source orderWithResponses with row 10 to status INITIALIZED
19:23:02.300 [reactor-inproc://master1_2018-06-13T19:22:52.800+01:00] INFO  io.viewserver.datasource.DataSourceRegistry - Updated data source orderWithResponses with row 10 to status INITIALIZED
19:23:02.300 [reactor-inproc://master1_2018-06-13T19:22:52.800+01:00] INFO  io.viewserver.execution.plan.DataSourceExecutionPlan - Finished execution plan for orderWithResponses
19:23:02.301 [reactor-inproc://master1_2018-06-13T19:22:52.800+01:00] WARN  io.viewserver.datasource.DimensionMapperBase - Already found a dimension named productCategory/dimension_parentCategoryId not registering it again
19:23:02.441 [reactor-client1] ERROR io.viewserver.network.Network - Issue connecting. Scheduling connection to next end point in a second NettyInProcEndpoint{name='master1'} - 1/1 - java.net.ConnectException: connection refused: local:master1
19:23:02.518 [reactor-inproc://master3_2018-06-13T19:23:01.597+01:00] WARN  io.viewserver.datasource.DimensionMapperBase - Already found a dimension named global/dimension_productId not registering it again
19:23:02.518 [reactor-inproc://master2_2018-06-13T19:23:01.507+01:00] WARN  io.viewserver.datasource.DimensionMapperBase - Already found a dimension named global/dimension_productId not registering it again
19:23:02.518 [reactor-inproc://master2_2018-06-13T19:23:01.507+01:00] WARN  io.viewserver.datasource.DimensionMapperBase - Already found a dimension named global/dimension_categoryId not registering it again
19:23:02.518 [reactor-inproc://master3_2018-06-13T19:23:01.597+01:00] WARN  io.viewserver.datasource.DimensionMapperBase - Already found a dimension named global/dimension_categoryId not registering it again
19:23:02.519 [reactor-inproc://master1_2018-06-13T19:22:52.800+01:00] WARN  io.viewserver.datasource.DimensionMapperBase - Already found a dimension named global/dimension_productId not registering it again
19:23:02.519 [reactor-inproc://master2_2018-06-13T19:23:01.507+01:00] WARN  io.viewserver.datasource.DimensionMapperBase - Already found a dimension named global/dimension_contentTypeId not registering it again
19:23:02.519 [reactor-inproc://master1_2018-06-13T19:22:52.800+01:00] WARN  io.viewserver.datasource.DimensionMapperBase - Already found a dimension named global/dimension_categoryId not registering it again
19:23:02.523 [reactor-inproc://master3_2018-06-13T19:23:01.597+01:00] WARN  io.viewserver.datasource.DimensionMapperBase - Already found a dimension named global/dimension_contentTypeId not registering it again
19:23:02.531 [reactor-inproc://master1_2018-06-13T19:22:52.800+01:00] WARN  io.viewserver.datasource.DimensionMapperBase - Already found a dimension named global/dimension_contentTypeId not registering it again
19:23:02.548 [reactor-inproc://master2_2018-06-13T19:23:01.507+01:00] WARN  io.viewserver.datasource.DimensionMapperBase - Already found a dimension named global/dimension_userId not registering it again
19:23:02.548 [reactor-inproc://master3_2018-06-13T19:23:01.597+01:00] WARN  io.viewserver.datasource.DimensionMapperBase - Already found a dimension named global/dimension_userId not registering it again
19:23:02.550 [reactor-inproc://master1_2018-06-13T19:22:52.800+01:00] WARN  io.viewserver.datasource.DimensionMapperBase - Already found a dimension named global/dimension_userId not registering it again
19:23:02.556 [reactor-inproc://master3_2018-06-13T19:23:01.597+01:00] INFO  io.viewserver.server.components.DataSourceComponents - Successfully built data source userProduct
19:23:02.557 [reactor-inproc://master3_2018-06-13T19:23:01.597+01:00] INFO  io.viewserver.datasource.DataSourceRegistry - Updating data source userProduct with row 4 to status INITIALIZED
19:23:02.557 [reactor-inproc://master2_2018-06-13T19:23:01.507+01:00] INFO  io.viewserver.server.components.DataSourceComponents - Successfully built data source userProduct
19:23:02.557 [reactor-inproc://master3_2018-06-13T19:23:01.597+01:00] INFO  io.viewserver.datasource.DataSourceRegistry - Updated data source userProduct with row 4 to status INITIALIZED
19:23:02.557 [reactor-inproc://master2_2018-06-13T19:23:01.507+01:00] INFO  io.viewserver.datasource.DataSourceRegistry - Updating data source userProduct with row 4 to status INITIALIZED
19:23:02.557 [reactor-inproc://master2_2018-06-13T19:23:01.507+01:00] INFO  io.viewserver.datasource.DataSourceRegistry - Updated data source userProduct with row 4 to status INITIALIZED
19:23:02.558 [reactor-inproc://master2_2018-06-13T19:23:01.507+01:00] WARN  io.viewserver.datasource.DimensionMapperBase - Already found a dimension named messages/dimension_fromUserId not registering it again
19:23:02.559 [reactor-inproc://master2_2018-06-13T19:23:01.507+01:00] WARN  io.viewserver.datasource.DimensionMapperBase - Already found a dimension named messages/dimension_toUserId not registering it again
19:23:02.559 [reactor-inproc://master3_2018-06-13T19:23:01.597+01:00] WARN  io.viewserver.datasource.DimensionMapperBase - Already found a dimension named messages/dimension_fromUserId not registering it again
19:23:02.559 [reactor-inproc://master3_2018-06-13T19:23:01.597+01:00] WARN  io.viewserver.datasource.DimensionMapperBase - Already found a dimension named messages/dimension_toUserId not registering it again
19:23:02.561 [reactor-inproc://master2_2018-06-13T19:23:01.507+01:00] WARN  io.viewserver.datasource.DimensionMapperBase - Already found a dimension named payments/dimension_paidFromUserId not registering it again
19:23:02.561 [reactor-inproc://master2_2018-06-13T19:23:01.507+01:00] WARN  io.viewserver.datasource.DimensionMapperBase - Already found a dimension named payments/dimension_paidToUserId not registering it again
19:23:02.561 [reactor-inproc://master3_2018-06-13T19:23:01.597+01:00] WARN  io.viewserver.datasource.DimensionMapperBase - Already found a dimension named payments/dimension_paidFromUserId not registering it again
19:23:02.562 [reactor-inproc://master3_2018-06-13T19:23:01.597+01:00] WARN  io.viewserver.datasource.DimensionMapperBase - Already found a dimension named payments/dimension_paidToUserId not registering it again
19:23:02.564 [reactor-inproc://master1_2018-06-13T19:22:52.800+01:00] INFO  io.viewserver.server.components.DataSourceComponents - Successfully built data source userProduct
19:23:02.564 [reactor-inproc://master1_2018-06-13T19:22:52.800+01:00] INFO  io.viewserver.datasource.DataSourceRegistry - Updating data source userProduct with row 4 to status INITIALIZED
19:23:02.565 [reactor-inproc://master1_2018-06-13T19:22:52.800+01:00] INFO  io.viewserver.datasource.DataSourceRegistry - Updated data source userProduct with row 4 to status INITIALIZED
19:23:02.568 [reactor-inproc://master1_2018-06-13T19:22:52.800+01:00] WARN  io.viewserver.datasource.DimensionMapperBase - Already found a dimension named messages/dimension_fromUserId not registering it again
19:23:02.568 [reactor-inproc://master1_2018-06-13T19:22:52.800+01:00] WARN  io.viewserver.datasource.DimensionMapperBase - Already found a dimension named messages/dimension_toUserId not registering it again
19:23:02.569 [reactor-inproc://master1_2018-06-13T19:22:52.800+01:00] WARN  io.viewserver.datasource.DimensionMapperBase - Already found a dimension named payments/dimension_paidFromUserId not registering it again
19:23:02.569 [reactor-inproc://master1_2018-06-13T19:22:52.800+01:00] WARN  io.viewserver.datasource.DimensionMapperBase - Already found a dimension named payments/dimension_paidToUserId not registering it again
19:23:02.573 [reactor-inproc://master3_2018-06-13T19:23:01.597+01:00] WARN  io.viewserver.datasource.DimensionMapperBase - Already found a dimension named global/dimension_orderId not registering it again
19:23:02.573 [reactor-inproc://master3_2018-06-13T19:23:01.597+01:00] WARN  io.viewserver.datasource.DimensionMapperBase - Already found a dimension named global/dimension_status not registering it again
19:23:02.573 [reactor-inproc://master3_2018-06-13T19:23:01.597+01:00] WARN  io.viewserver.datasource.DimensionMapperBase - Already found a dimension named global/dimension_customerUserId not registering it again
19:23:02.573 [reactor-inproc://master3_2018-06-13T19:23:01.597+01:00] WARN  io.viewserver.datasource.DimensionMapperBase - Already found a dimension named order/dimension_partnerId not registering it again
19:23:02.574 [reactor-inproc://master2_2018-06-13T19:23:01.507+01:00] WARN  io.viewserver.datasource.DimensionMapperBase - Already found a dimension named global/dimension_orderId not registering it again
19:23:02.575 [reactor-inproc://master2_2018-06-13T19:23:01.507+01:00] WARN  io.viewserver.datasource.DimensionMapperBase - Already found a dimension named global/dimension_status not registering it again
19:23:02.575 [reactor-inproc://master2_2018-06-13T19:23:01.507+01:00] WARN  io.viewserver.datasource.DimensionMapperBase - Already found a dimension named global/dimension_customerUserId not registering it again
19:23:02.575 [reactor-inproc://master3_2018-06-13T19:23:01.597+01:00] INFO  io.viewserver.execution.plan.DataSourceExecutionPlan - Starting to run execution plan for orderWithResponses
19:23:02.575 [reactor-inproc://master2_2018-06-13T19:23:01.507+01:00] WARN  io.viewserver.datasource.DimensionMapperBase - Already found a dimension named order/dimension_partnerId not registering it again
19:23:02.581 [reactor-inproc://master3_2018-06-13T19:23:01.597+01:00] INFO  io.viewserver.server.components.DataSourceComponents - Successfully built data source orderWithResponses
19:23:02.581 [reactor-inproc://master2_2018-06-13T19:23:01.507+01:00] WARN  io.viewserver.datasource.DimensionMapperBase - Already found a dimension named orderWithResponses/dimension_partnerId not registering it again
19:23:02.581 [reactor-inproc://master3_2018-06-13T19:23:01.597+01:00] INFO  io.viewserver.datasource.DataSourceRegistry - Updating data source orderWithResponses with row 10 to status INITIALIZED
19:23:02.582 [reactor-inproc://master3_2018-06-13T19:23:01.597+01:00] INFO  io.viewserver.datasource.DataSourceRegistry - Updated data source orderWithResponses with row 10 to status INITIALIZED
19:23:02.582 [reactor-inproc://master2_2018-06-13T19:23:01.507+01:00] WARN  io.viewserver.datasource.DimensionMapperBase - Already found a dimension named orderWithResponses/dimension_responseStatus not registering it again
19:23:02.582 [reactor-inproc://master3_2018-06-13T19:23:01.597+01:00] INFO  io.viewserver.execution.plan.DataSourceExecutionPlan - Finished execution plan for orderWithResponses
19:23:02.585 [reactor-inproc://master2_2018-06-13T19:23:01.507+01:00] INFO  io.viewserver.server.components.DataSourceComponents - Successfully built data source orderWithResponses
19:23:02.585 [reactor-inproc://master2_2018-06-13T19:23:01.507+01:00] INFO  io.viewserver.datasource.DataSourceRegistry - Updating data source orderWithResponses with row 10 to status INITIALIZED
19:23:02.586 [reactor-inproc://master2_2018-06-13T19:23:01.507+01:00] INFO  io.viewserver.datasource.DataSourceRegistry - Updated data source orderWithResponses with row 10 to status INITIALIZED
19:23:02.597 [reactor-inproc://master1_2018-06-13T19:22:52.800+01:00] WARN  io.viewserver.datasource.DimensionMapperBase - Already found a dimension named global/dimension_orderId not registering it again
19:23:02.598 [reactor-inproc://master1_2018-06-13T19:22:52.800+01:00] WARN  io.viewserver.datasource.DimensionMapperBase - Already found a dimension named global/dimension_status not registering it again
19:23:02.598 [reactor-inproc://master1_2018-06-13T19:22:52.800+01:00] WARN  io.viewserver.datasource.DimensionMapperBase - Already found a dimension named global/dimension_customerUserId not registering it again
19:23:02.598 [reactor-inproc://master1_2018-06-13T19:22:52.800+01:00] WARN  io.viewserver.datasource.DimensionMapperBase - Already found a dimension named order/dimension_partnerId not registering it again
19:23:02.601 [reactor-inproc://master1_2018-06-13T19:22:52.800+01:00] WARN  io.viewserver.datasource.DimensionMapperBase - Already found a dimension named orderWithResponses/dimension_partnerId not registering it again
19:23:02.601 [reactor-inproc://master1_2018-06-13T19:22:52.800+01:00] WARN  io.viewserver.datasource.DimensionMapperBase - Already found a dimension named orderWithResponses/dimension_responseStatus not registering it again
19:23:02.601 [reactor-inproc://master3_2018-06-13T19:23:01.597+01:00] WARN  io.viewserver.datasource.DimensionMapperBase - Already found a dimension named orderWithResponses/dimension_partnerId not registering it again
19:23:02.601 [reactor-inproc://master3_2018-06-13T19:23:01.597+01:00] WARN  io.viewserver.datasource.DimensionMapperBase - Already found a dimension named orderWithResponses/dimension_responseStatus not registering it again
19:23:02.602 [reactor-inproc://master1_2018-06-13T19:22:52.800+01:00] INFO  io.viewserver.server.components.DataSourceComponents - Successfully built data source orderWithResponses
19:23:02.602 [reactor-inproc://master3_2018-06-13T19:23:01.597+01:00] INFO  io.viewserver.server.components.DataSourceComponents - Successfully built data source orderWithResponses
19:23:02.602 [reactor-inproc://master1_2018-06-13T19:22:52.800+01:00] INFO  io.viewserver.datasource.DataSourceRegistry - Updating data source orderWithResponses with row 10 to status INITIALIZED
19:23:02.602 [reactor-inproc://master3_2018-06-13T19:23:01.597+01:00] INFO  io.viewserver.datasource.DataSourceRegistry - Updating data source orderWithResponses with row 10 to status INITIALIZED
19:23:02.602 [reactor-inproc://master1_2018-06-13T19:22:52.800+01:00] INFO  io.viewserver.datasource.DataSourceRegistry - Updated data source orderWithResponses with row 10 to status INITIALIZED
19:23:02.602 [reactor-inproc://master3_2018-06-13T19:23:01.597+01:00] INFO  io.viewserver.datasource.DataSourceRegistry - Updated data source orderWithResponses with row 10 to status INITIALIZED
19:23:02.709 [cluster-ClusterId{value='5b21610597b820516e568bf5', description='null'}-cluster0-shard-00-01-mvv2v.mongodb.net:27017] INFO  org.mongodb.driver.connection - Opened connection [connectionId{localValue:7, serverValue:700118}] to cluster0-shard-00-01-mvv2v.mongodb.net:27017
19:23:02.716 [cluster-ClusterId{value='5b21610597b820516e568bf5', description='null'}-cluster0-shard-00-00-mvv2v.mongodb.net:27017] INFO  org.mongodb.driver.connection - Opened connection [connectionId{localValue:6, serverValue:22447}] to cluster0-shard-00-00-mvv2v.mongodb.net:27017
19:23:02.717 [cluster-ClusterId{value='5b21610597b820516e568bf5', description='null'}-cluster0-shard-00-02-mvv2v.mongodb.net:27017] INFO  org.mongodb.driver.connection - Opened connection [connectionId{localValue:5, serverValue:22691}] to cluster0-shard-00-02-mvv2v.mongodb.net:27017
19:23:02.812 [cluster-ClusterId{value='5b21610597b820516e568bf5', description='null'}-cluster0-shard-00-01-mvv2v.mongodb.net:27017] INFO  org.mongodb.driver.cluster - Monitor thread successfully connected to server with description ServerDescription{address=cluster0-shard-00-01-mvv2v.mongodb.net:27017, type=REPLICA_SET_PRIMARY, state=CONNECTED, ok=true, version=ServerVersion{versionList=[3, 6, 5]}, minWireVersion=0, maxWireVersion=6, maxDocumentSize=16777216, logicalSessionTimeoutMinutes=30, roundTripTimeNanos=103398517, setName='Cluster0-shard-0', canonicalAddress=cluster0-shard-00-01-mvv2v.mongodb.net:27017, hosts=[cluster0-shard-00-02-mvv2v.mongodb.net:27017, cluster0-shard-00-01-mvv2v.mongodb.net:27017, cluster0-shard-00-00-mvv2v.mongodb.net:27017], passives=[], arbiters=[], primary='cluster0-shard-00-01-mvv2v.mongodb.net:27017', tagSet=TagSet{[]}, electionId=7fffffff0000000000000002, setVersion=1, lastWriteDate=Wed Jun 13 19:23:02 BST 2018, lastUpdateTimeNanos=625102316953604}
19:23:02.813 [cluster-ClusterId{value='5b21610597b820516e568bf5', description='null'}-cluster0-shard-00-01-mvv2v.mongodb.net:27017] INFO  org.mongodb.driver.cluster - Setting max election id to 7fffffff0000000000000002 from replica set primary cluster0-shard-00-01-mvv2v.mongodb.net:27017
19:23:02.813 [cluster-ClusterId{value='5b21610597b820516e568bf5', description='null'}-cluster0-shard-00-01-mvv2v.mongodb.net:27017] INFO  org.mongodb.driver.cluster - Setting max set version to 1 from replica set primary cluster0-shard-00-01-mvv2v.mongodb.net:27017
19:23:02.813 [cluster-ClusterId{value='5b21610597b820516e568bf5', description='null'}-cluster0-shard-00-01-mvv2v.mongodb.net:27017] INFO  org.mongodb.driver.cluster - Discovered replica set primary cluster0-shard-00-01-mvv2v.mongodb.net:27017
19:23:02.824 [cluster-ClusterId{value='5b21610597b820516e568bf5', description='null'}-cluster0-shard-00-00-mvv2v.mongodb.net:27017] INFO  org.mongodb.driver.cluster - Monitor thread successfully connected to server with description ServerDescription{address=cluster0-shard-00-00-mvv2v.mongodb.net:27017, type=REPLICA_SET_SECONDARY, state=CONNECTED, ok=true, version=ServerVersion{versionList=[3, 6, 5]}, minWireVersion=0, maxWireVersion=6, maxDocumentSize=16777216, logicalSessionTimeoutMinutes=30, roundTripTimeNanos=107252833, setName='Cluster0-shard-0', canonicalAddress=cluster0-shard-00-00-mvv2v.mongodb.net:27017, hosts=[cluster0-shard-00-02-mvv2v.mongodb.net:27017, cluster0-shard-00-01-mvv2v.mongodb.net:27017, cluster0-shard-00-00-mvv2v.mongodb.net:27017], passives=[], arbiters=[], primary='cluster0-shard-00-01-mvv2v.mongodb.net:27017', tagSet=TagSet{[]}, electionId=null, setVersion=1, lastWriteDate=Wed Jun 13 19:23:02 BST 2018, lastUpdateTimeNanos=625102328319556}
19:23:02.826 [cluster-ClusterId{value='5b21610597b820516e568bf5', description='null'}-cluster0-shard-00-02-mvv2v.mongodb.net:27017] INFO  org.mongodb.driver.cluster - Monitor thread successfully connected to server with description ServerDescription{address=cluster0-shard-00-02-mvv2v.mongodb.net:27017, type=REPLICA_SET_SECONDARY, state=CONNECTED, ok=true, version=ServerVersion{versionList=[3, 6, 5]}, minWireVersion=0, maxWireVersion=6, maxDocumentSize=16777216, logicalSessionTimeoutMinutes=30, roundTripTimeNanos=108094714, setName='Cluster0-shard-0', canonicalAddress=cluster0-shard-00-02-mvv2v.mongodb.net:27017, hosts=[cluster0-shard-00-02-mvv2v.mongodb.net:27017, cluster0-shard-00-01-mvv2v.mongodb.net:27017, cluster0-shard-00-00-mvv2v.mongodb.net:27017], passives=[], arbiters=[], primary='cluster0-shard-00-01-mvv2v.mongodb.net:27017', tagSet=TagSet{[]}, electionId=null, setVersion=1, lastWriteDate=Wed Jun 13 19:23:02 BST 2018, lastUpdateTimeNanos=625102330601403}
19:23:02.862 [cluster-ClusterId{value='5b21610597b820516e568bf6', description='null'}-cluster0-shard-00-01-mvv2v.mongodb.net:27017] INFO  org.mongodb.driver.connection - Opened connection [connectionId{localValue:9, serverValue:700127}] to cluster0-shard-00-01-mvv2v.mongodb.net:27017
19:23:02.862 [cluster-ClusterId{value='5b21610597b820516e568bf6', description='null'}-cluster0-shard-00-02-mvv2v.mongodb.net:27017] INFO  org.mongodb.driver.connection - Opened connection [connectionId{localValue:10, serverValue:22691}] to cluster0-shard-00-02-mvv2v.mongodb.net:27017
19:23:02.874 [cluster-ClusterId{value='5b21610597b820516e568bf6', description='null'}-cluster0-shard-00-00-mvv2v.mongodb.net:27017] INFO  org.mongodb.driver.connection - Opened connection [connectionId{localValue:8, serverValue:22447}] to cluster0-shard-00-00-mvv2v.mongodb.net:27017
19:23:02.972 [cluster-ClusterId{value='5b21610597b820516e568bf6', description='null'}-cluster0-shard-00-02-mvv2v.mongodb.net:27017] INFO  org.mongodb.driver.cluster - Monitor thread successfully connected to server with description ServerDescription{address=cluster0-shard-00-02-mvv2v.mongodb.net:27017, type=REPLICA_SET_SECONDARY, state=CONNECTED, ok=true, version=ServerVersion{versionList=[3, 6, 5]}, minWireVersion=0, maxWireVersion=6, maxDocumentSize=16777216, logicalSessionTimeoutMinutes=30, roundTripTimeNanos=109602301, setName='Cluster0-shard-0', canonicalAddress=cluster0-shard-00-02-mvv2v.mongodb.net:27017, hosts=[cluster0-shard-00-02-mvv2v.mongodb.net:27017, cluster0-shard-00-01-mvv2v.mongodb.net:27017, cluster0-shard-00-00-mvv2v.mongodb.net:27017], passives=[], arbiters=[], primary='cluster0-shard-00-01-mvv2v.mongodb.net:27017', tagSet=TagSet{[]}, electionId=null, setVersion=1, lastWriteDate=Wed Jun 13 19:23:02 BST 2018, lastUpdateTimeNanos=625102476358197}
19:23:02.972 [cluster-ClusterId{value='5b21610597b820516e568bf6', description='null'}-cluster0-shard-00-01-mvv2v.mongodb.net:27017] INFO  org.mongodb.driver.cluster - Monitor thread successfully connected to server with description ServerDescription{address=cluster0-shard-00-01-mvv2v.mongodb.net:27017, type=REPLICA_SET_PRIMARY, state=CONNECTED, ok=true, version=ServerVersion{versionList=[3, 6, 5]}, minWireVersion=0, maxWireVersion=6, maxDocumentSize=16777216, logicalSessionTimeoutMinutes=30, roundTripTimeNanos=109708865, setName='Cluster0-shard-0', canonicalAddress=cluster0-shard-00-01-mvv2v.mongodb.net:27017, hosts=[cluster0-shard-00-02-mvv2v.mongodb.net:27017, cluster0-shard-00-01-mvv2v.mongodb.net:27017, cluster0-shard-00-00-mvv2v.mongodb.net:27017], passives=[], arbiters=[], primary='cluster0-shard-00-01-mvv2v.mongodb.net:27017', tagSet=TagSet{[]}, electionId=7fffffff0000000000000002, setVersion=1, lastWriteDate=Wed Jun 13 19:23:02 BST 2018, lastUpdateTimeNanos=625102476423754}
19:23:02.973 [cluster-ClusterId{value='5b21610597b820516e568bf6', description='null'}-cluster0-shard-00-01-mvv2v.mongodb.net:27017] INFO  org.mongodb.driver.cluster - Setting max election id to 7fffffff0000000000000002 from replica set primary cluster0-shard-00-01-mvv2v.mongodb.net:27017
19:23:02.973 [cluster-ClusterId{value='5b21610597b820516e568bf6', description='null'}-cluster0-shard-00-01-mvv2v.mongodb.net:27017] INFO  org.mongodb.driver.cluster - Setting max set version to 1 from replica set primary cluster0-shard-00-01-mvv2v.mongodb.net:27017
19:23:02.973 [cluster-ClusterId{value='5b21610597b820516e568bf6', description='null'}-cluster0-shard-00-01-mvv2v.mongodb.net:27017] INFO  org.mongodb.driver.cluster - Discovered replica set primary cluster0-shard-00-01-mvv2v.mongodb.net:27017
19:23:02.986 [cluster-ClusterId{value='5b21610597b820516e568bf6', description='null'}-cluster0-shard-00-00-mvv2v.mongodb.net:27017] INFO  org.mongodb.driver.cluster - Monitor thread successfully connected to server with description ServerDescription{address=cluster0-shard-00-00-mvv2v.mongodb.net:27017, type=REPLICA_SET_SECONDARY, state=CONNECTED, ok=true, version=ServerVersion{versionList=[3, 6, 5]}, minWireVersion=0, maxWireVersion=6, maxDocumentSize=16777216, logicalSessionTimeoutMinutes=30, roundTripTimeNanos=110682505, setName='Cluster0-shard-0', canonicalAddress=cluster0-shard-00-00-mvv2v.mongodb.net:27017, hosts=[cluster0-shard-00-02-mvv2v.mongodb.net:27017, cluster0-shard-00-01-mvv2v.mongodb.net:27017, cluster0-shard-00-00-mvv2v.mongodb.net:27017], passives=[], arbiters=[], primary='cluster0-shard-00-01-mvv2v.mongodb.net:27017', tagSet=TagSet{[]}, electionId=null, setVersion=1, lastWriteDate=Wed Jun 13 19:23:02 BST 2018, lastUpdateTimeNanos=625102490007810}
19:23:03.063 [productCategory-inproc://master1_2018-06-13T19:22:52.800+01:00-0] INFO  org.mongodb.driver.connection - Opened connection [connectionId{localValue:11, serverValue:698279}] to cluster0-shard-00-01-mvv2v.mongodb.net:27017
19:23:03.128 [product-inproc://master1_2018-06-13T19:22:52.800+01:00-0] INFO  org.mongodb.driver.connection - Opened connection [connectionId{localValue:12, serverValue:644914}] to cluster0-shard-00-01-mvv2v.mongodb.net:27017
19:23:03.145 [user-inproc://master1_2018-06-13T19:22:52.800+01:00-0] INFO  org.mongodb.driver.connection - Opened connection [connectionId{localValue:15, serverValue:693376}] to cluster0-shard-00-01-mvv2v.mongodb.net:27017
19:23:03.159 [phoneNumber-inproc://master1_2018-06-13T19:22:52.800+01:00-0] INFO  org.mongodb.driver.connection - Opened connection [connectionId{localValue:14, serverValue:698282}] to cluster0-shard-00-01-mvv2v.mongodb.net:27017
19:23:03.163 [contentType-inproc://master1_2018-06-13T19:22:52.800+01:00-0] INFO  org.mongodb.driver.connection - Opened connection [connectionId{localValue:13, serverValue:698282}] to cluster0-shard-00-01-mvv2v.mongodb.net:27017
19:23:03.177 [cluster-inproc://master1_2018-06-13T19:22:52.800+01:00-0] INFO  org.mongodb.driver.connection - Opened connection [connectionId{localValue:16, serverValue:698282}] to cluster0-shard-00-01-mvv2v.mongodb.net:27017
19:23:03.180 [productCategory-inproc://master1_2018-06-13T19:22:52.800+01:00-0] INFO  io.viewserver.adapters.mongo.MongoRecordLoader - GOT DOCUMENT IN SNAPSHOT - 1Vans - Addition of snapshot listener for Mongo table null
19:23:03.185 [productCategory-inproc://master1_2018-06-13T19:22:52.800+01:00-0] INFO  io.viewserver.datasource.RecordUtils - Scheduling addition to operator /datasources/productCategory/table
19:23:03.186 [productCategory-inproc://master1_2018-06-13T19:22:52.800+01:00-0] INFO  io.viewserver.adapters.mongo.MongoRecordLoader - GOT DOCUMENT IN SNAPSHOT - 1Waste - Addition of snapshot listener for Mongo table null
19:23:03.186 [reactor-inproc://master1_2018-06-13T19:22:52.800+01:00] INFO  io.viewserver.datasource.RecordUtils - SCHEDULED - Acually adding record rec to operator /datasources/productCategory/table
19:23:03.186 [productCategory-inproc://master1_2018-06-13T19:22:52.800+01:00-0] INFO  io.viewserver.datasource.RecordUtils - Scheduling addition to operator /datasources/productCategory/table
19:23:03.186 [productCategory-inproc://master1_2018-06-13T19:22:52.800+01:00-0] INFO  io.viewserver.adapters.mongo.MongoRecordLoader - GOT DOCUMENT IN SNAPSHOT - 2Skips - Addition of snapshot listener for Mongo table null
19:23:03.186 [productCategory-inproc://master1_2018-06-13T19:22:52.800+01:00-0] INFO  io.viewserver.datasource.RecordUtils - Scheduling addition to operator /datasources/productCategory/table
19:23:03.186 [productCategory-inproc://master1_2018-06-13T19:22:52.800+01:00-0] INFO  io.viewserver.adapters.mongo.MongoRecordLoader - GOT DOCUMENT IN SNAPSHOT - 2Grab - Addition of snapshot listener for Mongo table null
19:23:03.186 [productCategory-inproc://master1_2018-06-13T19:22:52.800+01:00-0] INFO  io.viewserver.datasource.RecordUtils - Scheduling addition to operator /datasources/productCategory/table
19:23:03.186 [productCategory-inproc://master1_2018-06-13T19:22:52.800+01:00-0] INFO  io.viewserver.adapters.mongo.MongoRecordLoader - GOT DOCUMENT IN SNAPSHOT - 2Cage - Addition of snapshot listener for Mongo table null
19:23:03.186 [productCategory-inproc://master1_2018-06-13T19:22:52.800+01:00-0] INFO  io.viewserver.datasource.RecordUtils - Scheduling addition to operator /datasources/productCategory/table
19:23:03.186 [productCategory-inproc://master1_2018-06-13T19:22:52.800+01:00-0] INFO  io.viewserver.adapters.mongo.MongoRecordLoader - GOT DOCUMENT IN SNAPSHOT - 1Rubbish - Addition of snapshot listener for Mongo table null
19:23:03.186 [productCategory-inproc://master1_2018-06-13T19:22:52.800+01:00-0] INFO  io.viewserver.datasource.RecordUtils - Scheduling addition to operator /datasources/productCategory/table
19:23:03.186 [productCategory-inproc://master1_2018-06-13T19:22:52.800+01:00-0] INFO  io.viewserver.adapters.mongo.MongoRecordLoader - GOT DOCUMENT IN SNAPSHOT - 2HouseHoldWaste - Addition of snapshot listener for Mongo table null
19:23:03.186 [productCategory-inproc://master1_2018-06-13T19:22:52.800+01:00-0] INFO  io.viewserver.datasource.RecordUtils - Scheduling addition to operator /datasources/productCategory/table
19:23:03.186 [productCategory-inproc://master1_2018-06-13T19:22:52.800+01:00-0] INFO  io.viewserver.adapters.mongo.MongoRecordLoader - GOT DOCUMENT IN SNAPSHOT - 2CommercialWaste - Addition of snapshot listener for Mongo table null
19:23:03.186 [productCategory-inproc://master1_2018-06-13T19:22:52.800+01:00-0] INFO  io.viewserver.datasource.RecordUtils - Scheduling addition to operator /datasources/productCategory/table
19:23:03.186 [productCategory-inproc://master1_2018-06-13T19:22:52.800+01:00-0] INFO  io.viewserver.adapters.mongo.MongoRecordLoader - GOT DOCUMENT IN SNAPSHOT - 1Products - Addition of snapshot listener for Mongo table null
19:23:03.186 [productCategory-inproc://master1_2018-06-13T19:22:52.800+01:00-0] INFO  io.viewserver.datasource.RecordUtils - Scheduling addition to operator /datasources/productCategory/table
19:23:03.186 [productCategory-inproc://master1_2018-06-13T19:22:52.800+01:00-0] INFO  io.viewserver.adapters.mongo.MongoRecordLoader - GOT DOCUMENT IN SNAPSHOT - 1Workers - Addition of snapshot listener for Mongo table null
19:23:03.187 [productCategory-inproc://master1_2018-06-13T19:22:52.800+01:00-0] INFO  io.viewserver.datasource.RecordUtils - Scheduling addition to operator /datasources/productCategory/table
19:23:03.187 [productCategory-inproc://master1_2018-06-13T19:22:52.800+01:00-0] INFO  io.viewserver.adapters.mongo.MongoRecordLoader - GOT DOCUMENT IN SNAPSHOT - 1Plant - Addition of snapshot listener for Mongo table null
19:23:03.187 [productCategory-inproc://master1_2018-06-13T19:22:52.800+01:00-0] INFO  io.viewserver.datasource.RecordUtils - Scheduling addition to operator /datasources/productCategory/table
19:23:03.187 [productCategory-inproc://master1_2018-06-13T19:22:52.800+01:00-0] INFO  io.viewserver.adapters.mongo.MongoRecordLoader - GOT DOCUMENT IN SNAPSHOT - 2AccessLadder - Addition of snapshot listener for Mongo table null
19:23:03.187 [productCategory-inproc://master1_2018-06-13T19:22:52.800+01:00-0] INFO  io.viewserver.datasource.RecordUtils - Scheduling addition to operator /datasources/productCategory/table
19:23:03.187 [productCategory-inproc://master1_2018-06-13T19:22:52.800+01:00-0] INFO  io.viewserver.adapters.mongo.MongoRecordLoader - GOT DOCUMENT IN SNAPSHOT - 3Ladder - Addition of snapshot listener for Mongo table null
19:23:03.187 [productCategory-inproc://master1_2018-06-13T19:22:52.800+01:00-0] INFO  io.viewserver.datasource.RecordUtils - Scheduling addition to operator /datasources/productCategory/table
19:23:03.187 [productCategory-inproc://master1_2018-06-13T19:22:52.800+01:00-0] INFO  io.viewserver.adapters.mongo.MongoRecordLoader - GOT DOCUMENT IN SNAPSHOT - 3StepLadder - Addition of snapshot listener for Mongo table null
19:23:03.187 [productCategory-inproc://master1_2018-06-13T19:22:52.800+01:00-0] INFO  io.viewserver.datasource.RecordUtils - Scheduling addition to operator /datasources/productCategory/table
19:23:03.187 [productCategory-inproc://master1_2018-06-13T19:22:52.800+01:00-0] INFO  io.viewserver.adapters.mongo.MongoRecordLoader - GOT DOCUMENT IN SNAPSHOT - 3Staging - Addition of snapshot listener for Mongo table null
19:23:03.187 [productCategory-inproc://master1_2018-06-13T19:22:52.800+01:00-0] INFO  io.viewserver.datasource.RecordUtils - Scheduling addition to operator /datasources/productCategory/table
19:23:03.187 [productCategory-inproc://master1_2018-06-13T19:22:52.800+01:00-0] INFO  io.viewserver.adapters.mongo.MongoRecordLoader - GOT DOCUMENT IN SNAPSHOT - 3LadderCombination - Addition of snapshot listener for Mongo table null
19:23:03.187 [productCategory-inproc://master1_2018-06-13T19:22:52.800+01:00-0] INFO  io.viewserver.datasource.RecordUtils - Scheduling addition to operator /datasources/productCategory/table
19:23:03.187 [productCategory-inproc://master1_2018-06-13T19:22:52.800+01:00-0] INFO  io.viewserver.adapters.mongo.MongoRecordLoader - GOT DOCUMENT IN SNAPSHOT - 2BreakingDrilling - Addition of snapshot listener for Mongo table null
19:23:03.187 [productCategory-inproc://master1_2018-06-13T19:22:52.800+01:00-0] INFO  io.viewserver.datasource.RecordUtils - Scheduling addition to operator /datasources/productCategory/table
19:23:03.187 [productCategory-inproc://master1_2018-06-13T19:22:52.800+01:00-0] INFO  io.viewserver.adapters.mongo.MongoRecordLoader - GOT DOCUMENT IN SNAPSHOT - 3Breaker - Addition of snapshot listener for Mongo table null
19:23:03.187 [productCategory-inproc://master1_2018-06-13T19:22:52.800+01:00-0] INFO  io.viewserver.datasource.RecordUtils - Scheduling addition to operator /datasources/productCategory/table
19:23:03.188 [productCategory-inproc://master1_2018-06-13T19:22:52.800+01:00-0] INFO  io.viewserver.adapters.mongo.MongoRecordLoader - GOT DOCUMENT IN SNAPSHOT - 3Drill - Addition of snapshot listener for Mongo table null
19:23:03.188 [productCategory-inproc://master1_2018-06-13T19:22:52.800+01:00-0] INFO  io.viewserver.datasource.RecordUtils - Scheduling addition to operator /datasources/productCategory/table
19:23:03.188 [productCategory-inproc://master1_2018-06-13T19:22:52.800+01:00-0] INFO  io.viewserver.adapters.mongo.MongoRecordLoader - GOT DOCUMENT IN SNAPSHOT - 3CoreDrill - Addition of snapshot listener for Mongo table null
19:23:03.188 [productCategory-inproc://master1_2018-06-13T19:22:52.800+01:00-0] INFO  io.viewserver.datasource.RecordUtils - Scheduling addition to operator /datasources/productCategory/table
19:23:03.188 [productCategory-inproc://master1_2018-06-13T19:22:52.800+01:00-0] INFO  io.viewserver.adapters.mongo.MongoRecordLoader - GOT DOCUMENT IN SNAPSHOT - 2BuildingSiteworks - Addition of snapshot listener for Mongo table null
19:23:03.188 [productCategory-inproc://master1_2018-06-13T19:22:52.800+01:00-0] INFO  io.viewserver.datasource.RecordUtils - Scheduling addition to operator /datasources/productCategory/table
19:23:03.188 [productCategory-inproc://master1_2018-06-13T19:22:52.800+01:00-0] INFO  io.viewserver.adapters.mongo.MongoRecordLoader - GOT DOCUMENT IN SNAPSHOT - 2CleaningFloorcare - Addition of snapshot listener for Mongo table null
19:23:03.188 [productCategory-inproc://master1_2018-06-13T19:22:52.800+01:00-0] INFO  io.viewserver.datasource.RecordUtils - Scheduling addition to operator /datasources/productCategory/table
19:23:03.188 [productCategory-inproc://master1_2018-06-13T19:22:52.800+01:00-0] INFO  io.viewserver.adapters.mongo.MongoRecordLoader - GOT DOCUMENT IN SNAPSHOT - 2ConcretePreparation - Addition of snapshot listener for Mongo table null
19:23:03.188 [productCategory-inproc://master1_2018-06-13T19:22:52.800+01:00-0] INFO  io.viewserver.datasource.RecordUtils - Scheduling addition to operator /datasources/productCategory/table
19:23:03.188 [productCategory-inproc://master1_2018-06-13T19:22:52.800+01:00-0] INFO  io.viewserver.adapters.mongo.MongoRecordLoader - GOT DOCUMENT IN SNAPSHOT - 2GardeningEvent - Addition of snapshot listener for Mongo table null
19:23:03.188 [productCategory-inproc://master1_2018-06-13T19:22:52.800+01:00-0] INFO  io.viewserver.datasource.RecordUtils - Scheduling addition to operator /datasources/productCategory/table
19:23:03.188 [productCategory-inproc://master1_2018-06-13T19:22:52.800+01:00-0] INFO  io.viewserver.adapters.mongo.MongoRecordLoader - GOT DOCUMENT IN SNAPSHOT - 3HandTools - Addition of snapshot listener for Mongo table null
19:23:03.188 [productCategory-inproc://master1_2018-06-13T19:22:52.800+01:00-0] INFO  io.viewserver.datasource.RecordUtils - Scheduling addition to operator /datasources/productCategory/table
19:23:03.188 [productCategory-inproc://master1_2018-06-13T19:22:52.800+01:00-0] INFO  io.viewserver.adapters.mongo.MongoRecordLoader - GOT DOCUMENT IN SNAPSHOT - 3LawnMowers - Addition of snapshot listener for Mongo table null
19:23:03.188 [productCategory-inproc://master1_2018-06-13T19:22:52.800+01:00-0] INFO  io.viewserver.datasource.RecordUtils - Scheduling addition to operator /datasources/productCategory/table
19:23:03.188 [productCategory-inproc://master1_2018-06-13T19:22:52.800+01:00-0] INFO  io.viewserver.adapters.mongo.MongoRecordLoader - GOT DOCUMENT IN SNAPSHOT - 3TrimmersAndStrimmers - Addition of snapshot listener for Mongo table null
19:23:03.188 [productCategory-inproc://master1_2018-06-13T19:22:52.800+01:00-0] INFO  io.viewserver.datasource.RecordUtils - Scheduling addition to operator /datasources/productCategory/table
19:23:03.188 [productCategory-inproc://master1_2018-06-13T19:22:52.800+01:00-0] INFO  io.viewserver.adapters.mongo.MongoRecordLoader - GOT DOCUMENT IN SNAPSHOT - 3RotovatorsBlowers - Addition of snapshot listener for Mongo table null
19:23:03.188 [productCategory-inproc://master1_2018-06-13T19:22:52.800+01:00-0] INFO  io.viewserver.datasource.RecordUtils - Scheduling addition to operator /datasources/productCategory/table
19:23:03.188 [productCategory-inproc://master1_2018-06-13T19:22:52.800+01:00-0] INFO  io.viewserver.adapters.mongo.MongoRecordLoader - GOT DOCUMENT IN SNAPSHOT - 2HeatingDrying - Addition of snapshot listener for Mongo table null
19:23:03.189 [productCategory-inproc://master1_2018-06-13T19:22:52.800+01:00-0] INFO  io.viewserver.datasource.RecordUtils - Scheduling addition to operator /datasources/productCategory/table
19:23:03.189 [productCategory-inproc://master1_2018-06-13T19:22:52.800+01:00-0] INFO  io.viewserver.adapters.mongo.MongoRecordLoader - GOT DOCUMENT IN SNAPSHOT - 2LiftingHandling - Addition of snapshot listener for Mongo table null
19:23:03.189 [productCategory-inproc://master1_2018-06-13T19:22:52.800+01:00-0] INFO  io.viewserver.datasource.RecordUtils - Scheduling addition to operator /datasources/productCategory/table
19:23:03.189 [productCategory-inproc://master1_2018-06-13T19:22:52.800+01:00-0] INFO  io.viewserver.adapters.mongo.MongoRecordLoader - GOT DOCUMENT IN SNAPSHOT - 2PaintingDecorating - Addition of snapshot listener for Mongo table null
19:23:03.189 [productCategory-inproc://master1_2018-06-13T19:22:52.800+01:00-0] INFO  io.viewserver.datasource.RecordUtils - Scheduling addition to operator /datasources/productCategory/table
19:23:03.189 [productCategory-inproc://master1_2018-06-13T19:22:52.800+01:00-0] INFO  io.viewserver.adapters.mongo.MongoRecordLoader - GOT DOCUMENT IN SNAPSHOT - 2PlumbingPumping - Addition of snapshot listener for Mongo table null
19:23:03.189 [productCategory-inproc://master1_2018-06-13T19:22:52.800+01:00-0] INFO  io.viewserver.datasource.RecordUtils - Scheduling addition to operator /datasources/productCategory/table
19:23:03.189 [productCategory-inproc://master1_2018-06-13T19:22:52.800+01:00-0] INFO  io.viewserver.adapters.mongo.MongoRecordLoader - GOT DOCUMENT IN SNAPSHOT - 2SandingFixing - Addition of snapshot listener for Mongo table null
19:23:03.189 [productCategory-inproc://master1_2018-06-13T19:22:52.800+01:00-0] INFO  io.viewserver.datasource.RecordUtils - Scheduling addition to operator /datasources/productCategory/table
19:23:03.189 [productCategory-inproc://master1_2018-06-13T19:22:52.800+01:00-0] INFO  io.viewserver.adapters.mongo.MongoRecordLoader - GOT DOCUMENT IN SNAPSHOT - 2CuttingGrinding - Addition of snapshot listener for Mongo table null
19:23:03.189 [productCategory-inproc://master1_2018-06-13T19:22:52.800+01:00-0] INFO  io.viewserver.datasource.RecordUtils - Scheduling addition to operator /datasources/productCategory/table
19:23:03.189 [productCategory-inproc://master1_2018-06-13T19:22:52.800+01:00-0] INFO  io.viewserver.adapters.mongo.MongoRecordLoader - GOT DOCUMENT IN SNAPSHOT - 3Grinder - Addition of snapshot listener for Mongo table null
19:23:03.189 [productCategory-inproc://master1_2018-06-13T19:22:52.800+01:00-0] INFO  io.viewserver.datasource.RecordUtils - Scheduling addition to operator /datasources/productCategory/table
19:23:03.189 [productCategory-inproc://master1_2018-06-13T19:22:52.800+01:00-0] INFO  io.viewserver.adapters.mongo.MongoRecordLoader - GOT DOCUMENT IN SNAPSHOT - 3Saw - Addition of snapshot listener for Mongo table null
19:23:03.189 [productCategory-inproc://master1_2018-06-13T19:22:52.800+01:00-0] INFO  io.viewserver.datasource.RecordUtils - Scheduling addition to operator /datasources/productCategory/table
19:23:03.189 [productCategory-inproc://master1_2018-06-13T19:22:52.800+01:00-0] INFO  io.viewserver.adapters.mongo.MongoRecordLoader - GOT DOCUMENT IN SNAPSHOT - 3TileCutterSaw - Addition of snapshot listener for Mongo table null
19:23:03.189 [productCategory-inproc://master1_2018-06-13T19:22:52.800+01:00-0] INFO  io.viewserver.datasource.RecordUtils - Scheduling addition to operator /datasources/productCategory/table
19:23:03.189 [productCategory-inproc://master1_2018-06-13T19:22:52.800+01:00-0] INFO  io.viewserver.adapters.mongo.MongoRecordLoader - GOT DOCUMENT IN SNAPSHOT - 3PlanerJointerSplitterRouter - Addition of snapshot listener for Mongo table null
19:23:03.189 [productCategory-inproc://master1_2018-06-13T19:22:52.800+01:00-0] INFO  io.viewserver.datasource.RecordUtils - Scheduling addition to operator /datasources/productCategory/table
19:23:03.189 [productCategory-inproc://master1_2018-06-13T19:22:52.800+01:00-0] INFO  io.viewserver.adapters.mongo.MongoRecordLoader - GOT DOCUMENT IN SNAPSHOT - 2SurveyingLocation - Addition of snapshot listener for Mongo table null
19:23:03.189 [productCategory-inproc://master1_2018-06-13T19:22:52.800+01:00-0] INFO  io.viewserver.datasource.RecordUtils - Scheduling addition to operator /datasources/productCategory/table
19:23:03.190 [productCategory-inproc://master1_2018-06-13T19:22:52.800+01:00-0] INFO  io.viewserver.adapters.mongo.MongoRecordLoader - GOT DOCUMENT IN SNAPSHOT - 2WeldingPower - Addition of snapshot listener for Mongo table null
19:23:03.190 [productCategory-inproc://master1_2018-06-13T19:22:52.800+01:00-0] INFO  io.viewserver.datasource.RecordUtils - Scheduling addition to operator /datasources/productCategory/table
19:23:03.190 [productCategory-inproc://master1_2018-06-13T19:22:52.800+01:00-0] INFO  io.viewserver.adapters.mongo.MongoRecordLoader - GOT DOCUMENT IN SNAPSHOT - 2Lighting - Addition of snapshot listener for Mongo table null
19:23:03.190 [productCategory-inproc://master1_2018-06-13T19:22:52.800+01:00-0] INFO  io.viewserver.datasource.RecordUtils - Scheduling addition to operator /datasources/productCategory/table
19:23:03.190 [productCategory-inproc://master1_2018-06-13T19:22:52.800+01:00-0] INFO  io.viewserver.adapters.mongo.MongoRecordLoader - GOT DOCUMENT IN SNAPSHOT - 2Miscellaneous - Addition of snapshot listener for Mongo table null
19:23:03.190 [productCategory-inproc://master1_2018-06-13T19:22:52.800+01:00-0] INFO  io.viewserver.datasource.RecordUtils - Scheduling addition to operator /datasources/productCategory/table
19:23:03.192 [deliveryAddress-inproc://master1_2018-06-13T19:22:52.800+01:00-0] INFO  org.mongodb.driver.connection - Opened connection [connectionId{localValue:17, serverValue:698282}] to cluster0-shard-00-01-mvv2v.mongodb.net:27017
19:23:03.239 [payments-inproc://master1_2018-06-13T19:22:52.800+01:00-0] INFO  org.mongodb.driver.connection - Opened connection [connectionId{localValue:20, serverValue:693376}] to cluster0-shard-00-01-mvv2v.mongodb.net:27017
19:23:03.239 [messages-inproc://master1_2018-06-13T19:22:52.800+01:00-0] INFO  org.mongodb.driver.connection - Opened connection [connectionId{localValue:18, serverValue:698282}] to cluster0-shard-00-01-mvv2v.mongodb.net:27017
19:23:03.239 [vehicle-inproc://master1_2018-06-13T19:22:52.800+01:00-0] INFO  org.mongodb.driver.connection - Opened connection [connectionId{localValue:19, serverValue:700118}] to cluster0-shard-00-01-mvv2v.mongodb.net:27017
19:23:03.253 [user-inproc://master1_2018-06-13T19:22:52.800+01:00-0] INFO  io.viewserver.adapters.mongo.MongoRecordLoader - GOT DOCUMENT IN SNAPSHOT - 2BBui - Addition of snapshot listener for Mongo table -1
19:23:03.253 [user-inproc://master1_2018-06-13T19:22:52.800+01:00-0] INFO  io.viewserver.datasource.RecordUtils - Scheduling addition to operator /datasources/user/table
19:23:03.253 [user-inproc://master1_2018-06-13T19:22:52.800+01:00-0] INFO  io.viewserver.adapters.mongo.MongoRecordLoader - GOT DOCUMENT IN SNAPSHOT - 2BBui1 - Addition of snapshot listener for Mongo table -1
19:23:03.253 [user-inproc://master1_2018-06-13T19:22:52.800+01:00-0] INFO  io.viewserver.datasource.RecordUtils - Scheduling addition to operator /datasources/user/table
19:23:03.254 [user-inproc://master1_2018-06-13T19:22:52.800+01:00-0] INFO  io.viewserver.adapters.mongo.MongoRecordLoader - GOT DOCUMENT IN SNAPSHOT - 3ABCD22 - Addition of snapshot listener for Mongo table -1
19:23:03.254 [user-inproc://master1_2018-06-13T19:22:52.800+01:00-0] INFO  io.viewserver.datasource.RecordUtils - Scheduling addition to operator /datasources/user/table
19:23:03.254 [user-inproc://master1_2018-06-13T19:22:52.800+01:00-0] INFO  io.viewserver.adapters.mongo.MongoRecordLoader - GOT DOCUMENT IN SNAPSHOT - 3ABCD23 - Addition of snapshot listener for Mongo table -1
19:23:03.254 [user-inproc://master1_2018-06-13T19:22:52.800+01:00-0] INFO  io.viewserver.datasource.RecordUtils - Scheduling addition to operator /datasources/user/table
19:23:03.254 [user-inproc://master1_2018-06-13T19:22:52.800+01:00-0] INFO  io.viewserver.adapters.mongo.MongoRecordLoader - GOT DOCUMENT IN SNAPSHOT - 3ABCD24 - Addition of snapshot listener for Mongo table -1
19:23:03.254 [user-inproc://master1_2018-06-13T19:22:52.800+01:00-0] INFO  io.viewserver.datasource.RecordUtils - Scheduling addition to operator /datasources/user/table
19:23:03.263 [reactor-inproc://master1_2018-06-13T19:22:52.800+01:00] INFO  io.viewserver.datasource.RecordUtils - Finished adding record rec to operator /datasources/productCategory/table
19:23:03.263 [reactor-inproc://master1_2018-06-13T19:22:52.800+01:00] INFO  io.viewserver.datasource.RecordUtils - SCHEDULED - Acually adding record rec to operator /datasources/productCategory/table
19:23:03.263 [reactor-inproc://master1_2018-06-13T19:22:52.800+01:00] INFO  io.viewserver.datasource.RecordUtils - Finished adding record rec to operator /datasources/productCategory/table
19:23:03.263 [reactor-inproc://master1_2018-06-13T19:22:52.800+01:00] INFO  io.viewserver.datasource.RecordUtils - SCHEDULED - Acually adding record rec to operator /datasources/productCategory/table
19:23:03.263 [reactor-inproc://master1_2018-06-13T19:22:52.800+01:00] INFO  io.viewserver.datasource.RecordUtils - Finished adding record rec to operator /datasources/productCategory/table
19:23:03.263 [reactor-inproc://master1_2018-06-13T19:22:52.800+01:00] INFO  io.viewserver.datasource.RecordUtils - SCHEDULED - Acually adding record rec to operator /datasources/productCategory/table
19:23:03.263 [reactor-inproc://master1_2018-06-13T19:22:52.800+01:00] INFO  io.viewserver.datasource.RecordUtils - Finished adding record rec to operator /datasources/productCategory/table
19:23:03.263 [reactor-inproc://master1_2018-06-13T19:22:52.800+01:00] INFO  io.viewserver.datasource.RecordUtils - SCHEDULED - Acually adding record rec to operator /datasources/productCategory/table
19:23:03.263 [reactor-inproc://master1_2018-06-13T19:22:52.800+01:00] INFO  io.viewserver.datasource.RecordUtils - Finished adding record rec to operator /datasources/productCategory/table
19:23:03.263 [reactor-inproc://master1_2018-06-13T19:22:52.800+01:00] INFO  io.viewserver.datasource.RecordUtils - SCHEDULED - Acually adding record rec to operator /datasources/productCategory/table
19:23:03.263 [reactor-inproc://master1_2018-06-13T19:22:52.800+01:00] INFO  io.viewserver.datasource.RecordUtils - Finished adding record rec to operator /datasources/productCategory/table
19:23:03.263 [reactor-inproc://master1_2018-06-13T19:22:52.800+01:00] INFO  io.viewserver.datasource.RecordUtils - SCHEDULED - Acually adding record rec to operator /datasources/productCategory/table
19:23:03.263 [reactor-inproc://master1_2018-06-13T19:22:52.800+01:00] INFO  io.viewserver.datasource.RecordUtils - Finished adding record rec to operator /datasources/productCategory/table
19:23:03.263 [reactor-inproc://master1_2018-06-13T19:22:52.800+01:00] INFO  io.viewserver.datasource.RecordUtils - SCHEDULED - Acually adding record rec to operator /datasources/productCategory/table
19:23:03.264 [reactor-inproc://master1_2018-06-13T19:22:52.800+01:00] INFO  io.viewserver.datasource.RecordUtils - Finished adding record rec to operator /datasources/productCategory/table
19:23:03.264 [reactor-inproc://master1_2018-06-13T19:22:52.800+01:00] INFO  io.viewserver.datasource.RecordUtils - SCHEDULED - Acually adding record rec to operator /datasources/productCategory/table
19:23:03.264 [reactor-inproc://master1_2018-06-13T19:22:52.800+01:00] INFO  io.viewserver.datasource.RecordUtils - Finished adding record rec to operator /datasources/productCategory/table
19:23:03.264 [reactor-inproc://master1_2018-06-13T19:22:52.800+01:00] INFO  io.viewserver.datasource.RecordUtils - SCHEDULED - Acually adding record rec to operator /datasources/productCategory/table
19:23:03.264 [reactor-inproc://master1_2018-06-13T19:22:52.800+01:00] INFO  io.viewserver.datasource.RecordUtils - Finished adding record rec to operator /datasources/productCategory/table
19:23:03.264 [reactor-inproc://master1_2018-06-13T19:22:52.800+01:00] INFO  io.viewserver.datasource.RecordUtils - SCHEDULED - Acually adding record rec to operator /datasources/productCategory/table
19:23:03.264 [reactor-inproc://master1_2018-06-13T19:22:52.800+01:00] INFO  io.viewserver.datasource.RecordUtils - Finished adding record rec to operator /datasources/productCategory/table
19:23:03.264 [reactor-inproc://master1_2018-06-13T19:22:52.800+01:00] INFO  io.viewserver.datasource.RecordUtils - SCHEDULED - Acually adding record rec to operator /datasources/productCategory/table
19:23:03.264 [reactor-inproc://master1_2018-06-13T19:22:52.800+01:00] INFO  io.viewserver.datasource.RecordUtils - Finished adding record rec to operator /datasources/productCategory/table
19:23:03.264 [reactor-inproc://master1_2018-06-13T19:22:52.800+01:00] INFO  io.viewserver.datasource.RecordUtils - SCHEDULED - Acually adding record rec to operator /datasources/productCategory/table
19:23:03.264 [reactor-inproc://master1_2018-06-13T19:22:52.800+01:00] INFO  io.viewserver.datasource.RecordUtils - Finished adding record rec to operator /datasources/productCategory/table
19:23:03.264 [reactor-inproc://master1_2018-06-13T19:22:52.800+01:00] INFO  io.viewserver.datasource.RecordUtils - SCHEDULED - Acually adding record rec to operator /datasources/productCategory/table
19:23:03.264 [reactor-inproc://master1_2018-06-13T19:22:52.800+01:00] INFO  io.viewserver.datasource.RecordUtils - Finished adding record rec to operator /datasources/productCategory/table
19:23:03.264 [reactor-inproc://master1_2018-06-13T19:22:52.800+01:00] INFO  io.viewserver.datasource.RecordUtils - SCHEDULED - Acually adding record rec to operator /datasources/productCategory/table
19:23:03.264 [reactor-inproc://master1_2018-06-13T19:22:52.800+01:00] INFO  io.viewserver.datasource.RecordUtils - Finished adding record rec to operator /datasources/productCategory/table
19:23:03.264 [reactor-inproc://master1_2018-06-13T19:22:52.800+01:00] INFO  io.viewserver.datasource.RecordUtils - SCHEDULED - Acually adding record rec to operator /datasources/productCategory/table
19:23:03.264 [reactor-inproc://master1_2018-06-13T19:22:52.800+01:00] INFO  io.viewserver.datasource.RecordUtils - Finished adding record rec to operator /datasources/productCategory/table
19:23:03.264 [reactor-inproc://master1_2018-06-13T19:22:52.800+01:00] INFO  io.viewserver.datasource.RecordUtils - SCHEDULED - Acually adding record rec to operator /datasources/productCategory/table
19:23:03.264 [reactor-inproc://master1_2018-06-13T19:22:52.800+01:00] INFO  io.viewserver.datasource.RecordUtils - Finished adding record rec to operator /datasources/productCategory/table
19:23:03.264 [reactor-inproc://master1_2018-06-13T19:22:52.800+01:00] INFO  io.viewserver.datasource.RecordUtils - SCHEDULED - Acually adding record rec to operator /datasources/productCategory/table
19:23:03.265 [reactor-inproc://master1_2018-06-13T19:22:52.800+01:00] INFO  io.viewserver.datasource.RecordUtils - Finished adding record rec to operator /datasources/productCategory/table
19:23:03.265 [reactor-inproc://master1_2018-06-13T19:22:52.800+01:00] INFO  io.viewserver.datasource.RecordUtils - SCHEDULED - Acually adding record rec to operator /datasources/productCategory/table
19:23:03.265 [reactor-inproc://master1_2018-06-13T19:22:52.800+01:00] INFO  io.viewserver.datasource.RecordUtils - Finished adding record rec to operator /datasources/productCategory/table
19:23:03.265 [reactor-inproc://master1_2018-06-13T19:22:52.800+01:00] INFO  io.viewserver.datasource.RecordUtils - SCHEDULED - Acually adding record rec to operator /datasources/productCategory/table
19:23:03.265 [reactor-inproc://master1_2018-06-13T19:22:52.800+01:00] INFO  io.viewserver.datasource.RecordUtils - Finished adding record rec to operator /datasources/productCategory/table
19:23:03.265 [reactor-inproc://master1_2018-06-13T19:22:52.800+01:00] INFO  io.viewserver.datasource.RecordUtils - SCHEDULED - Acually adding record rec to operator /datasources/productCategory/table
19:23:03.265 [reactor-inproc://master1_2018-06-13T19:22:52.800+01:00] INFO  io.viewserver.datasource.RecordUtils - Finished adding record rec to operator /datasources/productCategory/table
19:23:03.265 [reactor-inproc://master1_2018-06-13T19:22:52.800+01:00] INFO  io.viewserver.datasource.RecordUtils - SCHEDULED - Acually adding record rec to operator /datasources/productCategory/table
19:23:03.265 [reactor-inproc://master1_2018-06-13T19:22:52.800+01:00] INFO  io.viewserver.datasource.RecordUtils - Finished adding record rec to operator /datasources/productCategory/table
19:23:03.265 [reactor-inproc://master1_2018-06-13T19:22:52.800+01:00] INFO  io.viewserver.datasource.RecordUtils - SCHEDULED - Acually adding record rec to operator /datasources/productCategory/table
19:23:03.265 [reactor-inproc://master1_2018-06-13T19:22:52.800+01:00] INFO  io.viewserver.datasource.RecordUtils - Finished adding record rec to operator /datasources/productCategory/table
19:23:03.265 [reactor-inproc://master1_2018-06-13T19:22:52.800+01:00] INFO  io.viewserver.datasource.RecordUtils - SCHEDULED - Acually adding record rec to operator /datasources/productCategory/table
19:23:03.265 [reactor-inproc://master1_2018-06-13T19:22:52.800+01:00] INFO  io.viewserver.datasource.RecordUtils - Finished adding record rec to operator /datasources/productCategory/table
19:23:03.265 [reactor-inproc://master1_2018-06-13T19:22:52.800+01:00] INFO  io.viewserver.datasource.RecordUtils - SCHEDULED - Acually adding record rec to operator /datasources/productCategory/table
19:23:03.265 [reactor-inproc://master1_2018-06-13T19:22:52.800+01:00] INFO  io.viewserver.datasource.RecordUtils - Finished adding record rec to operator /datasources/productCategory/table
19:23:03.265 [reactor-inproc://master1_2018-06-13T19:22:52.800+01:00] INFO  io.viewserver.datasource.RecordUtils - SCHEDULED - Acually adding record rec to operator /datasources/productCategory/table
19:23:03.265 [reactor-inproc://master1_2018-06-13T19:22:52.800+01:00] INFO  io.viewserver.datasource.RecordUtils - Finished adding record rec to operator /datasources/productCategory/table
19:23:03.265 [reactor-inproc://master1_2018-06-13T19:22:52.800+01:00] INFO  io.viewserver.datasource.RecordUtils - SCHEDULED - Acually adding record rec to operator /datasources/productCategory/table
19:23:03.265 [reactor-inproc://master1_2018-06-13T19:22:52.800+01:00] INFO  io.viewserver.datasource.RecordUtils - Finished adding record rec to operator /datasources/productCategory/table
19:23:03.266 [reactor-inproc://master1_2018-06-13T19:22:52.800+01:00] INFO  io.viewserver.datasource.RecordUtils - SCHEDULED - Acually adding record rec to operator /datasources/productCategory/table
19:23:03.266 [reactor-inproc://master1_2018-06-13T19:22:52.800+01:00] INFO  io.viewserver.datasource.RecordUtils - Finished adding record rec to operator /datasources/productCategory/table
19:23:03.266 [reactor-inproc://master1_2018-06-13T19:22:52.800+01:00] INFO  io.viewserver.datasource.RecordUtils - SCHEDULED - Acually adding record rec to operator /datasources/productCategory/table
19:23:03.266 [reactor-inproc://master1_2018-06-13T19:22:52.800+01:00] INFO  io.viewserver.datasource.RecordUtils - Finished adding record rec to operator /datasources/productCategory/table
19:23:03.266 [reactor-inproc://master1_2018-06-13T19:22:52.800+01:00] INFO  io.viewserver.datasource.RecordUtils - SCHEDULED - Acually adding record rec to operator /datasources/productCategory/table
19:23:03.266 [reactor-inproc://master1_2018-06-13T19:22:52.800+01:00] INFO  io.viewserver.datasource.RecordUtils - Finished adding record rec to operator /datasources/productCategory/table
19:23:03.266 [reactor-inproc://master1_2018-06-13T19:22:52.800+01:00] INFO  io.viewserver.datasource.RecordUtils - SCHEDULED - Acually adding record rec to operator /datasources/productCategory/table
19:23:03.266 [reactor-inproc://master1_2018-06-13T19:22:52.800+01:00] INFO  io.viewserver.datasource.RecordUtils - Finished adding record rec to operator /datasources/productCategory/table
19:23:03.266 [reactor-inproc://master1_2018-06-13T19:22:52.800+01:00] INFO  io.viewserver.datasource.RecordUtils - SCHEDULED - Acually adding record rec to operator /datasources/productCategory/table
19:23:03.266 [reactor-inproc://master1_2018-06-13T19:22:52.800+01:00] INFO  io.viewserver.datasource.RecordUtils - Finished adding record rec to operator /datasources/productCategory/table
19:23:03.266 [reactor-inproc://master1_2018-06-13T19:22:52.800+01:00] INFO  io.viewserver.datasource.RecordUtils - SCHEDULED - Acually adding record rec to operator /datasources/productCategory/table
19:23:03.266 [reactor-inproc://master1_2018-06-13T19:22:52.800+01:00] INFO  io.viewserver.datasource.RecordUtils - Finished adding record rec to operator /datasources/productCategory/table
19:23:03.266 [reactor-inproc://master1_2018-06-13T19:22:52.800+01:00] INFO  io.viewserver.datasource.RecordUtils - SCHEDULED - Acually adding record rec to operator /datasources/productCategory/table
19:23:03.266 [reactor-inproc://master1_2018-06-13T19:22:52.800+01:00] INFO  io.viewserver.datasource.RecordUtils - Finished adding record rec to operator /datasources/productCategory/table
19:23:03.266 [reactor-inproc://master1_2018-06-13T19:22:52.800+01:00] INFO  io.viewserver.datasource.RecordUtils - SCHEDULED - Acually adding record rec to operator /datasources/productCategory/table
19:23:03.266 [reactor-inproc://master1_2018-06-13T19:22:52.800+01:00] INFO  io.viewserver.datasource.RecordUtils - Finished adding record rec to operator /datasources/productCategory/table
19:23:03.266 [reactor-inproc://master1_2018-06-13T19:22:52.800+01:00] INFO  io.viewserver.datasource.RecordUtils - SCHEDULED - Acually adding record rec to operator /datasources/productCategory/table
19:23:03.266 [reactor-inproc://master1_2018-06-13T19:22:52.800+01:00] INFO  io.viewserver.datasource.RecordUtils - Finished adding record rec to operator /datasources/productCategory/table
19:23:03.266 [reactor-inproc://master1_2018-06-13T19:22:52.800+01:00] INFO  io.viewserver.datasource.RecordUtils - SCHEDULED - Acually adding record rec to operator /datasources/productCategory/table
19:23:03.267 [reactor-inproc://master1_2018-06-13T19:22:52.800+01:00] INFO  io.viewserver.datasource.RecordUtils - Finished adding record rec to operator /datasources/productCategory/table
19:23:03.267 [reactor-inproc://master1_2018-06-13T19:22:52.800+01:00] INFO  io.viewserver.datasource.RecordUtils - SCHEDULED - Acually adding record rec to operator /datasources/productCategory/table
19:23:03.267 [reactor-inproc://master1_2018-06-13T19:22:52.800+01:00] INFO  io.viewserver.datasource.RecordUtils - Finished adding record rec to operator /datasources/productCategory/table
19:23:03.267 [reactor-inproc://master1_2018-06-13T19:22:52.800+01:00] INFO  io.viewserver.datasource.RecordUtils - SCHEDULED - Acually adding record rec to operator /datasources/productCategory/table
19:23:03.267 [reactor-inproc://master1_2018-06-13T19:22:52.800+01:00] INFO  io.viewserver.datasource.RecordUtils - Finished adding record rec to operator /datasources/productCategory/table
19:23:03.267 [reactor-inproc://master1_2018-06-13T19:22:52.800+01:00] INFO  io.viewserver.datasource.RecordUtils - SCHEDULED - Acually adding record rec to operator /datasources/productCategory/table
19:23:03.267 [reactor-inproc://master1_2018-06-13T19:22:52.800+01:00] INFO  io.viewserver.datasource.RecordUtils - Finished adding record rec to operator /datasources/productCategory/table
19:23:03.267 [reactor-inproc://master1_2018-06-13T19:22:52.800+01:00] INFO  io.viewserver.datasource.RecordUtils - SCHEDULED - Acually adding record rec to operator /datasources/productCategory/table
19:23:03.268 [reactor-inproc://master1_2018-06-13T19:22:52.800+01:00] INFO  io.viewserver.datasource.RecordUtils - Finished adding record rec to operator /datasources/productCategory/table
19:23:03.268 [reactor-inproc://master1_2018-06-13T19:22:52.800+01:00] INFO  io.viewserver.datasource.RecordUtils - SCHEDULED - Acually adding record rec to operator /datasources/productCategory/table
19:23:03.268 [reactor-inproc://master1_2018-06-13T19:22:52.800+01:00] INFO  io.viewserver.datasource.RecordUtils - Finished adding record rec to operator /datasources/productCategory/table
19:23:03.268 [reactor-inproc://master1_2018-06-13T19:22:52.800+01:00] INFO  io.viewserver.datasource.RecordUtils - SCHEDULED - Acually adding record rec to operator /datasources/user/table
19:23:03.269 [reactor-inproc://master1_2018-06-13T19:22:52.800+01:00] INFO  table-out - RX Subject Handling Add - 0
19:23:03.271 [contentType-inproc://master1_2018-06-13T19:22:52.800+01:00-0] INFO  io.viewserver.adapters.mongo.MongoRecordLoader - GOT DOCUMENT IN SNAPSHOT - 1 - Addition of snapshot listener for Mongo table null
19:23:03.272 [contentType-inproc://master1_2018-06-13T19:22:52.800+01:00-0] INFO  io.viewserver.datasource.RecordUtils - Scheduling addition to operator /datasources/contentType/table
19:23:03.272 [contentType-inproc://master1_2018-06-13T19:22:52.800+01:00-0] INFO  io.viewserver.adapters.mongo.MongoRecordLoader - GOT DOCUMENT IN SNAPSHOT - 2 - Addition of snapshot listener for Mongo table null
19:23:03.272 [contentType-inproc://master1_2018-06-13T19:22:52.800+01:00-0] INFO  io.viewserver.datasource.RecordUtils - Scheduling addition to operator /datasources/contentType/table
19:23:03.272 [contentType-inproc://master1_2018-06-13T19:22:52.800+01:00-0] INFO  io.viewserver.adapters.mongo.MongoRecordLoader - GOT DOCUMENT IN SNAPSHOT - 3 - Addition of snapshot listener for Mongo table null
19:23:03.272 [contentType-inproc://master1_2018-06-13T19:22:52.800+01:00-0] INFO  io.viewserver.datasource.RecordUtils - Scheduling addition to operator /datasources/contentType/table
19:23:03.272 [contentType-inproc://master1_2018-06-13T19:22:52.800+01:00-0] INFO  io.viewserver.adapters.mongo.MongoRecordLoader - GOT DOCUMENT IN SNAPSHOT - 5 - Addition of snapshot listener for Mongo table null
19:23:03.272 [contentType-inproc://master1_2018-06-13T19:22:52.800+01:00-0] INFO  io.viewserver.datasource.RecordUtils - Scheduling addition to operator /datasources/contentType/table
19:23:03.272 [contentType-inproc://master1_2018-06-13T19:22:52.800+01:00-0] INFO  io.viewserver.adapters.mongo.MongoRecordLoader - GOT DOCUMENT IN SNAPSHOT - 6 - Addition of snapshot listener for Mongo table null
19:23:03.272 [contentType-inproc://master1_2018-06-13T19:22:52.800+01:00-0] INFO  io.viewserver.datasource.RecordUtils - Scheduling addition to operator /datasources/contentType/table
19:23:03.274 [phoneNumber-inproc://master1_2018-06-13T19:22:52.800+01:00-0] INFO  io.viewserver.adapters.mongo.MongoRecordLoader - GOT DOCUMENT IN SNAPSHOT - 442038795446 - Addition of snapshot listener for Mongo table -1
19:23:03.274 [phoneNumber-inproc://master1_2018-06-13T19:22:52.800+01:00-0] INFO  io.viewserver.datasource.RecordUtils - Scheduling addition to operator /datasources/phoneNumber/table
19:23:03.274 [phoneNumber-inproc://master1_2018-06-13T19:22:52.800+01:00-0] INFO  io.viewserver.adapters.mongo.MongoRecordLoader - GOT DOCUMENT IN SNAPSHOT - 442038795447 - Addition of snapshot listener for Mongo table -1
19:23:03.274 [phoneNumber-inproc://master1_2018-06-13T19:22:52.800+01:00-0] INFO  io.viewserver.datasource.RecordUtils - Scheduling addition to operator /datasources/phoneNumber/table
19:23:03.282 [order-inproc://master1_2018-06-13T19:22:52.800+01:00-0] INFO  org.mongodb.driver.connection - Opened connection [connectionId{localValue:21, serverValue:693376}] to cluster0-shard-00-01-mvv2v.mongodb.net:27017
19:23:03.333 [reactor-inproc://master1_2018-06-13T19:22:52.800+01:00] INFO  com.shotgun.viewserver.servercomponents.UserOrderNotificationComponent - Found for user - 2BBui
19:23:03.337 [reactor-inproc://master1_2018-06-13T19:22:52.800+01:00] INFO  io.viewserver.server.components.DataSourceComponents - COMPLETED FINISHED WAITING order,user,orderWithResponses 
19:23:03.337 [reactor-inproc://master1_2018-06-13T19:22:52.800+01:00] INFO  com.shotgun.viewserver.servercomponents.UserOrderNotificationComponent - No products found for user 2BBui no notifications will be sent
19:23:03.337 [reactor-inproc://master1_2018-06-13T19:22:52.800+01:00] INFO  io.viewserver.datasource.RecordUtils - Finished adding record rec to operator /datasources/user/table
19:23:03.337 [reactor-inproc://master1_2018-06-13T19:22:52.800+01:00] INFO  io.viewserver.datasource.RecordUtils - SCHEDULED - Acually adding record rec to operator /datasources/user/table
19:23:03.337 [reactor-inproc://master1_2018-06-13T19:22:52.800+01:00] INFO  table-out - RX Subject Handling Add - 1
19:23:03.341 [reactor-inproc://master1_2018-06-13T19:22:52.800+01:00] INFO  com.shotgun.viewserver.servercomponents.UserOrderNotificationComponent - Found for user - 3ABCD24
19:23:03.342 [reactor-inproc://master1_2018-06-13T19:22:52.800+01:00] INFO  io.viewserver.server.components.DataSourceComponents - COMPLETED FINISHED WAITING order,user,orderWithResponses 
19:23:03.344 [product-inproc://master1_2018-06-13T19:22:52.800+01:00-0] INFO  io.viewserver.adapters.mongo.MongoRecordLoader - GOT DOCUMENT IN SNAPSHOT - SmallVan - Addition of snapshot listener for Mongo table null
19:23:03.344 [product-inproc://master1_2018-06-13T19:22:52.800+01:00-0] INFO  io.viewserver.datasource.RecordUtils - Scheduling addition to operator /datasources/product/table
19:23:03.344 [product-inproc://master1_2018-06-13T19:22:52.800+01:00-0] INFO  io.viewserver.adapters.mongo.MongoRecordLoader - GOT DOCUMENT IN SNAPSHOT - MediumVan - Addition of snapshot listener for Mongo table null
19:23:03.344 [product-inproc://master1_2018-06-13T19:22:52.800+01:00-0] INFO  io.viewserver.datasource.RecordUtils - Scheduling addition to operator /datasources/product/table
19:23:03.344 [product-inproc://master1_2018-06-13T19:22:52.800+01:00-0] INFO  io.viewserver.adapters.mongo.MongoRecordLoader - GOT DOCUMENT IN SNAPSHOT - LargeVan - Addition of snapshot listener for Mongo table null
19:23:03.344 [product-inproc://master1_2018-06-13T19:22:52.800+01:00-0] INFO  io.viewserver.datasource.RecordUtils - Scheduling addition to operator /datasources/product/table
19:23:03.344 [product-inproc://master1_2018-06-13T19:22:52.800+01:00-0] INFO  io.viewserver.adapters.mongo.MongoRecordLoader - GOT DOCUMENT IN SNAPSHOT - LutonLorry - Addition of snapshot listener for Mongo table null
19:23:03.344 [product-inproc://master1_2018-06-13T19:22:52.800+01:00-0] INFO  io.viewserver.datasource.RecordUtils - Scheduling addition to operator /datasources/product/table
19:23:03.344 [product-inproc://master1_2018-06-13T19:22:52.800+01:00-0] INFO  io.viewserver.adapters.mongo.MongoRecordLoader - GOT DOCUMENT IN SNAPSHOT - Carpenter - Addition of snapshot listener for Mongo table null
19:23:03.344 [product-inproc://master1_2018-06-13T19:22:52.800+01:00-0] INFO  io.viewserver.datasource.RecordUtils - Scheduling addition to operator /datasources/product/table
19:23:03.344 [product-inproc://master1_2018-06-13T19:22:52.800+01:00-0] INFO  io.viewserver.adapters.mongo.MongoRecordLoader - GOT DOCUMENT IN SNAPSHOT - GroundWorker - Addition of snapshot listener for Mongo table null
19:23:03.344 [product-inproc://master1_2018-06-13T19:22:52.800+01:00-0] INFO  io.viewserver.datasource.RecordUtils - Scheduling addition to operator /datasources/product/table
19:23:03.344 [product-inproc://master1_2018-06-13T19:22:52.800+01:00-0] INFO  io.viewserver.adapters.mongo.MongoRecordLoader - GOT DOCUMENT IN SNAPSHOT - Tiler - Addition of snapshot listener for Mongo table null
19:23:03.345 [product-inproc://master1_2018-06-13T19:22:52.800+01:00-0] INFO  io.viewserver.datasource.RecordUtils - Scheduling addition to operator /datasources/product/table
19:23:03.345 [product-inproc://master1_2018-06-13T19:22:52.800+01:00-0] INFO  io.viewserver.adapters.mongo.MongoRecordLoader - GOT DOCUMENT IN SNAPSHOT - Painter - Addition of snapshot listener for Mongo table null
19:23:03.345 [product-inproc://master1_2018-06-13T19:22:52.800+01:00-0] INFO  io.viewserver.datasource.RecordUtils - Scheduling addition to operator /datasources/product/table
19:23:03.345 [product-inproc://master1_2018-06-13T19:22:52.800+01:00-0] INFO  io.viewserver.adapters.mongo.MongoRecordLoader - GOT DOCUMENT IN SNAPSHOT - BrickLayer - Addition of snapshot listener for Mongo table null
19:23:03.345 [product-inproc://master1_2018-06-13T19:22:52.800+01:00-0] INFO  io.viewserver.datasource.RecordUtils - Scheduling addition to operator /datasources/product/table
19:23:03.345 [product-inproc://master1_2018-06-13T19:22:52.800+01:00-0] INFO  io.viewserver.adapters.mongo.MongoRecordLoader - GOT DOCUMENT IN SNAPSHOT - Plumber - Addition of snapshot listener for Mongo table null
19:23:03.345 [product-inproc://master1_2018-06-13T19:22:52.800+01:00-0] INFO  io.viewserver.datasource.RecordUtils - Scheduling addition to operator /datasources/product/table
19:23:03.345 [product-inproc://master1_2018-06-13T19:22:52.800+01:00-0] INFO  io.viewserver.adapters.mongo.MongoRecordLoader - GOT DOCUMENT IN SNAPSHOT - Plasterer - Addition of snapshot listener for Mongo table null
19:23:03.345 [product-inproc://master1_2018-06-13T19:22:52.800+01:00-0] INFO  io.viewserver.datasource.RecordUtils - Scheduling addition to operator /datasources/product/table
19:23:03.345 [product-inproc://master1_2018-06-13T19:22:52.800+01:00-0] INFO  io.viewserver.adapters.mongo.MongoRecordLoader - GOT DOCUMENT IN SNAPSHOT - Labourer - Addition of snapshot listener for Mongo table null
19:23:03.345 [product-inproc://master1_2018-06-13T19:22:52.800+01:00-0] INFO  io.viewserver.datasource.RecordUtils - Scheduling addition to operator /datasources/product/table
19:23:03.345 [product-inproc://master1_2018-06-13T19:22:52.800+01:00-0] INFO  io.viewserver.adapters.mongo.MongoRecordLoader - GOT DOCUMENT IN SNAPSHOT - HouseHoldQuarterVan - Addition of snapshot listener for Mongo table null
19:23:03.345 [product-inproc://master1_2018-06-13T19:22:52.800+01:00-0] INFO  io.viewserver.datasource.RecordUtils - Scheduling addition to operator /datasources/product/table
19:23:03.345 [product-inproc://master1_2018-06-13T19:22:52.800+01:00-0] INFO  io.viewserver.adapters.mongo.MongoRecordLoader - GOT DOCUMENT IN SNAPSHOT - HouseHoldHalfVan - Addition of snapshot listener for Mongo table null
19:23:03.345 [product-inproc://master1_2018-06-13T19:22:52.800+01:00-0] INFO  io.viewserver.datasource.RecordUtils - Scheduling addition to operator /datasources/product/table
19:23:03.345 [product-inproc://master1_2018-06-13T19:22:52.800+01:00-0] INFO  io.viewserver.adapters.mongo.MongoRecordLoader - GOT DOCUMENT IN SNAPSHOT - HouseHoldThreeQuarterVan - Addition of snapshot listener for Mongo table null
19:23:03.345 [product-inproc://master1_2018-06-13T19:22:52.800+01:00-0] INFO  io.viewserver.datasource.RecordUtils - Scheduling addition to operator /datasources/product/table
19:23:03.345 [product-inproc://master1_2018-06-13T19:22:52.800+01:00-0] INFO  io.viewserver.adapters.mongo.MongoRecordLoader - GOT DOCUMENT IN SNAPSHOT - HouseHoldFullVan - Addition of snapshot listener for Mongo table null
19:23:03.345 [product-inproc://master1_2018-06-13T19:22:52.800+01:00-0] INFO  io.viewserver.datasource.RecordUtils - Scheduling addition to operator /datasources/product/table
19:23:03.345 [product-inproc://master1_2018-06-13T19:22:52.800+01:00-0] INFO  io.viewserver.adapters.mongo.MongoRecordLoader - GOT DOCUMENT IN SNAPSHOT - CommercialHoldQuarterVan - Addition of snapshot listener for Mongo table null
19:23:03.345 [product-inproc://master1_2018-06-13T19:22:52.800+01:00-0] INFO  io.viewserver.datasource.RecordUtils - Scheduling addition to operator /datasources/product/table
19:23:03.345 [product-inproc://master1_2018-06-13T19:22:52.800+01:00-0] INFO  io.viewserver.adapters.mongo.MongoRecordLoader - GOT DOCUMENT IN SNAPSHOT - CommercialHoldHalfVan - Addition of snapshot listener for Mongo table null
19:23:03.345 [product-inproc://master1_2018-06-13T19:22:52.800+01:00-0] INFO  io.viewserver.datasource.RecordUtils - Scheduling addition to operator /datasources/product/table
19:23:03.345 [product-inproc://master1_2018-06-13T19:22:52.800+01:00-0] INFO  io.viewserver.adapters.mongo.MongoRecordLoader - GOT DOCUMENT IN SNAPSHOT - CommercialThreeQuarterVan - Addition of snapshot listener for Mongo table null
19:23:03.345 [product-inproc://master1_2018-06-13T19:22:52.800+01:00-0] INFO  io.viewserver.datasource.RecordUtils - Scheduling addition to operator /datasources/product/table
19:23:03.346 [product-inproc://master1_2018-06-13T19:22:52.800+01:00-0] INFO  io.viewserver.adapters.mongo.MongoRecordLoader - GOT DOCUMENT IN SNAPSHOT - CommercialFullVan - Addition of snapshot listener for Mongo table null
19:23:03.346 [product-inproc://master1_2018-06-13T19:22:52.800+01:00-0] INFO  io.viewserver.datasource.RecordUtils - Scheduling addition to operator /datasources/product/table
19:23:03.346 [product-inproc://master1_2018-06-13T19:22:52.800+01:00-0] INFO  io.viewserver.adapters.mongo.MongoRecordLoader - GOT DOCUMENT IN SNAPSHOT - 6YDSkip - Addition of snapshot listener for Mongo table null
19:23:03.346 [product-inproc://master1_2018-06-13T19:22:52.800+01:00-0] INFO  io.viewserver.datasource.RecordUtils - Scheduling addition to operator /datasources/product/table
19:23:03.346 [product-inproc://master1_2018-06-13T19:22:52.800+01:00-0] INFO  io.viewserver.adapters.mongo.MongoRecordLoader - GOT DOCUMENT IN SNAPSHOT - 8YDSkip - Addition of snapshot listener for Mongo table null
19:23:03.346 [product-inproc://master1_2018-06-13T19:22:52.800+01:00-0] INFO  io.viewserver.datasource.RecordUtils - Scheduling addition to operator /datasources/product/table
19:23:03.346 [product-inproc://master1_2018-06-13T19:22:52.800+01:00-0] INFO  io.viewserver.adapters.mongo.MongoRecordLoader - GOT DOCUMENT IN SNAPSHOT - 10YDSkip - Addition of snapshot listener for Mongo table null
19:23:03.346 [product-inproc://master1_2018-06-13T19:22:52.800+01:00-0] INFO  io.viewserver.datasource.RecordUtils - Scheduling addition to operator /datasources/product/table
19:23:03.346 [product-inproc://master1_2018-06-13T19:22:52.800+01:00-0] INFO  io.viewserver.adapters.mongo.MongoRecordLoader - GOT DOCUMENT IN SNAPSHOT - 12YDSkip - Addition of snapshot listener for Mongo table null
19:23:03.346 [product-inproc://master1_2018-06-13T19:22:52.800+01:00-0] INFO  io.viewserver.datasource.RecordUtils - Scheduling addition to operator /datasources/product/table
19:23:03.346 [product-inproc://master1_2018-06-13T19:22:52.800+01:00-0] INFO  io.viewserver.adapters.mongo.MongoRecordLoader - GOT DOCUMENT IN SNAPSHOT - GrabLoader - Addition of snapshot listener for Mongo table null
19:23:03.346 [product-inproc://master1_2018-06-13T19:22:52.800+01:00-0] INFO  io.viewserver.datasource.RecordUtils - Scheduling addition to operator /datasources/product/table
19:23:03.346 [product-inproc://master1_2018-06-13T19:22:52.800+01:00-0] INFO  io.viewserver.adapters.mongo.MongoRecordLoader - GOT DOCUMENT IN SNAPSHOT - 20YardCage - Addition of snapshot listener for Mongo table null
19:23:03.346 [product-inproc://master1_2018-06-13T19:22:52.800+01:00-0] INFO  io.viewserver.datasource.RecordUtils - Scheduling addition to operator /datasources/product/table
19:23:03.346 [product-inproc://master1_2018-06-13T19:22:52.800+01:00-0] INFO  io.viewserver.adapters.mongo.MongoRecordLoader - GOT DOCUMENT IN SNAPSHOT - 10YardCage - Addition of snapshot listener for Mongo table null
19:23:03.346 [product-inproc://master1_2018-06-13T19:22:52.800+01:00-0] INFO  io.viewserver.datasource.RecordUtils - Scheduling addition to operator /datasources/product/table
19:23:03.346 [product-inproc://master1_2018-06-13T19:22:52.800+01:00-0] INFO  io.viewserver.adapters.mongo.MongoRecordLoader - GOT DOCUMENT IN SNAPSHOT - 75TonneTipper - Addition of snapshot listener for Mongo table null
19:23:03.346 [product-inproc://master1_2018-06-13T19:22:52.800+01:00-0] INFO  io.viewserver.datasource.RecordUtils - Scheduling addition to operator /datasources/product/table
19:23:03.346 [product-inproc://master1_2018-06-13T19:22:52.800+01:00-0] INFO  io.viewserver.adapters.mongo.MongoRecordLoader - GOT DOCUMENT IN SNAPSHOT - LadderDouble12ft - Addition of snapshot listener for Mongo table null
19:23:03.346 [product-inproc://master1_2018-06-13T19:22:52.800+01:00-0] INFO  io.viewserver.datasource.RecordUtils - Scheduling addition to operator /datasources/product/table
19:23:03.346 [product-inproc://master1_2018-06-13T19:22:52.800+01:00-0] INFO  io.viewserver.adapters.mongo.MongoRecordLoader - GOT DOCUMENT IN SNAPSHOT - LadderTriple11ft - Addition of snapshot listener for Mongo table null
19:23:03.346 [product-inproc://master1_2018-06-13T19:22:52.800+01:00-0] INFO  io.viewserver.datasource.RecordUtils - Scheduling addition to operator /datasources/product/table
19:23:03.346 [product-inproc://master1_2018-06-13T19:22:52.800+01:00-0] INFO  io.viewserver.adapters.mongo.MongoRecordLoader - GOT DOCUMENT IN SNAPSHOT - LadderTriple17ft - Addition of snapshot listener for Mongo table null
19:23:03.346 [product-inproc://master1_2018-06-13T19:22:52.800+01:00-0] INFO  io.viewserver.datasource.RecordUtils - Scheduling addition to operator /datasources/product/table
19:23:03.347 [product-inproc://master1_2018-06-13T19:22:52.800+01:00-0] INFO  io.viewserver.adapters.mongo.MongoRecordLoader - GOT DOCUMENT IN SNAPSHOT - LadderRoof - Addition of snapshot listener for Mongo table null
19:23:03.347 [product-inproc://master1_2018-06-13T19:22:52.800+01:00-0] INFO  io.viewserver.datasource.RecordUtils - Scheduling addition to operator /datasources/product/table
19:23:03.347 [product-inproc://master1_2018-06-13T19:22:52.800+01:00-0] INFO  io.viewserver.adapters.mongo.MongoRecordLoader - GOT DOCUMENT IN SNAPSHOT - LadderStay - Addition of snapshot listener for Mongo table null
19:23:03.347 [product-inproc://master1_2018-06-13T19:22:52.800+01:00-0] INFO  io.viewserver.datasource.RecordUtils - Scheduling addition to operator /datasources/product/table
19:23:03.347 [product-inproc://master1_2018-06-13T19:22:52.800+01:00-0] INFO  io.viewserver.adapters.mongo.MongoRecordLoader - GOT DOCUMENT IN SNAPSHOT - Stepladder6ft(8tread) - Addition of snapshot listener for Mongo table null
19:23:03.347 [product-inproc://master1_2018-06-13T19:22:52.800+01:00-0] INFO  io.viewserver.datasource.RecordUtils - Scheduling addition to operator /datasources/product/table
19:23:03.347 [product-inproc://master1_2018-06-13T19:22:52.800+01:00-0] INFO  io.viewserver.adapters.mongo.MongoRecordLoader - GOT DOCUMENT IN SNAPSHOT - Stepladder8ft(10tread) - Addition of snapshot listener for Mongo table null
19:23:03.347 [product-inproc://master1_2018-06-13T19:22:52.800+01:00-0] INFO  io.viewserver.datasource.RecordUtils - Scheduling addition to operator /datasources/product/table
19:23:03.347 [product-inproc://master1_2018-06-13T19:22:52.800+01:00-0] INFO  io.viewserver.adapters.mongo.MongoRecordLoader - GOT DOCUMENT IN SNAPSHOT - Stepladder9ft(12tread) - Addition of snapshot listener for Mongo table null
19:23:03.347 [product-inproc://master1_2018-06-13T19:22:52.800+01:00-0] INFO  io.viewserver.datasource.RecordUtils - Scheduling addition to operator /datasources/product/table
19:23:03.347 [product-inproc://master1_2018-06-13T19:22:52.800+01:00-0] INFO  io.viewserver.adapters.mongo.MongoRecordLoader - GOT DOCUMENT IN SNAPSHOT - Stepladder10ft(14tread) - Addition of snapshot listener for Mongo table null
19:23:03.347 [product-inproc://master1_2018-06-13T19:22:52.800+01:00-0] INFO  io.viewserver.datasource.RecordUtils - Scheduling addition to operator /datasources/product/table
19:23:03.347 [product-inproc://master1_2018-06-13T19:22:52.800+01:00-0] INFO  io.viewserver.adapters.mongo.MongoRecordLoader - GOT DOCUMENT IN SNAPSHOT - LadderCombination(9tread) - Addition of snapshot listener for Mongo table null
19:23:03.347 [product-inproc://master1_2018-06-13T19:22:52.800+01:00-0] INFO  io.viewserver.datasource.RecordUtils - Scheduling addition to operator /datasources/product/table
19:23:03.347 [product-inproc://master1_2018-06-13T19:22:52.800+01:00-0] INFO  io.viewserver.adapters.mongo.MongoRecordLoader - GOT DOCUMENT IN SNAPSHOT - StepladderPodium - Addition of snapshot listener for Mongo table null
19:23:03.347 [product-inproc://master1_2018-06-13T19:22:52.800+01:00-0] INFO  io.viewserver.datasource.RecordUtils - Scheduling addition to operator /datasources/product/table
19:23:03.347 [product-inproc://master1_2018-06-13T19:22:52.800+01:00-0] INFO  io.viewserver.adapters.mongo.MongoRecordLoader - GOT DOCUMENT IN SNAPSHOT - StepladderFibreGlass6ft - Addition of snapshot listener for Mongo table null
19:23:03.347 [product-inproc://master1_2018-06-13T19:22:52.800+01:00-0] INFO  io.viewserver.datasource.RecordUtils - Scheduling addition to operator /datasources/product/table
19:23:03.347 [product-inproc://master1_2018-06-13T19:22:52.800+01:00-0] INFO  io.viewserver.adapters.mongo.MongoRecordLoader - GOT DOCUMENT IN SNAPSHOT - StepladderFibreGlass8ft - Addition of snapshot listener for Mongo table null
19:23:03.347 [product-inproc://master1_2018-06-13T19:22:52.800+01:00-0] INFO  io.viewserver.datasource.RecordUtils - Scheduling addition to operator /datasources/product/table
19:23:03.347 [product-inproc://master1_2018-06-13T19:22:52.800+01:00-0] INFO  io.viewserver.adapters.mongo.MongoRecordLoader - GOT DOCUMENT IN SNAPSHOT - ScaffoldBoard8_10_13ft - Addition of snapshot listener for Mongo table null
19:23:03.347 [product-inproc://master1_2018-06-13T19:22:52.800+01:00-0] INFO  io.viewserver.datasource.RecordUtils - Scheduling addition to operator /datasources/product/table
19:23:03.348 [product-inproc://master1_2018-06-13T19:22:52.800+01:00-0] INFO  io.viewserver.adapters.mongo.MongoRecordLoader - GOT DOCUMENT IN SNAPSHOT - TowerAluminium - Addition of snapshot listener for Mongo table null
19:23:03.348 [product-inproc://master1_2018-06-13T19:22:52.800+01:00-0] INFO  io.viewserver.datasource.RecordUtils - Scheduling addition to operator /datasources/product/table
19:23:03.348 [product-inproc://master1_2018-06-13T19:22:52.800+01:00-0] INFO  io.viewserver.adapters.mongo.MongoRecordLoader - GOT DOCUMENT IN SNAPSHOT - TrestleBandstand - Addition of snapshot listener for Mongo table null
19:23:03.348 [product-inproc://master1_2018-06-13T19:22:52.800+01:00-0] INFO  io.viewserver.datasource.RecordUtils - Scheduling addition to operator /datasources/product/table
19:23:03.348 [product-inproc://master1_2018-06-13T19:22:52.800+01:00-0] INFO  io.viewserver.adapters.mongo.MongoRecordLoader - GOT DOCUMENT IN SNAPSHOT - Staging12ft - Addition of snapshot listener for Mongo table null
19:23:03.348 [product-inproc://master1_2018-06-13T19:22:52.800+01:00-0] INFO  io.viewserver.datasource.RecordUtils - Scheduling addition to operator /datasources/product/table
19:23:03.348 [product-inproc://master1_2018-06-13T19:22:52.800+01:00-0] INFO  io.viewserver.adapters.mongo.MongoRecordLoader - GOT DOCUMENT IN SNAPSHOT - Staging14ft - Addition of snapshot listener for Mongo table null
19:23:03.348 [product-inproc://master1_2018-06-13T19:22:52.800+01:00-0] INFO  io.viewserver.datasource.RecordUtils - Scheduling addition to operator /datasources/product/table
19:23:03.348 [product-inproc://master1_2018-06-13T19:22:52.800+01:00-0] INFO  io.viewserver.adapters.mongo.MongoRecordLoader - GOT DOCUMENT IN SNAPSHOT - Staging16ft - Addition of snapshot listener for Mongo table null
19:23:03.348 [product-inproc://master1_2018-06-13T19:22:52.800+01:00-0] INFO  io.viewserver.datasource.RecordUtils - Scheduling addition to operator /datasources/product/table
19:23:03.348 [product-inproc://master1_2018-06-13T19:22:52.800+01:00-0] INFO  io.viewserver.adapters.mongo.MongoRecordLoader - GOT DOCUMENT IN SNAPSHOT - LadderDouble15ft - Addition of snapshot listener for Mongo table null
19:23:03.348 [product-inproc://master1_2018-06-13T19:22:52.800+01:00-0] INFO  io.viewserver.datasource.RecordUtils - Scheduling addition to operator /datasources/product/table
19:23:03.348 [product-inproc://master1_2018-06-13T19:22:52.800+01:00-0] INFO  io.viewserver.adapters.mongo.MongoRecordLoader - GOT DOCUMENT IN SNAPSHOT - Stepladder4ft(6tread) - Addition of snapshot listener for Mongo table null
19:23:03.348 [product-inproc://master1_2018-06-13T19:22:52.800+01:00-0] INFO  io.viewserver.datasource.RecordUtils - Scheduling addition to operator /datasources/product/table
19:23:03.348 [product-inproc://master1_2018-06-13T19:22:52.800+01:00-0] INFO  io.viewserver.adapters.mongo.MongoRecordLoader - GOT DOCUMENT IN SNAPSHOT - LadderTriple8ft - Addition of snapshot listener for Mongo table null
19:23:03.348 [product-inproc://master1_2018-06-13T19:22:52.800+01:00-0] INFO  io.viewserver.datasource.RecordUtils - Scheduling addition to operator /datasources/product/table
19:23:03.348 [product-inproc://master1_2018-06-13T19:22:52.800+01:00-0] INFO  io.viewserver.adapters.mongo.MongoRecordLoader - GOT DOCUMENT IN SNAPSHOT - LadderCombination(10tread) - Addition of snapshot listener for Mongo table null
19:23:03.348 [product-inproc://master1_2018-06-13T19:22:52.800+01:00-0] INFO  io.viewserver.datasource.RecordUtils - Scheduling addition to operator /datasources/product/table
19:23:03.348 [product-inproc://master1_2018-06-13T19:22:52.800+01:00-0] INFO  io.viewserver.adapters.mongo.MongoRecordLoader - GOT DOCUMENT IN SNAPSHOT - LadderCombination(14tread) - Addition of snapshot listener for Mongo table null
19:23:03.348 [product-inproc://master1_2018-06-13T19:22:52.800+01:00-0] INFO  io.viewserver.datasource.RecordUtils - Scheduling addition to operator /datasources/product/table
19:23:03.348 [product-inproc://master1_2018-06-13T19:22:52.800+01:00-0] INFO  io.viewserver.adapters.mongo.MongoRecordLoader - GOT DOCUMENT IN SNAPSHOT - DrillHammer110v(2speed) - Addition of snapshot listener for Mongo table null
19:23:03.349 [product-inproc://master1_2018-06-13T19:22:52.800+01:00-0] INFO  io.viewserver.datasource.RecordUtils - Scheduling addition to operator /datasources/product/table
19:23:03.349 [product-inproc://master1_2018-06-13T19:22:52.800+01:00-0] INFO  io.viewserver.adapters.mongo.MongoRecordLoader - GOT DOCUMENT IN SNAPSHOT - DrillBench240v - Addition of snapshot listener for Mongo table null
19:23:03.349 [product-inproc://master1_2018-06-13T19:22:52.800+01:00-0] INFO  io.viewserver.datasource.RecordUtils - Scheduling addition to operator /datasources/product/table
19:23:03.349 [product-inproc://master1_2018-06-13T19:22:52.800+01:00-0] INFO  io.viewserver.adapters.mongo.MongoRecordLoader - GOT DOCUMENT IN SNAPSHOT - DrillCordless - Addition of snapshot listener for Mongo table null
19:23:03.349 [product-inproc://master1_2018-06-13T19:22:52.800+01:00-0] INFO  io.viewserver.datasource.RecordUtils - Scheduling addition to operator /datasources/product/table
19:23:03.349 [product-inproc://master1_2018-06-13T19:22:52.800+01:00-0] INFO  io.viewserver.adapters.mongo.MongoRecordLoader - GOT DOCUMENT IN SNAPSHOT - DrillDiamond110v - Addition of snapshot listener for Mongo table null
19:23:03.349 [product-inproc://master1_2018-06-13T19:22:52.800+01:00-0] INFO  io.viewserver.datasource.RecordUtils - Scheduling addition to operator /datasources/product/table
19:23:03.349 [product-inproc://master1_2018-06-13T19:22:52.800+01:00-0] INFO  io.viewserver.adapters.mongo.MongoRecordLoader - GOT DOCUMENT IN SNAPSHOT - DrillRightAngle110v - Addition of snapshot listener for Mongo table null
19:23:03.349 [product-inproc://master1_2018-06-13T19:22:52.800+01:00-0] INFO  io.viewserver.datasource.RecordUtils - Scheduling addition to operator /datasources/product/table
19:23:03.349 [product-inproc://master1_2018-06-13T19:22:52.800+01:00-0] INFO  io.viewserver.adapters.mongo.MongoRecordLoader - GOT DOCUMENT IN SNAPSHOT - DrillSDS110v - Addition of snapshot listener for Mongo table null
19:23:03.349 [product-inproc://master1_2018-06-13T19:22:52.800+01:00-0] INFO  io.viewserver.datasource.RecordUtils - Scheduling addition to operator /datasources/product/table
19:23:03.349 [product-inproc://master1_2018-06-13T19:22:52.800+01:00-0] INFO  io.viewserver.adapters.mongo.MongoRecordLoader - GOT DOCUMENT IN SNAPSHOT - DrillPlasterers110v - Addition of snapshot listener for Mongo table null
19:23:03.349 [product-inproc://master1_2018-06-13T19:22:52.800+01:00-0] INFO  io.viewserver.datasource.RecordUtils - Scheduling addition to operator /datasources/product/table
19:23:03.349 [product-inproc://master1_2018-06-13T19:22:52.800+01:00-0] INFO  io.viewserver.adapters.mongo.MongoRecordLoader - GOT DOCUMENT IN SNAPSHOT - BreakerHeavy110v - Addition of snapshot listener for Mongo table null
19:23:03.349 [product-inproc://master1_2018-06-13T19:22:52.800+01:00-0] INFO  io.viewserver.datasource.RecordUtils - Scheduling addition to operator /datasources/product/table
19:23:03.349 [product-inproc://master1_2018-06-13T19:22:52.800+01:00-0] INFO  io.viewserver.adapters.mongo.MongoRecordLoader - GOT DOCUMENT IN SNAPSHOT - BreakerMedium110v - Addition of snapshot listener for Mongo table null
19:23:03.349 [product-inproc://master1_2018-06-13T19:22:52.800+01:00-0] INFO  io.viewserver.datasource.RecordUtils - Scheduling addition to operator /datasources/product/table
19:23:03.349 [product-inproc://master1_2018-06-13T19:22:52.800+01:00-0] INFO  io.viewserver.adapters.mongo.MongoRecordLoader - GOT DOCUMENT IN SNAPSHOT - CoreDrillTungsten - Addition of snapshot listener for Mongo table null
19:23:03.349 [product-inproc://master1_2018-06-13T19:22:52.800+01:00-0] INFO  io.viewserver.datasource.RecordUtils - Scheduling addition to operator /datasources/product/table
19:23:03.350 [product-inproc://master1_2018-06-13T19:22:52.800+01:00-0] INFO  io.viewserver.adapters.mongo.MongoRecordLoader - GOT DOCUMENT IN SNAPSHOT - CoreDrillDiamond22mm - Addition of snapshot listener for Mongo table null
19:23:03.350 [product-inproc://master1_2018-06-13T19:22:52.800+01:00-0] INFO  io.viewserver.datasource.RecordUtils - Scheduling addition to operator /datasources/product/table
19:23:03.350 [product-inproc://master1_2018-06-13T19:22:52.800+01:00-0] INFO  io.viewserver.adapters.mongo.MongoRecordLoader - GOT DOCUMENT IN SNAPSHOT - CoreDrillDiamond25mm - Addition of snapshot listener for Mongo table null
19:23:03.350 [product-inproc://master1_2018-06-13T19:22:52.800+01:00-0] INFO  io.viewserver.datasource.RecordUtils - Scheduling addition to operator /datasources/product/table
19:23:03.350 [product-inproc://master1_2018-06-13T19:22:52.800+01:00-0] INFO  io.viewserver.adapters.mongo.MongoRecordLoader - GOT DOCUMENT IN SNAPSHOT - CoreDrillDiamond35mm - Addition of snapshot listener for Mongo table null
19:23:03.350 [product-inproc://master1_2018-06-13T19:22:52.800+01:00-0] INFO  io.viewserver.datasource.RecordUtils - Scheduling addition to operator /datasources/product/table
19:23:03.350 [product-inproc://master1_2018-06-13T19:22:52.800+01:00-0] INFO  io.viewserver.adapters.mongo.MongoRecordLoader - GOT DOCUMENT IN SNAPSHOT - CoreDrillDiamond50mm - Addition of snapshot listener for Mongo table null
19:23:03.350 [product-inproc://master1_2018-06-13T19:22:52.800+01:00-0] INFO  io.viewserver.datasource.RecordUtils - Scheduling addition to operator /datasources/product/table
19:23:03.350 [product-inproc://master1_2018-06-13T19:22:52.800+01:00-0] INFO  io.viewserver.adapters.mongo.MongoRecordLoader - GOT DOCUMENT IN SNAPSHOT - CoreDrillDiamond65mm - Addition of snapshot listener for Mongo table null
19:23:03.350 [product-inproc://master1_2018-06-13T19:22:52.800+01:00-0] INFO  io.viewserver.datasource.RecordUtils - Scheduling addition to operator /datasources/product/table
19:23:03.350 [product-inproc://master1_2018-06-13T19:22:52.800+01:00-0] INFO  io.viewserver.adapters.mongo.MongoRecordLoader - GOT DOCUMENT IN SNAPSHOT - CoreDrillDiamond76mm - Addition of snapshot listener for Mongo table null
19:23:03.350 [product-inproc://master1_2018-06-13T19:22:52.800+01:00-0] INFO  io.viewserver.datasource.RecordUtils - Scheduling addition to operator /datasources/product/table
19:23:03.350 [product-inproc://master1_2018-06-13T19:22:52.800+01:00-0] INFO  io.viewserver.adapters.mongo.MongoRecordLoader - GOT DOCUMENT IN SNAPSHOT - CoreDrillDiamond102mm - Addition of snapshot listener for Mongo table null
19:23:03.350 [product-inproc://master1_2018-06-13T19:22:52.800+01:00-0] INFO  io.viewserver.datasource.RecordUtils - Scheduling addition to operator /datasources/product/table
19:23:03.350 [product-inproc://master1_2018-06-13T19:22:52.800+01:00-0] INFO  io.viewserver.adapters.mongo.MongoRecordLoader - GOT DOCUMENT IN SNAPSHOT - CoreDrillDiamond127mm - Addition of snapshot listener for Mongo table null
19:23:03.350 [product-inproc://master1_2018-06-13T19:22:52.800+01:00-0] INFO  io.viewserver.datasource.RecordUtils - Scheduling addition to operator /datasources/product/table
19:23:03.350 [product-inproc://master1_2018-06-13T19:22:52.800+01:00-0] INFO  io.viewserver.adapters.mongo.MongoRecordLoader - GOT DOCUMENT IN SNAPSHOT - CoreDrillDiamond152mm - Addition of snapshot listener for Mongo table null
19:23:03.350 [product-inproc://master1_2018-06-13T19:22:52.800+01:00-0] INFO  io.viewserver.datasource.RecordUtils - Scheduling addition to operator /datasources/product/table
19:23:03.350 [product-inproc://master1_2018-06-13T19:22:52.800+01:00-0] INFO  io.viewserver.adapters.mongo.MongoRecordLoader - GOT DOCUMENT IN SNAPSHOT - DrillMagnetic110v12-50mm - Addition of snapshot listener for Mongo table null
19:23:03.350 [product-inproc://master1_2018-06-13T19:22:52.800+01:00-0] INFO  io.viewserver.datasource.RecordUtils - Scheduling addition to operator /datasources/product/table
19:23:03.350 [product-inproc://master1_2018-06-13T19:22:52.800+01:00-0] INFO  io.viewserver.adapters.mongo.MongoRecordLoader - GOT DOCUMENT IN SNAPSHOT - BreakerHydraulic - Addition of snapshot listener for Mongo table null
19:23:03.350 [product-inproc://master1_2018-06-13T19:22:52.800+01:00-0] INFO  io.viewserver.datasource.RecordUtils - Scheduling addition to operator /datasources/product/table
19:23:03.351 [product-inproc://master1_2018-06-13T19:22:52.800+01:00-0] INFO  io.viewserver.adapters.mongo.MongoRecordLoader - GOT DOCUMENT IN SNAPSHOT - SDSMaxDrillBreaker - Addition of snapshot listener for Mongo table null
19:23:03.351 [product-inproc://master1_2018-06-13T19:22:52.800+01:00-0] INFO  io.viewserver.datasource.RecordUtils - Scheduling addition to operator /datasources/product/table
19:23:03.351 [product-inproc://master1_2018-06-13T19:22:52.800+01:00-0] INFO  io.viewserver.adapters.mongo.MongoRecordLoader - GOT DOCUMENT IN SNAPSHOT - Acrow0 - Addition of snapshot listener for Mongo table null
19:23:03.351 [product-inproc://master1_2018-06-13T19:22:52.800+01:00-0] INFO  io.viewserver.datasource.RecordUtils - Scheduling addition to operator /datasources/product/table
19:23:03.351 [product-inproc://master1_2018-06-13T19:22:52.800+01:00-0] INFO  io.viewserver.adapters.mongo.MongoRecordLoader - GOT DOCUMENT IN SNAPSHOT - Acrow3_4 - Addition of snapshot listener for Mongo table null
19:23:03.351 [product-inproc://master1_2018-06-13T19:22:52.800+01:00-0] INFO  io.viewserver.datasource.RecordUtils - Scheduling addition to operator /datasources/product/table
19:23:03.351 [product-inproc://master1_2018-06-13T19:22:52.800+01:00-0] INFO  io.viewserver.adapters.mongo.MongoRecordLoader - GOT DOCUMENT IN SNAPSHOT - Strongboy - Addition of snapshot listener for Mongo table null
19:23:03.352 [product-inproc://master1_2018-06-13T19:22:52.800+01:00-0] INFO  io.viewserver.datasource.RecordUtils - Scheduling addition to operator /datasources/product/table
19:23:03.352 [product-inproc://master1_2018-06-13T19:22:52.800+01:00-0] INFO  io.viewserver.adapters.mongo.MongoRecordLoader - GOT DOCUMENT IN SNAPSHOT - BitumenBoiler - Addition of snapshot listener for Mongo table null
19:23:03.352 [product-inproc://master1_2018-06-13T19:22:52.800+01:00-0] INFO  io.viewserver.datasource.RecordUtils - Scheduling addition to operator /datasources/product/table
19:23:03.352 [product-inproc://master1_2018-06-13T19:22:52.800+01:00-0] INFO  io.viewserver.adapters.mongo.MongoRecordLoader - GOT DOCUMENT IN SNAPSHOT - DampMeter - Addition of snapshot listener for Mongo table null
19:23:03.352 [product-inproc://master1_2018-06-13T19:22:52.800+01:00-0] INFO  io.viewserver.datasource.RecordUtils - Scheduling addition to operator /datasources/product/table
19:23:03.352 [product-inproc://master1_2018-06-13T19:22:52.800+01:00-0] INFO  io.viewserver.adapters.mongo.MongoRecordLoader - GOT DOCUMENT IN SNAPSHOT - DampProofingInjector110v - Addition of snapshot listener for Mongo table null
19:23:03.353 [product-inproc://master1_2018-06-13T19:22:52.800+01:00-0] INFO  io.viewserver.datasource.RecordUtils - Scheduling addition to operator /datasources/product/table
19:23:03.353 [product-inproc://master1_2018-06-13T19:22:52.800+01:00-0] INFO  io.viewserver.adapters.mongo.MongoRecordLoader - GOT DOCUMENT IN SNAPSHOT - RubbishChute(persection) - Addition of snapshot listener for Mongo table null
19:23:03.353 [product-inproc://master1_2018-06-13T19:22:52.800+01:00-0] INFO  io.viewserver.datasource.RecordUtils - Scheduling addition to operator /datasources/product/table
19:23:03.353 [product-inproc://master1_2018-06-13T19:22:52.800+01:00-0] INFO  io.viewserver.adapters.mongo.MongoRecordLoader - GOT DOCUMENT IN SNAPSHOT - SiteSafe - Addition of snapshot listener for Mongo table null
19:23:03.353 [product-inproc://master1_2018-06-13T19:22:52.800+01:00-0] INFO  io.viewserver.datasource.RecordUtils - Scheduling addition to operator /datasources/product/table
19:23:03.353 [product-inproc://master1_2018-06-13T19:22:52.800+01:00-0] INFO  io.viewserver.adapters.mongo.MongoRecordLoader - GOT DOCUMENT IN SNAPSHOT - Transformer1.5-3kVa - Addition of snapshot listener for Mongo table null
19:23:03.353 [product-inproc://master1_2018-06-13T19:22:52.800+01:00-0] INFO  io.viewserver.datasource.RecordUtils - Scheduling addition to operator /datasources/product/table
19:23:03.354 [product-inproc://master1_2018-06-13T19:22:52.800+01:00-0] INFO  io.viewserver.adapters.mongo.MongoRecordLoader - GOT DOCUMENT IN SNAPSHOT - Transformer5kVa - Addition of snapshot listener for Mongo table null
19:23:03.354 [product-inproc://master1_2018-06-13T19:22:52.800+01:00-0] INFO  io.viewserver.datasource.RecordUtils - Scheduling addition to operator /datasources/product/table
19:23:03.354 [product-inproc://master1_2018-06-13T19:22:52.800+01:00-0] INFO  io.viewserver.adapters.mongo.MongoRecordLoader - GOT DOCUMENT IN SNAPSHOT - Transformer10kVa(site) - Addition of snapshot listener for Mongo table null
19:23:03.354 [product-inproc://master1_2018-06-13T19:22:52.800+01:00-0] INFO  io.viewserver.datasource.RecordUtils - Scheduling addition to operator /datasources/product/table
19:23:03.354 [product-inproc://master1_2018-06-13T19:22:52.800+01:00-0] INFO  io.viewserver.adapters.mongo.MongoRecordLoader - GOT DOCUMENT IN SNAPSHOT - Barriers(per2msection) - Addition of snapshot listener for Mongo table null
19:23:03.354 [product-inproc://master1_2018-06-13T19:22:52.800+01:00-0] INFO  io.viewserver.datasource.RecordUtils - Scheduling addition to operator /datasources/product/table
19:23:03.354 [product-inproc://master1_2018-06-13T19:22:52.800+01:00-0] INFO  io.viewserver.adapters.mongo.MongoRecordLoader - GOT DOCUMENT IN SNAPSHOT - Acrow1_2 - Addition of snapshot listener for Mongo table null
19:23:03.354 [product-inproc://master1_2018-06-13T19:22:52.800+01:00-0] INFO  io.viewserver.datasource.RecordUtils - Scheduling addition to operator /datasources/product/table
19:23:03.354 [product-inproc://master1_2018-06-13T19:22:52.800+01:00-0] INFO  io.viewserver.adapters.mongo.MongoRecordLoader - GOT DOCUMENT IN SNAPSHOT - CarpetCleaner - Addition of snapshot listener for Mongo table null
19:23:03.355 [product-inproc://master1_2018-06-13T19:22:52.800+01:00-0] INFO  io.viewserver.datasource.RecordUtils - Scheduling addition to operator /datasources/product/table
19:23:03.355 [product-inproc://master1_2018-06-13T19:22:52.800+01:00-0] INFO  io.viewserver.adapters.mongo.MongoRecordLoader - GOT DOCUMENT IN SNAPSHOT - CarpetStretcher - Addition of snapshot listener for Mongo table null
19:23:03.355 [product-inproc://master1_2018-06-13T19:22:52.800+01:00-0] INFO  io.viewserver.datasource.RecordUtils - Scheduling addition to operator /datasources/product/table
19:23:03.355 [product-inproc://master1_2018-06-13T19:22:52.800+01:00-0] INFO  io.viewserver.adapters.mongo.MongoRecordLoader - GOT DOCUMENT IN SNAPSHOT - FloorPolisher240v - Addition of snapshot listener for Mongo table null
19:23:03.355 [product-inproc://master1_2018-06-13T19:22:52.800+01:00-0] INFO  io.viewserver.datasource.RecordUtils - Scheduling addition to operator /datasources/product/table
19:23:03.355 [product-inproc://master1_2018-06-13T19:22:52.800+01:00-0] INFO  io.viewserver.adapters.mongo.MongoRecordLoader - GOT DOCUMENT IN SNAPSHOT - FumeExtractor110v - Addition of snapshot listener for Mongo table null
19:23:03.355 [product-inproc://master1_2018-06-13T19:22:52.800+01:00-0] INFO  io.viewserver.datasource.RecordUtils - Scheduling addition to operator /datasources/product/table
19:23:03.355 [product-inproc://master1_2018-06-13T19:22:52.800+01:00-0] INFO  io.viewserver.adapters.mongo.MongoRecordLoader - GOT DOCUMENT IN SNAPSHOT - PressureWasher240v1500psi - Addition of snapshot listener for Mongo table null
19:23:03.355 [product-inproc://master1_2018-06-13T19:22:52.800+01:00-0] INFO  io.viewserver.datasource.RecordUtils - Scheduling addition to operator /datasources/product/table
19:23:03.355 [product-inproc://master1_2018-06-13T19:22:52.800+01:00-0] INFO  io.viewserver.adapters.mongo.MongoRecordLoader - GOT DOCUMENT IN SNAPSHOT - PressureWasher240v2500psi - Addition of snapshot listener for Mongo table null
19:23:03.356 [product-inproc://master1_2018-06-13T19:22:52.800+01:00-0] INFO  io.viewserver.datasource.RecordUtils - Scheduling addition to operator /datasources/product/table
19:23:03.356 [product-inproc://master1_2018-06-13T19:22:52.800+01:00-0] INFO  io.viewserver.adapters.mongo.MongoRecordLoader - GOT DOCUMENT IN SNAPSHOT - VacuumCleanerIndustrial240v - Addition of snapshot listener for Mongo table null
19:23:03.356 [product-inproc://master1_2018-06-13T19:22:52.800+01:00-0] INFO  io.viewserver.datasource.RecordUtils - Scheduling addition to operator /datasources/product/table
19:23:03.356 [product-inproc://master1_2018-06-13T19:22:52.800+01:00-0] INFO  io.viewserver.adapters.mongo.MongoRecordLoader - GOT DOCUMENT IN SNAPSHOT - VacuumCleanerHenry240v - Addition of snapshot listener for Mongo table null
19:23:03.356 [product-inproc://master1_2018-06-13T19:22:52.800+01:00-0] INFO  io.viewserver.datasource.RecordUtils - Scheduling addition to operator /datasources/product/table
19:23:03.356 [product-inproc://master1_2018-06-13T19:22:52.800+01:00-0] INFO  io.viewserver.adapters.mongo.MongoRecordLoader - GOT DOCUMENT IN SNAPSHOT - FloorTileRemover - Addition of snapshot listener for Mongo table null
19:23:03.356 [product-inproc://master1_2018-06-13T19:22:52.800+01:00-0] INFO  io.viewserver.datasource.RecordUtils - Scheduling addition to operator /datasources/product/table
19:23:03.356 [product-inproc://master1_2018-06-13T19:22:52.800+01:00-0] INFO  io.viewserver.adapters.mongo.MongoRecordLoader - GOT DOCUMENT IN SNAPSHOT - CementMixer240v - Addition of snapshot listener for Mongo table null
19:23:03.356 [product-inproc://master1_2018-06-13T19:22:52.800+01:00-0] INFO  io.viewserver.datasource.RecordUtils - Scheduling addition to operator /datasources/product/table
19:23:03.356 [product-inproc://master1_2018-06-13T19:22:52.800+01:00-0] INFO  io.viewserver.adapters.mongo.MongoRecordLoader - GOT DOCUMENT IN SNAPSHOT - CementMixer110v - Addition of snapshot listener for Mongo table null
19:23:03.356 [product-inproc://master1_2018-06-13T19:22:52.800+01:00-0] INFO  io.viewserver.datasource.RecordUtils - Scheduling addition to operator /datasources/product/table
19:23:03.357 [product-inproc://master1_2018-06-13T19:22:52.800+01:00-0] INFO  io.viewserver.adapters.mongo.MongoRecordLoader - GOT DOCUMENT IN SNAPSHOT - CompactorLight - Addition of snapshot listener for Mongo table null
19:23:03.357 [product-inproc://master1_2018-06-13T19:22:52.800+01:00-0] INFO  io.viewserver.datasource.RecordUtils - Scheduling addition to operator /datasources/product/table
19:23:03.357 [product-inproc://master1_2018-06-13T19:22:52.800+01:00-0] INFO  io.viewserver.adapters.mongo.MongoRecordLoader - GOT DOCUMENT IN SNAPSHOT - EasyFloatConcreteFinisher - Addition of snapshot listener for Mongo table null
19:23:03.357 [product-inproc://master1_2018-06-13T19:22:52.800+01:00-0] INFO  io.viewserver.datasource.RecordUtils - Scheduling addition to operator /datasources/product/table
19:23:03.358 [product-inproc://master1_2018-06-13T19:22:52.800+01:00-0] INFO  io.viewserver.adapters.mongo.MongoRecordLoader - GOT DOCUMENT IN SNAPSHOT - NeedleGun110v - Addition of snapshot listener for Mongo table null
19:23:03.359 [product-inproc://master1_2018-06-13T19:22:52.800+01:00-0] INFO  io.viewserver.datasource.RecordUtils - Scheduling addition to operator /datasources/product/table
19:23:03.411 [reactor-inproc://master1_2018-06-13T19:22:52.800+01:00] INFO  com.shotgun.viewserver.servercomponents.UserOrderNotificationComponent - Subscribe command for context: {
  "reportName" : "orderRequest",
  "parameterValues" : {
    "showOutOfRange" : [ "true" ],
    "showUnrelated" : [ "true" ],
    "partnerLatitude" : [ 0 ],
    "partnerLongitude" : [ 0 ],
    "maxDistance" : [ 0 ],
    "@userId" : [ "3ABCD24" ]
  },
  "dimensionValues" : [ {
    "name" : "dimension_customerUserId",
    "exclude" : true,
    "values" : [ "3ABCD24" ]
  }, {
    "name" : "dimension_status",
    "exclude" : false,
    "values" : [ "PLACED" ]
  }, {
    "name" : "dimension_productId",
    "exclude" : false,
    "values" : [ "SmallVan", "MediumVan", "BrickLayer", "Carpenter" ]
  } ],
  "childContexts" : [ ]
}
Options: {
  "offset" : 0,
  "limit" : 100,
  "columnsToSort" : [ {
    "name" : "requiredDate",
    "descending" : true
  }, {
    "name" : "lastModified",
    "descending" : true
  } ],
  "filterMode" : "Transparent"
}
19:23:03.425 [reactor-inproc://master1_2018-06-13T19:22:52.800+01:00] INFO  io.viewserver.datasource.RecordUtils - Finished adding record rec to operator /datasources/user/table
19:23:03.425 [reactor-inproc://master1_2018-06-13T19:22:52.800+01:00] INFO  io.viewserver.datasource.RecordUtils - SCHEDULED - Acually adding record rec to operator /datasources/user/table
19:23:03.426 [reactor-inproc://master1_2018-06-13T19:22:52.800+01:00] INFO  table-out - RX Subject Handling Add - 2
19:23:03.426 [reactor-inproc://master1_2018-06-13T19:22:52.800+01:00] INFO  com.shotgun.viewserver.servercomponents.UserOrderNotificationComponent - Found for user - 3ABCD23
19:23:03.427 [reactor-inproc://master1_2018-06-13T19:22:52.800+01:00] INFO  io.viewserver.server.components.DataSourceComponents - COMPLETED FINISHED WAITING order,user,orderWithResponses 
19:23:03.433 [reactor-inproc://master1_2018-06-13T19:22:52.800+01:00] INFO  com.shotgun.viewserver.servercomponents.UserOrderNotificationComponent - Subscribe command for context: {
  "reportName" : "orderRequest",
  "parameterValues" : {
    "showOutOfRange" : [ "true" ],
    "showUnrelated" : [ "true" ],
    "partnerLatitude" : [ 0 ],
    "partnerLongitude" : [ 0 ],
    "maxDistance" : [ 0 ],
    "@userId" : [ "3ABCD23" ]
  },
  "dimensionValues" : [ {
    "name" : "dimension_customerUserId",
    "exclude" : true,
    "values" : [ "3ABCD23" ]
  }, {
    "name" : "dimension_status",
    "exclude" : false,
    "values" : [ "PLACED" ]
  }, {
    "name" : "dimension_productId",
    "exclude" : false,
    "values" : [ "SmallVan", "MediumVan", "BrickLayer", "Carpenter" ]
  } ],
  "childContexts" : [ ]
}
Options: {
  "offset" : 0,
  "limit" : 100,
  "columnsToSort" : [ {
    "name" : "requiredDate",
    "descending" : true
  }, {
    "name" : "lastModified",
    "descending" : true
  } ],
  "filterMode" : "Transparent"
}
19:23:03.438 [reactor-inproc://master1_2018-06-13T19:22:52.800+01:00] INFO  io.viewserver.datasource.RecordUtils - Finished adding record rec to operator /datasources/user/table
19:23:03.438 [reactor-inproc://master1_2018-06-13T19:22:52.800+01:00] INFO  io.viewserver.datasource.RecordUtils - SCHEDULED - Acually adding record rec to operator /datasources/user/table
19:23:03.439 [reactor-inproc://master1_2018-06-13T19:22:52.800+01:00] INFO  table-out - RX Subject Handling Add - 3
19:23:03.440 [reactor-inproc://master1_2018-06-13T19:22:52.800+01:00] INFO  com.shotgun.viewserver.servercomponents.UserOrderNotificationComponent - Found for user - 3ABCD22
19:23:03.442 [reactor-inproc://master1_2018-06-13T19:22:52.800+01:00] INFO  io.viewserver.server.components.DataSourceComponents - COMPLETED FINISHED WAITING order,user,orderWithResponses 
19:23:03.454 [reactor-inproc://master1_2018-06-13T19:22:52.800+01:00] INFO  com.shotgun.viewserver.servercomponents.UserOrderNotificationComponent - Subscribe command for context: {
  "reportName" : "orderRequest",
  "parameterValues" : {
    "showOutOfRange" : [ "true" ],
    "showUnrelated" : [ "true" ],
    "partnerLatitude" : [ 0 ],
    "partnerLongitude" : [ 0 ],
    "maxDistance" : [ 0 ],
    "@userId" : [ "3ABCD22" ]
  },
  "dimensionValues" : [ {
    "name" : "dimension_customerUserId",
    "exclude" : true,
    "values" : [ "3ABCD22" ]
  }, {
    "name" : "dimension_status",
    "exclude" : false,
    "values" : [ "PLACED" ]
  }, {
    "name" : "dimension_productId",
    "exclude" : false,
    "values" : [ "SmallVan", "MediumVan", "BrickLayer", "Carpenter" ]
  } ],
  "childContexts" : [ ]
}
Options: {
  "offset" : 0,
  "limit" : 100,
  "columnsToSort" : [ {
    "name" : "requiredDate",
    "descending" : true
  }, {
    "name" : "lastModified",
    "descending" : true
  } ],
  "filterMode" : "Transparent"
}
19:23:03.460 [reactor-inproc://master1_2018-06-13T19:22:52.800+01:00] INFO  io.viewserver.datasource.RecordUtils - Finished adding record rec to operator /datasources/user/table
19:23:03.460 [reactor-inproc://master1_2018-06-13T19:22:52.800+01:00] INFO  io.viewserver.datasource.RecordUtils - SCHEDULED - Acually adding record rec to operator /datasources/user/table
19:23:03.460 [reactor-inproc://master1_2018-06-13T19:22:52.800+01:00] INFO  table-out - RX Subject Handling Add - 4
19:23:03.460 [reactor-inproc://master1_2018-06-13T19:22:52.800+01:00] INFO  com.shotgun.viewserver.servercomponents.UserOrderNotificationComponent - Found for user - 2BBui1
19:23:03.461 [reactor-inproc://master1_2018-06-13T19:22:52.800+01:00] INFO  io.viewserver.server.components.DataSourceComponents - COMPLETED FINISHED WAITING order,user,orderWithResponses 
19:23:03.461 [reactor-inproc://master1_2018-06-13T19:22:52.800+01:00] INFO  com.shotgun.viewserver.servercomponents.UserOrderNotificationComponent - No products found for user 2BBui1 no notifications will be sent
19:23:03.461 [reactor-inproc://master1_2018-06-13T19:22:52.800+01:00] INFO  io.viewserver.datasource.RecordUtils - Finished adding record rec to operator /datasources/user/table
19:23:03.461 [reactor-inproc://master1_2018-06-13T19:22:52.800+01:00] INFO  io.viewserver.datasource.RecordUtils - SCHEDULED - Acually adding record rec to operator /datasources/contentType/table
19:23:03.461 [reactor-inproc://master1_2018-06-13T19:22:52.800+01:00] INFO  io.viewserver.datasource.RecordUtils - Finished adding record rec to operator /datasources/contentType/table
19:23:03.461 [reactor-inproc://master1_2018-06-13T19:22:52.800+01:00] INFO  io.viewserver.datasource.RecordUtils - SCHEDULED - Acually adding record rec to operator /datasources/contentType/table
19:23:03.461 [reactor-inproc://master1_2018-06-13T19:22:52.800+01:00] INFO  io.viewserver.datasource.RecordUtils - Finished adding record rec to operator /datasources/contentType/table
19:23:03.461 [reactor-inproc://master1_2018-06-13T19:22:52.800+01:00] INFO  io.viewserver.datasource.RecordUtils - SCHEDULED - Acually adding record rec to operator /datasources/contentType/table
19:23:03.461 [reactor-inproc://master1_2018-06-13T19:22:52.800+01:00] INFO  io.viewserver.datasource.RecordUtils - Finished adding record rec to operator /datasources/contentType/table
19:23:03.461 [reactor-inproc://master1_2018-06-13T19:22:52.800+01:00] INFO  io.viewserver.datasource.RecordUtils - SCHEDULED - Acually adding record rec to operator /datasources/contentType/table
19:23:03.461 [reactor-inproc://master1_2018-06-13T19:22:52.800+01:00] INFO  io.viewserver.datasource.RecordUtils - Finished adding record rec to operator /datasources/contentType/table
19:23:03.461 [reactor-inproc://master1_2018-06-13T19:22:52.800+01:00] INFO  io.viewserver.datasource.RecordUtils - SCHEDULED - Acually adding record rec to operator /datasources/contentType/table
19:23:03.462 [reactor-inproc://master1_2018-06-13T19:22:52.800+01:00] INFO  io.viewserver.datasource.RecordUtils - Finished adding record rec to operator /datasources/contentType/table
19:23:03.462 [reactor-inproc://master1_2018-06-13T19:22:52.800+01:00] INFO  io.viewserver.datasource.RecordUtils - SCHEDULED - Acually adding record rec to operator /datasources/phoneNumber/table
19:23:03.462 [reactor-inproc://master1_2018-06-13T19:22:52.800+01:00] INFO  io.viewserver.datasource.RecordUtils - Finished adding record rec to operator /datasources/phoneNumber/table
19:23:03.462 [reactor-inproc://master1_2018-06-13T19:22:52.800+01:00] INFO  io.viewserver.datasource.RecordUtils - SCHEDULED - Acually adding record rec to operator /datasources/phoneNumber/table
19:23:03.462 [reactor-inproc://master1_2018-06-13T19:22:52.800+01:00] INFO  io.viewserver.datasource.RecordUtils - Finished adding record rec to operator /datasources/phoneNumber/table
19:23:03.462 [reactor-inproc://master1_2018-06-13T19:22:52.800+01:00] INFO  io.viewserver.datasource.RecordUtils - SCHEDULED - Acually adding record rec to operator /datasources/product/table
19:23:03.462 [reactor-inproc://master1_2018-06-13T19:22:52.800+01:00] INFO  io.viewserver.datasource.RecordUtils - Finished adding record rec to operator /datasources/product/table
19:23:03.462 [reactor-inproc://master1_2018-06-13T19:22:52.800+01:00] INFO  io.viewserver.datasource.RecordUtils - SCHEDULED - Acually adding record rec to operator /datasources/product/table
19:23:03.462 [reactor-inproc://master1_2018-06-13T19:22:52.800+01:00] INFO  io.viewserver.datasource.RecordUtils - Finished adding record rec to operator /datasources/product/table
19:23:03.462 [reactor-inproc://master1_2018-06-13T19:22:52.800+01:00] INFO  io.viewserver.datasource.RecordUtils - SCHEDULED - Acually adding record rec to operator /datasources/product/table
19:23:03.462 [reactor-inproc://master1_2018-06-13T19:22:52.800+01:00] INFO  io.viewserver.datasource.RecordUtils - Finished adding record rec to operator /datasources/product/table
19:23:03.462 [reactor-inproc://master1_2018-06-13T19:22:52.800+01:00] INFO  io.viewserver.datasource.RecordUtils - SCHEDULED - Acually adding record rec to operator /datasources/product/table
19:23:03.462 [reactor-inproc://master1_2018-06-13T19:22:52.800+01:00] INFO  io.viewserver.datasource.RecordUtils - Finished adding record rec to operator /datasources/product/table
19:23:03.462 [reactor-inproc://master1_2018-06-13T19:22:52.800+01:00] INFO  io.viewserver.datasource.RecordUtils - SCHEDULED - Acually adding record rec to operator /datasources/product/table
19:23:03.462 [reactor-inproc://master1_2018-06-13T19:22:52.800+01:00] INFO  io.viewserver.datasource.RecordUtils - Finished adding record rec to operator /datasources/product/table
19:23:03.462 [reactor-inproc://master1_2018-06-13T19:22:52.800+01:00] INFO  io.viewserver.datasource.RecordUtils - SCHEDULED - Acually adding record rec to operator /datasources/product/table
19:23:03.462 [reactor-inproc://master1_2018-06-13T19:22:52.800+01:00] INFO  io.viewserver.datasource.RecordUtils - Finished adding record rec to operator /datasources/product/table
19:23:03.462 [reactor-inproc://master1_2018-06-13T19:22:52.800+01:00] INFO  io.viewserver.datasource.RecordUtils - SCHEDULED - Acually adding record rec to operator /datasources/product/table
19:23:03.462 [reactor-inproc://master1_2018-06-13T19:22:52.800+01:00] INFO  io.viewserver.datasource.RecordUtils - Finished adding record rec to operator /datasources/product/table
19:23:03.462 [reactor-inproc://master1_2018-06-13T19:22:52.800+01:00] INFO  io.viewserver.datasource.RecordUtils - SCHEDULED - Acually adding record rec to operator /datasources/product/table
19:23:03.462 [reactor-inproc://master1_2018-06-13T19:22:52.800+01:00] INFO  io.viewserver.datasource.RecordUtils - Finished adding record rec to operator /datasources/product/table
19:23:03.462 [reactor-inproc://master1_2018-06-13T19:22:52.800+01:00] INFO  io.viewserver.datasource.RecordUtils - SCHEDULED - Acually adding record rec to operator /datasources/product/table
19:23:03.462 [reactor-inproc://master1_2018-06-13T19:22:52.800+01:00] INFO  io.viewserver.datasource.RecordUtils - Finished adding record rec to operator /datasources/product/table
19:23:03.462 [reactor-inproc://master1_2018-06-13T19:22:52.800+01:00] INFO  io.viewserver.datasource.RecordUtils - SCHEDULED - Acually adding record rec to operator /datasources/product/table
19:23:03.462 [reactor-inproc://master1_2018-06-13T19:22:52.800+01:00] INFO  io.viewserver.datasource.RecordUtils - Finished adding record rec to operator /datasources/product/table
19:23:03.462 [reactor-inproc://master1_2018-06-13T19:22:52.800+01:00] INFO  io.viewserver.datasource.RecordUtils - SCHEDULED - Acually adding record rec to operator /datasources/product/table
19:23:03.462 [reactor-inproc://master1_2018-06-13T19:22:52.800+01:00] INFO  io.viewserver.datasource.RecordUtils - Finished adding record rec to operator /datasources/product/table
19:23:03.463 [reactor-inproc://master1_2018-06-13T19:22:52.800+01:00] INFO  io.viewserver.datasource.RecordUtils - SCHEDULED - Acually adding record rec to operator /datasources/product/table
19:23:03.463 [reactor-inproc://master1_2018-06-13T19:22:52.800+01:00] INFO  io.viewserver.datasource.RecordUtils - Finished adding record rec to operator /datasources/product/table
19:23:03.463 [reactor-inproc://master1_2018-06-13T19:22:52.800+01:00] INFO  io.viewserver.datasource.RecordUtils - SCHEDULED - Acually adding record rec to operator /datasources/product/table
19:23:03.463 [reactor-inproc://master1_2018-06-13T19:22:52.800+01:00] INFO  io.viewserver.datasource.RecordUtils - Finished adding record rec to operator /datasources/product/table
19:23:03.463 [reactor-inproc://master1_2018-06-13T19:22:52.800+01:00] INFO  io.viewserver.datasource.RecordUtils - SCHEDULED - Acually adding record rec to operator /datasources/product/table
19:23:03.463 [reactor-inproc://master1_2018-06-13T19:22:52.800+01:00] INFO  io.viewserver.datasource.RecordUtils - Finished adding record rec to operator /datasources/product/table
19:23:03.463 [reactor-inproc://master1_2018-06-13T19:22:52.800+01:00] INFO  io.viewserver.datasource.RecordUtils - SCHEDULED - Acually adding record rec to operator /datasources/product/table
19:23:03.463 [reactor-inproc://master1_2018-06-13T19:22:52.800+01:00] INFO  io.viewserver.datasource.RecordUtils - Finished adding record rec to operator /datasources/product/table
19:23:03.463 [reactor-inproc://master1_2018-06-13T19:22:52.800+01:00] INFO  io.viewserver.datasource.RecordUtils - SCHEDULED - Acually adding record rec to operator /datasources/product/table
19:23:03.463 [reactor-inproc://master1_2018-06-13T19:22:52.800+01:00] INFO  io.viewserver.datasource.RecordUtils - Finished adding record rec to operator /datasources/product/table
19:23:03.463 [reactor-inproc://master1_2018-06-13T19:22:52.800+01:00] INFO  io.viewserver.datasource.RecordUtils - SCHEDULED - Acually adding record rec to operator /datasources/product/table
19:23:03.463 [reactor-inproc://master1_2018-06-13T19:22:52.800+01:00] INFO  io.viewserver.datasource.RecordUtils - Finished adding record rec to operator /datasources/product/table
19:23:03.463 [reactor-inproc://master1_2018-06-13T19:22:52.800+01:00] INFO  io.viewserver.datasource.RecordUtils - SCHEDULED - Acually adding record rec to operator /datasources/product/table
19:23:03.463 [reactor-inproc://master1_2018-06-13T19:22:52.800+01:00] INFO  io.viewserver.datasource.RecordUtils - Finished adding record rec to operator /datasources/product/table
19:23:03.463 [reactor-inproc://master1_2018-06-13T19:22:52.800+01:00] INFO  io.viewserver.datasource.RecordUtils - SCHEDULED - Acually adding record rec to operator /datasources/product/table
19:23:03.463 [reactor-inproc://master1_2018-06-13T19:22:52.800+01:00] INFO  io.viewserver.datasource.RecordUtils - Finished adding record rec to operator /datasources/product/table
19:23:03.463 [reactor-inproc://master1_2018-06-13T19:22:52.800+01:00] INFO  io.viewserver.datasource.RecordUtils - SCHEDULED - Acually adding record rec to operator /datasources/product/table
19:23:03.463 [reactor-inproc://master1_2018-06-13T19:22:52.800+01:00] INFO  io.viewserver.datasource.RecordUtils - Finished adding record rec to operator /datasources/product/table
19:23:03.463 [reactor-inproc://master1_2018-06-13T19:22:52.800+01:00] INFO  io.viewserver.datasource.RecordUtils - SCHEDULED - Acually adding record rec to operator /datasources/product/table
19:23:03.463 [reactor-inproc://master1_2018-06-13T19:22:52.800+01:00] INFO  io.viewserver.datasource.RecordUtils - Finished adding record rec to operator /datasources/product/table
19:23:03.463 [reactor-inproc://master1_2018-06-13T19:22:52.800+01:00] INFO  io.viewserver.datasource.RecordUtils - SCHEDULED - Acually adding record rec to operator /datasources/product/table
19:23:03.463 [reactor-inproc://master1_2018-06-13T19:22:52.800+01:00] INFO  io.viewserver.datasource.RecordUtils - Finished adding record rec to operator /datasources/product/table
19:23:03.463 [reactor-inproc://master1_2018-06-13T19:22:52.800+01:00] INFO  io.viewserver.datasource.RecordUtils - SCHEDULED - Acually adding record rec to operator /datasources/product/table
19:23:03.463 [reactor-inproc://master1_2018-06-13T19:22:52.800+01:00] INFO  io.viewserver.datasource.RecordUtils - Finished adding record rec to operator /datasources/product/table
19:23:03.463 [reactor-inproc://master1_2018-06-13T19:22:52.800+01:00] INFO  io.viewserver.datasource.RecordUtils - SCHEDULED - Acually adding record rec to operator /datasources/product/table
19:23:03.463 [reactor-inproc://master1_2018-06-13T19:22:52.800+01:00] INFO  io.viewserver.datasource.RecordUtils - Finished adding record rec to operator /datasources/product/table
19:23:03.463 [reactor-inproc://master1_2018-06-13T19:22:52.800+01:00] INFO  io.viewserver.datasource.RecordUtils - SCHEDULED - Acually adding record rec to operator /datasources/product/table
19:23:03.463 [reactor-inproc://master1_2018-06-13T19:22:52.800+01:00] INFO  io.viewserver.datasource.RecordUtils - Finished adding record rec to operator /datasources/product/table
19:23:03.463 [reactor-inproc://master1_2018-06-13T19:22:52.800+01:00] INFO  io.viewserver.datasource.RecordUtils - SCHEDULED - Acually adding record rec to operator /datasources/product/table
19:23:03.463 [reactor-inproc://master1_2018-06-13T19:22:52.800+01:00] INFO  io.viewserver.datasource.RecordUtils - Finished adding record rec to operator /datasources/product/table
19:23:03.463 [reactor-inproc://master1_2018-06-13T19:22:52.800+01:00] INFO  io.viewserver.datasource.RecordUtils - SCHEDULED - Acually adding record rec to operator /datasources/product/table
19:23:03.463 [reactor-inproc://master1_2018-06-13T19:22:52.800+01:00] INFO  io.viewserver.datasource.RecordUtils - Finished adding record rec to operator /datasources/product/table
19:23:03.463 [reactor-inproc://master1_2018-06-13T19:22:52.800+01:00] INFO  io.viewserver.datasource.RecordUtils - SCHEDULED - Acually adding record rec to operator /datasources/product/table
19:23:03.463 [reactor-inproc://master1_2018-06-13T19:22:52.800+01:00] INFO  io.viewserver.datasource.RecordUtils - Finished adding record rec to operator /datasources/product/table
19:23:03.463 [reactor-inproc://master1_2018-06-13T19:22:52.800+01:00] INFO  io.viewserver.datasource.RecordUtils - SCHEDULED - Acually adding record rec to operator /datasources/product/table
19:23:03.463 [reactor-inproc://master1_2018-06-13T19:22:52.800+01:00] INFO  io.viewserver.datasource.RecordUtils - Finished adding record rec to operator /datasources/product/table
19:23:03.463 [reactor-inproc://master1_2018-06-13T19:22:52.800+01:00] INFO  io.viewserver.datasource.RecordUtils - SCHEDULED - Acually adding record rec to operator /datasources/product/table
19:23:03.463 [reactor-inproc://master1_2018-06-13T19:22:52.800+01:00] INFO  io.viewserver.datasource.RecordUtils - Finished adding record rec to operator /datasources/product/table
19:23:03.464 [reactor-inproc://master1_2018-06-13T19:22:52.800+01:00] INFO  io.viewserver.datasource.RecordUtils - SCHEDULED - Acually adding record rec to operator /datasources/product/table
19:23:03.464 [reactor-inproc://master1_2018-06-13T19:22:52.800+01:00] INFO  io.viewserver.datasource.RecordUtils - Finished adding record rec to operator /datasources/product/table
19:23:03.464 [reactor-inproc://master1_2018-06-13T19:22:52.800+01:00] INFO  io.viewserver.datasource.RecordUtils - SCHEDULED - Acually adding record rec to operator /datasources/product/table
19:23:03.464 [reactor-inproc://master1_2018-06-13T19:22:52.800+01:00] INFO  io.viewserver.datasource.RecordUtils - Finished adding record rec to operator /datasources/product/table
19:23:03.464 [reactor-inproc://master1_2018-06-13T19:22:52.800+01:00] INFO  io.viewserver.datasource.RecordUtils - SCHEDULED - Acually adding record rec to operator /datasources/product/table
19:23:03.464 [reactor-inproc://master1_2018-06-13T19:22:52.800+01:00] INFO  io.viewserver.datasource.RecordUtils - Finished adding record rec to operator /datasources/product/table
19:23:03.464 [reactor-inproc://master1_2018-06-13T19:22:52.800+01:00] INFO  io.viewserver.datasource.RecordUtils - SCHEDULED - Acually adding record rec to operator /datasources/product/table
19:23:03.464 [reactor-inproc://master1_2018-06-13T19:22:52.800+01:00] INFO  io.viewserver.datasource.RecordUtils - Finished adding record rec to operator /datasources/product/table
19:23:03.464 [reactor-inproc://master1_2018-06-13T19:22:52.800+01:00] INFO  io.viewserver.datasource.RecordUtils - SCHEDULED - Acually adding record rec to operator /datasources/product/table
19:23:03.464 [reactor-inproc://master1_2018-06-13T19:22:52.800+01:00] INFO  io.viewserver.datasource.RecordUtils - Finished adding record rec to operator /datasources/product/table
19:23:03.464 [reactor-inproc://master1_2018-06-13T19:22:52.800+01:00] INFO  io.viewserver.datasource.RecordUtils - SCHEDULED - Acually adding record rec to operator /datasources/product/table
19:23:03.464 [reactor-inproc://master1_2018-06-13T19:22:52.800+01:00] INFO  io.viewserver.datasource.RecordUtils - Finished adding record rec to operator /datasources/product/table
19:23:03.464 [reactor-inproc://master1_2018-06-13T19:22:52.800+01:00] INFO  io.viewserver.datasource.RecordUtils - SCHEDULED - Acually adding record rec to operator /datasources/product/table
19:23:03.464 [reactor-inproc://master1_2018-06-13T19:22:52.800+01:00] INFO  io.viewserver.datasource.RecordUtils - Finished adding record rec to operator /datasources/product/table
19:23:03.464 [reactor-inproc://master1_2018-06-13T19:22:52.800+01:00] INFO  io.viewserver.datasource.RecordUtils - SCHEDULED - Acually adding record rec to operator /datasources/product/table
19:23:03.464 [reactor-inproc://master1_2018-06-13T19:22:52.800+01:00] INFO  io.viewserver.datasource.RecordUtils - Finished adding record rec to operator /datasources/product/table
19:23:03.464 [reactor-inproc://master1_2018-06-13T19:22:52.800+01:00] INFO  io.viewserver.datasource.RecordUtils - SCHEDULED - Acually adding record rec to operator /datasources/product/table
19:23:03.464 [reactor-inproc://master1_2018-06-13T19:22:52.800+01:00] INFO  io.viewserver.datasource.RecordUtils - Finished adding record rec to operator /datasources/product/table
19:23:03.464 [reactor-inproc://master1_2018-06-13T19:22:52.800+01:00] INFO  io.viewserver.datasource.RecordUtils - SCHEDULED - Acually adding record rec to operator /datasources/product/table
19:23:03.464 [reactor-inproc://master1_2018-06-13T19:22:52.800+01:00] INFO  io.viewserver.datasource.RecordUtils - Finished adding record rec to operator /datasources/product/table
19:23:03.464 [reactor-inproc://master1_2018-06-13T19:22:52.800+01:00] INFO  io.viewserver.datasource.RecordUtils - SCHEDULED - Acually adding record rec to operator /datasources/product/table
19:23:03.464 [reactor-inproc://master1_2018-06-13T19:22:52.800+01:00] INFO  io.viewserver.datasource.RecordUtils - Finished adding record rec to operator /datasources/product/table
19:23:03.464 [reactor-inproc://master1_2018-06-13T19:22:52.800+01:00] INFO  io.viewserver.datasource.RecordUtils - SCHEDULED - Acually adding record rec to operator /datasources/product/table
19:23:03.464 [reactor-inproc://master1_2018-06-13T19:22:52.800+01:00] INFO  io.viewserver.datasource.RecordUtils - Finished adding record rec to operator /datasources/product/table
19:23:03.464 [reactor-inproc://master1_2018-06-13T19:22:52.800+01:00] INFO  io.viewserver.datasource.RecordUtils - SCHEDULED - Acually adding record rec to operator /datasources/product/table
19:23:03.464 [reactor-inproc://master1_2018-06-13T19:22:52.800+01:00] INFO  io.viewserver.datasource.RecordUtils - Finished adding record rec to operator /datasources/product/table
19:23:03.464 [reactor-inproc://master1_2018-06-13T19:22:52.800+01:00] INFO  io.viewserver.datasource.RecordUtils - SCHEDULED - Acually adding record rec to operator /datasources/product/table
19:23:03.464 [reactor-inproc://master1_2018-06-13T19:22:52.800+01:00] INFO  io.viewserver.datasource.RecordUtils - Finished adding record rec to operator /datasources/product/table
19:23:03.464 [reactor-inproc://master1_2018-06-13T19:22:52.800+01:00] INFO  io.viewserver.datasource.RecordUtils - SCHEDULED - Acually adding record rec to operator /datasources/product/table
19:23:03.464 [reactor-inproc://master1_2018-06-13T19:22:52.800+01:00] INFO  io.viewserver.datasource.RecordUtils - Finished adding record rec to operator /datasources/product/table
19:23:03.464 [reactor-inproc://master1_2018-06-13T19:22:52.800+01:00] INFO  io.viewserver.datasource.RecordUtils - SCHEDULED - Acually adding record rec to operator /datasources/product/table
19:23:03.464 [reactor-inproc://master1_2018-06-13T19:22:52.800+01:00] INFO  io.viewserver.datasource.RecordUtils - Finished adding record rec to operator /datasources/product/table
19:23:03.464 [reactor-inproc://master1_2018-06-13T19:22:52.800+01:00] INFO  io.viewserver.datasource.RecordUtils - SCHEDULED - Acually adding record rec to operator /datasources/product/table
19:23:03.464 [reactor-inproc://master1_2018-06-13T19:22:52.800+01:00] INFO  io.viewserver.datasource.RecordUtils - Finished adding record rec to operator /datasources/product/table
19:23:03.464 [reactor-inproc://master1_2018-06-13T19:22:52.800+01:00] INFO  io.viewserver.datasource.RecordUtils - SCHEDULED - Acually adding record rec to operator /datasources/product/table
19:23:03.465 [reactor-inproc://master1_2018-06-13T19:22:52.800+01:00] INFO  io.viewserver.datasource.RecordUtils - Finished adding record rec to operator /datasources/product/table
19:23:03.465 [reactor-inproc://master1_2018-06-13T19:22:52.800+01:00] INFO  io.viewserver.datasource.RecordUtils - SCHEDULED - Acually adding record rec to operator /datasources/product/table
19:23:03.465 [reactor-inproc://master1_2018-06-13T19:22:52.800+01:00] INFO  io.viewserver.datasource.RecordUtils - Finished adding record rec to operator /datasources/product/table
19:23:03.465 [reactor-inproc://master1_2018-06-13T19:22:52.800+01:00] INFO  io.viewserver.datasource.RecordUtils - SCHEDULED - Acually adding record rec to operator /datasources/product/table
19:23:03.465 [reactor-inproc://master1_2018-06-13T19:22:52.800+01:00] INFO  io.viewserver.datasource.RecordUtils - Finished adding record rec to operator /datasources/product/table
19:23:03.465 [reactor-inproc://master1_2018-06-13T19:22:52.800+01:00] INFO  io.viewserver.datasource.RecordUtils - SCHEDULED - Acually adding record rec to operator /datasources/product/table
19:23:03.465 [reactor-inproc://master1_2018-06-13T19:22:52.800+01:00] INFO  io.viewserver.datasource.RecordUtils - Finished adding record rec to operator /datasources/product/table
19:23:03.465 [reactor-inproc://master1_2018-06-13T19:22:52.800+01:00] INFO  io.viewserver.datasource.RecordUtils - SCHEDULED - Acually adding record rec to operator /datasources/product/table
19:23:03.465 [reactor-inproc://master1_2018-06-13T19:22:52.800+01:00] INFO  io.viewserver.datasource.RecordUtils - Finished adding record rec to operator /datasources/product/table
19:23:03.465 [reactor-inproc://master1_2018-06-13T19:22:52.800+01:00] INFO  io.viewserver.datasource.RecordUtils - SCHEDULED - Acually adding record rec to operator /datasources/product/table
19:23:03.465 [reactor-inproc://master1_2018-06-13T19:22:52.800+01:00] INFO  io.viewserver.datasource.RecordUtils - Finished adding record rec to operator /datasources/product/table
19:23:03.465 [reactor-inproc://master1_2018-06-13T19:22:52.800+01:00] INFO  io.viewserver.datasource.RecordUtils - SCHEDULED - Acually adding record rec to operator /datasources/product/table
19:23:03.465 [reactor-inproc://master1_2018-06-13T19:22:52.800+01:00] INFO  io.viewserver.datasource.RecordUtils - Finished adding record rec to operator /datasources/product/table
19:23:03.465 [reactor-inproc://master1_2018-06-13T19:22:52.800+01:00] INFO  io.viewserver.datasource.RecordUtils - SCHEDULED - Acually adding record rec to operator /datasources/product/table
19:23:03.465 [reactor-inproc://master1_2018-06-13T19:22:52.800+01:00] INFO  io.viewserver.datasource.RecordUtils - Finished adding record rec to operator /datasources/product/table
19:23:03.465 [reactor-inproc://master1_2018-06-13T19:22:52.800+01:00] INFO  io.viewserver.datasource.RecordUtils - SCHEDULED - Acually adding record rec to operator /datasources/product/table
19:23:03.465 [reactor-inproc://master1_2018-06-13T19:22:52.800+01:00] INFO  io.viewserver.datasource.RecordUtils - Finished adding record rec to operator /datasources/product/table
19:23:03.465 [reactor-inproc://master1_2018-06-13T19:22:52.800+01:00] INFO  io.viewserver.datasource.RecordUtils - SCHEDULED - Acually adding record rec to operator /datasources/product/table
19:23:03.465 [reactor-inproc://master1_2018-06-13T19:22:52.800+01:00] INFO  io.viewserver.datasource.RecordUtils - Finished adding record rec to operator /datasources/product/table
19:23:03.465 [reactor-inproc://master1_2018-06-13T19:22:52.800+01:00] INFO  io.viewserver.datasource.RecordUtils - SCHEDULED - Acually adding record rec to operator /datasources/product/table
19:23:03.466 [reactor-inproc://master1_2018-06-13T19:22:52.800+01:00] INFO  io.viewserver.datasource.RecordUtils - Finished adding record rec to operator /datasources/product/table
19:23:03.466 [reactor-inproc://master1_2018-06-13T19:22:52.800+01:00] INFO  io.viewserver.datasource.RecordUtils - SCHEDULED - Acually adding record rec to operator /datasources/product/table
19:23:03.466 [reactor-inproc://master1_2018-06-13T19:22:52.800+01:00] INFO  io.viewserver.datasource.RecordUtils - Finished adding record rec to operator /datasources/product/table
19:23:03.466 [reactor-inproc://master1_2018-06-13T19:22:52.800+01:00] INFO  io.viewserver.datasource.RecordUtils - SCHEDULED - Acually adding record rec to operator /datasources/product/table
19:23:03.466 [reactor-inproc://master1_2018-06-13T19:22:52.800+01:00] INFO  io.viewserver.datasource.RecordUtils - Finished adding record rec to operator /datasources/product/table
19:23:03.466 [reactor-inproc://master1_2018-06-13T19:22:52.800+01:00] INFO  io.viewserver.datasource.RecordUtils - SCHEDULED - Acually adding record rec to operator /datasources/product/table
19:23:03.466 [reactor-inproc://master1_2018-06-13T19:22:52.800+01:00] INFO  io.viewserver.datasource.RecordUtils - Finished adding record rec to operator /datasources/product/table
19:23:03.466 [reactor-inproc://master1_2018-06-13T19:22:52.800+01:00] INFO  io.viewserver.datasource.RecordUtils - SCHEDULED - Acually adding record rec to operator /datasources/product/table
19:23:03.466 [reactor-inproc://master1_2018-06-13T19:22:52.800+01:00] INFO  io.viewserver.datasource.RecordUtils - Finished adding record rec to operator /datasources/product/table
19:23:03.466 [reactor-inproc://master1_2018-06-13T19:22:52.800+01:00] INFO  io.viewserver.datasource.RecordUtils - SCHEDULED - Acually adding record rec to operator /datasources/product/table
19:23:03.466 [reactor-inproc://master1_2018-06-13T19:22:52.800+01:00] INFO  io.viewserver.datasource.RecordUtils - Finished adding record rec to operator /datasources/product/table
19:23:03.466 [reactor-inproc://master1_2018-06-13T19:22:52.800+01:00] INFO  io.viewserver.datasource.RecordUtils - SCHEDULED - Acually adding record rec to operator /datasources/product/table
19:23:03.466 [reactor-inproc://master1_2018-06-13T19:22:52.800+01:00] INFO  io.viewserver.datasource.RecordUtils - Finished adding record rec to operator /datasources/product/table
19:23:03.466 [reactor-inproc://master1_2018-06-13T19:22:52.800+01:00] INFO  io.viewserver.datasource.RecordUtils - SCHEDULED - Acually adding record rec to operator /datasources/product/table
19:23:03.466 [reactor-inproc://master1_2018-06-13T19:22:52.800+01:00] INFO  io.viewserver.datasource.RecordUtils - Finished adding record rec to operator /datasources/product/table
19:23:03.466 [reactor-inproc://master1_2018-06-13T19:22:52.800+01:00] INFO  io.viewserver.datasource.RecordUtils - SCHEDULED - Acually adding record rec to operator /datasources/product/table
19:23:03.466 [reactor-inproc://master1_2018-06-13T19:22:52.800+01:00] INFO  io.viewserver.datasource.RecordUtils - Finished adding record rec to operator /datasources/product/table
19:23:03.466 [reactor-inproc://master1_2018-06-13T19:22:52.800+01:00] INFO  io.viewserver.datasource.RecordUtils - SCHEDULED - Acually adding record rec to operator /datasources/product/table
19:23:03.467 [reactor-inproc://master1_2018-06-13T19:22:52.800+01:00] INFO  io.viewserver.datasource.RecordUtils - Finished adding record rec to operator /datasources/product/table
19:23:03.467 [reactor-inproc://master1_2018-06-13T19:22:52.800+01:00] INFO  io.viewserver.datasource.RecordUtils - SCHEDULED - Acually adding record rec to operator /datasources/product/table
19:23:03.467 [reactor-inproc://master1_2018-06-13T19:22:52.800+01:00] INFO  io.viewserver.datasource.RecordUtils - Finished adding record rec to operator /datasources/product/table
19:23:03.467 [reactor-inproc://master1_2018-06-13T19:22:52.800+01:00] INFO  io.viewserver.datasource.RecordUtils - SCHEDULED - Acually adding record rec to operator /datasources/product/table
19:23:03.467 [reactor-inproc://master1_2018-06-13T19:22:52.800+01:00] INFO  io.viewserver.datasource.RecordUtils - Finished adding record rec to operator /datasources/product/table
19:23:03.467 [reactor-inproc://master1_2018-06-13T19:22:52.800+01:00] INFO  io.viewserver.datasource.RecordUtils - SCHEDULED - Acually adding record rec to operator /datasources/product/table
19:23:03.467 [reactor-inproc://master1_2018-06-13T19:22:52.800+01:00] INFO  io.viewserver.datasource.RecordUtils - Finished adding record rec to operator /datasources/product/table
19:23:03.467 [reactor-inproc://master1_2018-06-13T19:22:52.800+01:00] INFO  io.viewserver.datasource.RecordUtils - SCHEDULED - Acually adding record rec to operator /datasources/product/table
19:23:03.467 [reactor-inproc://master1_2018-06-13T19:22:52.800+01:00] INFO  io.viewserver.datasource.RecordUtils - Finished adding record rec to operator /datasources/product/table
19:23:03.467 [reactor-inproc://master1_2018-06-13T19:22:52.800+01:00] INFO  io.viewserver.datasource.RecordUtils - SCHEDULED - Acually adding record rec to operator /datasources/product/table
19:23:03.467 [reactor-inproc://master1_2018-06-13T19:22:52.800+01:00] INFO  io.viewserver.datasource.RecordUtils - Finished adding record rec to operator /datasources/product/table
19:23:03.467 [reactor-inproc://master1_2018-06-13T19:22:52.800+01:00] INFO  io.viewserver.datasource.RecordUtils - SCHEDULED - Acually adding record rec to operator /datasources/product/table
19:23:03.467 [reactor-inproc://master1_2018-06-13T19:22:52.800+01:00] INFO  io.viewserver.datasource.RecordUtils - Finished adding record rec to operator /datasources/product/table
19:23:03.467 [reactor-inproc://master1_2018-06-13T19:22:52.800+01:00] INFO  io.viewserver.datasource.RecordUtils - SCHEDULED - Acually adding record rec to operator /datasources/product/table
19:23:03.467 [reactor-inproc://master1_2018-06-13T19:22:52.800+01:00] INFO  io.viewserver.datasource.RecordUtils - Finished adding record rec to operator /datasources/product/table
19:23:03.467 [reactor-inproc://master1_2018-06-13T19:22:52.800+01:00] INFO  io.viewserver.datasource.RecordUtils - SCHEDULED - Acually adding record rec to operator /datasources/product/table
19:23:03.467 [reactor-inproc://master1_2018-06-13T19:22:52.800+01:00] INFO  io.viewserver.datasource.RecordUtils - Finished adding record rec to operator /datasources/product/table
19:23:03.467 [reactor-inproc://master1_2018-06-13T19:22:52.800+01:00] INFO  io.viewserver.datasource.RecordUtils - SCHEDULED - Acually adding record rec to operator /datasources/product/table
19:23:03.467 [reactor-inproc://master1_2018-06-13T19:22:52.800+01:00] INFO  io.viewserver.datasource.RecordUtils - Finished adding record rec to operator /datasources/product/table
19:23:03.467 [reactor-inproc://master1_2018-06-13T19:22:52.800+01:00] INFO  io.viewserver.datasource.RecordUtils - SCHEDULED - Acually adding record rec to operator /datasources/product/table
19:23:03.467 [reactor-inproc://master1_2018-06-13T19:22:52.800+01:00] INFO  io.viewserver.datasource.RecordUtils - Finished adding record rec to operator /datasources/product/table
19:23:03.467 [reactor-inproc://master1_2018-06-13T19:22:52.800+01:00] INFO  io.viewserver.datasource.RecordUtils - SCHEDULED - Acually adding record rec to operator /datasources/product/table
19:23:03.467 [reactor-inproc://master1_2018-06-13T19:22:52.800+01:00] INFO  io.viewserver.datasource.RecordUtils - Finished adding record rec to operator /datasources/product/table
19:23:03.467 [reactor-inproc://master1_2018-06-13T19:22:52.800+01:00] INFO  io.viewserver.datasource.RecordUtils - SCHEDULED - Acually adding record rec to operator /datasources/product/table
19:23:03.467 [reactor-inproc://master1_2018-06-13T19:22:52.800+01:00] INFO  io.viewserver.datasource.RecordUtils - Finished adding record rec to operator /datasources/product/table
19:23:03.468 [reactor-inproc://master1_2018-06-13T19:22:52.800+01:00] INFO  io.viewserver.datasource.RecordUtils - SCHEDULED - Acually adding record rec to operator /datasources/product/table
19:23:03.468 [reactor-inproc://master1_2018-06-13T19:22:52.800+01:00] INFO  io.viewserver.datasource.RecordUtils - Finished adding record rec to operator /datasources/product/table
19:23:03.468 [reactor-inproc://master1_2018-06-13T19:22:52.800+01:00] INFO  io.viewserver.datasource.RecordUtils - SCHEDULED - Acually adding record rec to operator /datasources/product/table
19:23:03.468 [reactor-inproc://master1_2018-06-13T19:22:52.800+01:00] INFO  io.viewserver.datasource.RecordUtils - Finished adding record rec to operator /datasources/product/table
19:23:03.468 [reactor-inproc://master1_2018-06-13T19:22:52.800+01:00] INFO  io.viewserver.datasource.RecordUtils - SCHEDULED - Acually adding record rec to operator /datasources/product/table
19:23:03.468 [reactor-inproc://master1_2018-06-13T19:22:52.800+01:00] INFO  io.viewserver.datasource.RecordUtils - Finished adding record rec to operator /datasources/product/table
19:23:03.468 [reactor-inproc://master1_2018-06-13T19:22:52.800+01:00] INFO  io.viewserver.datasource.RecordUtils - SCHEDULED - Acually adding record rec to operator /datasources/product/table
19:23:03.468 [reactor-inproc://master1_2018-06-13T19:22:52.800+01:00] INFO  io.viewserver.datasource.RecordUtils - Finished adding record rec to operator /datasources/product/table
19:23:03.468 [reactor-inproc://master1_2018-06-13T19:22:52.800+01:00] INFO  io.viewserver.datasource.RecordUtils - SCHEDULED - Acually adding record rec to operator /datasources/product/table
19:23:03.468 [reactor-inproc://master1_2018-06-13T19:22:52.800+01:00] INFO  io.viewserver.datasource.RecordUtils - Finished adding record rec to operator /datasources/product/table
19:23:03.468 [reactor-inproc://master1_2018-06-13T19:22:52.800+01:00] INFO  io.viewserver.datasource.RecordUtils - SCHEDULED - Acually adding record rec to operator /datasources/product/table
19:23:03.468 [reactor-inproc://master1_2018-06-13T19:22:52.800+01:00] INFO  io.viewserver.datasource.RecordUtils - Finished adding record rec to operator /datasources/product/table
19:23:03.468 [reactor-inproc://master1_2018-06-13T19:22:52.800+01:00] INFO  io.viewserver.datasource.RecordUtils - SCHEDULED - Acually adding record rec to operator /datasources/product/table
19:23:03.468 [reactor-inproc://master1_2018-06-13T19:22:52.800+01:00] INFO  io.viewserver.datasource.RecordUtils - Finished adding record rec to operator /datasources/product/table
19:23:03.468 [reactor-inproc://master1_2018-06-13T19:22:52.800+01:00] INFO  io.viewserver.datasource.RecordUtils - SCHEDULED - Acually adding record rec to operator /datasources/product/table
19:23:03.468 [reactor-inproc://master1_2018-06-13T19:22:52.800+01:00] INFO  io.viewserver.datasource.RecordUtils - Finished adding record rec to operator /datasources/product/table
19:23:03.468 [reactor-inproc://master1_2018-06-13T19:22:52.800+01:00] INFO  io.viewserver.datasource.RecordUtils - SCHEDULED - Acually adding record rec to operator /datasources/product/table
19:23:03.468 [reactor-inproc://master1_2018-06-13T19:22:52.800+01:00] INFO  io.viewserver.datasource.RecordUtils - Finished adding record rec to operator /datasources/product/table
19:23:03.468 [reactor-inproc://master1_2018-06-13T19:22:52.800+01:00] INFO  io.viewserver.datasource.RecordUtils - SCHEDULED - Acually adding record rec to operator /datasources/product/table
19:23:03.468 [reactor-inproc://master1_2018-06-13T19:22:52.800+01:00] INFO  io.viewserver.datasource.RecordUtils - Finished adding record rec to operator /datasources/product/table
19:23:03.468 [reactor-inproc://master1_2018-06-13T19:22:52.800+01:00] INFO  io.viewserver.datasource.RecordUtils - SCHEDULED - Acually adding record rec to operator /datasources/product/table
19:23:03.468 [reactor-inproc://master1_2018-06-13T19:22:52.800+01:00] INFO  io.viewserver.datasource.RecordUtils - Finished adding record rec to operator /datasources/product/table
19:23:03.468 [reactor-inproc://master1_2018-06-13T19:22:52.800+01:00] INFO  io.viewserver.datasource.RecordUtils - SCHEDULED - Acually adding record rec to operator /datasources/product/table
19:23:03.468 [reactor-inproc://master1_2018-06-13T19:22:52.800+01:00] INFO  io.viewserver.datasource.RecordUtils - Finished adding record rec to operator /datasources/product/table
19:23:03.469 [reactor-inproc://master1_2018-06-13T19:22:52.800+01:00] INFO  io.viewserver.datasource.RecordUtils - SCHEDULED - Acually adding record rec to operator /datasources/product/table
19:23:03.469 [reactor-inproc://master1_2018-06-13T19:22:52.800+01:00] INFO  io.viewserver.datasource.RecordUtils - Finished adding record rec to operator /datasources/product/table
19:23:03.469 [reactor-inproc://master1_2018-06-13T19:22:52.800+01:00] INFO  io.viewserver.datasource.RecordUtils - SCHEDULED - Acually adding record rec to operator /datasources/product/table
19:23:03.469 [reactor-inproc://master1_2018-06-13T19:22:52.800+01:00] INFO  io.viewserver.datasource.RecordUtils - Finished adding record rec to operator /datasources/product/table
19:23:03.469 [reactor-inproc://master1_2018-06-13T19:22:52.800+01:00] INFO  io.viewserver.datasource.RecordUtils - SCHEDULED - Acually adding record rec to operator /datasources/product/table
19:23:03.469 [reactor-inproc://master1_2018-06-13T19:22:52.800+01:00] INFO  io.viewserver.datasource.RecordUtils - Finished adding record rec to operator /datasources/product/table
19:23:03.469 [reactor-inproc://master1_2018-06-13T19:22:52.800+01:00] INFO  io.viewserver.datasource.RecordUtils - SCHEDULED - Acually adding record rec to operator /datasources/product/table
19:23:03.469 [reactor-inproc://master1_2018-06-13T19:22:52.800+01:00] INFO  io.viewserver.datasource.RecordUtils - Finished adding record rec to operator /datasources/product/table
19:23:03.469 [reactor-inproc://master1_2018-06-13T19:22:52.800+01:00] INFO  io.viewserver.datasource.RecordUtils - SCHEDULED - Acually adding record rec to operator /datasources/product/table
19:23:03.469 [reactor-inproc://master1_2018-06-13T19:22:52.800+01:00] INFO  io.viewserver.datasource.RecordUtils - Finished adding record rec to operator /datasources/product/table
19:23:03.469 [reactor-inproc://master1_2018-06-13T19:22:52.800+01:00] INFO  io.viewserver.datasource.RecordUtils - SCHEDULED - Acually adding record rec to operator /datasources/product/table
19:23:03.469 [reactor-inproc://master1_2018-06-13T19:22:52.800+01:00] INFO  io.viewserver.datasource.RecordUtils - Finished adding record rec to operator /datasources/product/table
19:23:03.469 [reactor-inproc://master1_2018-06-13T19:22:52.800+01:00] INFO  io.viewserver.datasource.RecordUtils - SCHEDULED - Acually adding record rec to operator /datasources/product/table
19:23:03.469 [reactor-inproc://master1_2018-06-13T19:22:52.800+01:00] INFO  io.viewserver.datasource.RecordUtils - Finished adding record rec to operator /datasources/product/table
19:23:03.469 [reactor-inproc://master1_2018-06-13T19:22:52.800+01:00] INFO  io.viewserver.datasource.RecordUtils - SCHEDULED - Acually adding record rec to operator /datasources/product/table
19:23:03.469 [reactor-inproc://master1_2018-06-13T19:22:52.800+01:00] INFO  io.viewserver.datasource.RecordUtils - Finished adding record rec to operator /datasources/product/table
19:23:03.469 [reactor-inproc://master1_2018-06-13T19:22:52.800+01:00] INFO  io.viewserver.datasource.RecordUtils - SCHEDULED - Acually adding record rec to operator /datasources/product/table
19:23:03.469 [reactor-inproc://master1_2018-06-13T19:22:52.800+01:00] INFO  io.viewserver.datasource.RecordUtils - Finished adding record rec to operator /datasources/product/table
19:23:03.470 [reactor-inproc://master1_2018-06-13T19:22:52.800+01:00] INFO  io.viewserver.datasource.RecordUtils - SCHEDULED - Acually adding record rec to operator /datasources/product/table
19:23:03.470 [reactor-inproc://master1_2018-06-13T19:22:52.800+01:00] INFO  io.viewserver.datasource.RecordUtils - Finished adding record rec to operator /datasources/product/table
19:23:03.471 [reactor-client1] INFO  io.viewserver.network.Network - EXECUTING - Connecting to NettyInProcEndpoint{name='master1'} - Failure Count is 1
19:23:03.475 [product-inproc://master1_2018-06-13T19:22:52.800+01:00-0] INFO  io.viewserver.adapters.mongo.MongoRecordLoader - GOT DOCUMENT IN SNAPSHOT - PokerVibrator110v - Addition of snapshot listener for Mongo table null
19:23:03.475 [product-inproc://master1_2018-06-13T19:22:52.800+01:00-0] INFO  io.viewserver.datasource.RecordUtils - Scheduling addition to operator /datasources/product/table
19:23:03.476 [product-inproc://master1_2018-06-13T19:22:52.800+01:00-0] INFO  io.viewserver.adapters.mongo.MongoRecordLoader - GOT DOCUMENT IN SNAPSHOT - ConcreteTestMould - Addition of snapshot listener for Mongo table null
19:23:03.476 [product-inproc://master1_2018-06-13T19:22:52.800+01:00-0] INFO  io.viewserver.datasource.RecordUtils - Scheduling addition to operator /datasources/product/table
19:23:03.476 [product-inproc://master1_2018-06-13T19:22:52.800+01:00-0] INFO  io.viewserver.adapters.mongo.MongoRecordLoader - GOT DOCUMENT IN SNAPSHOT - GardenAerator - Addition of snapshot listener for Mongo table null
19:23:03.476 [product-inproc://master1_2018-06-13T19:22:52.800+01:00-0] INFO  io.viewserver.datasource.RecordUtils - Scheduling addition to operator /datasources/product/table
19:23:03.476 [product-inproc://master1_2018-06-13T19:22:52.800+01:00-0] INFO  io.viewserver.adapters.mongo.MongoRecordLoader - GOT DOCUMENT IN SNAPSHOT - GardenHedgeTrimmer240v - Addition of snapshot listener for Mongo table null
19:23:03.476 [product-inproc://master1_2018-06-13T19:22:52.800+01:00-0] INFO  io.viewserver.datasource.RecordUtils - Scheduling addition to operator /datasources/product/table
19:23:03.476 [product-inproc://master1_2018-06-13T19:22:52.800+01:00-0] INFO  io.viewserver.adapters.mongo.MongoRecordLoader - GOT DOCUMENT IN SNAPSHOT - KnapsackSprayer - Addition of snapshot listener for Mongo table null
19:23:03.476 [product-inproc://master1_2018-06-13T19:22:52.800+01:00-0] INFO  io.viewserver.datasource.RecordUtils - Scheduling addition to operator /datasources/product/table
19:23:03.476 [product-inproc://master1_2018-06-13T19:22:52.800+01:00-0] INFO  io.viewserver.adapters.mongo.MongoRecordLoader - GOT DOCUMENT IN SNAPSHOT - LawnmowerElectric240v - Addition of snapshot listener for Mongo table null
19:23:03.476 [product-inproc://master1_2018-06-13T19:22:52.800+01:00-0] INFO  io.viewserver.datasource.RecordUtils - Scheduling addition to operator /datasources/product/table
19:23:03.476 [product-inproc://master1_2018-06-13T19:22:52.800+01:00-0] INFO  io.viewserver.adapters.mongo.MongoRecordLoader - GOT DOCUMENT IN SNAPSHOT - LawnmowerPetrol - Addition of snapshot listener for Mongo table null
19:23:03.476 [product-inproc://master1_2018-06-13T19:22:52.800+01:00-0] INFO  io.viewserver.datasource.RecordUtils - Scheduling addition to operator /datasources/product/table
19:23:03.476 [product-inproc://master1_2018-06-13T19:22:52.800+01:00-0] INFO  io.viewserver.adapters.mongo.MongoRecordLoader - GOT DOCUMENT IN SNAPSHOT - LeafBlowerVacuum240v - Addition of snapshot listener for Mongo table null
19:23:03.476 [product-inproc://master1_2018-06-13T19:22:52.800+01:00-0] INFO  io.viewserver.datasource.RecordUtils - Scheduling addition to operator /datasources/product/table
19:23:03.476 [product-inproc://master1_2018-06-13T19:22:52.800+01:00-0] INFO  io.viewserver.adapters.mongo.MongoRecordLoader - GOT DOCUMENT IN SNAPSHOT - PostHoleBorer - Addition of snapshot listener for Mongo table null
19:23:03.476 [product-inproc://master1_2018-06-13T19:22:52.800+01:00-0] INFO  io.viewserver.datasource.RecordUtils - Scheduling addition to operator /datasources/product/table
19:23:03.476 [product-inproc://master1_2018-06-13T19:22:52.800+01:00-0] INFO  io.viewserver.adapters.mongo.MongoRecordLoader - GOT DOCUMENT IN SNAPSHOT - GardenPruner - Addition of snapshot listener for Mongo table null
19:23:03.476 [product-inproc://master1_2018-06-13T19:22:52.800+01:00-0] INFO  io.viewserver.datasource.RecordUtils - Scheduling addition to operator /datasources/product/table
19:23:03.476 [reactor-client1] ERROR io.viewserver.network.Network - Issue connecting. Scheduling connection to next end point in a second NettyInProcEndpoint{name='master1'} - 1/1 - java.net.ConnectException: connection refused: local:master1
19:23:03.476 [product-inproc://master1_2018-06-13T19:22:52.800+01:00-0] INFO  io.viewserver.adapters.mongo.MongoRecordLoader - GOT DOCUMENT IN SNAPSHOT - GardenRoller(waterfilled) - Addition of snapshot listener for Mongo table null
19:23:03.476 [product-inproc://master1_2018-06-13T19:22:52.800+01:00-0] INFO  io.viewserver.datasource.RecordUtils - Scheduling addition to operator /datasources/product/table
19:23:03.477 [product-inproc://master1_2018-06-13T19:22:52.800+01:00-0] INFO  io.viewserver.adapters.mongo.MongoRecordLoader - GOT DOCUMENT IN SNAPSHOT - GardenRotovator5hp - Addition of snapshot listener for Mongo table null
19:23:03.479 [product-inproc://master1_2018-06-13T19:22:52.800+01:00-0] INFO  io.viewserver.datasource.RecordUtils - Scheduling addition to operator /datasources/product/table
19:23:03.479 [product-inproc://master1_2018-06-13T19:22:52.800+01:00-0] INFO  io.viewserver.adapters.mongo.MongoRecordLoader - GOT DOCUMENT IN SNAPSHOT - GardenShoveHoler - Addition of snapshot listener for Mongo table null
19:23:03.479 [product-inproc://master1_2018-06-13T19:22:52.800+01:00-0] INFO  io.viewserver.datasource.RecordUtils - Scheduling addition to operator /datasources/product/table
19:23:03.479 [product-inproc://master1_2018-06-13T19:22:52.800+01:00-0] INFO  io.viewserver.adapters.mongo.MongoRecordLoader - GOT DOCUMENT IN SNAPSHOT - GardenShredderPetrol5HP - Addition of snapshot listener for Mongo table null
19:23:03.479 [product-inproc://master1_2018-06-13T19:22:52.800+01:00-0] INFO  io.viewserver.datasource.RecordUtils - Scheduling addition to operator /datasources/product/table
19:23:03.479 [product-inproc://master1_2018-06-13T19:22:52.800+01:00-0] INFO  io.viewserver.adapters.mongo.MongoRecordLoader - GOT DOCUMENT IN SNAPSHOT - GardenStrimmerPetrol - Addition of snapshot listener for Mongo table null
19:23:03.479 [product-inproc://master1_2018-06-13T19:22:52.800+01:00-0] INFO  io.viewserver.datasource.RecordUtils - Scheduling addition to operator /datasources/product/table
19:23:03.479 [product-inproc://master1_2018-06-13T19:22:52.800+01:00-0] INFO  io.viewserver.adapters.mongo.MongoRecordLoader - GOT DOCUMENT IN SNAPSHOT - TurfCutter - Addition of snapshot listener for Mongo table null
19:23:03.479 [product-inproc://master1_2018-06-13T19:22:52.800+01:00-0] INFO  io.viewserver.datasource.RecordUtils - Scheduling addition to operator /datasources/product/table
19:23:03.479 [product-inproc://master1_2018-06-13T19:22:52.800+01:00-0] INFO  io.viewserver.adapters.mongo.MongoRecordLoader - GOT DOCUMENT IN SNAPSHOT - GardenFellingAxe - Addition of snapshot listener for Mongo table null
19:23:03.479 [product-inproc://master1_2018-06-13T19:22:52.800+01:00-0] INFO  io.viewserver.datasource.RecordUtils - Scheduling addition to operator /datasources/product/table
19:23:03.479 [product-inproc://master1_2018-06-13T19:22:52.800+01:00-0] INFO  io.viewserver.adapters.mongo.MongoRecordLoader - GOT DOCUMENT IN SNAPSHOT - GardenGrassRake - Addition of snapshot listener for Mongo table null
19:23:03.480 [product-inproc://master1_2018-06-13T19:22:52.800+01:00-0] INFO  io.viewserver.datasource.RecordUtils - Scheduling addition to operator /datasources/product/table
19:23:03.480 [product-inproc://master1_2018-06-13T19:22:52.800+01:00-0] INFO  io.viewserver.adapters.mongo.MongoRecordLoader - GOT DOCUMENT IN SNAPSHOT - GardenLeafRake - Addition of snapshot listener for Mongo table null
19:23:03.480 [product-inproc://master1_2018-06-13T19:22:52.800+01:00-0] INFO  io.viewserver.datasource.RecordUtils - Scheduling addition to operator /datasources/product/table
19:23:03.480 [product-inproc://master1_2018-06-13T19:22:52.800+01:00-0] INFO  io.viewserver.adapters.mongo.MongoRecordLoader - GOT DOCUMENT IN SNAPSHOT - GardenShears - Addition of snapshot listener for Mongo table null
19:23:03.480 [product-inproc://master1_2018-06-13T19:22:52.800+01:00-0] INFO  io.viewserver.datasource.RecordUtils - Scheduling addition to operator /datasources/product/table
19:23:03.480 [product-inproc://master1_2018-06-13T19:22:52.800+01:00-0] INFO  io.viewserver.adapters.mongo.MongoRecordLoader - GOT DOCUMENT IN SNAPSHOT - GardenSpade - Addition of snapshot listener for Mongo table null
19:23:03.480 [product-inproc://master1_2018-06-13T19:22:52.800+01:00-0] INFO  io.viewserver.datasource.RecordUtils - Scheduling addition to operator /datasources/product/table
19:23:03.480 [product-inproc://master1_2018-06-13T19:22:52.800+01:00-0] INFO  io.viewserver.adapters.mongo.MongoRecordLoader - GOT DOCUMENT IN SNAPSHOT - GardenHoe - Addition of snapshot listener for Mongo table null
19:23:03.480 [product-inproc://master1_2018-06-13T19:22:52.800+01:00-0] INFO  io.viewserver.datasource.RecordUtils - Scheduling addition to operator /datasources/product/table
19:23:03.480 [product-inproc://master1_2018-06-13T19:22:52.800+01:00-0] INFO  io.viewserver.adapters.mongo.MongoRecordLoader - GOT DOCUMENT IN SNAPSHOT - GardenAeratorRotary - Addition of snapshot listener for Mongo table null
19:23:03.480 [product-inproc://master1_2018-06-13T19:22:52.800+01:00-0] INFO  io.viewserver.datasource.RecordUtils - Scheduling addition to operator /datasources/product/table
19:23:03.480 [product-inproc://master1_2018-06-13T19:22:52.800+01:00-0] INFO  io.viewserver.adapters.mongo.MongoRecordLoader - GOT DOCUMENT IN SNAPSHOT - LawnmowerPetrolSelf-Propelled - Addition of snapshot listener for Mongo table null
19:23:03.480 [product-inproc://master1_2018-06-13T19:22:52.800+01:00-0] INFO  io.viewserver.datasource.RecordUtils - Scheduling addition to operator /datasources/product/table
19:23:03.480 [product-inproc://master1_2018-06-13T19:22:52.800+01:00-0] INFO  io.viewserver.adapters.mongo.MongoRecordLoader - GOT DOCUMENT IN SNAPSHOT - LeafBlower(petrol)(fuelextra) - Addition of snapshot listener for Mongo table null
19:23:03.480 [product-inproc://master1_2018-06-13T19:22:52.800+01:00-0] INFO  io.viewserver.datasource.RecordUtils - Scheduling addition to operator /datasources/product/table
19:23:03.480 [product-inproc://master1_2018-06-13T19:22:52.800+01:00-0] INFO  io.viewserver.adapters.mongo.MongoRecordLoader - GOT DOCUMENT IN SNAPSHOT - GardenRotovator8hp - Addition of snapshot listener for Mongo table null
19:23:03.480 [product-inproc://master1_2018-06-13T19:22:52.800+01:00-0] INFO  io.viewserver.datasource.RecordUtils - Scheduling addition to operator /datasources/product/table
19:23:03.480 [product-inproc://master1_2018-06-13T19:22:52.800+01:00-0] INFO  io.viewserver.adapters.mongo.MongoRecordLoader - GOT DOCUMENT IN SNAPSHOT - GardenHedgeTrimmer(2stroke) - Addition of snapshot listener for Mongo table null
19:23:03.480 [product-inproc://master1_2018-06-13T19:22:52.800+01:00-0] INFO  io.viewserver.datasource.RecordUtils - Scheduling addition to operator /datasources/product/table
19:23:03.480 [product-inproc://master1_2018-06-13T19:22:52.800+01:00-0] INFO  io.viewserver.adapters.mongo.MongoRecordLoader - GOT DOCUMENT IN SNAPSHOT - GardenHedgeTrimmer(LongReach) - Addition of snapshot listener for Mongo table null
19:23:03.480 [product-inproc://master1_2018-06-13T19:22:52.800+01:00-0] INFO  io.viewserver.datasource.RecordUtils - Scheduling addition to operator /datasources/product/table
19:23:03.481 [product-inproc://master1_2018-06-13T19:22:52.800+01:00-0] INFO  io.viewserver.adapters.mongo.MongoRecordLoader - GOT DOCUMENT IN SNAPSHOT - DehumidifierSmall - Addition of snapshot listener for Mongo table null
19:23:03.481 [product-inproc://master1_2018-06-13T19:22:52.800+01:00-0] INFO  io.viewserver.datasource.RecordUtils - Scheduling addition to operator /datasources/product/table
19:23:03.481 [product-inproc://master1_2018-06-13T19:22:52.800+01:00-0] INFO  io.viewserver.adapters.mongo.MongoRecordLoader - GOT DOCUMENT IN SNAPSHOT - DehumidifierLarge - Addition of snapshot listener for Mongo table null
19:23:03.481 [product-inproc://master1_2018-06-13T19:22:52.800+01:00-0] INFO  io.viewserver.datasource.RecordUtils - Scheduling addition to operator /datasources/product/table
19:23:03.481 [product-inproc://master1_2018-06-13T19:22:52.800+01:00-0] INFO  io.viewserver.adapters.mongo.MongoRecordLoader - GOT DOCUMENT IN SNAPSHOT - Fan240v - Addition of snapshot listener for Mongo table null
19:23:03.481 [product-inproc://master1_2018-06-13T19:22:52.800+01:00-0] INFO  io.viewserver.datasource.RecordUtils - Scheduling addition to operator /datasources/product/table
19:23:03.481 [product-inproc://master1_2018-06-13T19:22:52.800+01:00-0] INFO  io.viewserver.adapters.mongo.MongoRecordLoader - GOT DOCUMENT IN SNAPSHOT - HeaterCeramic - Addition of snapshot listener for Mongo table null
19:23:03.481 [product-inproc://master1_2018-06-13T19:22:52.800+01:00-0] INFO  io.viewserver.datasource.RecordUtils - Scheduling addition to operator /datasources/product/table
19:23:03.481 [product-inproc://master1_2018-06-13T19:22:52.800+01:00-0] INFO  io.viewserver.adapters.mongo.MongoRecordLoader - GOT DOCUMENT IN SNAPSHOT - HeaterElectricFan240v2kW - Addition of snapshot listener for Mongo table null
19:23:03.481 [product-inproc://master1_2018-06-13T19:22:52.800+01:00-0] INFO  io.viewserver.datasource.RecordUtils - Scheduling addition to operator /datasources/product/table
19:23:03.481 [product-inproc://master1_2018-06-13T19:22:52.800+01:00-0] INFO  io.viewserver.adapters.mongo.MongoRecordLoader - GOT DOCUMENT IN SNAPSHOT - HeaterElectricTube240v1.5kW - Addition of snapshot listener for Mongo table null
19:23:03.481 [product-inproc://master1_2018-06-13T19:22:52.800+01:00-0] INFO  io.viewserver.datasource.RecordUtils - Scheduling addition to operator /datasources/product/table
19:23:03.481 [product-inproc://master1_2018-06-13T19:22:52.800+01:00-0] INFO  io.viewserver.adapters.mongo.MongoRecordLoader - GOT DOCUMENT IN SNAPSHOT - HeaterInfraRed - Addition of snapshot listener for Mongo table null
19:23:03.481 [product-inproc://master1_2018-06-13T19:22:52.800+01:00-0] INFO  io.viewserver.datasource.RecordUtils - Scheduling addition to operator /datasources/product/table
19:23:03.481 [product-inproc://master1_2018-06-13T19:22:52.800+01:00-0] INFO  io.viewserver.adapters.mongo.MongoRecordLoader - GOT DOCUMENT IN SNAPSHOT - HeaterSpaceLarge - Addition of snapshot listener for Mongo table null
19:23:03.481 [product-inproc://master1_2018-06-13T19:22:52.800+01:00-0] INFO  io.viewserver.datasource.RecordUtils - Scheduling addition to operator /datasources/product/table
19:23:03.481 [product-inproc://master1_2018-06-13T19:22:52.800+01:00-0] INFO  io.viewserver.adapters.mongo.MongoRecordLoader - GOT DOCUMENT IN SNAPSHOT - HeaterSpaceSmall - Addition of snapshot listener for Mongo table null
19:23:03.481 [product-inproc://master1_2018-06-13T19:22:52.800+01:00-0] INFO  io.viewserver.datasource.RecordUtils - Scheduling addition to operator /datasources/product/table
19:23:03.481 [product-inproc://master1_2018-06-13T19:22:52.800+01:00-0] INFO  io.viewserver.adapters.mongo.MongoRecordLoader - GOT DOCUMENT IN SNAPSHOT - BlockandTackle1ton5m - Addition of snapshot listener for Mongo table null
19:23:03.481 [product-inproc://master1_2018-06-13T19:22:52.800+01:00-0] INFO  io.viewserver.datasource.RecordUtils - Scheduling addition to operator /datasources/product/table
19:23:03.481 [product-inproc://master1_2018-06-13T19:22:52.800+01:00-0] INFO  io.viewserver.adapters.mongo.MongoRecordLoader - GOT DOCUMENT IN SNAPSHOT - BlockandTackle2ton8m - Addition of snapshot listener for Mongo table null
19:23:03.481 [product-inproc://master1_2018-06-13T19:22:52.800+01:00-0] INFO  io.viewserver.datasource.RecordUtils - Scheduling addition to operator /datasources/product/table
19:23:03.481 [product-inproc://master1_2018-06-13T19:22:52.800+01:00-0] INFO  io.viewserver.adapters.mongo.MongoRecordLoader - GOT DOCUMENT IN SNAPSHOT - PalletTruck - Addition of snapshot listener for Mongo table null
19:23:03.481 [product-inproc://master1_2018-06-13T19:22:52.800+01:00-0] INFO  io.viewserver.datasource.RecordUtils - Scheduling addition to operator /datasources/product/table
19:23:03.482 [product-inproc://master1_2018-06-13T19:22:52.800+01:00-0] INFO  io.viewserver.adapters.mongo.MongoRecordLoader - GOT DOCUMENT IN SNAPSHOT - GinWheel - Addition of snapshot listener for Mongo table null
19:23:03.482 [product-inproc://master1_2018-06-13T19:22:52.800+01:00-0] INFO  io.viewserver.datasource.RecordUtils - Scheduling addition to operator /datasources/product/table
19:23:03.482 [product-inproc://master1_2018-06-13T19:22:52.800+01:00-0] INFO  io.viewserver.adapters.mongo.MongoRecordLoader - GOT DOCUMENT IN SNAPSHOT - SackBarrow - Addition of snapshot listener for Mongo table null
19:23:03.482 [product-inproc://master1_2018-06-13T19:22:52.800+01:00-0] INFO  io.viewserver.datasource.RecordUtils - Scheduling addition to operator /datasources/product/table
19:23:03.482 [product-inproc://master1_2018-06-13T19:22:52.800+01:00-0] INFO  io.viewserver.adapters.mongo.MongoRecordLoader - GOT DOCUMENT IN SNAPSHOT - SackBarrowStaircase - Addition of snapshot listener for Mongo table null
19:23:03.482 [product-inproc://master1_2018-06-13T19:22:52.800+01:00-0] INFO  io.viewserver.datasource.RecordUtils - Scheduling addition to operator /datasources/product/table
19:23:03.482 [product-inproc://master1_2018-06-13T19:22:52.800+01:00-0] INFO  io.viewserver.adapters.mongo.MongoRecordLoader - GOT DOCUMENT IN SNAPSHOT - PlasterboardLifter - Addition of snapshot listener for Mongo table null
19:23:03.482 [product-inproc://master1_2018-06-13T19:22:52.800+01:00-0] INFO  io.viewserver.datasource.RecordUtils - Scheduling addition to operator /datasources/product/table
19:23:03.482 [product-inproc://master1_2018-06-13T19:22:52.800+01:00-0] INFO  io.viewserver.adapters.mongo.MongoRecordLoader - GOT DOCUMENT IN SNAPSHOT - GenieLiftSLA103m454kg - Addition of snapshot listener for Mongo table null
19:23:03.482 [product-inproc://master1_2018-06-13T19:22:52.800+01:00-0] INFO  io.viewserver.datasource.RecordUtils - Scheduling addition to operator /datasources/product/table
19:23:03.482 [product-inproc://master1_2018-06-13T19:22:52.800+01:00-0] INFO  io.viewserver.adapters.mongo.MongoRecordLoader - GOT DOCUMENT IN SNAPSHOT - BlowLampSingle - Addition of snapshot listener for Mongo table null
19:23:03.482 [product-inproc://master1_2018-06-13T19:22:52.800+01:00-0] INFO  io.viewserver.datasource.RecordUtils - Scheduling addition to operator /datasources/product/table
19:23:03.482 [product-inproc://master1_2018-06-13T19:22:52.800+01:00-0] INFO  io.viewserver.adapters.mongo.MongoRecordLoader - GOT DOCUMENT IN SNAPSHOT - BlowLampDouble - Addition of snapshot listener for Mongo table null
19:23:03.482 [product-inproc://master1_2018-06-13T19:22:52.800+01:00-0] INFO  io.viewserver.datasource.RecordUtils - Scheduling addition to operator /datasources/product/table
19:23:03.482 [product-inproc://master1_2018-06-13T19:22:52.800+01:00-0] INFO  io.viewserver.adapters.mongo.MongoRecordLoader - GOT DOCUMENT IN SNAPSHOT - HotAirGun240v - Addition of snapshot listener for Mongo table null
19:23:03.482 [product-inproc://master1_2018-06-13T19:22:52.800+01:00-0] INFO  io.viewserver.datasource.RecordUtils - Scheduling addition to operator /datasources/product/table
19:23:03.482 [product-inproc://master1_2018-06-13T19:22:52.800+01:00-0] INFO  io.viewserver.adapters.mongo.MongoRecordLoader - GOT DOCUMENT IN SNAPSHOT - PasteTable - Addition of snapshot listener for Mongo table null
19:23:03.482 [product-inproc://master1_2018-06-13T19:22:52.800+01:00-0] INFO  io.viewserver.datasource.RecordUtils - Scheduling addition to operator /datasources/product/table
19:23:03.482 [product-inproc://master1_2018-06-13T19:22:52.800+01:00-0] INFO  io.viewserver.adapters.mongo.MongoRecordLoader - GOT DOCUMENT IN SNAPSHOT - TyroleanGun - Addition of snapshot listener for Mongo table null
19:23:03.482 [product-inproc://master1_2018-06-13T19:22:52.800+01:00-0] INFO  io.viewserver.datasource.RecordUtils - Scheduling addition to operator /datasources/product/table
19:23:03.482 [product-inproc://master1_2018-06-13T19:22:52.800+01:00-0] INFO  io.viewserver.adapters.mongo.MongoRecordLoader - GOT DOCUMENT IN SNAPSHOT - WallpaperStripper240v - Addition of snapshot listener for Mongo table null
19:23:03.483 [product-inproc://master1_2018-06-13T19:22:52.800+01:00-0] INFO  io.viewserver.datasource.RecordUtils - Scheduling addition to operator /datasources/product/table
19:23:03.483 [product-inproc://master1_2018-06-13T19:22:52.800+01:00-0] INFO  io.viewserver.adapters.mongo.MongoRecordLoader - GOT DOCUMENT IN SNAPSHOT - WallpaperPerforator - Addition of snapshot listener for Mongo table null
19:23:03.483 [product-inproc://master1_2018-06-13T19:22:52.800+01:00-0] INFO  io.viewserver.datasource.RecordUtils - Scheduling addition to operator /datasources/product/table
19:23:03.483 [product-inproc://master1_2018-06-13T19:22:52.800+01:00-0] INFO  io.viewserver.adapters.mongo.MongoRecordLoader - GOT DOCUMENT IN SNAPSHOT - TexturedSurfaceRemover - Addition of snapshot listener for Mongo table null
19:23:03.483 [product-inproc://master1_2018-06-13T19:22:52.800+01:00-0] INFO  io.viewserver.datasource.RecordUtils - Scheduling addition to operator /datasources/product/table
19:23:03.483 [product-inproc://master1_2018-06-13T19:22:52.800+01:00-0] INFO  io.viewserver.adapters.mongo.MongoRecordLoader - GOT DOCUMENT IN SNAPSHOT - PaintSprayer(Airless)110v - Addition of snapshot listener for Mongo table null
19:23:03.483 [product-inproc://master1_2018-06-13T19:22:52.800+01:00-0] INFO  io.viewserver.datasource.RecordUtils - Scheduling addition to operator /datasources/product/table
19:23:03.483 [product-inproc://master1_2018-06-13T19:22:52.800+01:00-0] INFO  io.viewserver.adapters.mongo.MongoRecordLoader - GOT DOCUMENT IN SNAPSHOT - CentralHeatingFlusher110v - Addition of snapshot listener for Mongo table null
19:23:03.484 [product-inproc://master1_2018-06-13T19:22:52.800+01:00-0] INFO  io.viewserver.datasource.RecordUtils - Scheduling addition to operator /datasources/product/table
19:23:03.484 [product-inproc://master1_2018-06-13T19:22:52.800+01:00-0] INFO  io.viewserver.adapters.mongo.MongoRecordLoader - GOT DOCUMENT IN SNAPSHOT - DrainClearer110v - Addition of snapshot listener for Mongo table null
19:23:03.484 [product-inproc://master1_2018-06-13T19:22:52.800+01:00-0] INFO  io.viewserver.datasource.RecordUtils - Scheduling addition to operator /datasources/product/table
19:23:03.484 [product-inproc://master1_2018-06-13T19:22:52.800+01:00-0] INFO  io.viewserver.adapters.mongo.MongoRecordLoader - GOT DOCUMENT IN SNAPSHOT - DrainPlugs - Addition of snapshot listener for Mongo table null
19:23:03.484 [product-inproc://master1_2018-06-13T19:22:52.800+01:00-0] INFO  io.viewserver.datasource.RecordUtils - Scheduling addition to operator /datasources/product/table
19:23:03.484 [product-inproc://master1_2018-06-13T19:22:52.800+01:00-0] INFO  io.viewserver.adapters.mongo.MongoRecordLoader - GOT DOCUMENT IN SNAPSHOT - DrainRods - Addition of snapshot listener for Mongo table null
19:23:03.484 [product-inproc://master1_2018-06-13T19:22:52.800+01:00-0] INFO  io.viewserver.datasource.RecordUtils - Scheduling addition to operator /datasources/product/table
19:23:03.484 [product-inproc://master1_2018-06-13T19:22:52.800+01:00-0] INFO  io.viewserver.adapters.mongo.MongoRecordLoader - GOT DOCUMENT IN SNAPSHOT - DrainAirBag - Addition of snapshot listener for Mongo table null
19:23:03.484 [product-inproc://master1_2018-06-13T19:22:52.800+01:00-0] INFO  io.viewserver.datasource.RecordUtils - Scheduling addition to operator /datasources/product/table
19:23:03.484 [product-inproc://master1_2018-06-13T19:22:52.800+01:00-0] INFO  io.viewserver.adapters.mongo.MongoRecordLoader - GOT DOCUMENT IN SNAPSHOT - DrainAirPump - Addition of snapshot listener for Mongo table null
19:23:03.484 [product-inproc://master1_2018-06-13T19:22:52.800+01:00-0] INFO  io.viewserver.datasource.RecordUtils - Scheduling addition to operator /datasources/product/table
19:23:03.484 [product-inproc://master1_2018-06-13T19:22:52.800+01:00-0] INFO  io.viewserver.adapters.mongo.MongoRecordLoader - GOT DOCUMENT IN SNAPSHOT - PipeBender - Addition of snapshot listener for Mongo table null
19:23:03.484 [product-inproc://master1_2018-06-13T19:22:52.800+01:00-0] INFO  io.viewserver.datasource.RecordUtils - Scheduling addition to operator /datasources/product/table
19:23:03.484 [product-inproc://master1_2018-06-13T19:22:52.800+01:00-0] INFO  io.viewserver.adapters.mongo.MongoRecordLoader - GOT DOCUMENT IN SNAPSHOT - PipeStockandDieSet - Addition of snapshot listener for Mongo table null
19:23:03.485 [product-inproc://master1_2018-06-13T19:22:52.800+01:00-0] INFO  io.viewserver.datasource.RecordUtils - Scheduling addition to operator /datasources/product/table
19:23:03.485 [product-inproc://master1_2018-06-13T19:22:52.800+01:00-0] INFO  io.viewserver.adapters.mongo.MongoRecordLoader - GOT DOCUMENT IN SNAPSHOT - PipeFreezingKit110v - Addition of snapshot listener for Mongo table null
19:23:03.485 [product-inproc://master1_2018-06-13T19:22:52.800+01:00-0] INFO  io.viewserver.datasource.RecordUtils - Scheduling addition to operator /datasources/product/table
19:23:03.485 [product-inproc://master1_2018-06-13T19:22:52.800+01:00-0] INFO  io.viewserver.adapters.mongo.MongoRecordLoader - GOT DOCUMENT IN SNAPSHOT - WaterPump110v - Addition of snapshot listener for Mongo table null
19:23:03.485 [product-inproc://master1_2018-06-13T19:22:52.800+01:00-0] INFO  io.viewserver.datasource.RecordUtils - Scheduling addition to operator /datasources/product/table
19:23:03.485 [product-inproc://master1_2018-06-13T19:22:52.800+01:00-0] INFO  io.viewserver.adapters.mongo.MongoRecordLoader - GOT DOCUMENT IN SNAPSHOT - ImpactDriver110v - Addition of snapshot listener for Mongo table null
19:23:03.485 [product-inproc://master1_2018-06-13T19:22:52.800+01:00-0] INFO  io.viewserver.datasource.RecordUtils - Scheduling addition to operator /datasources/product/table
19:23:03.485 [product-inproc://master1_2018-06-13T19:22:52.800+01:00-0] INFO  io.viewserver.adapters.mongo.MongoRecordLoader - GOT DOCUMENT IN SNAPSHOT - ImpulseGunPaslode - Addition of snapshot listener for Mongo table null
19:23:03.485 [product-inproc://master1_2018-06-13T19:22:52.800+01:00-0] INFO  io.viewserver.datasource.RecordUtils - Scheduling addition to operator /datasources/product/table
19:23:03.485 [product-inproc://master1_2018-06-13T19:22:52.800+01:00-0] INFO  io.viewserver.adapters.mongo.MongoRecordLoader - GOT DOCUMENT IN SNAPSHOT - Portanailer - Addition of snapshot listener for Mongo table null
19:23:03.485 [product-inproc://master1_2018-06-13T19:22:52.800+01:00-0] INFO  io.viewserver.datasource.RecordUtils - Scheduling addition to operator /datasources/product/table
19:23:03.485 [product-inproc://master1_2018-06-13T19:22:52.800+01:00-0] INFO  io.viewserver.adapters.mongo.MongoRecordLoader - GOT DOCUMENT IN SNAPSHOT - ScrewdriverAutofeed110v - Addition of snapshot listener for Mongo table null
19:23:03.485 [product-inproc://master1_2018-06-13T19:22:52.800+01:00-0] INFO  io.viewserver.datasource.RecordUtils - Scheduling addition to operator /datasources/product/table
19:23:03.485 [product-inproc://master1_2018-06-13T19:22:52.800+01:00-0] INFO  io.viewserver.adapters.mongo.MongoRecordLoader - GOT DOCUMENT IN SNAPSHOT - Stapler240v - Addition of snapshot listener for Mongo table null
19:23:03.485 [product-inproc://master1_2018-06-13T19:22:52.800+01:00-0] INFO  io.viewserver.datasource.RecordUtils - Scheduling addition to operator /datasources/product/table
19:23:03.485 [product-inproc://master1_2018-06-13T19:22:52.800+01:00-0] INFO  io.viewserver.adapters.mongo.MongoRecordLoader - GOT DOCUMENT IN SNAPSHOT - SanderBelt4in240v - Addition of snapshot listener for Mongo table null
19:23:03.485 [product-inproc://master1_2018-06-13T19:22:52.800+01:00-0] INFO  io.viewserver.datasource.RecordUtils - Scheduling addition to operator /datasources/product/table
19:23:03.485 [product-inproc://master1_2018-06-13T19:22:52.800+01:00-0] INFO  io.viewserver.adapters.mongo.MongoRecordLoader - GOT DOCUMENT IN SNAPSHOT - SanderDisc7in - Addition of snapshot listener for Mongo table null
19:23:03.485 [product-inproc://master1_2018-06-13T19:22:52.800+01:00-0] INFO  io.viewserver.datasource.RecordUtils - Scheduling addition to operator /datasources/product/table
19:23:03.485 [product-inproc://master1_2018-06-13T19:22:52.800+01:00-0] INFO  io.viewserver.adapters.mongo.MongoRecordLoader - GOT DOCUMENT IN SNAPSHOT - SanderDetail240v - Addition of snapshot listener for Mongo table null
19:23:03.485 [product-inproc://master1_2018-06-13T19:22:52.800+01:00-0] INFO  io.viewserver.datasource.RecordUtils - Scheduling addition to operator /datasources/product/table
19:23:03.485 [product-inproc://master1_2018-06-13T19:22:52.800+01:00-0] INFO  io.viewserver.adapters.mongo.MongoRecordLoader - GOT DOCUMENT IN SNAPSHOT - SanderOrbital4in - Addition of snapshot listener for Mongo table null
19:23:03.485 [product-inproc://master1_2018-06-13T19:22:52.800+01:00-0] INFO  io.viewserver.datasource.RecordUtils - Scheduling addition to operator /datasources/product/table
19:23:03.485 [product-inproc://master1_2018-06-13T19:22:52.800+01:00-0] INFO  io.viewserver.adapters.mongo.MongoRecordLoader - GOT DOCUMENT IN SNAPSHOT - SanderOrbitalPalm - Addition of snapshot listener for Mongo table null
19:23:03.485 [product-inproc://master1_2018-06-13T19:22:52.800+01:00-0] INFO  io.viewserver.datasource.RecordUtils - Scheduling addition to operator /datasources/product/table
19:23:03.485 [product-inproc://master1_2018-06-13T19:22:52.800+01:00-0] INFO  io.viewserver.adapters.mongo.MongoRecordLoader - GOT DOCUMENT IN SNAPSHOT - SanderFloor8indrum240v - Addition of snapshot listener for Mongo table null
19:23:03.486 [product-inproc://master1_2018-06-13T19:22:52.800+01:00-0] INFO  io.viewserver.datasource.RecordUtils - Scheduling addition to operator /datasources/product/table
19:23:03.486 [product-inproc://master1_2018-06-13T19:22:52.800+01:00-0] INFO  io.viewserver.adapters.mongo.MongoRecordLoader - GOT DOCUMENT IN SNAPSHOT - SanderEdging240v - Addition of snapshot listener for Mongo table null
19:23:03.486 [product-inproc://master1_2018-06-13T19:22:52.800+01:00-0] INFO  io.viewserver.datasource.RecordUtils - Scheduling addition to operator /datasources/product/table
19:23:03.486 [product-inproc://master1_2018-06-13T19:22:52.800+01:00-0] INFO  io.viewserver.adapters.mongo.MongoRecordLoader - GOT DOCUMENT IN SNAPSHOT - SanderOrbitalFloor240v - Addition of snapshot listener for Mongo table null
19:23:03.486 [product-inproc://master1_2018-06-13T19:22:52.800+01:00-0] INFO  io.viewserver.datasource.RecordUtils - Scheduling addition to operator /datasources/product/table
19:23:03.486 [product-inproc://master1_2018-06-13T19:22:52.800+01:00-0] INFO  io.viewserver.adapters.mongo.MongoRecordLoader - GOT DOCUMENT IN SNAPSHOT - FloorPreparationMachine110v - Addition of snapshot listener for Mongo table null
19:23:03.486 [product-inproc://master1_2018-06-13T19:22:52.800+01:00-0] INFO  io.viewserver.datasource.RecordUtils - Scheduling addition to operator /datasources/product/table
19:23:03.486 [product-inproc://master1_2018-06-13T19:22:52.800+01:00-0] INFO  io.viewserver.adapters.mongo.MongoRecordLoader - GOT DOCUMENT IN SNAPSHOT - SanderFloor(AdjustableHeight) - Addition of snapshot listener for Mongo table null
19:23:03.486 [product-inproc://master1_2018-06-13T19:22:52.800+01:00-0] INFO  io.viewserver.datasource.RecordUtils - Scheduling addition to operator /datasources/product/table
19:23:03.486 [product-inproc://master1_2018-06-13T19:22:52.800+01:00-0] INFO  io.viewserver.adapters.mongo.MongoRecordLoader - GOT DOCUMENT IN SNAPSHOT - BiscuitJointer110v - Addition of snapshot listener for Mongo table null
19:23:03.486 [product-inproc://master1_2018-06-13T19:22:52.800+01:00-0] INFO  io.viewserver.datasource.RecordUtils - Scheduling addition to operator /datasources/product/table
19:23:03.486 [product-inproc://master1_2018-06-13T19:22:52.800+01:00-0] INFO  io.viewserver.adapters.mongo.MongoRecordLoader - GOT DOCUMENT IN SNAPSHOT - BlockSplitter - Addition of snapshot listener for Mongo table null
19:23:03.486 [product-inproc://master1_2018-06-13T19:22:52.800+01:00-0] INFO  io.viewserver.datasource.RecordUtils - Scheduling addition to operator /datasources/product/table
19:23:03.486 [product-inproc://master1_2018-06-13T19:22:52.800+01:00-0] INFO  io.viewserver.adapters.mongo.MongoRecordLoader - GOT DOCUMENT IN SNAPSHOT - GrinderAngle4.5in110v - Addition of snapshot listener for Mongo table null
19:23:03.486 [product-inproc://master1_2018-06-13T19:22:52.800+01:00-0] INFO  io.viewserver.datasource.RecordUtils - Scheduling addition to operator /datasources/product/table
19:23:03.486 [product-inproc://master1_2018-06-13T19:22:52.800+01:00-0] INFO  io.viewserver.adapters.mongo.MongoRecordLoader - GOT DOCUMENT IN SNAPSHOT - GrinderAngle9in110v - Addition of snapshot listener for Mongo table null
19:23:03.486 [product-inproc://master1_2018-06-13T19:22:52.800+01:00-0] INFO  io.viewserver.datasource.RecordUtils - Scheduling addition to operator /datasources/product/table
19:23:03.486 [product-inproc://master1_2018-06-13T19:22:52.800+01:00-0] INFO  io.viewserver.adapters.mongo.MongoRecordLoader - GOT DOCUMENT IN SNAPSHOT - GrinderBench12in110v - Addition of snapshot listener for Mongo table null
19:23:03.486 [product-inproc://master1_2018-06-13T19:22:52.800+01:00-0] INFO  io.viewserver.datasource.RecordUtils - Scheduling addition to operator /datasources/product/table
19:23:03.486 [product-inproc://master1_2018-06-13T19:22:52.800+01:00-0] INFO  io.viewserver.adapters.mongo.MongoRecordLoader - GOT DOCUMENT IN SNAPSHOT - GrinderPetrolCutOff12in - Addition of snapshot listener for Mongo table null
19:23:03.486 [product-inproc://master1_2018-06-13T19:22:52.800+01:00-0] INFO  io.viewserver.datasource.RecordUtils - Scheduling addition to operator /datasources/product/table
19:23:03.486 [product-inproc://master1_2018-06-13T19:22:52.800+01:00-0] INFO  io.viewserver.adapters.mongo.MongoRecordLoader - GOT DOCUMENT IN SNAPSHOT - PlanerElectric240v - Addition of snapshot listener for Mongo table null
19:23:03.486 [product-inproc://master1_2018-06-13T19:22:52.800+01:00-0] INFO  io.viewserver.datasource.RecordUtils - Scheduling addition to operator /datasources/product/table
19:23:03.486 [product-inproc://master1_2018-06-13T19:22:52.800+01:00-0] INFO  io.viewserver.adapters.mongo.MongoRecordLoader - GOT DOCUMENT IN SNAPSHOT - PlanerElectric110v - Addition of snapshot listener for Mongo table null
19:23:03.487 [product-inproc://master1_2018-06-13T19:22:52.800+01:00-0] INFO  io.viewserver.datasource.RecordUtils - Scheduling addition to operator /datasources/product/table
19:23:03.487 [product-inproc://master1_2018-06-13T19:22:52.800+01:00-0] INFO  io.viewserver.adapters.mongo.MongoRecordLoader - GOT DOCUMENT IN SNAPSHOT - Router - Addition of snapshot listener for Mongo table null
19:23:03.487 [product-inproc://master1_2018-06-13T19:22:52.800+01:00-0] INFO  io.viewserver.datasource.RecordUtils - Scheduling addition to operator /datasources/product/table
19:23:03.487 [product-inproc://master1_2018-06-13T19:22:52.800+01:00-0] INFO  io.viewserver.adapters.mongo.MongoRecordLoader - GOT DOCUMENT IN SNAPSHOT - SawChopsaw110v - Addition of snapshot listener for Mongo table null
19:23:03.487 [product-inproc://master1_2018-06-13T19:22:52.800+01:00-0] INFO  io.viewserver.datasource.RecordUtils - Scheduling addition to operator /datasources/product/table
19:23:03.487 [product-inproc://master1_2018-06-13T19:22:52.800+01:00-0] INFO  io.viewserver.adapters.mongo.MongoRecordLoader - GOT DOCUMENT IN SNAPSHOT - SawCircular110v - Addition of snapshot listener for Mongo table null
19:23:03.487 [product-inproc://master1_2018-06-13T19:22:52.800+01:00-0] INFO  io.viewserver.datasource.RecordUtils - Scheduling addition to operator /datasources/product/table
19:23:03.487 [product-inproc://master1_2018-06-13T19:22:52.800+01:00-0] INFO  io.viewserver.adapters.mongo.MongoRecordLoader - GOT DOCUMENT IN SNAPSHOT - SawPlunge_DoorTrimmer110v - Addition of snapshot listener for Mongo table null
19:23:03.487 [product-inproc://master1_2018-06-13T19:22:52.800+01:00-0] INFO  io.viewserver.datasource.RecordUtils - Scheduling addition to operator /datasources/product/table
19:23:03.487 [product-inproc://master1_2018-06-13T19:22:52.800+01:00-0] INFO  io.viewserver.adapters.mongo.MongoRecordLoader - GOT DOCUMENT IN SNAPSHOT - SawFlipsaw110v - Addition of snapshot listener for Mongo table null
19:23:03.487 [product-inproc://master1_2018-06-13T19:22:52.800+01:00-0] INFO  io.viewserver.datasource.RecordUtils - Scheduling addition to operator /datasources/product/table
19:23:03.487 [product-inproc://master1_2018-06-13T19:22:52.800+01:00-0] INFO  io.viewserver.adapters.mongo.MongoRecordLoader - GOT DOCUMENT IN SNAPSHOT - SawJigsaw110v - Addition of snapshot listener for Mongo table null
19:23:03.487 [product-inproc://master1_2018-06-13T19:22:52.800+01:00-0] INFO  io.viewserver.datasource.RecordUtils - Scheduling addition to operator /datasources/product/table
19:23:03.487 [product-inproc://master1_2018-06-13T19:22:52.800+01:00-0] INFO  io.viewserver.adapters.mongo.MongoRecordLoader - GOT DOCUMENT IN SNAPSHOT - SawReciprocating110v - Addition of snapshot listener for Mongo table null
19:23:03.487 [product-inproc://master1_2018-06-13T19:22:52.800+01:00-0] INFO  io.viewserver.datasource.RecordUtils - Scheduling addition to operator /datasources/product/table
19:23:03.487 [product-inproc://master1_2018-06-13T19:22:52.800+01:00-0] INFO  io.viewserver.adapters.mongo.MongoRecordLoader - GOT DOCUMENT IN SNAPSHOT - TilesawBench110v - Addition of snapshot listener for Mongo table null
19:23:03.487 [product-inproc://master1_2018-06-13T19:22:52.800+01:00-0] INFO  io.viewserver.datasource.RecordUtils - Scheduling addition to operator /datasources/product/table
19:23:03.487 [product-inproc://master1_2018-06-13T19:22:52.800+01:00-0] INFO  io.viewserver.adapters.mongo.MongoRecordLoader - GOT DOCUMENT IN SNAPSHOT - Tilesaw110v - Addition of snapshot listener for Mongo table null
19:23:03.487 [product-inproc://master1_2018-06-13T19:22:52.800+01:00-0] INFO  io.viewserver.datasource.RecordUtils - Scheduling addition to operator /datasources/product/table
19:23:03.487 [product-inproc://master1_2018-06-13T19:22:52.800+01:00-0] INFO  io.viewserver.adapters.mongo.MongoRecordLoader - GOT DOCUMENT IN SNAPSHOT - TileCutter300mm - Addition of snapshot listener for Mongo table null
19:23:03.487 [product-inproc://master1_2018-06-13T19:22:52.800+01:00-0] INFO  io.viewserver.datasource.RecordUtils - Scheduling addition to operator /datasources/product/table
19:23:03.487 [product-inproc://master1_2018-06-13T19:22:52.800+01:00-0] INFO  io.viewserver.adapters.mongo.MongoRecordLoader - GOT DOCUMENT IN SNAPSHOT - Tile_StoneSaw110v1000mm(Bench) - Addition of snapshot listener for Mongo table null
19:23:03.487 [product-inproc://master1_2018-06-13T19:22:52.800+01:00-0] INFO  io.viewserver.datasource.RecordUtils - Scheduling addition to operator /datasources/product/table
19:23:03.487 [product-inproc://master1_2018-06-13T19:22:52.800+01:00-0] INFO  io.viewserver.adapters.mongo.MongoRecordLoader - GOT DOCUMENT IN SNAPSHOT - PlanerThicknesser110v - Addition of snapshot listener for Mongo table null
19:23:03.487 [product-inproc://master1_2018-06-13T19:22:52.800+01:00-0] INFO  io.viewserver.datasource.RecordUtils - Scheduling addition to operator /datasources/product/table
19:23:03.488 [product-inproc://master1_2018-06-13T19:22:52.800+01:00-0] INFO  io.viewserver.adapters.mongo.MongoRecordLoader - GOT DOCUMENT IN SNAPSHOT - TileCutter600mm - Addition of snapshot listener for Mongo table null
19:23:03.488 [product-inproc://master1_2018-06-13T19:22:52.800+01:00-0] INFO  io.viewserver.datasource.RecordUtils - Scheduling addition to operator /datasources/product/table
19:23:03.488 [product-inproc://master1_2018-06-13T19:22:52.800+01:00-0] INFO  io.viewserver.adapters.mongo.MongoRecordLoader - GOT DOCUMENT IN SNAPSHOT - StoneCutter(marblegranite)110v - Addition of snapshot listener for Mongo table null
19:23:03.488 [product-inproc://master1_2018-06-13T19:22:52.800+01:00-0] INFO  io.viewserver.datasource.RecordUtils - Scheduling addition to operator /datasources/product/table
19:23:03.488 [product-inproc://master1_2018-06-13T19:22:52.800+01:00-0] INFO  io.viewserver.adapters.mongo.MongoRecordLoader - GOT DOCUMENT IN SNAPSHOT - MasonryBenchSaw110v - Addition of snapshot listener for Mongo table null
19:23:03.488 [product-inproc://master1_2018-06-13T19:22:52.800+01:00-0] INFO  io.viewserver.datasource.RecordUtils - Scheduling addition to operator /datasources/product/table
19:23:03.488 [product-inproc://master1_2018-06-13T19:22:52.800+01:00-0] INFO  io.viewserver.adapters.mongo.MongoRecordLoader - GOT DOCUMENT IN SNAPSHOT - CompoundMitreChopsaw110v - Addition of snapshot listener for Mongo table null
19:23:03.488 [product-inproc://master1_2018-06-13T19:22:52.800+01:00-0] INFO  io.viewserver.datasource.RecordUtils - Scheduling addition to operator /datasources/product/table
19:23:03.488 [product-inproc://master1_2018-06-13T19:22:52.800+01:00-0] INFO  io.viewserver.adapters.mongo.MongoRecordLoader - GOT DOCUMENT IN SNAPSHOT - ConcretePlaner110v - Addition of snapshot listener for Mongo table null
19:23:03.488 [product-inproc://master1_2018-06-13T19:22:52.800+01:00-0] INFO  io.viewserver.datasource.RecordUtils - Scheduling addition to operator /datasources/product/table
19:23:03.488 [product-inproc://master1_2018-06-13T19:22:52.800+01:00-0] INFO  io.viewserver.adapters.mongo.MongoRecordLoader - GOT DOCUMENT IN SNAPSHOT - TableSawBench - Addition of snapshot listener for Mongo table null
19:23:03.488 [product-inproc://master1_2018-06-13T19:22:52.800+01:00-0] INFO  io.viewserver.datasource.RecordUtils - Scheduling addition to operator /datasources/product/table
19:23:03.488 [product-inproc://master1_2018-06-13T19:22:52.800+01:00-0] INFO  io.viewserver.adapters.mongo.MongoRecordLoader - GOT DOCUMENT IN SNAPSHOT - CowleyLevel - Addition of snapshot listener for Mongo table null
19:23:03.488 [product-inproc://master1_2018-06-13T19:22:52.800+01:00-0] INFO  io.viewserver.datasource.RecordUtils - Scheduling addition to operator /datasources/product/table
19:23:03.488 [product-inproc://master1_2018-06-13T19:22:52.800+01:00-0] INFO  io.viewserver.adapters.mongo.MongoRecordLoader - GOT DOCUMENT IN SNAPSHOT - DunphyLevel - Addition of snapshot listener for Mongo table null
19:23:03.488 [product-inproc://master1_2018-06-13T19:22:52.800+01:00-0] INFO  io.viewserver.datasource.RecordUtils - Scheduling addition to operator /datasources/product/table
19:23:03.488 [product-inproc://master1_2018-06-13T19:22:52.800+01:00-0] INFO  io.viewserver.adapters.mongo.MongoRecordLoader - GOT DOCUMENT IN SNAPSHOT - LaserLevel - Addition of snapshot listener for Mongo table null
19:23:03.488 [product-inproc://master1_2018-06-13T19:22:52.800+01:00-0] INFO  io.viewserver.datasource.RecordUtils - Scheduling addition to operator /datasources/product/table
19:23:03.488 [product-inproc://master1_2018-06-13T19:22:52.800+01:00-0] INFO  io.viewserver.adapters.mongo.MongoRecordLoader - GOT DOCUMENT IN SNAPSHOT - WaterLevel - Addition of snapshot listener for Mongo table null
19:23:03.488 [product-inproc://master1_2018-06-13T19:22:52.800+01:00-0] INFO  io.viewserver.datasource.RecordUtils - Scheduling addition to operator /datasources/product/table
19:23:03.488 [product-inproc://master1_2018-06-13T19:22:52.800+01:00-0] INFO  io.viewserver.adapters.mongo.MongoRecordLoader - GOT DOCUMENT IN SNAPSHOT - SpiritLevel - Addition of snapshot listener for Mongo table null
19:23:03.488 [product-inproc://master1_2018-06-13T19:22:52.800+01:00-0] INFO  io.viewserver.datasource.RecordUtils - Scheduling addition to operator /datasources/product/table
19:23:03.488 [product-inproc://master1_2018-06-13T19:22:52.800+01:00-0] INFO  io.viewserver.adapters.mongo.MongoRecordLoader - GOT DOCUMENT IN SNAPSHOT - LaserLevel(Rotary) - Addition of snapshot listener for Mongo table null
19:23:03.488 [product-inproc://master1_2018-06-13T19:22:52.800+01:00-0] INFO  io.viewserver.datasource.RecordUtils - Scheduling addition to operator /datasources/product/table
19:23:03.489 [product-inproc://master1_2018-06-13T19:22:52.800+01:00-0] INFO  io.viewserver.adapters.mongo.MongoRecordLoader - GOT DOCUMENT IN SNAPSHOT - Generator2.5kVa - Addition of snapshot listener for Mongo table null
19:23:03.489 [product-inproc://master1_2018-06-13T19:22:52.800+01:00-0] INFO  io.viewserver.datasource.RecordUtils - Scheduling addition to operator /datasources/product/table
19:23:03.489 [product-inproc://master1_2018-06-13T19:22:52.800+01:00-0] INFO  io.viewserver.adapters.mongo.MongoRecordLoader - GOT DOCUMENT IN SNAPSHOT - Generator4kVa - Addition of snapshot listener for Mongo table null
19:23:03.489 [product-inproc://master1_2018-06-13T19:22:52.800+01:00-0] INFO  io.viewserver.datasource.RecordUtils - Scheduling addition to operator /datasources/product/table
19:23:03.489 [product-inproc://master1_2018-06-13T19:22:52.800+01:00-0] INFO  io.viewserver.adapters.mongo.MongoRecordLoader - GOT DOCUMENT IN SNAPSHOT - WelderMiniMig240v - Addition of snapshot listener for Mongo table null
19:23:03.489 [product-inproc://master1_2018-06-13T19:22:52.800+01:00-0] INFO  io.viewserver.datasource.RecordUtils - Scheduling addition to operator /datasources/product/table
19:23:03.489 [product-inproc://master1_2018-06-13T19:22:52.800+01:00-0] INFO  io.viewserver.adapters.mongo.MongoRecordLoader - GOT DOCUMENT IN SNAPSHOT - WelderGenerator - Addition of snapshot listener for Mongo table null
19:23:03.489 [product-inproc://master1_2018-06-13T19:22:52.800+01:00-0] INFO  io.viewserver.datasource.RecordUtils - Scheduling addition to operator /datasources/product/table
19:23:03.489 [product-inproc://master1_2018-06-13T19:22:52.800+01:00-0] INFO  io.viewserver.adapters.mongo.MongoRecordLoader - GOT DOCUMENT IN SNAPSHOT - LightHalogen - Addition of snapshot listener for Mongo table null
19:23:03.489 [product-inproc://master1_2018-06-13T19:22:52.800+01:00-0] INFO  io.viewserver.datasource.RecordUtils - Scheduling addition to operator /datasources/product/table
19:23:03.489 [product-inproc://master1_2018-06-13T19:22:52.800+01:00-0] INFO  io.viewserver.adapters.mongo.MongoRecordLoader - GOT DOCUMENT IN SNAPSHOT - LightFluorescent - Addition of snapshot listener for Mongo table null
19:23:03.489 [product-inproc://master1_2018-06-13T19:22:52.800+01:00-0] INFO  io.viewserver.datasource.RecordUtils - Scheduling addition to operator /datasources/product/table
19:23:03.489 [product-inproc://master1_2018-06-13T19:22:52.800+01:00-0] INFO  io.viewserver.adapters.mongo.MongoRecordLoader - GOT DOCUMENT IN SNAPSHOT - LightStringFestoon - Addition of snapshot listener for Mongo table null
19:23:03.489 [product-inproc://master1_2018-06-13T19:22:52.800+01:00-0] INFO  io.viewserver.datasource.RecordUtils - Scheduling addition to operator /datasources/product/table
19:23:03.489 [product-inproc://master1_2018-06-13T19:22:52.800+01:00-0] INFO  io.viewserver.adapters.mongo.MongoRecordLoader - GOT DOCUMENT IN SNAPSHOT - Compressor240v90litre150psi - Addition of snapshot listener for Mongo table null
19:23:03.489 [product-inproc://master1_2018-06-13T19:22:52.800+01:00-0] INFO  io.viewserver.datasource.RecordUtils - Scheduling addition to operator /datasources/product/table
19:23:03.489 [product-inproc://master1_2018-06-13T19:22:52.800+01:00-0] INFO  io.viewserver.adapters.mongo.MongoRecordLoader - GOT DOCUMENT IN SNAPSHOT - SafetyHarness - Addition of snapshot listener for Mongo table null
19:23:03.489 [product-inproc://master1_2018-06-13T19:22:52.800+01:00-0] INFO  io.viewserver.datasource.RecordUtils - Scheduling addition to operator /datasources/product/table
19:23:03.489 [product-inproc://master1_2018-06-13T19:22:52.800+01:00-0] INFO  io.viewserver.adapters.mongo.MongoRecordLoader - GOT DOCUMENT IN SNAPSHOT - FloorCramp - Addition of snapshot listener for Mongo table null
19:23:03.489 [product-inproc://master1_2018-06-13T19:22:52.800+01:00-0] INFO  io.viewserver.datasource.RecordUtils - Scheduling addition to operator /datasources/product/table
19:23:03.489 [product-inproc://master1_2018-06-13T19:22:52.800+01:00-0] INFO  io.viewserver.adapters.mongo.MongoRecordLoader - GOT DOCUMENT IN SNAPSHOT - SashCramp - Addition of snapshot listener for Mongo table null
19:23:03.489 [product-inproc://master1_2018-06-13T19:22:52.800+01:00-0] INFO  io.viewserver.datasource.RecordUtils - Scheduling addition to operator /datasources/product/table
19:23:03.489 [product-inproc://master1_2018-06-13T19:22:52.800+01:00-0] INFO  io.viewserver.adapters.mongo.MongoRecordLoader - GOT DOCUMENT IN SNAPSHOT - ExtensionLead - Addition of snapshot listener for Mongo table null
19:23:03.489 [product-inproc://master1_2018-06-13T19:22:52.800+01:00-0] INFO  io.viewserver.datasource.RecordUtils - Scheduling addition to operator /datasources/product/table
19:23:03.489 [product-inproc://master1_2018-06-13T19:22:52.800+01:00-0] INFO  io.viewserver.adapters.mongo.MongoRecordLoader - GOT DOCUMENT IN SNAPSHOT - ExtensionReel - Addition of snapshot listener for Mongo table null
19:23:03.489 [product-inproc://master1_2018-06-13T19:22:52.800+01:00-0] INFO  io.viewserver.datasource.RecordUtils - Scheduling addition to operator /datasources/product/table
19:23:03.489 [product-inproc://master1_2018-06-13T19:22:52.800+01:00-0] INFO  io.viewserver.adapters.mongo.MongoRecordLoader - GOT DOCUMENT IN SNAPSHOT - FourWaySplitter110v - Addition of snapshot listener for Mongo table null
19:23:03.490 [product-inproc://master1_2018-06-13T19:22:52.800+01:00-0] INFO  io.viewserver.datasource.RecordUtils - Scheduling addition to operator /datasources/product/table
19:23:03.490 [product-inproc://master1_2018-06-13T19:22:52.800+01:00-0] INFO  io.viewserver.adapters.mongo.MongoRecordLoader - GOT DOCUMENT IN SNAPSHOT - GlassSucker - Addition of snapshot listener for Mongo table null
19:23:03.490 [product-inproc://master1_2018-06-13T19:22:52.800+01:00-0] INFO  io.viewserver.datasource.RecordUtils - Scheduling addition to operator /datasources/product/table
19:23:03.490 [product-inproc://master1_2018-06-13T19:22:52.800+01:00-0] INFO  io.viewserver.adapters.mongo.MongoRecordLoader - GOT DOCUMENT IN SNAPSHOT - GullyScoop - Addition of snapshot listener for Mongo table null
19:23:03.490 [product-inproc://master1_2018-06-13T19:22:52.800+01:00-0] INFO  io.viewserver.datasource.RecordUtils - Scheduling addition to operator /datasources/product/table
19:23:03.490 [product-inproc://master1_2018-06-13T19:22:52.800+01:00-0] INFO  io.viewserver.adapters.mongo.MongoRecordLoader - GOT DOCUMENT IN SNAPSHOT - LockJig - Addition of snapshot listener for Mongo table null
19:23:03.490 [product-inproc://master1_2018-06-13T19:22:52.800+01:00-0] INFO  io.viewserver.datasource.RecordUtils - Scheduling addition to operator /datasources/product/table
19:23:03.490 [product-inproc://master1_2018-06-13T19:22:52.800+01:00-0] INFO  io.viewserver.adapters.mongo.MongoRecordLoader - GOT DOCUMENT IN SNAPSHOT - WallChaser110v - Addition of snapshot listener for Mongo table null
19:23:03.490 [product-inproc://master1_2018-06-13T19:22:52.800+01:00-0] INFO  io.viewserver.datasource.RecordUtils - Scheduling addition to operator /datasources/product/table
19:23:03.490 [product-inproc://master1_2018-06-13T19:22:52.800+01:00-0] INFO  io.viewserver.adapters.mongo.MongoRecordLoader - GOT DOCUMENT IN SNAPSHOT - Wheelbarrow - Addition of snapshot listener for Mongo table null
19:23:03.490 [product-inproc://master1_2018-06-13T19:22:52.800+01:00-0] INFO  io.viewserver.datasource.RecordUtils - Scheduling addition to operator /datasources/product/table
19:23:03.490 [product-inproc://master1_2018-06-13T19:22:52.800+01:00-0] INFO  io.viewserver.adapters.mongo.MongoRecordLoader - GOT DOCUMENT IN SNAPSHOT - WorktopMitre - Addition of snapshot listener for Mongo table null
19:23:03.490 [product-inproc://master1_2018-06-13T19:22:52.800+01:00-0] INFO  io.viewserver.datasource.RecordUtils - Scheduling addition to operator /datasources/product/table
19:23:03.490 [product-inproc://master1_2018-06-13T19:22:52.800+01:00-0] INFO  io.viewserver.adapters.mongo.MongoRecordLoader - GOT DOCUMENT IN SNAPSHOT - Sledgehammer - Addition of snapshot listener for Mongo table null
19:23:03.490 [product-inproc://master1_2018-06-13T19:22:52.800+01:00-0] INFO  io.viewserver.datasource.RecordUtils - Scheduling addition to operator /datasources/product/table
19:23:03.490 [product-inproc://master1_2018-06-13T19:22:52.800+01:00-0] INFO  io.viewserver.adapters.mongo.MongoRecordLoader - GOT DOCUMENT IN SNAPSHOT - Shovel - Addition of snapshot listener for Mongo table null
19:23:03.490 [product-inproc://master1_2018-06-13T19:22:52.800+01:00-0] INFO  io.viewserver.datasource.RecordUtils - Scheduling addition to operator /datasources/product/table
19:23:03.490 [product-inproc://master1_2018-06-13T19:22:52.800+01:00-0] INFO  io.viewserver.adapters.mongo.MongoRecordLoader - GOT DOCUMENT IN SNAPSHOT - PickAxe - Addition of snapshot listener for Mongo table null
19:23:03.490 [product-inproc://master1_2018-06-13T19:22:52.800+01:00-0] INFO  io.viewserver.datasource.RecordUtils - Scheduling addition to operator /datasources/product/table
19:23:03.490 [product-inproc://master1_2018-06-13T19:22:52.800+01:00-0] INFO  io.viewserver.adapters.mongo.MongoRecordLoader - GOT DOCUMENT IN SNAPSHOT - ImmersionSpanner - Addition of snapshot listener for Mongo table null
19:23:03.490 [product-inproc://master1_2018-06-13T19:22:52.800+01:00-0] INFO  io.viewserver.datasource.RecordUtils - Scheduling addition to operator /datasources/product/table
19:23:03.490 [product-inproc://master1_2018-06-13T19:22:52.800+01:00-0] INFO  io.viewserver.adapters.mongo.MongoRecordLoader - GOT DOCUMENT IN SNAPSHOT - Crowbar - Addition of snapshot listener for Mongo table null
19:23:03.490 [product-inproc://master1_2018-06-13T19:22:52.800+01:00-0] INFO  io.viewserver.datasource.RecordUtils - Scheduling addition to operator /datasources/product/table
19:23:03.490 [product-inproc://master1_2018-06-13T19:22:52.800+01:00-0] INFO  io.viewserver.adapters.mongo.MongoRecordLoader - GOT DOCUMENT IN SNAPSHOT - Tamper - Addition of snapshot listener for Mongo table null
19:23:03.491 [product-inproc://master1_2018-06-13T19:22:52.800+01:00-0] INFO  io.viewserver.datasource.RecordUtils - Scheduling addition to operator /datasources/product/table
19:23:03.491 [product-inproc://master1_2018-06-13T19:22:52.800+01:00-0] INFO  io.viewserver.adapters.mongo.MongoRecordLoader - GOT DOCUMENT IN SNAPSHOT - Nailbar - Addition of snapshot listener for Mongo table null
19:23:03.491 [product-inproc://master1_2018-06-13T19:22:52.800+01:00-0] INFO  io.viewserver.datasource.RecordUtils - Scheduling addition to operator /datasources/product/table
19:23:03.491 [product-inproc://master1_2018-06-13T19:22:52.800+01:00-0] INFO  io.viewserver.adapters.mongo.MongoRecordLoader - GOT DOCUMENT IN SNAPSHOT - SlateRip - Addition of snapshot listener for Mongo table null
19:23:03.491 [product-inproc://master1_2018-06-13T19:22:52.800+01:00-0] INFO  io.viewserver.datasource.RecordUtils - Scheduling addition to operator /datasources/product/table
19:23:03.491 [product-inproc://master1_2018-06-13T19:22:52.800+01:00-0] INFO  io.viewserver.adapters.mongo.MongoRecordLoader - GOT DOCUMENT IN SNAPSHOT - SlateNibbler - Addition of snapshot listener for Mongo table null
19:23:03.491 [product-inproc://master1_2018-06-13T19:22:52.800+01:00-0] INFO  io.viewserver.datasource.RecordUtils - Scheduling addition to operator /datasources/product/table
19:23:03.491 [product-inproc://master1_2018-06-13T19:22:52.800+01:00-0] INFO  io.viewserver.adapters.mongo.MongoRecordLoader - GOT DOCUMENT IN SNAPSHOT - FloorSqueegee - Addition of snapshot listener for Mongo table null
19:23:03.491 [product-inproc://master1_2018-06-13T19:22:52.800+01:00-0] INFO  io.viewserver.datasource.RecordUtils - Scheduling addition to operator /datasources/product/table
19:23:03.491 [product-inproc://master1_2018-06-13T19:22:52.800+01:00-0] INFO  io.viewserver.adapters.mongo.MongoRecordLoader - GOT DOCUMENT IN SNAPSHOT - Nibbler(Metal)110v - Addition of snapshot listener for Mongo table null
19:23:03.491 [product-inproc://master1_2018-06-13T19:22:52.800+01:00-0] INFO  io.viewserver.datasource.RecordUtils - Scheduling addition to operator /datasources/product/table
19:23:47.078 [reactor-client1] INFO  io.viewserver.network.Network - EXECUTING - Connecting to NettyInProcEndpoint{name='master1'} - Failure Count is 2
19:23:47.104 [reactor-client1] ERROR io.viewserver.network.Network - Issue connecting. Scheduling connection to next end point in a second NettyInProcEndpoint{name='master1'} - 1/1 - java.net.ConnectException: connection refused: local:master1
Exception in thread "RxComputationScheduler-3" Exception in thread "RxComputationScheduler-2" Exception in thread "RxComputationScheduler-1" java.lang.IllegalStateException: Exception thrown on Scheduler.Worker thread. Add `onError` handling.
	at rx.internal.schedulers.ScheduledAction.run(ScheduledAction.java:57)
	at java.util.concurrent.Executors$RunnableAdapter.call(Executors.java:511)
	at java.util.concurrent.FutureTask.run$$$capture(FutureTask.java:266)
	at java.util.concurrent.FutureTask.run(FutureTask.java)
	at java.util.concurrent.ScheduledThreadPoolExecutor$ScheduledFutureTask.access$201(ScheduledThreadPoolExecutor.java:180)
	at java.util.concurrent.ScheduledThreadPoolExecutor$ScheduledFutureTask.run(ScheduledThreadPoolExecutor.java:293)
	at java.util.concurrent.ThreadPoolExecutor.runWorker(ThreadPoolExecutor.java:1149)
	at java.util.concurrent.ThreadPoolExecutor$Worker.run(ThreadPoolExecutor.java:624)
	at java.lang.Thread.run(Thread.java:748)
Caused by: rx.exceptions.OnErrorNotImplementedException: Server not started after 20 seconds. Something's gone wrong !! Could be connection to the database ??
	at rx.internal.util.InternalObservableUtils$ErrorNotImplementedAction.call(InternalObservableUtils.java:386)
	at rx.internal.util.InternalObservableUtils$ErrorNotImplementedAction.call(InternalObservableUtils.java:383)
	at rx.internal.util.ActionSubscriber.onError(ActionSubscriber.java:44)
	at rx.observers.SafeSubscriber._onError(SafeSubscriber.java:153)
	at rx.observers.SafeSubscriber.onError(SafeSubscriber.java:115)
	at rx.internal.operators.OnSubscribeTimeoutTimedWithFallback$FallbackSubscriber.onError(OnSubscribeTimeoutTimedWithFallback.java:214)
	at rx.observers.SafeSubscriber._onError(SafeSubscriber.java:153)
	at rx.observers.SafeSubscriber.onError(SafeSubscriber.java:115)
	at rx.internal.operators.OnSubscribeThrow.call(OnSubscribeThrow.java:44)
	at rx.internal.operators.OnSubscribeThrow.call(OnSubscribeThrow.java:28)
	at rx.Observable.subscribe(Observable.java:10352)
	at rx.Observable.subscribe(Observable.java:10319)
	at rx.internal.operators.OnSubscribeTimeoutTimedWithFallback$TimeoutMainSubscriber.onTimeout(OnSubscribeTimeoutTimedWithFallback.java:176)
	at rx.internal.operators.OnSubscribeTimeoutTimedWithFallback$TimeoutMainSubscriber$TimeoutTask.call(OnSubscribeTimeoutTimedWithFallback.java:191)
	at rx.internal.schedulers.EventLoopsScheduler$EventLoopWorker$2.call(EventLoopsScheduler.java:189)
	at rx.internal.schedulers.ScheduledAction.run(ScheduledAction.java:55)
	... 8 more
Caused by: java.lang.RuntimeException: Server not started after 20 seconds. Something's gone wrong !! Could be connection to the database ??
	at io.viewserver.server.BasicServer.start(BasicServer.java:79)
	at com.shotgun.viewserver.ShotgunServerLauncher.run(ShotgunServerLauncher.java:200)
	at io.viewserver.server.steps.ShotgunViewServerSteps$TestServer.run(ShotgunViewServerSteps.java:160)
	... 1 more
java.lang.IllegalStateException: Exception thrown on Scheduler.Worker thread. Add `onError` handling.
	at rx.internal.schedulers.ScheduledAction.run(ScheduledAction.java:57)
	at java.util.concurrent.Executors$RunnableAdapter.call(Executors.java:511)
	at java.util.concurrent.FutureTask.run$$$capture(FutureTask.java:266)
	at java.util.concurrent.FutureTask.run(FutureTask.java)19:23:53.841 [reactor-client1] INFO  io.viewserver.network.Network - EXECUTING - Connecting to NettyInProcEndpoint{name='master1'} - Failure Count is 3

	at java.util.concurrent.ScheduledThreadPoolExecutor$ScheduledFutureTask.access$201(ScheduledThreadPoolExecutor.java:180)
19:23:57.282 [vehicle-inproc://master2_2018-06-13T19:23:01.507+01:00-0] INFO  org.mongodb.driver.connection - Opened connection [connectionId{localValue:31, serverValue:693376}] to cluster0-shard-00-01-mvv2v.mongodb.net:27017
19:23:57.284 [cluster-inproc://master2_2018-06-13T19:23:01.507+01:00-0] INFO  org.mongodb.driver.connection - Opened connection [connectionId{localValue:28, serverValue:700156}] to cluster0-shard-00-01-mvv2v.mongodb.net:27017
19:23:57.285 [user-inproc://master2_2018-06-13T19:23:01.507+01:00-0] INFO  org.mongodb.driver.connection - Opened connection [connectionId{localValue:27, serverValue:700127}] to cluster0-shard-00-01-mvv2v.mongodb.net:27017
19:23:57.286 [phoneNumber-inproc://master2_2018-06-13T19:23:01.507+01:00-0] INFO  org.mongodb.driver.connection - Opened connection [connectionId{localValue:25, serverValue:700125}] to cluster0-shard-00-01-mvv2v.mongodb.net:27017
19:23:57.286 [product-inproc://master2_2018-06-13T19:23:01.507+01:00-0] INFO  org.mongodb.driver.connection - Opened connection [connectionId{localValue:26, serverValue:700125}] to cluster0-shard-00-01-mvv2v.mongodb.net:27017
	at java.util.concurrent.ScheduledThreadPoolExecutor$ScheduledFutureTask.run(ScheduledThreadPoolExecutor.java:293)
	at java.util.concurrent.ThreadPoolExecutor.runWorker(ThreadPoolExecutor.java:1149)
	at java.util.concurrent.ThreadPoolExecutor$Worker.run(ThreadPoolExecutor.java:624)
	at java.lang.Thread.run(Thread.java:748)
Caused by: rx.exceptions.OnErrorNotImplementedException: Server not started after 20 seconds. Something's gone wrong !! Could be connection to the database ??
	at rx.internal.util.InternalObservableUtils$ErrorNotImplementedAction.call(InternalObservableUtils.java:386)
	at rx.internal.util.InternalObservableUtils$ErrorNotImplementedAction.call(InternalObservableUtils.java:383)
	at rx.internal.util.ActionSubscriber.onError(ActionSubscriber.java:44)
	at rx.observers.SafeSubscriber._onError(SafeSubscriber.java:153)
	at rx.observers.SafeSubscriber.onError(SafeSubscriber.java:115)
	at rx.internal.operators.OnSubscribeTimeoutTimedWithFallback$FallbackSubscriber.onError(OnSubscribeTimeoutTimedWithFallback.java:214)
	at rx.observers.SafeSubscriber._onError(SafeSubscriber.java:153)
	at rx.observers.SafeSubscriber.onError(SafeSubscriber.java:115)
	at rx.internal.operators.OnSubscribeThrow.call(OnSubscribeThrow.java:44)
	at rx.internal.operators.OnSubscribeThrow.call(OnSubscribeThrow.java:28)
	at rx.Observable.subscribe(Observable.java:10352)
	at rx.Observable.subscribe(Observable.java:10319)
	at rx.internal.operators.OnSubscribeTimeoutTimedWithFallback$TimeoutMainSubscriber.onTimeout(OnSubscribeTimeoutTimedWithFallback.java:176)
	at rx.internal.operators.OnSubscribeTimeoutTimedWithFallback$TimeoutMainSubscriber$TimeoutTask.call(OnSubscribeTimeoutTimedWithFallback.java:191)
	at rx.internal.schedulers.EventLoopsScheduler$EventLoopWorker$2.call(EventLoopsScheduler.java:189)
	at rx.internal.schedulers.ScheduledAction.run(ScheduledAction.java:55)
	... 8 more
Caused by: java.lang.RuntimeException: Server not started after 20 seconds. Something's gone wrong !! Could be connection to the database ??
	at io.viewserver.server.BasicServer.start(BasicServer.java:79)
	at com.shotgun.viewserver.ShotgunServerLauncher.run(ShotgunServerLauncher.java:200)
	at io.viewserver.server.steps.ShotgunViewServerSteps$TestServer.run(ShotgunViewServerSteps.java:160)
	... 1 more
java.lang.IllegalStateException: Exception thrown on Scheduler.Worker thread. Add `onError` handling.
	at rx.internal.schedulers.ScheduledAction.run(ScheduledAction.java:57)
	at java.util.concurrent.Executors$RunnableAdapter.call(Executors.java:511)
	at java.util.concurrent.FutureTask.run$$$capture(FutureTask.java:266)
	at java.util.concurrent.FutureTask.run(FutureTask.java)19:23:57.291 [reactor-client1] ERROR io.viewserver.network.Network - Issue connecting. Scheduling connection to next end point in a second NettyInProcEndpoint{name='master1'} - 1/1 - java.net.ConnectException: connection refused: local:master1

	at java.util.concurrent.ScheduledThreadPoolExecutor$ScheduledFutureTask.access$201(ScheduledThreadPoolExecutor.java:180)
	at java.util.concurrent.ScheduledThreadPoolExecutor$ScheduledFutureTask.run(ScheduledThreadPoolExecutor.java:293)
	at java.util.concurrent.ThreadPoolExecutor.runWorker(ThreadPoolExecutor.java:1149)
	at java.util.concurrent.ThreadPoolExecutor$Worker.run(ThreadPoolExecutor.java:624)
	at java.lang.Thread.run(Thread.java:748)
Caused by: rx.exceptions.OnErrorNotImplementedException: Server not started after 20 seconds. Something's gone wrong !! Could be connection to the database ??
	at rx.internal.util.InternalObservableUtils$ErrorNotImplementedAction.call(InternalObservableUtils.java:386)
	at rx.internal.util.InternalObservableUtils$ErrorNotImplementedAction.call(InternalObservableUtils.java:383)
	at rx.internal.util.ActionSubscriber.onError(ActionSubscriber.java:44)
	at rx.observers.SafeSubscriber._onError(SafeSubscriber.java:153)
	at rx.observers.SafeSubscriber.onError(SafeSubscriber.java:115)
	at rx.internal.operators.OnSubscribeTimeoutTimedWithFallback$FallbackSubscriber.onError(OnSubscribeTimeoutTimedWithFallback.java:214)
	at rx.observers.SafeSubscriber._onError(SafeSubscriber.java:153)
	at rx.observers.SafeSubscriber.onError(SafeSubscriber.java:115)
	at rx.internal.operators.OnSubscribeThrow.call(OnSubscribeThrow.java:44)
	at rx.internal.operators.OnSubscribeThrow.call(OnSubscribeThrow.java:28)
	at rx.Observable.subscribe(Observable.java:10352)
	at rx.Observable.subscribe(Observable.java:10319)
	at rx.internal.operators.OnSubscribeTimeoutTimedWithFallback$TimeoutMainSubscriber.onTimeout(OnSubscribeTimeoutTimedWithFallback.java:176)
	at rx.internal.operators.OnSubscribeTimeoutTimedWithFallback$TimeoutMainSubscriber$TimeoutTask.call(OnSubscribeTimeoutTimedWithFallback.java:191)
	at rx.internal.schedulers.EventLoopsScheduler$EventLoopWorker$2.call(EventLoopsScheduler.java:189)
	at rx.internal.schedulers.ScheduledAction.run(ScheduledAction.java:55)
	... 8 more
Caused by: java.lang.RuntimeException: Server not started after 20 seconds. Something's gone wrong !! Could be connection to the database ??
	at io.viewserver.server.BasicServer.start(BasicServer.java:79)19:24:14.238 [deliveryAddress-inproc://master2_2018-06-13T19:23:01.507+01:00-0] INFO  org.mongodb.driver.connection - Opened connection [connectionId{localValue:33, serverValue:700118}] to cluster0-shard-00-01-mvv2v.mongodb.net:27017
19:24:14.240 [phoneNumber-inproc://master2_2018-06-13T19:23:01.507+01:00-0] INFO  io.viewserver.adapters.mongo.MongoRecordLoader - GOT DOCUMENT IN SNAPSHOT - 442038795446 - Addition of snapshot listener for Mongo table -1
19:24:14.240 [user-inproc://master2_2018-06-13T19:23:01.507+01:00-0] INFO  io.viewserver.adapters.mongo.MongoRecordLoader - GOT DOCUMENT IN SNAPSHOT - 2BBui - Addition of snapshot listener for Mongo table -1
19:24:14.240 [phoneNumber-inproc://master2_2018-06-13T19:23:01.507+01:00-0] INFO  io.viewserver.datasource.RecordUtils - Scheduling addition to operator /datasources/phoneNumber/table
19:24:14.241 [phoneNumber-inproc://master2_2018-06-13T19:23:01.507+01:00-0] INFO  io.viewserver.adapters.mongo.MongoRecordLoader - GOT DOCUMENT IN SNAPSHOT - 442038795447 - Addition of snapshot listener for Mongo table -1
19:24:14.241 [phoneNumber-inproc://master2_2018-06-13T19:23:01.507+01:00-0] INFO  io.viewserver.datasource.RecordUtils - Scheduling addition to operator /datasources/phoneNumber/table
19:24:14.241 [contentType-inproc://master2_2018-06-13T19:23:01.507+01:00-0] INFO  org.mongodb.driver.connection - Opened connection [connectionId{localValue:23, serverValue:693376}] to cluster0-shard-00-01-mvv2v.mongodb.net:27017
19:24:14.242 [productCategory-inproc://master2_2018-06-13T19:23:01.507+01:00-0] INFO  org.mongodb.driver.connection - Opened connection [connectionId{localValue:22, serverValue:698286}] to cluster0-shard-00-01-mvv2v.mongodb.net:27017
19:24:14.243 [reactor-client1] INFO  io.viewserver.network.Network - EXECUTING - Connecting to NettyInProcEndpoint{name='master1'} - Failure Count is 4
19:24:14.244 [order-inproc://master2_2018-06-13T19:23:01.507+01:00-0] INFO  org.mongodb.driver.connection - Opened connection [connectionId{localValue:32, serverValue:698286}] to cluster0-shard-00-01-mvv2v.mongodb.net:27017
19:24:14.244 [reactor-inproc://master2_2018-06-13T19:23:01.507+01:00] INFO  io.viewserver.datasource.RecordUtils - SCHEDULED - Acually adding record rec to operator /datasources/phoneNumber/table
19:24:14.245 [reactor-monitor] WARN  io.viewserver.reactor.ReactorMonitor - Reactor inproc://master1_2018-06-13T19:22:52.800+01:00 did not respond
19:23:47.122 [main] ERROR io.viewserver.server.steps.ViewServerClientSteps - Problem with client authentication
java.lang.RuntimeException: java.util.concurrent.TimeoutException
	at rx.exceptions.Exceptions.propagate(Exceptions.java:57) ~[rxjava-1.3.4.jar:1.3.4]
	at rx.observables.BlockingObservable.blockForSingle(BlockingObservable.java:463) ~[rxjava-1.3.4.jar:1.3.4]
	at rx.observables.BlockingObservable.first(BlockingObservable.java:166) ~[rxjava-1.3.4.jar:1.3.4]
	at io.viewserver.server.steps.ViewServerClientSteps.a_connected_client_with_authentication(ViewServerClientSteps.java:84) [test-classes/:?]
	at sun.reflect.NativeMethodAccessorImpl.invoke0(Native Method) ~[?:1.8.0_171]
	at sun.reflect.NativeMethodAccessorImpl.invoke(NativeMethodAccessorImpl.java:62) ~[?:1.8.0_171]
	at sun.reflect.DelegatingMethodAccessorImpl.invoke(DelegatingMethodAccessorImpl.java:43) ~[?:1.8.0_171]
	at java.lang.reflect.Method.invoke(Method.java:498) ~[?:1.8.0_171]
	at cucumber.runtime.Utils$1.call(Utils.java:40) [cucumber-core-1.2.5.jar:?]
	at cucumber.runtime.Timeout.timeout(Timeout.java:16) [cucumber-core-1.2.5.jar:?]
	at cucumber.runtime.Utils.invoke(Utils.java:34) [cucumber-core-1.2.5.jar:?]
	at cucumber.runtime.java.JavaStepDefinition.execute(JavaStepDefinition.java:38) [cucumber-java-1.2.5.jar:?]
	at cucumber.runtime.StepDefinitionMatch.runStep(StepDefinitionMatch.java:37) [cucumber-core-1.2.5.jar:?]
	at cucumber.runtime.Runtime.runStep(Runtime.java:300) [cucumber-core-1.2.5.jar:?]
	at cucumber.runtime.model.StepContainer.runStep(StepContainer.java:44) [cucumber-core-1.2.5.jar:?]
	at cucumber.runtime.model.StepContainer.runSteps(StepContainer.java:39) [cucumber-core-1.2.5.jar:?]
	at cucumber.runtime.model.CucumberScenario.run(CucumberScenario.java:44) [cucumber-core-1.2.5.jar:?]
	at cucumber.runtime.model.CucumberFeature.run(CucumberFeature.java:165) [cucumber-core-1.2.5.jar:?]
	at cucumber.runtime.Runtime.run(Runtime.java:122) [cucumber-core-1.2.5.jar:?]
	at cucumber.api.cli.Main.run(Main.java:36) [cucumber-core-1.2.5.jar:?]
	at cucumber.api.cli.Main.main(Main.java:18) [cucumber-core-1.2.5.jar:?]
Caused by: java.util.concurrent.TimeoutException
	at rx.internal.operators.OnSubscribeTimeoutTimedWithFallback$TimeoutMainSubscriber.onTimeout(OnSubscribeTimeoutTimedWithFallback.java:166) ~[rxjava-1.3.4.jar:1.3.4]
	at rx.internal.operators.OnSubscribeTimeoutTimedWithFallback$TimeoutMainSubscriber$TimeoutTask.call(OnSubscribeTimeoutTimedWithFallback.java:191) ~[rxjava-1.3.4.jar:1.3.4]
	at rx.internal.schedulers.EventLoopsScheduler$EventLoopWorker$2.call(EventLoopsScheduler.java:189) ~[rxjava-1.3.4.jar:1.3.4]
	at rx.internal.schedulers.ScheduledAction.run(ScheduledAction.java:55) ~[rxjava-1.3.4.jar:1.3.4]
	at java.util.concurrent.Executors$RunnableAdapter.call(Executors.java:511) ~[?:1.8.0_171]
	at java.util.concurrent.FutureTask.run$$$capture(FutureTask.java:266) ~[?:1.8.0_171]
	at java.util.concurrent.FutureTask.run(FutureTask.java) ~[?:1.8.0_171]
	at java.util.concurrent.ScheduledThreadPoolExecutor$ScheduledFutureTask.access$201(ScheduledThreadPoolExecutor.java:180) ~[?:1.8.0_171]
	at java.util.concurrent.ScheduledThreadPoolExecutor$ScheduledFutureTask.run(ScheduledThreadPoolExecutor.java:293) ~[?:1.8.0_171]

	at java.util.concurrent.ThreadPoolExecutor.runWorker(ThreadPoolExecutor.java:1149) ~[?:1.8.0_171]
	at java.util.concurrent.ThreadPoolExecutor$Worker.run(ThreadPoolExecutor.java:624) ~[?:1.8.0_171]
	at com.shotgun.viewserver.ShotgunServerLauncher.run(ShotgunServerLauncher.java:200)
	at io.viewserver.server.steps.ShotgunViewServerSteps$TestServer.run(ShotgunViewServerSteps.java:160)
	... 1 more
	at java.lang.Thread.run(Thread.java:748) ~[?:1.8.0_171]
19:24:14.246 [payments-inproc://master3_2018-06-13T19:23:01.597+01:00-0] INFO  org.mongodb.driver.connection - Opened connection [connectionId{localValue:42, serverValue:700118}] to cluster0-shard-00-01-mvv2v.mongodb.net:27017
##teamcity[testStarted timestamp = '2018-06-13T07:24:14.247+0100' locationHint = 'file:////Users/Gbemiga/git/business/shotgun/viewserver-shotgun/src/test/resources//Users/Gbemiga/git/business/shotgun/viewserver-shotgun/src/test/resources/09_Cluster_EndToEnd.feature:23' captureStandardOutput = 'true' name = 'Given  a client named "client1" connected to "inproc://master1" with authentication "compatableVersion" and token "1"']
19:24:14.246 [payments-inproc://master2_2018-06-13T19:23:01.507+01:00-0] INFO  org.mongodb.driver.connection - Opened connection [connectionId{localValue:30, serverValue:698286}] to cluster0-shard-00-01-mvv2v.mongodb.net:27017
19:24:14.246 [messages-inproc://master2_2018-06-13T19:23:01.507+01:00-0] INFO  org.mongodb.driver.connection - Opened connection [connectionId{localValue:29, serverValue:700131}] to cluster0-shard-00-01-mvv2v.mongodb.net:27017
19:24:14.238 [deliveryAddress-inproc://master3_2018-06-13T19:23:01.597+01:00-0] INFO  org.mongodb.driver.connection - Opened connection [connectionId{localValue:39, serverValue:700118}] to cluster0-shard-00-01-mvv2v.mongodb.net:27017
19:24:14.247 [user-inproc://master2_2018-06-13T19:23:01.507+01:00-0] INFO  io.viewserver.datasource.RecordUtils - Scheduling addition to operator /datasources/user/table
19:24:14.247 [user-inproc://master2_2018-06-13T19:23:01.507+01:00-0] INFO  io.viewserver.adapters.mongo.MongoRecordLoader - GOT DOCUMENT IN SNAPSHOT - 2BBui1 - Addition of snapshot listener for Mongo table -1
19:24:14.247 [user-inproc://master2_2018-06-13T19:23:01.507+01:00-0] INFO  io.viewserver.datasource.RecordUtils - Scheduling addition to operator /datasources/user/table
19:24:14.247 [user-inproc://master2_2018-06-13T19:23:01.507+01:00-0] INFO  io.viewserver.adapters.mongo.MongoRecordLoader - GOT DOCUMENT IN SNAPSHOT - 3ABCD22 - Addition of snapshot listener for Mongo table -1
19:24:14.247 [user-inproc://master2_2018-06-13T19:23:01.507+01:00-0] INFO  io.viewserver.datasource.RecordUtils - Scheduling addition to operator /datasources/user/table
19:24:14.247 [user-inproc://master2_2018-06-13T19:23:01.507+01:00-0] INFO  io.viewserver.adapters.mongo.MongoRecordLoader - GOT DOCUMENT IN SNAPSHOT - 3ABCD23 - Addition of snapshot listener for Mongo table -1
19:24:14.247 [user-inproc://master2_2018-06-13T19:23:01.507+01:00-0] INFO  io.viewserver.datasource.RecordUtils - Scheduling addition to operator /datasources/user/table
19:24:14.247 [user-inproc://master2_2018-06-13T19:23:01.507+01:00-0] INFO  io.viewserver.adapters.mongo.MongoRecordLoader - GOT DOCUMENT IN SNAPSHOT - 3ABCD24 - Addition of snapshot listener for Mongo table -1
19:24:14.248 [user-inproc://master2_2018-06-13T19:23:01.507+01:00-0] INFO  io.viewserver.datasource.RecordUtils - Scheduling addition to operator /datasources/user/table
##teamcity[testFailed timestamp = '2018-06-13T07:24:14.248+0100' details = 'at io.viewserver.server.steps.ViewServerClientSteps.a_connected_client_with_authentication(ViewServerClientSteps.java:87)|n  at ✽.Given a client named "client1" connected to "inproc://master1" with authentication "compatableVersion" and token "1"(/Users/Gbemiga/git/business/shotgun/viewserver-shotgun/src/test/resources/09_Cluster_EndToEnd.feature:23)' message = 'java.lang.RuntimeException: Could not get conneted client in 30 seconds' name = 'Given  a client named "client1" connected to "inproc://master1" with authentication "compatableVersion" and token "1"' ]
##teamcity[testFinished timestamp = '2018-06-13T07:24:14.248+0100' duration = '72453' name = 'Given  a client named "client1" connected to "inproc://master1" with authentication "compatableVersion" and token "1"']
##teamcity[testStarted timestamp = '2018-06-13T07:24:14.249+0100' locationHint = 'file:////Users/Gbemiga/git/business/shotgun/viewserver-shotgun/src/test/resources//Users/Gbemiga/git/business/shotgun/viewserver-shotgun/src/test/resources/09_Cluster_EndToEnd.feature:24' captureStandardOutput = 'true' name = 'Given  a client named "client2" connected to "inproc://master2" with authentication "compatableVersion" and token "2"']
##teamcity[testIgnored name = 'Given  a client named "client2" connected to "inproc://master2" with authentication "compatableVersion" and token "2"' message = 'Skipped step' timestamp = '2018-06-13T07:24:14.250+0100']
##teamcity[testFinished timestamp = '2018-06-13T07:24:14.250+0100' duration = '0' name = 'Given  a client named "client2" connected to "inproc://master2" with authentication "compatableVersion" and token "2"']
##teamcity[testStarted timestamp = '2018-06-13T07:24:14.251+0100' locationHint = 'file:////Users/Gbemiga/git/business/shotgun/viewserver-shotgun/src/test/resources//Users/Gbemiga/git/business/shotgun/viewserver-shotgun/src/test/resources/09_Cluster_EndToEnd.feature:25' captureStandardOutput = 'true' name = 'Given  a client named "client3" connected to "inproc://master3" with authentication "compatableVersion" and token "2"']
##teamcity[testIgnored name = 'Given  a client named "client3" connected to "inproc://master3" with authentication "compatableVersion" and token "2"' message = 'Skipped step' timestamp = '2018-06-13T07:24:14.252+0100']
##teamcity[testFinished timestamp = '2018-06-13T07:24:14.252+0100' duration = '0' name = 'Given  a client named "client3" connected to "inproc://master3" with authentication "compatableVersion" and token "2"']
##teamcity[testStarted timestamp = '2018-06-13T07:24:14.253+0100' locationHint = 'file:////Users/Gbemiga/git/business/shotgun/viewserver-shotgun/src/test/resources//Users/Gbemiga/git/business/shotgun/viewserver-shotgun/src/test/resources/09_Cluster_EndToEnd.feature:26' captureStandardOutput = 'true' name = 'When  "client1" subscribed to report "cluster"']
##teamcity[testIgnored name = 'When  "client1" subscribed to report "cluster"' message = 'Skipped step' timestamp = '2018-06-13T07:24:14.254+0100']
19:24:14.262 [reactor-inproc://master2_2018-06-13T19:23:01.507+01:00] INFO  io.viewserver.datasource.RecordUtils - Finished adding record rec to operator /datasources/phoneNumber/table
19:24:14.262 [reactor-inproc://master2_2018-06-13T19:23:01.507+01:00] INFO  io.viewserver.datasource.RecordUtils - SCHEDULED - Acually adding record rec to operator /datasources/phoneNumber/table
##teamcity[testFinished timestamp = '2018-06-13T07:24:14.254+0100' duration = '0' name = 'When  "client1" subscribed to report "cluster"']
19:24:28.004 [vehicle-inproc://master3_2018-06-13T19:23:01.597+01:00-0] INFO  org.mongodb.driver.connection - Opened connection [connectionId{localValue:41, serverValue:699974}] to cluster0-shard-00-01-mvv2v.mongodb.net:27017
19:24:28.005 [cluster-inproc://master3_2018-06-13T19:23:01.597+01:00-0] INFO  org.mongodb.driver.connection - Opened connection [connectionId{localValue:40, serverValue:693376}] to cluster0-shard-00-01-mvv2v.mongodb.net:27017
19:24:28.006 [phoneNumber-inproc://master3_2018-06-13T19:23:01.597+01:00-0] INFO  org.mongodb.driver.connection - Opened connection [connectionId{localValue:34, serverValue:484165}] to cluster0-shard-00-01-mvv2v.mongodb.net:27017
19:24:28.006 [product-inproc://master2_2018-06-13T19:23:01.507+01:00-0] INFO  io.viewserver.adapters.mongo.MongoRecordLoader - GOT DOCUMENT IN SNAPSHOT - SmallVan - Addition of snapshot listener for Mongo table null
19:24:28.006 [product-inproc://master2_2018-06-13T19:23:01.507+01:00-0] INFO  io.viewserver.datasource.RecordUtils - Scheduling addition to operator /datasources/product/table
19:24:28.006 [product-inproc://master2_2018-06-13T19:23:01.507+01:00-0] INFO  io.viewserver.adapters.mongo.MongoRecordLoader - GOT DOCUMENT IN SNAPSHOT - MediumVan - Addition of snapshot listener for Mongo table null
19:24:28.006 [product-inproc://master3_2018-06-13T19:23:01.597+01:00-0] INFO  org.mongodb.driver.connection - Opened connection [connectionId{localValue:35, serverValue:700131}] to cluster0-shard-00-01-mvv2v.mongodb.net:27017
19:24:28.006 [productCategory-inproc://master3_2018-06-13T19:23:01.597+01:00-0] INFO  org.mongodb.driver.connection - Opened connection [connectionId{localValue:37, serverValue:693376}] to cluster0-shard-00-01-mvv2v.mongodb.net:27017
19:24:28.006 [product-inproc://master2_2018-06-13T19:23:01.507+01:00-0] INFO  io.viewserver.datasource.RecordUtils - Scheduling addition to operator /datasources/product/table
19:24:28.006 [product-inproc://master2_2018-06-13T19:23:01.507+01:00-0] INFO  io.viewserver.adapters.mongo.MongoRecordLoader - GOT DOCUMENT IN SNAPSHOT - LargeVan - Addition of snapshot listener for Mongo table null
19:24:28.006 [product-inproc://master2_2018-06-13T19:23:01.507+01:00-0] INFO  io.viewserver.datasource.RecordUtils - Scheduling addition to operator /datasources/product/table
19:24:28.006 [product-inproc://master2_2018-06-13T19:23:01.507+01:00-0] INFO  io.viewserver.adapters.mongo.MongoRecordLoader - GOT DOCUMENT IN SNAPSHOT - LutonLorry - Addition of snapshot listener for Mongo table null
19:24:28.007 [product-inproc://master2_2018-06-13T19:23:01.507+01:00-0] INFO  io.viewserver.datasource.RecordUtils - Scheduling addition to operator /datasources/product/table
19:24:28.007 [product-inproc://master2_2018-06-13T19:23:01.507+01:00-0] INFO  io.viewserver.adapters.mongo.MongoRecordLoader - GOT DOCUMENT IN SNAPSHOT - Carpenter - Addition of snapshot listener for Mongo table null
19:24:28.007 [product-inproc://master2_2018-06-13T19:23:01.507+01:00-0] INFO  io.viewserver.datasource.RecordUtils - Scheduling addition to operator /datasources/product/table
19:24:28.007 [product-inproc://master2_2018-06-13T19:23:01.507+01:00-0] INFO  io.viewserver.adapters.mongo.MongoRecordLoader - GOT DOCUMENT IN SNAPSHOT - GroundWorker - Addition of snapshot listener for Mongo table null
19:24:28.007 [product-inproc://master2_2018-06-13T19:23:01.507+01:00-0] INFO  io.viewserver.datasource.RecordUtils - Scheduling addition to operator /datasources/product/table
19:24:28.007 [product-inproc://master2_2018-06-13T19:23:01.507+01:00-0] INFO  io.viewserver.adapters.mongo.MongoRecordLoader - GOT DOCUMENT IN SNAPSHOT - Tiler - Addition of snapshot listener for Mongo table null
19:24:28.007 [product-inproc://master2_2018-06-13T19:23:01.507+01:00-0] INFO  io.viewserver.datasource.RecordUtils - Scheduling addition to operator /datasources/product/table
19:24:28.007 [reactor-client1] ERROR io.viewserver.network.Network - Issue connecting. Scheduling connection to next end point in a second NettyInProcEndpoint{name='master1'} - 1/1 - java.net.ConnectException: connection refused: local:master1
19:24:28.007 [datasources-inproc://master3_2018-06-13T19:23:01.597+01:00-0] INFO  org.mongodb.driver.connection - Opened connection [connectionId{localValue:45, serverValue:693376}] to cluster0-shard-00-01-mvv2v.mongodb.net:27017
19:24:28.008 [reactor-inproc://master2_2018-06-13T19:23:01.507+01:00] INFO  io.viewserver.datasource.RecordUtils - Finished adding record rec to operator /datasources/phoneNumber/table
##teamcity[testStarted timestamp = '2018-06-13T07:24:28.009+0100' locationHint = 'file:////Users/Gbemiga/git/business/shotgun/viewserver-shotgun/src/test/resources//Users/Gbemiga/git/business/shotgun/viewserver-shotgun/src/test/resources/09_Cluster_EndToEnd.feature:27' captureStandardOutput = 'true' name = 'Then  "client1" the following data is received eventually on report "cluster" snapshot']
##teamcity[testIgnored name = 'Then  "client1" the following data is received eventually on report "cluster" snapshot' message = 'Skipped step' timestamp = '2018-06-13T07:24:28.009+0100']
##teamcity[testFinished timestamp = '2018-06-13T07:24:28.009+0100' duration = '0' name = 'Then  "client1" the following data is received eventually on report "cluster" snapshot']
19:24:28.007 [product-inproc://master2_2018-06-13T19:23:01.507+01:00-0] INFO  io.viewserver.adapters.mongo.MongoRecordLoader - GOT DOCUMENT IN SNAPSHOT - Painter - Addition of snapshot listener for Mongo table null
19:24:28.020 [product-inproc://master2_2018-06-13T19:23:01.507+01:00-0] INFO  io.viewserver.datasource.RecordUtils - Scheduling addition to operator /datasources/product/table
19:24:28.020 [product-inproc://master2_2018-06-13T19:23:01.507+01:00-0] INFO  io.viewserver.adapters.mongo.MongoRecordLoader - GOT DOCUMENT IN SNAPSHOT - BrickLayer - Addition of snapshot listener for Mongo table null
19:24:28.020 [product-inproc://master2_2018-06-13T19:23:01.507+01:00-0] INFO  io.viewserver.datasource.RecordUtils - Scheduling addition to operator /datasources/product/table
19:24:28.020 [product-inproc://master2_2018-06-13T19:23:01.507+01:00-0] INFO  io.viewserver.adapters.mongo.MongoRecordLoader - GOT DOCUMENT IN SNAPSHOT - Plumber - Addition of snapshot listener for Mongo table null
19:24:28.020 [product-inproc://master2_2018-06-13T19:23:01.507+01:00-0] INFO  io.viewserver.datasource.RecordUtils - Scheduling addition to operator /datasources/product/table
19:24:28.020 [product-inproc://master2_2018-06-13T19:23:01.507+01:00-0] INFO  io.viewserver.adapters.mongo.MongoRecordLoader - GOT DOCUMENT IN SNAPSHOT - Plasterer - Addition of snapshot listener for Mongo table null
19:24:28.020 [product-inproc://master2_2018-06-13T19:23:01.507+01:00-0] INFO  io.viewserver.datasource.RecordUtils - Scheduling addition to operator /datasources/product/table
19:24:28.020 [product-inproc://master2_2018-06-13T19:23:01.507+01:00-0] INFO  io.viewserver.adapters.mongo.MongoRecordLoader - GOT DOCUMENT IN SNAPSHOT - Labourer - Addition of snapshot listener for Mongo table null
19:24:28.021 [productCategory-inproc://master2_2018-06-13T19:23:01.507+01:00-0] INFO  io.viewserver.adapters.mongo.MongoRecordLoader - GOT DOCUMENT IN SNAPSHOT - 1Vans - Addition of snapshot listener for Mongo table null
19:24:28.021 [productCategory-inproc://master2_2018-06-13T19:23:01.507+01:00-0] INFO  io.viewserver.datasource.RecordUtils - Scheduling addition to operator /datasources/productCategory/table
19:24:28.021 [productCategory-inproc://master2_2018-06-13T19:23:01.507+01:00-0] INFO  io.viewserver.adapters.mongo.MongoRecordLoader - GOT DOCUMENT IN SNAPSHOT - 1Waste - Addition of snapshot listener for Mongo table null
19:24:28.021 [productCategory-inproc://master2_2018-06-13T19:23:01.507+01:00-0] INFO  io.viewserver.datasource.RecordUtils - Scheduling addition to operator /datasources/productCategory/table
19:24:28.021 [productCategory-inproc://master2_2018-06-13T19:23:01.507+01:00-0] INFO  io.viewserver.adapters.mongo.MongoRecordLoader - GOT DOCUMENT IN SNAPSHOT - 2Skips - Addition of snapshot listener for Mongo table null
19:26:42.808 [product-inproc://master2_2018-06-13T19:23:01.507+01:00-0] INFO  io.viewserver.datasource.RecordUtils - Scheduling addition to operator /datasources/product/table
19:26:42.812 [productCategory-inproc://master2_2018-06-13T19:23:01.507+01:00-0] INFO  io.viewserver.datasource.RecordUtils - Scheduling addition to operator /datasources/productCategory/table
19:26:42.892 [contentType-inproc://master3_2018-06-13T19:23:01.597+01:00-0] INFO  org.mongodb.driver.connection - Opened connection [connectionId{localValue:36, serverValue:484165}] to cluster0-shard-00-01-mvv2v.mongodb.net:27017
19:26:42.893 [product-inproc://master2_2018-06-13T19:23:01.507+01:00-0] INFO  io.viewserver.adapters.mongo.MongoRecordLoader - GOT DOCUMENT IN SNAPSHOT - HouseHoldQuarterVan - Addition of snapshot listener for Mongo table null
19:26:42.893 [productCategory-inproc://master2_2018-06-13T19:23:01.507+01:00-0] INFO  io.viewserver.adapters.mongo.MongoRecordLoader - GOT DOCUMENT IN SNAPSHOT - 2Grab - Addition of snapshot listener for Mongo table null
19:26:42.891 [reactor-client1] INFO  io.viewserver.network.Network - EXECUTING - Connecting to NettyInProcEndpoint{name='master1'} - Failure Count is 5
19:26:42.891 [reactor-inproc://master3_2018-06-13T19:23:01.597+01:00] INFO  io.viewserver.server.components.NettyBasicServerComponent - Memory used: 125804760; Free memory: 72376104; Max memory: 1908932608
19:26:42.892 [user-inproc://master3_2018-06-13T19:23:01.597+01:00-0] INFO  org.mongodb.driver.connection - Opened connection [connectionId{localValue:38, serverValue:698279}] to cluster0-shard-00-01-mvv2v.mongodb.net:27017
19:26:42.892 [datasources-inproc://master2_2018-06-13T19:23:01.507+01:00-0] INFO  org.mongodb.driver.connection - Opened connection [connectionId{localValue:24, serverValue:700122}] to cluster0-shard-00-01-mvv2v.mongodb.net:27017
19:26:42.894 [order-inproc://master3_2018-06-13T19:23:01.597+01:00-0] INFO  org.mongodb.driver.connection - Opened connection [connectionId{localValue:44, serverValue:698286}] to cluster0-shard-00-01-mvv2v.mongodb.net:27017
19:26:42.897 [productCategory-inproc://master2_2018-06-13T19:23:01.507+01:00-0] INFO  io.viewserver.datasource.RecordUtils - Scheduling addition to operator /datasources/productCategory/table
19:26:42.897 [product-inproc://master2_2018-06-13T19:23:01.507+01:00-0] INFO  io.viewserver.datasource.RecordUtils - Scheduling addition to operator /datasources/product/table
19:26:42.897 [productCategory-inproc://master2_2018-06-13T19:23:01.507+01:00-0] INFO  io.viewserver.adapters.mongo.MongoRecordLoader - GOT DOCUMENT IN SNAPSHOT - 2Cage - Addition of snapshot listener for Mongo table null
19:26:42.897 [productCategory-inproc://master2_2018-06-13T19:23:01.507+01:00-0] INFO  io.viewserver.datasource.RecordUtils - Scheduling addition to operator /datasources/productCategory/table
19:26:42.897 [productCategory-inproc://master2_2018-06-13T19:23:01.507+01:00-0] INFO  io.viewserver.adapters.mongo.MongoRecordLoader - GOT DOCUMENT IN SNAPSHOT - 1Rubbish - Addition of snapshot listener for Mongo table null
19:26:42.897 [productCategory-inproc://master2_2018-06-13T19:23:01.507+01:00-0] INFO  io.viewserver.datasource.RecordUtils - Scheduling addition to operator /datasources/productCategory/table
19:26:42.897 [phoneNumber-inproc://master3_2018-06-13T19:23:01.597+01:00-0] INFO  io.viewserver.adapters.mongo.MongoRecordLoader - GOT DOCUMENT IN SNAPSHOT - 442038795446 - Addition of snapshot listener for Mongo table -1
19:26:42.937 [contentType-inproc://master2_2018-06-13T19:23:01.507+01:00-0] INFO  io.viewserver.adapters.mongo.MongoRecordLoader - GOT DOCUMENT IN SNAPSHOT - 1 - Addition of snapshot listener for Mongo table null
19:26:42.939 [contentType-inproc://master2_2018-06-13T19:23:01.507+01:00-0] INFO  io.viewserver.datasource.RecordUtils - Scheduling addition to operator /datasources/contentType/table
19:26:42.939 [productCategory-inproc://master2_2018-06-13T19:23:01.507+01:00-0] INFO  io.viewserver.adapters.mongo.MongoRecordLoader - GOT DOCUMENT IN SNAPSHOT - 2HouseHoldWaste - Addition of snapshot listener for Mongo table null
19:26:42.940 [productCategory-inproc://master2_2018-06-13T19:23:01.507+01:00-0] INFO  io.viewserver.datasource.RecordUtils - Scheduling addition to operator /datasources/productCategory/table
19:26:42.940 [contentType-inproc://master2_2018-06-13T19:23:01.507+01:00-0] INFO  io.viewserver.adapters.mongo.MongoRecordLoader - GOT DOCUMENT IN SNAPSHOT - 2 - Addition of snapshot listener for Mongo table null
19:26:42.940 [contentType-inproc://master2_2018-06-13T19:23:01.507+01:00-0] INFO  io.viewserver.datasource.RecordUtils - Scheduling addition to operator /datasources/contentType/table
19:26:42.940 [productCategory-inproc://master2_2018-06-13T19:23:01.507+01:00-0] INFO  io.viewserver.adapters.mongo.MongoRecordLoader - GOT DOCUMENT IN SNAPSHOT - 2CommercialWaste - Addition of snapshot listener for Mongo table null
19:26:42.941 [contentType-inproc://master2_2018-06-13T19:23:01.507+01:00-0] INFO  io.viewserver.adapters.mongo.MongoRecordLoader - GOT DOCUMENT IN SNAPSHOT - 3 - Addition of snapshot listener for Mongo table null
19:26:42.941 [productCategory-inproc://master2_2018-06-13T19:23:01.507+01:00-0] INFO  io.viewserver.datasource.RecordUtils - Scheduling addition to operator /datasources/productCategory/table
19:26:42.941 [contentType-inproc://master2_2018-06-13T19:23:01.507+01:00-0] INFO  io.viewserver.datasource.RecordUtils - Scheduling addition to operator /datasources/contentType/table
19:26:42.941 [productCategory-inproc://master2_2018-06-13T19:23:01.507+01:00-0] INFO  io.viewserver.adapters.mongo.MongoRecordLoader - GOT DOCUMENT IN SNAPSHOT - 1Products - Addition of snapshot listener for Mongo table null
19:26:42.942 [productCategory-inproc://master2_2018-06-13T19:23:01.507+01:00-0] INFO  io.viewserver.datasource.RecordUtils - Scheduling addition to operator /datasources/productCategory/table
19:26:42.943 [productCategory-inproc://master2_2018-06-13T19:23:01.507+01:00-0] INFO  io.viewserver.adapters.mongo.MongoRecordLoader - GOT DOCUMENT IN SNAPSHOT - 1Workers - Addition of snapshot listener for Mongo table null
19:26:42.944 [productCategory-inproc://master2_2018-06-13T19:23:01.507+01:00-0] INFO  io.viewserver.datasource.RecordUtils - Scheduling addition to operator /datasources/productCategory/table
19:26:42.944 [productCategory-inproc://master2_2018-06-13T19:23:01.507+01:00-0] INFO  io.viewserver.adapters.mongo.MongoRecordLoader - GOT DOCUMENT IN SNAPSHOT - 1Plant - Addition of snapshot listener for Mongo table null
19:26:42.897 [product-inproc://master2_2018-06-13T19:23:01.507+01:00-0] INFO  io.viewserver.adapters.mongo.MongoRecordLoader - GOT DOCUMENT IN SNAPSHOT - HouseHoldHalfVan - Addition of snapshot listener for Mongo table null
19:26:42.944 [productCategory-inproc://master2_2018-06-13T19:23:01.507+01:00-0] INFO  io.viewserver.datasource.RecordUtils - Scheduling addition to operator /datasources/productCategory/table
19:26:42.943 [contentType-inproc://master2_2018-06-13T19:23:01.507+01:00-0] INFO  io.viewserver.adapters.mongo.MongoRecordLoader - GOT DOCUMENT IN SNAPSHOT - 5 - Addition of snapshot listener for Mongo table null
19:26:42.950 [productCategory-inproc://master2_2018-06-13T19:23:01.507+01:00-0] INFO  io.viewserver.adapters.mongo.MongoRecordLoader - GOT DOCUMENT IN SNAPSHOT - 2AccessLadder - Addition of snapshot listener for Mongo table null
19:26:42.951 [contentType-inproc://master2_2018-06-13T19:23:01.507+01:00-0] INFO  io.viewserver.datasource.RecordUtils - Scheduling addition to operator /datasources/contentType/table
19:26:42.951 [productCategory-inproc://master2_2018-06-13T19:23:01.507+01:00-0] INFO  io.viewserver.datasource.RecordUtils - Scheduling addition to operator /datasources/productCategory/table
19:26:42.951 [contentType-inproc://master2_2018-06-13T19:23:01.507+01:00-0] INFO  io.viewserver.adapters.mongo.MongoRecordLoader - GOT DOCUMENT IN SNAPSHOT - 6 - Addition of snapshot listener for Mongo table null
19:26:42.951 [productCategory-inproc://master2_2018-06-13T19:23:01.507+01:00-0] INFO  io.viewserver.adapters.mongo.MongoRecordLoader - GOT DOCUMENT IN SNAPSHOT - 3Ladder - Addition of snapshot listener for Mongo table null
19:26:42.951 [contentType-inproc://master2_2018-06-13T19:23:01.507+01:00-0] INFO  io.viewserver.datasource.RecordUtils - Scheduling addition to operator /datasources/contentType/table
19:26:42.951 [productCategory-inproc://master2_2018-06-13T19:23:01.507+01:00-0] INFO  io.viewserver.datasource.RecordUtils - Scheduling addition to operator /datasources/productCategory/table
19:26:42.949 [productCategory-inproc://master3_2018-06-13T19:23:01.597+01:00-0] INFO  io.viewserver.adapters.mongo.MongoRecordLoader - GOT DOCUMENT IN SNAPSHOT - 1Vans - Addition of snapshot listener for Mongo table null
19:26:42.951 [productCategory-inproc://master2_2018-06-13T19:23:01.507+01:00-0] INFO  io.viewserver.adapters.mongo.MongoRecordLoader - GOT DOCUMENT IN SNAPSHOT - 3StepLadder - Addition of snapshot listener for Mongo table null
19:26:42.949 [phoneNumber-inproc://master3_2018-06-13T19:23:01.597+01:00-0] INFO  io.viewserver.datasource.RecordUtils - Scheduling addition to operator /datasources/phoneNumber/table
19:26:42.951 [productCategory-inproc://master3_2018-06-13T19:23:01.597+01:00-0] INFO  io.viewserver.datasource.RecordUtils - Scheduling addition to operator /datasources/productCategory/table
19:26:42.951 [productCategory-inproc://master2_2018-06-13T19:23:01.507+01:00-0] INFO  io.viewserver.datasource.RecordUtils - Scheduling addition to operator /datasources/productCategory/table
19:26:42.952 [productCategory-inproc://master2_2018-06-13T19:23:01.507+01:00-0] INFO  io.viewserver.adapters.mongo.MongoRecordLoader - GOT DOCUMENT IN SNAPSHOT - 3Staging - Addition of snapshot listener for Mongo table null
19:26:42.952 [productCategory-inproc://master2_2018-06-13T19:23:01.507+01:00-0] INFO  io.viewserver.datasource.RecordUtils - Scheduling addition to operator /datasources/productCategory/table
19:26:42.946 [product-inproc://master2_2018-06-13T19:23:01.507+01:00-0] INFO  io.viewserver.datasource.RecordUtils - Scheduling addition to operator /datasources/product/table
19:26:42.952 [productCategory-inproc://master2_2018-06-13T19:23:01.507+01:00-0] INFO  io.viewserver.adapters.mongo.MongoRecordLoader - GOT DOCUMENT IN SNAPSHOT - 3LadderCombination - Addition of snapshot listener for Mongo table null
19:26:42.952 [productCategory-inproc://master2_2018-06-13T19:23:01.507+01:00-0] INFO  io.viewserver.datasource.RecordUtils - Scheduling addition to operator /datasources/productCategory/table
19:26:42.952 [product-inproc://master2_2018-06-13T19:23:01.507+01:00-0] INFO  io.viewserver.adapters.mongo.MongoRecordLoader - GOT DOCUMENT IN SNAPSHOT - HouseHoldThreeQuarterVan - Addition of snapshot listener for Mongo table null
19:26:42.952 [productCategory-inproc://master2_2018-06-13T19:23:01.507+01:00-0] INFO  io.viewserver.adapters.mongo.MongoRecordLoader - GOT DOCUMENT IN SNAPSHOT - 2BreakingDrilling - Addition of snapshot listener for Mongo table null
19:26:42.952 [product-inproc://master2_2018-06-13T19:23:01.507+01:00-0] INFO  io.viewserver.datasource.RecordUtils - Scheduling addition to operator /datasources/product/table
19:26:42.957 [productCategory-inproc://master2_2018-06-13T19:23:01.507+01:00-0] INFO  io.viewserver.datasource.RecordUtils - Scheduling addition to operator /datasources/productCategory/table
19:26:42.957 [product-inproc://master2_2018-06-13T19:23:01.507+01:00-0] INFO  io.viewserver.adapters.mongo.MongoRecordLoader - GOT DOCUMENT IN SNAPSHOT - HouseHoldFullVan - Addition of snapshot listener for Mongo table null
19:26:42.957 [product-inproc://master2_2018-06-13T19:23:01.507+01:00-0] INFO  io.viewserver.datasource.RecordUtils - Scheduling addition to operator /datasources/product/table
19:26:42.957 [productCategory-inproc://master2_2018-06-13T19:23:01.507+01:00-0] INFO  io.viewserver.adapters.mongo.MongoRecordLoader - GOT DOCUMENT IN SNAPSHOT - 3Breaker - Addition of snapshot listener for Mongo table null
19:26:42.957 [product-inproc://master2_2018-06-13T19:23:01.507+01:00-0] INFO  io.viewserver.adapters.mongo.MongoRecordLoader - GOT DOCUMENT IN SNAPSHOT - CommercialHoldQuarterVan - Addition of snapshot listener for Mongo table null
19:26:42.957 [productCategory-inproc://master2_2018-06-13T19:23:01.507+01:00-0] INFO  io.viewserver.datasource.RecordUtils - Scheduling addition to operator /datasources/productCategory/table
19:26:42.957 [phoneNumber-inproc://master3_2018-06-13T19:23:01.597+01:00-0] INFO  io.viewserver.adapters.mongo.MongoRecordLoader - GOT DOCUMENT IN SNAPSHOT - 442038795447 - Addition of snapshot listener for Mongo table -1
19:26:42.957 [productCategory-inproc://master2_2018-06-13T19:23:01.507+01:00-0] INFO  io.viewserver.adapters.mongo.MongoRecordLoader - GOT DOCUMENT IN SNAPSHOT - 3Drill - Addition of snapshot listener for Mongo table null
19:26:44.862 [productCategory-inproc://master2_2018-06-13T19:23:01.507+01:00-0] INFO  io.viewserver.datasource.RecordUtils - Scheduling addition to operator /datasources/productCategory/table
19:26:44.862 [productCategory-inproc://master2_2018-06-13T19:23:01.507+01:00-0] INFO  io.viewserver.adapters.mongo.MongoRecordLoader - GOT DOCUMENT IN SNAPSHOT - 3CoreDrill - Addition of snapshot listener for Mongo table null
19:26:44.862 [productCategory-inproc://master2_2018-06-13T19:23:01.507+01:00-0] INFO  io.viewserver.datasource.RecordUtils - Scheduling addition to operator /datasources/productCategory/table
19:26:44.862 [productCategory-inproc://master2_2018-06-13T19:23:01.507+01:00-0] INFO  io.viewserver.adapters.mongo.MongoRecordLoader - GOT DOCUMENT IN SNAPSHOT - 2BuildingSiteworks - Addition of snapshot listener for Mongo table null
19:26:44.862 [productCategory-inproc://master2_2018-06-13T19:23:01.507+01:00-0] INFO  io.viewserver.datasource.RecordUtils - Scheduling addition to operator /datasources/productCategory/table
19:26:44.862 [phoneNumber-inproc://master3_2018-06-13T19:23:01.597+01:00-0] INFO  io.viewserver.datasource.RecordUtils - Scheduling addition to operator /datasources/phoneNumber/table
19:26:44.862 [product-inproc://master2_2018-06-13T19:23:01.507+01:00-0] INFO  io.viewserver.datasource.RecordUtils - Scheduling addition to operator /datasources/product/table
19:26:42.957 [productCategory-inproc://master3_2018-06-13T19:23:01.597+01:00-0] INFO  io.viewserver.adapters.mongo.MongoRecordLoader - GOT DOCUMENT IN SNAPSHOT - 1Waste - Addition of snapshot listener for Mongo table null
19:26:44.868 [user-inproc://master3_2018-06-13T19:23:01.597+01:00-0] INFO  io.viewserver.adapters.mongo.MongoRecordLoader - GOT DOCUMENT IN SNAPSHOT - 2BBui - Addition of snapshot listener for Mongo table -1
19:26:44.868 [contentType-inproc://master3_2018-06-13T19:23:01.597+01:00-0] INFO  io.viewserver.adapters.mongo.MongoRecordLoader - GOT DOCUMENT IN SNAPSHOT - 1 - Addition of snapshot listener for Mongo table null
19:26:44.866 [product-inproc://master2_2018-06-13T19:23:01.507+01:00-0] INFO  io.viewserver.adapters.mongo.MongoRecordLoader - GOT DOCUMENT IN SNAPSHOT - CommercialHoldHalfVan - Addition of snapshot listener for Mongo table null
19:26:44.866 [productCategory-inproc://master2_2018-06-13T19:23:01.507+01:00-0] INFO  io.viewserver.adapters.mongo.MongoRecordLoader - GOT DOCUMENT IN SNAPSHOT - 2CleaningFloorcare - Addition of snapshot listener for Mongo table null
19:26:44.873 [contentType-inproc://master3_2018-06-13T19:23:01.597+01:00-0] INFO  io.viewserver.datasource.RecordUtils - Scheduling addition to operator /datasources/contentType/table
19:26:44.873 [product-inproc://master2_2018-06-13T19:23:01.507+01:00-0] INFO  io.viewserver.datasource.RecordUtils - Scheduling addition to operator /datasources/product/table
19:26:44.873 [productCategory-inproc://master2_2018-06-13T19:23:01.507+01:00-0] INFO  io.viewserver.datasource.RecordUtils - Scheduling addition to operator /datasources/productCategory/table
19:26:44.873 [contentType-inproc://master3_2018-06-13T19:23:01.597+01:00-0] INFO  io.viewserver.adapters.mongo.MongoRecordLoader - GOT DOCUMENT IN SNAPSHOT - 2 - Addition of snapshot listener for Mongo table null
19:26:44.873 [product-inproc://master3_2018-06-13T19:23:01.597+01:00-0] INFO  io.viewserver.adapters.mongo.MongoRecordLoader - GOT DOCUMENT IN SNAPSHOT - SmallVan - Addition of snapshot listener for Mongo table null
19:26:44.873 [productCategory-inproc://master2_2018-06-13T19:23:01.507+01:00-0] INFO  io.viewserver.adapters.mongo.MongoRecordLoader - GOT DOCUMENT IN SNAPSHOT - 2ConcretePreparation - Addition of snapshot listener for Mongo table null
19:26:44.873 [contentType-inproc://master3_2018-06-13T19:23:01.597+01:00-0] INFO  io.viewserver.datasource.RecordUtils - Scheduling addition to operator /datasources/contentType/table
19:26:44.873 [contentType-inproc://master3_2018-06-13T19:23:01.597+01:00-0] INFO  io.viewserver.adapters.mongo.MongoRecordLoader - GOT DOCUMENT IN SNAPSHOT - 3 - Addition of snapshot listener for Mongo table null
19:26:44.873 [contentType-inproc://master3_2018-06-13T19:23:01.597+01:00-0] INFO  io.viewserver.datasource.RecordUtils - Scheduling addition to operator /datasources/contentType/table
19:26:44.874 [contentType-inproc://master3_2018-06-13T19:23:01.597+01:00-0] INFO  io.viewserver.adapters.mongo.MongoRecordLoader - GOT DOCUMENT IN SNAPSHOT - 5 - Addition of snapshot listener for Mongo table null
19:26:44.874 [contentType-inproc://master3_2018-06-13T19:23:01.597+01:00-0] INFO  io.viewserver.datasource.RecordUtils - Scheduling addition to operator /datasources/contentType/table
19:26:44.874 [contentType-inproc://master3_2018-06-13T19:23:01.597+01:00-0] INFO  io.viewserver.adapters.mongo.MongoRecordLoader - GOT DOCUMENT IN SNAPSHOT - 6 - Addition of snapshot listener for Mongo table null
19:26:44.874 [contentType-inproc://master3_2018-06-13T19:23:01.597+01:00-0] INFO  io.viewserver.datasource.RecordUtils - Scheduling addition to operator /datasources/contentType/table
19:26:44.867 [messages-inproc://master3_2018-06-13T19:23:01.597+01:00-0] INFO  org.mongodb.driver.connection - Opened connection [connectionId{localValue:43, serverValue:698286}] to cluster0-shard-00-01-mvv2v.mongodb.net:27017
19:26:44.868 [productCategory-inproc://master3_2018-06-13T19:23:01.597+01:00-0] INFO  io.viewserver.datasource.RecordUtils - Scheduling addition to operator /datasources/productCategory/table
19:26:44.877 [user-inproc://master3_2018-06-13T19:23:01.597+01:00-0] INFO  io.viewserver.datasource.RecordUtils - Scheduling addition to operator /datasources/user/table
19:26:46.010 [user-inproc://master3_2018-06-13T19:23:01.597+01:00-0] INFO  io.viewserver.adapters.mongo.MongoRecordLoader - GOT DOCUMENT IN SNAPSHOT - 2BBui1 - Addition of snapshot listener for Mongo table -1
19:26:46.010 [user-inproc://master3_2018-06-13T19:23:01.597+01:00-0] INFO  io.viewserver.datasource.RecordUtils - Scheduling addition to operator /datasources/user/table
19:26:46.010 [user-inproc://master3_2018-06-13T19:23:01.597+01:00-0] INFO  io.viewserver.adapters.mongo.MongoRecordLoader - GOT DOCUMENT IN SNAPSHOT - 3ABCD22 - Addition of snapshot listener for Mongo table -1
19:26:46.010 [user-inproc://master3_2018-06-13T19:23:01.597+01:00-0] INFO  io.viewserver.datasource.RecordUtils - Scheduling addition to operator /datasources/user/table
19:26:46.010 [user-inproc://master3_2018-06-13T19:23:01.597+01:00-0] INFO  io.viewserver.adapters.mongo.MongoRecordLoader - GOT DOCUMENT IN SNAPSHOT - 3ABCD23 - Addition of snapshot listener for Mongo table -1
19:26:46.010 [user-inproc://master3_2018-06-13T19:23:01.597+01:00-0] INFO  io.viewserver.datasource.RecordUtils - Scheduling addition to operator /datasources/user/table
19:26:46.010 [user-inproc://master3_2018-06-13T19:23:01.597+01:00-0] INFO  io.viewserver.adapters.mongo.MongoRecordLoader - GOT DOCUMENT IN SNAPSHOT - 3ABCD24 - Addition of snapshot listener for Mongo table -1
19:26:46.010 [user-inproc://master3_2018-06-13T19:23:01.597+01:00-0] INFO  io.viewserver.datasource.RecordUtils - Scheduling addition to operator /datasources/user/table
19:26:45.997 [productCategory-inproc://master3_2018-06-13T19:23:01.597+01:00-0] INFO  io.viewserver.adapters.mongo.MongoRecordLoader - GOT DOCUMENT IN SNAPSHOT - 2Skips - Addition of snapshot listener for Mongo table null
19:26:44.877 [product-inproc://master2_2018-06-13T19:23:01.507+01:00-0] INFO  io.viewserver.adapters.mongo.MongoRecordLoader - GOT DOCUMENT IN SNAPSHOT - CommercialThreeQuarterVan - Addition of snapshot listener for Mongo table null
19:26:46.029 [productCategory-inproc://master3_2018-06-13T19:23:01.597+01:00-0] INFO  io.viewserver.datasource.RecordUtils - Scheduling addition to operator /datasources/productCategory/table
19:26:46.038 [product-inproc://master2_2018-06-13T19:23:01.507+01:00-0] INFO  io.viewserver.datasource.RecordUtils - Scheduling addition to operator /datasources/product/table
19:26:46.039 [productCategory-inproc://master3_2018-06-13T19:23:01.597+01:00-0] INFO  io.viewserver.adapters.mongo.MongoRecordLoader - GOT DOCUMENT IN SNAPSHOT - 2Grab - Addition of snapshot listener for Mongo table null
19:26:46.039 [reactor-client1] ERROR io.viewserver.network.Network - Issue connecting. Scheduling connection to next end point in a second NettyInProcEndpoint{name='master1'} - 1/1 - java.net.ConnectException: connection refused: local:master1
19:26:46.039 [productCategory-inproc://master3_2018-06-13T19:23:01.597+01:00-0] INFO  io.viewserver.datasource.RecordUtils - Scheduling addition to operator /datasources/productCategory/table
19:26:46.039 [product-inproc://master2_2018-06-13T19:23:01.507+01:00-0] INFO  io.viewserver.adapters.mongo.MongoRecordLoader - GOT DOCUMENT IN SNAPSHOT - CommercialFullVan - Addition of snapshot listener for Mongo table null
19:26:46.039 [productCategory-inproc://master3_2018-06-13T19:23:01.597+01:00-0] INFO  io.viewserver.adapters.mongo.MongoRecordLoader - GOT DOCUMENT IN SNAPSHOT - 2Cage - Addition of snapshot listener for Mongo table null
19:26:46.039 [product-inproc://master2_2018-06-13T19:23:01.507+01:00-0] INFO  io.viewserver.datasource.RecordUtils - Scheduling addition to operator /datasources/product/table
19:26:46.039 [productCategory-inproc://master3_2018-06-13T19:23:01.597+01:00-0] INFO  io.viewserver.datasource.RecordUtils - Scheduling addition to operator /datasources/productCategory/table
19:26:46.039 [product-inproc://master2_2018-06-13T19:23:01.507+01:00-0] INFO  io.viewserver.adapters.mongo.MongoRecordLoader - GOT DOCUMENT IN SNAPSHOT - 6YDSkip - Addition of snapshot listener for Mongo table null
19:26:46.039 [productCategory-inproc://master3_2018-06-13T19:23:01.597+01:00-0] INFO  io.viewserver.adapters.mongo.MongoRecordLoader - GOT DOCUMENT IN SNAPSHOT - 1Rubbish - Addition of snapshot listener for Mongo table null
19:26:46.039 [product-inproc://master2_2018-06-13T19:23:01.507+01:00-0] INFO  io.viewserver.datasource.RecordUtils - Scheduling addition to operator /datasources/product/table
19:26:46.039 [productCategory-inproc://master3_2018-06-13T19:23:01.597+01:00-0] INFO  io.viewserver.datasource.RecordUtils - Scheduling addition to operator /datasources/productCategory/table
19:26:46.038 [productCategory-inproc://master2_2018-06-13T19:23:01.507+01:00-0] INFO  io.viewserver.datasource.RecordUtils - Scheduling addition to operator /datasources/productCategory/table
19:26:46.038 [product-inproc://master3_2018-06-13T19:23:01.597+01:00-0] INFO  io.viewserver.datasource.RecordUtils - Scheduling addition to operator /datasources/product/table
19:26:46.039 [product-inproc://master2_2018-06-13T19:23:01.507+01:00-0] INFO  io.viewserver.adapters.mongo.MongoRecordLoader - GOT DOCUMENT IN SNAPSHOT - 8YDSkip - Addition of snapshot listener for Mongo table null
19:26:46.045 [product-inproc://master2_2018-06-13T19:23:01.507+01:00-0] INFO  io.viewserver.datasource.RecordUtils - Scheduling addition to operator /datasources/product/table
19:26:46.045 [product-inproc://master3_2018-06-13T19:23:01.597+01:00-0] INFO  io.viewserver.adapters.mongo.MongoRecordLoader - GOT DOCUMENT IN SNAPSHOT - MediumVan - Addition of snapshot listener for Mongo table null
19:26:46.046 [product-inproc://master3_2018-06-13T19:23:01.597+01:00-0] INFO  io.viewserver.datasource.RecordUtils - Scheduling addition to operator /datasources/product/table
19:26:46.046 [product-inproc://master3_2018-06-13T19:23:01.597+01:00-0] INFO  io.viewserver.adapters.mongo.MongoRecordLoader - GOT DOCUMENT IN SNAPSHOT - LargeVan - Addition of snapshot listener for Mongo table null
19:26:46.040 [productCategory-inproc://master2_2018-06-13T19:23:01.507+01:00-0] INFO  io.viewserver.adapters.mongo.MongoRecordLoader - GOT DOCUMENT IN SNAPSHOT - 2GardeningEvent - Addition of snapshot listener for Mongo table null
19:26:46.039 [productCategory-inproc://master3_2018-06-13T19:23:01.597+01:00-0] INFO  io.viewserver.adapters.mongo.MongoRecordLoader - GOT DOCUMENT IN SNAPSHOT - 2HouseHoldWaste - Addition of snapshot listener for Mongo table null
19:26:46.046 [product-inproc://master3_2018-06-13T19:23:01.597+01:00-0] INFO  io.viewserver.datasource.RecordUtils - Scheduling addition to operator /datasources/product/table
19:26:46.054 [productCategory-inproc://master3_2018-06-13T19:23:01.597+01:00-0] INFO  io.viewserver.datasource.RecordUtils - Scheduling addition to operator /datasources/productCategory/table
19:26:46.053 [productCategory-inproc://master2_2018-06-13T19:23:01.507+01:00-0] INFO  io.viewserver.datasource.RecordUtils - Scheduling addition to operator /datasources/productCategory/table
19:26:46.054 [productCategory-inproc://master3_2018-06-13T19:23:01.597+01:00-0] INFO  io.viewserver.adapters.mongo.MongoRecordLoader - GOT DOCUMENT IN SNAPSHOT - 2CommercialWaste - Addition of snapshot listener for Mongo table null
19:26:46.046 [product-inproc://master2_2018-06-13T19:23:01.507+01:00-0] INFO  io.viewserver.adapters.mongo.MongoRecordLoader - GOT DOCUMENT IN SNAPSHOT - 10YDSkip - Addition of snapshot listener for Mongo table null
19:26:46.054 [productCategory-inproc://master3_2018-06-13T19:23:01.597+01:00-0] INFO  io.viewserver.datasource.RecordUtils - Scheduling addition to operator /datasources/productCategory/table
19:26:46.054 [product-inproc://master2_2018-06-13T19:23:01.507+01:00-0] INFO  io.viewserver.datasource.RecordUtils - Scheduling addition to operator /datasources/product/table
19:26:46.054 [productCategory-inproc://master3_2018-06-13T19:23:01.597+01:00-0] INFO  io.viewserver.adapters.mongo.MongoRecordLoader - GOT DOCUMENT IN SNAPSHOT - 1Products - Addition of snapshot listener for Mongo table null
19:26:46.054 [product-inproc://master2_2018-06-13T19:23:01.507+01:00-0] INFO  io.viewserver.adapters.mongo.MongoRecordLoader - GOT DOCUMENT IN SNAPSHOT - 12YDSkip - Addition of snapshot listener for Mongo table null
19:26:46.054 [productCategory-inproc://master3_2018-06-13T19:23:01.597+01:00-0] INFO  io.viewserver.datasource.RecordUtils - Scheduling addition to operator /datasources/productCategory/table
19:26:46.054 [productCategory-inproc://master2_2018-06-13T19:23:01.507+01:00-0] INFO  io.viewserver.adapters.mongo.MongoRecordLoader - GOT DOCUMENT IN SNAPSHOT - 3HandTools - Addition of snapshot listener for Mongo table null
19:26:46.055 [productCategory-inproc://master3_2018-06-13T19:23:01.597+01:00-0] INFO  io.viewserver.adapters.mongo.MongoRecordLoader - GOT DOCUMENT IN SNAPSHOT - 1Workers - Addition of snapshot listener for Mongo table null
19:26:46.059 [productCategory-inproc://master2_2018-06-13T19:23:01.507+01:00-0] INFO  io.viewserver.datasource.RecordUtils - Scheduling addition to operator /datasources/productCategory/table
19:26:46.059 [productCategory-inproc://master3_2018-06-13T19:23:01.597+01:00-0] INFO  io.viewserver.datasource.RecordUtils - Scheduling addition to operator /datasources/productCategory/table
19:26:46.059 [productCategory-inproc://master2_2018-06-13T19:23:01.507+01:00-0] INFO  io.viewserver.adapters.mongo.MongoRecordLoader - GOT DOCUMENT IN SNAPSHOT - 3LawnMowers - Addition of snapshot listener for Mongo table null
19:26:46.059 [productCategory-inproc://master3_2018-06-13T19:23:01.597+01:00-0] INFO  io.viewserver.adapters.mongo.MongoRecordLoader - GOT DOCUMENT IN SNAPSHOT - 1Plant - Addition of snapshot listener for Mongo table null
19:26:46.059 [productCategory-inproc://master2_2018-06-13T19:23:01.507+01:00-0] INFO  io.viewserver.datasource.RecordUtils - Scheduling addition to operator /datasources/productCategory/table
19:26:46.059 [productCategory-inproc://master2_2018-06-13T19:23:01.507+01:00-0] INFO  io.viewserver.adapters.mongo.MongoRecordLoader - GOT DOCUMENT IN SNAPSHOT - 3TrimmersAndStrimmers - Addition of snapshot listener for Mongo table null
19:26:46.059 [productCategory-inproc://master3_2018-06-13T19:23:01.597+01:00-0] INFO  io.viewserver.datasource.RecordUtils - Scheduling addition to operator /datasources/productCategory/table
19:26:46.059 [productCategory-inproc://master2_2018-06-13T19:23:01.507+01:00-0] INFO  io.viewserver.datasource.RecordUtils - Scheduling addition to operator /datasources/productCategory/table
19:26:46.059 [productCategory-inproc://master3_2018-06-13T19:23:01.597+01:00-0] INFO  io.viewserver.adapters.mongo.MongoRecordLoader - GOT DOCUMENT IN SNAPSHOT - 2AccessLadder - Addition of snapshot listener for Mongo table null
19:26:46.059 [productCategory-inproc://master3_2018-06-13T19:23:01.597+01:00-0] INFO  io.viewserver.datasource.RecordUtils - Scheduling addition to operator /datasources/productCategory/table
19:26:46.059 [productCategory-inproc://master2_2018-06-13T19:23:01.507+01:00-0] INFO  io.viewserver.adapters.mongo.MongoRecordLoader - GOT DOCUMENT IN SNAPSHOT - 3RotovatorsBlowers - Addition of snapshot listener for Mongo table null
19:26:46.059 [productCategory-inproc://master2_2018-06-13T19:23:01.507+01:00-0] INFO  io.viewserver.datasource.RecordUtils - Scheduling addition to operator /datasources/productCategory/table
19:26:46.059 [productCategory-inproc://master2_2018-06-13T19:23:01.507+01:00-0] INFO  io.viewserver.adapters.mongo.MongoRecordLoader - GOT DOCUMENT IN SNAPSHOT - 2HeatingDrying - Addition of snapshot listener for Mongo table null
19:26:46.059 [productCategory-inproc://master2_2018-06-13T19:23:01.507+01:00-0] INFO  io.viewserver.datasource.RecordUtils - Scheduling addition to operator /datasources/productCategory/table
19:26:46.059 [productCategory-inproc://master2_2018-06-13T19:23:01.507+01:00-0] INFO  io.viewserver.adapters.mongo.MongoRecordLoader - GOT DOCUMENT IN SNAPSHOT - 2LiftingHandling - Addition of snapshot listener for Mongo table null
19:26:46.059 [productCategory-inproc://master2_2018-06-13T19:23:01.507+01:00-0] INFO  io.viewserver.datasource.RecordUtils - Scheduling addition to operator /datasources/productCategory/table
19:26:46.059 [productCategory-inproc://master2_2018-06-13T19:23:01.507+01:00-0] INFO  io.viewserver.adapters.mongo.MongoRecordLoader - GOT DOCUMENT IN SNAPSHOT - 2PaintingDecorating - Addition of snapshot listener for Mongo table null
19:26:46.054 [product-inproc://master3_2018-06-13T19:23:01.597+01:00-0] INFO  io.viewserver.adapters.mongo.MongoRecordLoader - GOT DOCUMENT IN SNAPSHOT - LutonLorry - Addition of snapshot listener for Mongo table null
19:26:46.059 [productCategory-inproc://master2_2018-06-13T19:23:01.507+01:00-0] INFO  io.viewserver.datasource.RecordUtils - Scheduling addition to operator /datasources/productCategory/table
19:26:46.060 [productCategory-inproc://master3_2018-06-13T19:23:01.597+01:00-0] INFO  io.viewserver.adapters.mongo.MongoRecordLoader - GOT DOCUMENT IN SNAPSHOT - 3Ladder - Addition of snapshot listener for Mongo table null
19:26:46.062 [productCategory-inproc://master3_2018-06-13T19:23:01.597+01:00-0] INFO  io.viewserver.datasource.RecordUtils - Scheduling addition to operator /datasources/productCategory/table
19:26:46.062 [productCategory-inproc://master3_2018-06-13T19:23:01.597+01:00-0] INFO  io.viewserver.adapters.mongo.MongoRecordLoader - GOT DOCUMENT IN SNAPSHOT - 3StepLadder - Addition of snapshot listener for Mongo table null
19:26:46.062 [productCategory-inproc://master3_2018-06-13T19:23:01.597+01:00-0] INFO  io.viewserver.datasource.RecordUtils - Scheduling addition to operator /datasources/productCategory/table
19:26:46.062 [productCategory-inproc://master2_2018-06-13T19:23:01.507+01:00-0] INFO  io.viewserver.adapters.mongo.MongoRecordLoader - GOT DOCUMENT IN SNAPSHOT - 2PlumbingPumping - Addition of snapshot listener for Mongo table null
19:26:46.059 [product-inproc://master2_2018-06-13T19:23:01.507+01:00-0] INFO  io.viewserver.datasource.RecordUtils - Scheduling addition to operator /datasources/product/table
19:26:46.062 [productCategory-inproc://master2_2018-06-13T19:23:01.507+01:00-0] INFO  io.viewserver.datasource.RecordUtils - Scheduling addition to operator /datasources/productCategory/table
19:26:46.063 [product-inproc://master2_2018-06-13T19:23:01.507+01:00-0] INFO  io.viewserver.adapters.mongo.MongoRecordLoader - GOT DOCUMENT IN SNAPSHOT - GrabLoader - Addition of snapshot listener for Mongo table null
19:26:46.063 [productCategory-inproc://master2_2018-06-13T19:23:01.507+01:00-0] INFO  io.viewserver.adapters.mongo.MongoRecordLoader - GOT DOCUMENT IN SNAPSHOT - 2SandingFixing - Addition of snapshot listener for Mongo table null
19:26:46.063 [product-inproc://master2_2018-06-13T19:23:01.507+01:00-0] INFO  io.viewserver.datasource.RecordUtils - Scheduling addition to operator /datasources/product/table
19:26:46.063 [productCategory-inproc://master2_2018-06-13T19:23:01.507+01:00-0] INFO  io.viewserver.datasource.RecordUtils - Scheduling addition to operator /datasources/productCategory/table
19:26:46.063 [product-inproc://master2_2018-06-13T19:23:01.507+01:00-0] INFO  io.viewserver.adapters.mongo.MongoRecordLoader - GOT DOCUMENT IN SNAPSHOT - 20YardCage - Addition of snapshot listener for Mongo table null
19:26:46.063 [productCategory-inproc://master2_2018-06-13T19:23:01.507+01:00-0] INFO  io.viewserver.adapters.mongo.MongoRecordLoader - GOT DOCUMENT IN SNAPSHOT - 2CuttingGrinding - Addition of snapshot listener for Mongo table null
19:26:46.062 [productCategory-inproc://master3_2018-06-13T19:23:01.597+01:00-0] INFO  io.viewserver.adapters.mongo.MongoRecordLoader - GOT DOCUMENT IN SNAPSHOT - 3Staging - Addition of snapshot listener for Mongo table null
19:26:46.063 [product-inproc://master2_2018-06-13T19:23:01.507+01:00-0] INFO  io.viewserver.datasource.RecordUtils - Scheduling addition to operator /datasources/product/table
19:26:46.063 [productCategory-inproc://master2_2018-06-13T19:23:01.507+01:00-0] INFO  io.viewserver.datasource.RecordUtils - Scheduling addition to operator /datasources/productCategory/table
19:26:46.063 [productCategory-inproc://master3_2018-06-13T19:23:01.597+01:00-0] INFO  io.viewserver.datasource.RecordUtils - Scheduling addition to operator /datasources/productCategory/table
19:26:46.063 [product-inproc://master2_2018-06-13T19:23:01.507+01:00-0] INFO  io.viewserver.adapters.mongo.MongoRecordLoader - GOT DOCUMENT IN SNAPSHOT - 10YardCage - Addition of snapshot listener for Mongo table null
19:26:46.060 [product-inproc://master3_2018-06-13T19:23:01.597+01:00-0] INFO  io.viewserver.datasource.RecordUtils - Scheduling addition to operator /datasources/product/table
19:26:46.063 [product-inproc://master3_2018-06-13T19:23:01.597+01:00-0] INFO  io.viewserver.adapters.mongo.MongoRecordLoader - GOT DOCUMENT IN SNAPSHOT - Carpenter - Addition of snapshot listener for Mongo table null
19:26:46.063 [reactor-inproc://master2_2018-06-13T19:23:01.507+01:00] WARN  io.viewserver.core.ExecutionContext - Slow commit java.lang.ThreadLocal$SuppliedThreadLocal@368fc05c took 138055ms
19:26:46.063 [productCategory-inproc://master3_2018-06-13T19:23:01.597+01:00-0] INFO  io.viewserver.adapters.mongo.MongoRecordLoader - GOT DOCUMENT IN SNAPSHOT - 3LadderCombination - Addition of snapshot listener for Mongo table null
19:26:46.064 [productCategory-inproc://master2_2018-06-13T19:23:01.507+01:00-0] INFO  io.viewserver.adapters.mongo.MongoRecordLoader - GOT DOCUMENT IN SNAPSHOT - 3Grinder - Addition of snapshot listener for Mongo table null
19:26:46.070 [productCategory-inproc://master3_2018-06-13T19:23:01.597+01:00-0] INFO  io.viewserver.datasource.RecordUtils - Scheduling addition to operator /datasources/productCategory/table
19:26:46.070 [product-inproc://master2_2018-06-13T19:23:01.507+01:00-0] INFO  io.viewserver.datasource.RecordUtils - Scheduling addition to operator /datasources/product/table
19:26:46.070 [product-inproc://master3_2018-06-13T19:23:01.597+01:00-0] INFO  io.viewserver.datasource.RecordUtils - Scheduling addition to operator /datasources/product/table
19:26:46.079 [reactor-inproc://master2_2018-06-13T19:23:01.507+01:00] INFO  io.viewserver.datasource.RecordUtils - SCHEDULED - Acually adding record rec to operator /datasources/user/table
19:26:46.079 [product-inproc://master3_2018-06-13T19:23:01.597+01:00-0] INFO  io.viewserver.adapters.mongo.MongoRecordLoader - GOT DOCUMENT IN SNAPSHOT - GroundWorker - Addition of snapshot listener for Mongo table null
19:26:46.079 [productCategory-inproc://master2_2018-06-13T19:23:01.507+01:00-0] INFO  io.viewserver.datasource.RecordUtils - Scheduling addition to operator /datasources/productCategory/table
19:26:46.079 [product-inproc://master3_2018-06-13T19:23:01.597+01:00-0] INFO  io.viewserver.datasource.RecordUtils - Scheduling addition to operator /datasources/product/table
19:26:46.079 [productCategory-inproc://master2_2018-06-13T19:23:01.507+01:00-0] INFO  io.viewserver.adapters.mongo.MongoRecordLoader - GOT DOCUMENT IN SNAPSHOT - 3Saw - Addition of snapshot listener for Mongo table null
19:26:46.079 [product-inproc://master2_2018-06-13T19:23:01.507+01:00-0] INFO  io.viewserver.adapters.mongo.MongoRecordLoader - GOT DOCUMENT IN SNAPSHOT - 75TonneTipper - Addition of snapshot listener for Mongo table null
19:26:46.079 [product-inproc://master3_2018-06-13T19:23:01.597+01:00-0] INFO  io.viewserver.adapters.mongo.MongoRecordLoader - GOT DOCUMENT IN SNAPSHOT - Tiler - Addition of snapshot listener for Mongo table null
19:26:46.079 [productCategory-inproc://master2_2018-06-13T19:23:01.507+01:00-0] INFO  io.viewserver.datasource.RecordUtils - Scheduling addition to operator /datasources/productCategory/table
19:26:46.079 [productCategory-inproc://master3_2018-06-13T19:23:01.597+01:00-0] INFO  io.viewserver.adapters.mongo.MongoRecordLoader - GOT DOCUMENT IN SNAPSHOT - 2BreakingDrilling - Addition of snapshot listener for Mongo table null
19:26:46.080 [product-inproc://master3_2018-06-13T19:23:01.597+01:00-0] INFO  io.viewserver.datasource.RecordUtils - Scheduling addition to operator /datasources/product/table
19:26:46.080 [productCategory-inproc://master3_2018-06-13T19:23:01.597+01:00-0] INFO  io.viewserver.datasource.RecordUtils - Scheduling addition to operator /datasources/productCategory/table
19:26:46.080 [product-inproc://master2_2018-06-13T19:23:01.507+01:00-0] INFO  io.viewserver.datasource.RecordUtils - Scheduling addition to operator /datasources/product/table
19:26:46.080 [product-inproc://master2_2018-06-13T19:23:01.507+01:00-0] INFO  io.viewserver.adapters.mongo.MongoRecordLoader - GOT DOCUMENT IN SNAPSHOT - LadderDouble12ft - Addition of snapshot listener for Mongo table null
19:26:46.080 [productCategory-inproc://master3_2018-06-13T19:23:01.597+01:00-0] INFO  io.viewserver.adapters.mongo.MongoRecordLoader - GOT DOCUMENT IN SNAPSHOT - 3Breaker - Addition of snapshot listener for Mongo table null
19:26:46.080 [productCategory-inproc://master2_2018-06-13T19:23:01.507+01:00-0] INFO  io.viewserver.adapters.mongo.MongoRecordLoader - GOT DOCUMENT IN SNAPSHOT - 3TileCutterSaw - Addition of snapshot listener for Mongo table null
19:26:46.080 [product-inproc://master3_2018-06-13T19:23:01.597+01:00-0] INFO  io.viewserver.adapters.mongo.MongoRecordLoader - GOT DOCUMENT IN SNAPSHOT - Painter - Addition of snapshot listener for Mongo table null
19:26:46.080 [product-inproc://master3_2018-06-13T19:23:01.597+01:00-0] INFO  io.viewserver.datasource.RecordUtils - Scheduling addition to operator /datasources/product/table
19:26:46.080 [product-inproc://master2_2018-06-13T19:23:01.507+01:00-0] INFO  io.viewserver.datasource.RecordUtils - Scheduling addition to operator /datasources/product/table
19:26:46.080 [productCategory-inproc://master3_2018-06-13T19:23:01.597+01:00-0] INFO  io.viewserver.datasource.RecordUtils - Scheduling addition to operator /datasources/productCategory/table
19:26:46.080 [productCategory-inproc://master2_2018-06-13T19:23:01.507+01:00-0] INFO  io.viewserver.datasource.RecordUtils - Scheduling addition to operator /datasources/productCategory/table
19:26:46.080 [product-inproc://master2_2018-06-13T19:23:01.507+01:00-0] INFO  io.viewserver.adapters.mongo.MongoRecordLoader - GOT DOCUMENT IN SNAPSHOT - LadderTriple11ft - Addition of snapshot listener for Mongo table null
19:26:46.080 [productCategory-inproc://master3_2018-06-13T19:23:01.597+01:00-0] INFO  io.viewserver.adapters.mongo.MongoRecordLoader - GOT DOCUMENT IN SNAPSHOT - 3Drill - Addition of snapshot listener for Mongo table null
19:26:46.080 [productCategory-inproc://master3_2018-06-13T19:23:01.597+01:00-0] INFO  io.viewserver.datasource.RecordUtils - Scheduling addition to operator /datasources/productCategory/table
19:26:46.080 [product-inproc://master2_2018-06-13T19:23:01.507+01:00-0] INFO  io.viewserver.datasource.RecordUtils - Scheduling addition to operator /datasources/product/table
19:26:46.080 [productCategory-inproc://master2_2018-06-13T19:23:01.507+01:00-0] INFO  io.viewserver.adapters.mongo.MongoRecordLoader - GOT DOCUMENT IN SNAPSHOT - 3PlanerJointerSplitterRouter - Addition of snapshot listener for Mongo table null
19:26:46.080 [product-inproc://master3_2018-06-13T19:23:01.597+01:00-0] INFO  io.viewserver.adapters.mongo.MongoRecordLoader - GOT DOCUMENT IN SNAPSHOT - BrickLayer - Addition of snapshot listener for Mongo table null
19:26:46.081 [productCategory-inproc://master3_2018-06-13T19:23:01.597+01:00-0] INFO  io.viewserver.adapters.mongo.MongoRecordLoader - GOT DOCUMENT IN SNAPSHOT - 3CoreDrill - Addition of snapshot listener for Mongo table null
19:26:46.081 [product-inproc://master2_2018-06-13T19:23:01.507+01:00-0] INFO  io.viewserver.adapters.mongo.MongoRecordLoader - GOT DOCUMENT IN SNAPSHOT - LadderTriple17ft - Addition of snapshot listener for Mongo table null
19:26:46.081 [productCategory-inproc://master3_2018-06-13T19:23:01.597+01:00-0] INFO  io.viewserver.datasource.RecordUtils - Scheduling addition to operator /datasources/productCategory/table
19:26:46.081 [product-inproc://master2_2018-06-13T19:23:01.507+01:00-0] INFO  io.viewserver.datasource.RecordUtils - Scheduling addition to operator /datasources/product/table
19:26:46.081 [productCategory-inproc://master2_2018-06-13T19:23:01.507+01:00-0] INFO  io.viewserver.datasource.RecordUtils - Scheduling addition to operator /datasources/productCategory/table
19:26:46.081 [product-inproc://master3_2018-06-13T19:23:01.597+01:00-0] INFO  io.viewserver.datasource.RecordUtils - Scheduling addition to operator /datasources/product/table
19:26:46.081 [product-inproc://master2_2018-06-13T19:23:01.507+01:00-0] INFO  io.viewserver.adapters.mongo.MongoRecordLoader - GOT DOCUMENT IN SNAPSHOT - LadderRoof - Addition of snapshot listener for Mongo table null
19:26:46.081 [product-inproc://master3_2018-06-13T19:23:01.597+01:00-0] INFO  io.viewserver.adapters.mongo.MongoRecordLoader - GOT DOCUMENT IN SNAPSHOT - Plumber - Addition of snapshot listener for Mongo table null
19:26:46.081 [product-inproc://master2_2018-06-13T19:23:01.507+01:00-0] INFO  io.viewserver.datasource.RecordUtils - Scheduling addition to operator /datasources/product/table
19:26:46.081 [productCategory-inproc://master2_2018-06-13T19:23:01.507+01:00-0] INFO  io.viewserver.adapters.mongo.MongoRecordLoader - GOT DOCUMENT IN SNAPSHOT - 2SurveyingLocation - Addition of snapshot listener for Mongo table null
19:26:46.081 [product-inproc://master3_2018-06-13T19:23:01.597+01:00-0] INFO  io.viewserver.datasource.RecordUtils - Scheduling addition to operator /datasources/product/table
19:26:46.081 [product-inproc://master2_2018-06-13T19:23:01.507+01:00-0] INFO  io.viewserver.adapters.mongo.MongoRecordLoader - GOT DOCUMENT IN SNAPSHOT - LadderStay - Addition of snapshot listener for Mongo table null
19:26:46.081 [productCategory-inproc://master2_2018-06-13T19:23:01.507+01:00-0] INFO  io.viewserver.datasource.RecordUtils - Scheduling addition to operator /datasources/productCategory/table
19:26:46.081 [productCategory-inproc://master3_2018-06-13T19:23:01.597+01:00-0] INFO  io.viewserver.adapters.mongo.MongoRecordLoader - GOT DOCUMENT IN SNAPSHOT - 2BuildingSiteworks - Addition of snapshot listener for Mongo table null
19:26:46.081 [productCategory-inproc://master2_2018-06-13T19:23:01.507+01:00-0] INFO  io.viewserver.adapters.mongo.MongoRecordLoader - GOT DOCUMENT IN SNAPSHOT - 2WeldingPower - Addition of snapshot listener for Mongo table null
19:26:46.081 [product-inproc://master3_2018-06-13T19:23:01.597+01:00-0] INFO  io.viewserver.adapters.mongo.MongoRecordLoader - GOT DOCUMENT IN SNAPSHOT - Plasterer - Addition of snapshot listener for Mongo table null
19:26:46.082 [productCategory-inproc://master3_2018-06-13T19:23:01.597+01:00-0] INFO  io.viewserver.datasource.RecordUtils - Scheduling addition to operator /datasources/productCategory/table
19:26:46.083 [product-inproc://master2_2018-06-13T19:23:01.507+01:00-0] INFO  io.viewserver.datasource.RecordUtils - Scheduling addition to operator /datasources/product/table
19:26:46.083 [productCategory-inproc://master2_2018-06-13T19:23:01.507+01:00-0] INFO  io.viewserver.datasource.RecordUtils - Scheduling addition to operator /datasources/productCategory/table
19:26:46.083 [product-inproc://master3_2018-06-13T19:23:01.597+01:00-0] INFO  io.viewserver.datasource.RecordUtils - Scheduling addition to operator /datasources/product/table
19:26:46.083 [product-inproc://master2_2018-06-13T19:23:01.507+01:00-0] INFO  io.viewserver.adapters.mongo.MongoRecordLoader - GOT DOCUMENT IN SNAPSHOT - Stepladder6ft(8tread) - Addition of snapshot listener for Mongo table null
19:26:46.087 [product-inproc://master2_2018-06-13T19:23:01.507+01:00-0] INFO  io.viewserver.datasource.RecordUtils - Scheduling addition to operator /datasources/product/table
19:26:46.087 [product-inproc://master3_2018-06-13T19:23:01.597+01:00-0] INFO  io.viewserver.adapters.mongo.MongoRecordLoader - GOT DOCUMENT IN SNAPSHOT - Labourer - Addition of snapshot listener for Mongo table null
19:26:46.088 [product-inproc://master2_2018-06-13T19:23:01.507+01:00-0] INFO  io.viewserver.adapters.mongo.MongoRecordLoader - GOT DOCUMENT IN SNAPSHOT - Stepladder8ft(10tread) - Addition of snapshot listener for Mongo table null
19:26:46.083 [productCategory-inproc://master3_2018-06-13T19:23:01.597+01:00-0] INFO  io.viewserver.adapters.mongo.MongoRecordLoader - GOT DOCUMENT IN SNAPSHOT - 2CleaningFloorcare - Addition of snapshot listener for Mongo table null
19:26:46.088 [product-inproc://master2_2018-06-13T19:23:01.507+01:00-0] INFO  io.viewserver.datasource.RecordUtils - Scheduling addition to operator /datasources/product/table
19:26:46.087 [productCategory-inproc://master2_2018-06-13T19:23:01.507+01:00-0] INFO  io.viewserver.adapters.mongo.MongoRecordLoader - GOT DOCUMENT IN SNAPSHOT - 2Lighting - Addition of snapshot listener for Mongo table null
19:26:46.088 [productCategory-inproc://master3_2018-06-13T19:23:01.597+01:00-0] INFO  io.viewserver.datasource.RecordUtils - Scheduling addition to operator /datasources/productCategory/table
19:26:46.088 [product-inproc://master2_2018-06-13T19:23:01.507+01:00-0] INFO  io.viewserver.adapters.mongo.MongoRecordLoader - GOT DOCUMENT IN SNAPSHOT - Stepladder9ft(12tread) - Addition of snapshot listener for Mongo table null
19:26:46.088 [productCategory-inproc://master2_2018-06-13T19:23:01.507+01:00-0] INFO  io.viewserver.datasource.RecordUtils - Scheduling addition to operator /datasources/productCategory/table
19:26:46.088 [product-inproc://master2_2018-06-13T19:23:01.507+01:00-0] INFO  io.viewserver.datasource.RecordUtils - Scheduling addition to operator /datasources/product/table
19:26:46.089 [productCategory-inproc://master2_2018-06-13T19:23:01.507+01:00-0] INFO  io.viewserver.adapters.mongo.MongoRecordLoader - GOT DOCUMENT IN SNAPSHOT - 2Miscellaneous - Addition of snapshot listener for Mongo table null
19:26:46.091 [reactor-inproc://master3_2018-06-13T19:23:01.597+01:00] WARN  io.viewserver.core.ExecutionContext - Slow commit java.lang.ThreadLocal$SuppliedThreadLocal@2b87e16f took 3195ms
19:26:46.092 [productCategory-inproc://master2_2018-06-13T19:23:01.507+01:00-0] INFO  io.viewserver.datasource.RecordUtils - Scheduling addition to operator /datasources/productCategory/table
19:26:46.091 [productCategory-inproc://master3_2018-06-13T19:23:01.597+01:00-0] INFO  io.viewserver.adapters.mongo.MongoRecordLoader - GOT DOCUMENT IN SNAPSHOT - 2ConcretePreparation - Addition of snapshot listener for Mongo table null
19:26:46.091 [product-inproc://master2_2018-06-13T19:23:01.507+01:00-0] INFO  io.viewserver.adapters.mongo.MongoRecordLoader - GOT DOCUMENT IN SNAPSHOT - Stepladder10ft(14tread) - Addition of snapshot listener for Mongo table null
19:26:46.092 [reactor-inproc://master3_2018-06-13T19:23:01.597+01:00] INFO  io.viewserver.datasource.RecordUtils - SCHEDULED - Acually adding record rec to operator /datasources/productCategory/table
19:26:46.092 [productCategory-inproc://master3_2018-06-13T19:23:01.597+01:00-0] INFO  io.viewserver.datasource.RecordUtils - Scheduling addition to operator /datasources/productCategory/table
19:26:46.092 [product-inproc://master3_2018-06-13T19:23:01.597+01:00-0] INFO  io.viewserver.datasource.RecordUtils - Scheduling addition to operator /datasources/product/table
19:26:46.095 [product-inproc://master2_2018-06-13T19:23:01.507+01:00-0] INFO  io.viewserver.datasource.RecordUtils - Scheduling addition to operator /datasources/product/table
19:26:46.095 [product-inproc://master3_2018-06-13T19:23:01.597+01:00-0] INFO  io.viewserver.adapters.mongo.MongoRecordLoader - GOT DOCUMENT IN SNAPSHOT - HouseHoldQuarterVan - Addition of snapshot listener for Mongo table null
19:26:46.095 [productCategory-inproc://master3_2018-06-13T19:23:01.597+01:00-0] INFO  io.viewserver.adapters.mongo.MongoRecordLoader - GOT DOCUMENT IN SNAPSHOT - 2GardeningEvent - Addition of snapshot listener for Mongo table null
19:26:46.095 [productCategory-inproc://master3_2018-06-13T19:23:01.597+01:00-0] INFO  io.viewserver.datasource.RecordUtils - Scheduling addition to operator /datasources/productCategory/table
19:26:46.096 [productCategory-inproc://master3_2018-06-13T19:23:01.597+01:00-0] INFO  io.viewserver.adapters.mongo.MongoRecordLoader - GOT DOCUMENT IN SNAPSHOT - 3HandTools - Addition of snapshot listener for Mongo table null
19:26:46.095 [product-inproc://master2_2018-06-13T19:23:01.507+01:00-0] INFO  io.viewserver.adapters.mongo.MongoRecordLoader - GOT DOCUMENT IN SNAPSHOT - LadderCombination(9tread) - Addition of snapshot listener for Mongo table null
19:26:46.096 [productCategory-inproc://master3_2018-06-13T19:23:01.597+01:00-0] INFO  io.viewserver.datasource.RecordUtils - Scheduling addition to operator /datasources/productCategory/table
19:26:46.099 [product-inproc://master2_2018-06-13T19:23:01.507+01:00-0] INFO  io.viewserver.datasource.RecordUtils - Scheduling addition to operator /datasources/product/table
19:26:46.099 [productCategory-inproc://master3_2018-06-13T19:23:01.597+01:00-0] INFO  io.viewserver.adapters.mongo.MongoRecordLoader - GOT DOCUMENT IN SNAPSHOT - 3LawnMowers - Addition of snapshot listener for Mongo table null
19:26:46.099 [product-inproc://master2_2018-06-13T19:23:01.507+01:00-0] INFO  io.viewserver.adapters.mongo.MongoRecordLoader - GOT DOCUMENT IN SNAPSHOT - StepladderPodium - Addition of snapshot listener for Mongo table null
19:26:46.099 [productCategory-inproc://master3_2018-06-13T19:23:01.597+01:00-0] INFO  io.viewserver.datasource.RecordUtils - Scheduling addition to operator /datasources/productCategory/table
19:26:46.099 [product-inproc://master2_2018-06-13T19:23:01.507+01:00-0] INFO  io.viewserver.datasource.RecordUtils - Scheduling addition to operator /datasources/product/table
19:26:46.099 [productCategory-inproc://master3_2018-06-13T19:23:01.597+01:00-0] INFO  io.viewserver.adapters.mongo.MongoRecordLoader - GOT DOCUMENT IN SNAPSHOT - 3TrimmersAndStrimmers - Addition of snapshot listener for Mongo table null
19:26:46.099 [product-inproc://master2_2018-06-13T19:23:01.507+01:00-0] INFO  io.viewserver.adapters.mongo.MongoRecordLoader - GOT DOCUMENT IN SNAPSHOT - StepladderFibreGlass6ft - Addition of snapshot listener for Mongo table null
19:26:46.099 [productCategory-inproc://master3_2018-06-13T19:23:01.597+01:00-0] INFO  io.viewserver.datasource.RecordUtils - Scheduling addition to operator /datasources/productCategory/table
19:26:46.099 [productCategory-inproc://master3_2018-06-13T19:23:01.597+01:00-0] INFO  io.viewserver.adapters.mongo.MongoRecordLoader - GOT DOCUMENT IN SNAPSHOT - 3RotovatorsBlowers - Addition of snapshot listener for Mongo table null
19:26:46.099 [product-inproc://master2_2018-06-13T19:23:01.507+01:00-0] INFO  io.viewserver.datasource.RecordUtils - Scheduling addition to operator /datasources/product/table
19:26:46.099 [reactor-inproc://master3_2018-06-13T19:23:01.597+01:00] INFO  io.viewserver.datasource.RecordUtils - Finished adding record rec to operator /datasources/productCategory/table
19:26:46.096 [product-inproc://master3_2018-06-13T19:23:01.597+01:00-0] INFO  io.viewserver.datasource.RecordUtils - Scheduling addition to operator /datasources/product/table
19:26:46.105 [reactor-inproc://master3_2018-06-13T19:23:01.597+01:00] INFO  io.viewserver.datasource.RecordUtils - SCHEDULED - Acually adding record rec to operator /datasources/phoneNumber/table
19:26:46.105 [product-inproc://master2_2018-06-13T19:23:01.507+01:00-0] INFO  io.viewserver.adapters.mongo.MongoRecordLoader - GOT DOCUMENT IN SNAPSHOT - StepladderFibreGlass8ft - Addition of snapshot listener for Mongo table null
19:26:46.105 [product-inproc://master3_2018-06-13T19:23:01.597+01:00-0] INFO  io.viewserver.adapters.mongo.MongoRecordLoader - GOT DOCUMENT IN SNAPSHOT - HouseHoldHalfVan - Addition of snapshot listener for Mongo table null
19:26:46.106 [reactor-inproc://master2_2018-06-13T19:23:01.507+01:00] INFO  table-out - RX Subject Handling Add - 0
19:26:46.107 [productCategory-inproc://master3_2018-06-13T19:23:01.597+01:00-0] INFO  io.viewserver.datasource.RecordUtils - Scheduling addition to operator /datasources/productCategory/table
19:26:46.107 [product-inproc://master3_2018-06-13T19:23:01.597+01:00-0] INFO  io.viewserver.datasource.RecordUtils - Scheduling addition to operator /datasources/product/table
19:26:46.109 [product-inproc://master2_2018-06-13T19:23:01.507+01:00-0] INFO  io.viewserver.datasource.RecordUtils - Scheduling addition to operator /datasources/product/table
19:26:46.109 [product-inproc://master3_2018-06-13T19:23:01.597+01:00-0] INFO  io.viewserver.adapters.mongo.MongoRecordLoader - GOT DOCUMENT IN SNAPSHOT - HouseHoldThreeQuarterVan - Addition of snapshot listener for Mongo table null
19:26:46.109 [product-inproc://master2_2018-06-13T19:23:01.507+01:00-0] INFO  io.viewserver.adapters.mongo.MongoRecordLoader - GOT DOCUMENT IN SNAPSHOT - ScaffoldBoard8_10_13ft - Addition of snapshot listener for Mongo table null
19:26:46.110 [product-inproc://master3_2018-06-13T19:23:01.597+01:00-0] INFO  io.viewserver.datasource.RecordUtils - Scheduling addition to operator /datasources/product/table
19:26:46.110 [product-inproc://master2_2018-06-13T19:23:01.507+01:00-0] INFO  io.viewserver.datasource.RecordUtils - Scheduling addition to operator /datasources/product/table
19:26:46.110 [product-inproc://master3_2018-06-13T19:23:01.597+01:00-0] INFO  io.viewserver.adapters.mongo.MongoRecordLoader - GOT DOCUMENT IN SNAPSHOT - HouseHoldFullVan - Addition of snapshot listener for Mongo table null
19:26:46.110 [product-inproc://master2_2018-06-13T19:23:01.507+01:00-0] INFO  io.viewserver.adapters.mongo.MongoRecordLoader - GOT DOCUMENT IN SNAPSHOT - TowerAluminium - Addition of snapshot listener for Mongo table null
19:26:46.106 [reactor-inproc://master3_2018-06-13T19:23:01.597+01:00] INFO  io.viewserver.datasource.RecordUtils - Finished adding record rec to operator /datasources/phoneNumber/table
19:26:46.110 [reactor-inproc://master3_2018-06-13T19:23:01.597+01:00] INFO  io.viewserver.datasource.RecordUtils - SCHEDULED - Acually adding record rec to operator /datasources/phoneNumber/table
19:26:46.110 [product-inproc://master2_2018-06-13T19:23:01.507+01:00-0] INFO  io.viewserver.datasource.RecordUtils - Scheduling addition to operator /datasources/product/table
19:26:46.110 [product-inproc://master2_2018-06-13T19:23:01.507+01:00-0] INFO  io.viewserver.adapters.mongo.MongoRecordLoader - GOT DOCUMENT IN SNAPSHOT - TrestleBandstand - Addition of snapshot listener for Mongo table null
19:26:46.110 [reactor-inproc://master3_2018-06-13T19:23:01.597+01:00] INFO  io.viewserver.datasource.RecordUtils - Finished adding record rec to operator /datasources/phoneNumber/table
19:26:46.110 [product-inproc://master2_2018-06-13T19:23:01.507+01:00-0] INFO  io.viewserver.datasource.RecordUtils - Scheduling addition to operator /datasources/product/table
19:26:46.110 [product-inproc://master2_2018-06-13T19:23:01.507+01:00-0] INFO  io.viewserver.adapters.mongo.MongoRecordLoader - GOT DOCUMENT IN SNAPSHOT - Staging12ft - Addition of snapshot listener for Mongo table null
19:26:46.110 [product-inproc://master2_2018-06-13T19:23:01.507+01:00-0] INFO  io.viewserver.datasource.RecordUtils - Scheduling addition to operator /datasources/product/table
19:26:46.110 [product-inproc://master2_2018-06-13T19:23:01.507+01:00-0] INFO  io.viewserver.adapters.mongo.MongoRecordLoader - GOT DOCUMENT IN SNAPSHOT - Staging14ft - Addition of snapshot listener for Mongo table null
19:26:46.110 [product-inproc://master2_2018-06-13T19:23:01.507+01:00-0] INFO  io.viewserver.datasource.RecordUtils - Scheduling addition to operator /datasources/product/table
19:26:46.109 [productCategory-inproc://master3_2018-06-13T19:23:01.597+01:00-0] INFO  io.viewserver.adapters.mongo.MongoRecordLoader - GOT DOCUMENT IN SNAPSHOT - 2HeatingDrying - Addition of snapshot listener for Mongo table null
19:26:46.111 [productCategory-inproc://master3_2018-06-13T19:23:01.597+01:00-0] INFO  io.viewserver.datasource.RecordUtils - Scheduling addition to operator /datasources/productCategory/table
19:26:46.111 [productCategory-inproc://master3_2018-06-13T19:23:01.597+01:00-0] INFO  io.viewserver.adapters.mongo.MongoRecordLoader - GOT DOCUMENT IN SNAPSHOT - 2LiftingHandling - Addition of snapshot listener for Mongo table null
19:26:46.111 [productCategory-inproc://master3_2018-06-13T19:23:01.597+01:00-0] INFO  io.viewserver.datasource.RecordUtils - Scheduling addition to operator /datasources/productCategory/table
19:26:46.111 [productCategory-inproc://master3_2018-06-13T19:23:01.597+01:00-0] INFO  io.viewserver.adapters.mongo.MongoRecordLoader - GOT DOCUMENT IN SNAPSHOT - 2PaintingDecorating - Addition of snapshot listener for Mongo table null
19:26:46.111 [productCategory-inproc://master3_2018-06-13T19:23:01.597+01:00-0] INFO  io.viewserver.datasource.RecordUtils - Scheduling addition to operator /datasources/productCategory/table
19:26:46.111 [productCategory-inproc://master3_2018-06-13T19:23:01.597+01:00-0] INFO  io.viewserver.adapters.mongo.MongoRecordLoader - GOT DOCUMENT IN SNAPSHOT - 2PlumbingPumping - Addition of snapshot listener for Mongo table null
19:26:46.113 [productCategory-inproc://master3_2018-06-13T19:23:01.597+01:00-0] INFO  io.viewserver.datasource.RecordUtils - Scheduling addition to operator /datasources/productCategory/table
19:26:46.114 [reactor-inproc://master3_2018-06-13T19:23:01.597+01:00] INFO  io.viewserver.datasource.RecordUtils - SCHEDULED - Acually adding record rec to operator /datasources/contentType/table
19:26:46.114 [productCategory-inproc://master3_2018-06-13T19:23:01.597+01:00-0] INFO  io.viewserver.adapters.mongo.MongoRecordLoader - GOT DOCUMENT IN SNAPSHOT - 2SandingFixing - Addition of snapshot listener for Mongo table null
19:26:46.114 [productCategory-inproc://master3_2018-06-13T19:23:01.597+01:00-0] INFO  io.viewserver.datasource.RecordUtils - Scheduling addition to operator /datasources/productCategory/table
19:26:46.114 [productCategory-inproc://master3_2018-06-13T19:23:01.597+01:00-0] INFO  io.viewserver.adapters.mongo.MongoRecordLoader - GOT DOCUMENT IN SNAPSHOT - 2CuttingGrinding - Addition of snapshot listener for Mongo table null
19:26:46.114 [productCategory-inproc://master3_2018-06-13T19:23:01.597+01:00-0] INFO  io.viewserver.datasource.RecordUtils - Scheduling addition to operator /datasources/productCategory/table
19:26:46.114 [productCategory-inproc://master3_2018-06-13T19:23:01.597+01:00-0] INFO  io.viewserver.adapters.mongo.MongoRecordLoader - GOT DOCUMENT IN SNAPSHOT - 3Grinder - Addition of snapshot listener for Mongo table null
19:26:46.114 [productCategory-inproc://master3_2018-06-13T19:23:01.597+01:00-0] INFO  io.viewserver.datasource.RecordUtils - Scheduling addition to operator /datasources/productCategory/table
19:26:46.115 [productCategory-inproc://master3_2018-06-13T19:23:01.597+01:00-0] INFO  io.viewserver.adapters.mongo.MongoRecordLoader - GOT DOCUMENT IN SNAPSHOT - 3Saw - Addition of snapshot listener for Mongo table null
19:26:46.115 [productCategory-inproc://master3_2018-06-13T19:23:01.597+01:00-0] INFO  io.viewserver.datasource.RecordUtils - Scheduling addition to operator /datasources/productCategory/table
19:26:46.115 [productCategory-inproc://master3_2018-06-13T19:23:01.597+01:00-0] INFO  io.viewserver.adapters.mongo.MongoRecordLoader - GOT DOCUMENT IN SNAPSHOT - 3TileCutterSaw - Addition of snapshot listener for Mongo table null
19:26:46.115 [productCategory-inproc://master3_2018-06-13T19:23:01.597+01:00-0] INFO  io.viewserver.datasource.RecordUtils - Scheduling addition to operator /datasources/productCategory/table
19:26:46.115 [productCategory-inproc://master3_2018-06-13T19:23:01.597+01:00-0] INFO  io.viewserver.adapters.mongo.MongoRecordLoader - GOT DOCUMENT IN SNAPSHOT - 3PlanerJointerSplitterRouter - Addition of snapshot listener for Mongo table null
19:26:46.116 [productCategory-inproc://master3_2018-06-13T19:23:01.597+01:00-0] INFO  io.viewserver.datasource.RecordUtils - Scheduling addition to operator /datasources/productCategory/table
19:26:46.116 [productCategory-inproc://master3_2018-06-13T19:23:01.597+01:00-0] INFO  io.viewserver.adapters.mongo.MongoRecordLoader - GOT DOCUMENT IN SNAPSHOT - 2SurveyingLocation - Addition of snapshot listener for Mongo table null
19:26:46.116 [productCategory-inproc://master3_2018-06-13T19:23:01.597+01:00-0] INFO  io.viewserver.datasource.RecordUtils - Scheduling addition to operator /datasources/productCategory/table
19:26:46.116 [productCategory-inproc://master3_2018-06-13T19:23:01.597+01:00-0] INFO  io.viewserver.adapters.mongo.MongoRecordLoader - GOT DOCUMENT IN SNAPSHOT - 2WeldingPower - Addition of snapshot listener for Mongo table null
19:26:46.116 [productCategory-inproc://master3_2018-06-13T19:23:01.597+01:00-0] INFO  io.viewserver.datasource.RecordUtils - Scheduling addition to operator /datasources/productCategory/table
19:26:46.116 [productCategory-inproc://master3_2018-06-13T19:23:01.597+01:00-0] INFO  io.viewserver.adapters.mongo.MongoRecordLoader - GOT DOCUMENT IN SNAPSHOT - 2Lighting - Addition of snapshot listener for Mongo table null
19:26:46.116 [productCategory-inproc://master3_2018-06-13T19:23:01.597+01:00-0] INFO  io.viewserver.datasource.RecordUtils - Scheduling addition to operator /datasources/productCategory/table
19:26:46.116 [productCategory-inproc://master3_2018-06-13T19:23:01.597+01:00-0] INFO  io.viewserver.adapters.mongo.MongoRecordLoader - GOT DOCUMENT IN SNAPSHOT - 2Miscellaneous - Addition of snapshot listener for Mongo table null
19:26:46.117 [productCategory-inproc://master3_2018-06-13T19:23:01.597+01:00-0] INFO  io.viewserver.datasource.RecordUtils - Scheduling addition to operator /datasources/productCategory/table
19:26:46.110 [product-inproc://master3_2018-06-13T19:23:01.597+01:00-0] INFO  io.viewserver.datasource.RecordUtils - Scheduling addition to operator /datasources/product/table
19:26:46.120 [reactor-inproc://master3_2018-06-13T19:23:01.597+01:00] INFO  io.viewserver.datasource.RecordUtils - Finished adding record rec to operator /datasources/contentType/table
19:26:46.120 [product-inproc://master3_2018-06-13T19:23:01.597+01:00-0] INFO  io.viewserver.adapters.mongo.MongoRecordLoader - GOT DOCUMENT IN SNAPSHOT - CommercialHoldQuarterVan - Addition of snapshot listener for Mongo table null
19:26:46.121 [product-inproc://master3_2018-06-13T19:23:01.597+01:00-0] INFO  io.viewserver.datasource.RecordUtils - Scheduling addition to operator /datasources/product/table
19:26:46.121 [product-inproc://master3_2018-06-13T19:23:01.597+01:00-0] INFO  io.viewserver.adapters.mongo.MongoRecordLoader - GOT DOCUMENT IN SNAPSHOT - CommercialHoldHalfVan - Addition of snapshot listener for Mongo table null
19:26:46.121 [product-inproc://master3_2018-06-13T19:23:01.597+01:00-0] INFO  io.viewserver.datasource.RecordUtils - Scheduling addition to operator /datasources/product/table
19:26:46.121 [product-inproc://master3_2018-06-13T19:23:01.597+01:00-0] INFO  io.viewserver.adapters.mongo.MongoRecordLoader - GOT DOCUMENT IN SNAPSHOT - CommercialThreeQuarterVan - Addition of snapshot listener for Mongo table null
19:26:46.121 [product-inproc://master3_2018-06-13T19:23:01.597+01:00-0] INFO  io.viewserver.datasource.RecordUtils - Scheduling addition to operator /datasources/product/table
19:26:46.121 [product-inproc://master3_2018-06-13T19:23:01.597+01:00-0] INFO  io.viewserver.adapters.mongo.MongoRecordLoader - GOT DOCUMENT IN SNAPSHOT - CommercialFullVan - Addition of snapshot listener for Mongo table null
19:26:46.121 [product-inproc://master3_2018-06-13T19:23:01.597+01:00-0] INFO  io.viewserver.datasource.RecordUtils - Scheduling addition to operator /datasources/product/table
19:26:46.122 [product-inproc://master3_2018-06-13T19:23:01.597+01:00-0] INFO  io.viewserver.adapters.mongo.MongoRecordLoader - GOT DOCUMENT IN SNAPSHOT - 6YDSkip - Addition of snapshot listener for Mongo table null
19:26:46.122 [product-inproc://master3_2018-06-13T19:23:01.597+01:00-0] INFO  io.viewserver.datasource.RecordUtils - Scheduling addition to operator /datasources/product/table
19:26:46.110 [product-inproc://master2_2018-06-13T19:23:01.507+01:00-0] INFO  io.viewserver.adapters.mongo.MongoRecordLoader - GOT DOCUMENT IN SNAPSHOT - Staging16ft - Addition of snapshot listener for Mongo table null
19:26:46.123 [product-inproc://master2_2018-06-13T19:23:01.507+01:00-0] INFO  io.viewserver.datasource.RecordUtils - Scheduling addition to operator /datasources/product/table
19:26:46.123 [product-inproc://master2_2018-06-13T19:23:01.507+01:00-0] INFO  io.viewserver.adapters.mongo.MongoRecordLoader - GOT DOCUMENT IN SNAPSHOT - LadderDouble15ft - Addition of snapshot listener for Mongo table null
19:26:46.123 [product-inproc://master2_2018-06-13T19:23:01.507+01:00-0] INFO  io.viewserver.datasource.RecordUtils - Scheduling addition to operator /datasources/product/table
19:26:46.123 [product-inproc://master2_2018-06-13T19:23:01.507+01:00-0] INFO  io.viewserver.adapters.mongo.MongoRecordLoader - GOT DOCUMENT IN SNAPSHOT - Stepladder4ft(6tread) - Addition of snapshot listener for Mongo table null
19:26:46.122 [product-inproc://master3_2018-06-13T19:23:01.597+01:00-0] INFO  io.viewserver.adapters.mongo.MongoRecordLoader - GOT DOCUMENT IN SNAPSHOT - 8YDSkip - Addition of snapshot listener for Mongo table null
19:26:46.126 [product-inproc://master3_2018-06-13T19:23:01.597+01:00-0] INFO  io.viewserver.datasource.RecordUtils - Scheduling addition to operator /datasources/product/table
19:26:46.126 [product-inproc://master2_2018-06-13T19:23:01.507+01:00-0] INFO  io.viewserver.datasource.RecordUtils - Scheduling addition to operator /datasources/product/table
19:26:46.126 [reactor-inproc://master3_2018-06-13T19:23:01.597+01:00] INFO  io.viewserver.datasource.RecordUtils - SCHEDULED - Acually adding record rec to operator /datasources/contentType/table
19:26:46.126 [product-inproc://master3_2018-06-13T19:23:01.597+01:00-0] INFO  io.viewserver.adapters.mongo.MongoRecordLoader - GOT DOCUMENT IN SNAPSHOT - 10YDSkip - Addition of snapshot listener for Mongo table null
19:26:46.126 [product-inproc://master2_2018-06-13T19:23:01.507+01:00-0] INFO  io.viewserver.adapters.mongo.MongoRecordLoader - GOT DOCUMENT IN SNAPSHOT - LadderTriple8ft - Addition of snapshot listener for Mongo table null
19:26:46.126 [product-inproc://master3_2018-06-13T19:23:01.597+01:00-0] INFO  io.viewserver.datasource.RecordUtils - Scheduling addition to operator /datasources/product/table
19:26:46.126 [reactor-inproc://master3_2018-06-13T19:23:01.597+01:00] INFO  io.viewserver.datasource.RecordUtils - Finished adding record rec to operator /datasources/contentType/table
19:26:46.126 [product-inproc://master2_2018-06-13T19:23:01.507+01:00-0] INFO  io.viewserver.datasource.RecordUtils - Scheduling addition to operator /datasources/product/table
19:26:46.126 [product-inproc://master3_2018-06-13T19:23:01.597+01:00-0] INFO  io.viewserver.adapters.mongo.MongoRecordLoader - GOT DOCUMENT IN SNAPSHOT - 12YDSkip - Addition of snapshot listener for Mongo table null
19:26:46.126 [reactor-inproc://master3_2018-06-13T19:23:01.597+01:00] INFO  io.viewserver.datasource.RecordUtils - SCHEDULED - Acually adding record rec to operator /datasources/contentType/table
19:26:46.197 [product-inproc://master3_2018-06-13T19:23:01.597+01:00-0] INFO  io.viewserver.datasource.RecordUtils - Scheduling addition to operator /datasources/product/table
19:26:46.198 [product-inproc://master3_2018-06-13T19:23:01.597+01:00-0] INFO  io.viewserver.adapters.mongo.MongoRecordLoader - GOT DOCUMENT IN SNAPSHOT - GrabLoader - Addition of snapshot listener for Mongo table null
19:26:46.197 [product-inproc://master2_2018-06-13T19:23:01.507+01:00-0] INFO  io.viewserver.adapters.mongo.MongoRecordLoader - GOT DOCUMENT IN SNAPSHOT - LadderCombination(10tread) - Addition of snapshot listener for Mongo table null
19:26:46.198 [product-inproc://master3_2018-06-13T19:23:01.597+01:00-0] INFO  io.viewserver.datasource.RecordUtils - Scheduling addition to operator /datasources/product/table
19:26:46.207 [product-inproc://master2_2018-06-13T19:23:01.507+01:00-0] INFO  io.viewserver.datasource.RecordUtils - Scheduling addition to operator /datasources/product/table
19:26:46.207 [reactor-inproc://master3_2018-06-13T19:23:01.597+01:00] INFO  io.viewserver.datasource.RecordUtils - Finished adding record rec to operator /datasources/contentType/table
19:26:46.207 [product-inproc://master3_2018-06-13T19:23:01.597+01:00-0] INFO  io.viewserver.adapters.mongo.MongoRecordLoader - GOT DOCUMENT IN SNAPSHOT - 20YardCage - Addition of snapshot listener for Mongo table null
19:26:46.207 [reactor-inproc://master3_2018-06-13T19:23:01.597+01:00] INFO  io.viewserver.datasource.RecordUtils - SCHEDULED - Acually adding record rec to operator /datasources/contentType/table
19:26:46.207 [product-inproc://master2_2018-06-13T19:23:01.507+01:00-0] INFO  io.viewserver.adapters.mongo.MongoRecordLoader - GOT DOCUMENT IN SNAPSHOT - LadderCombination(14tread) - Addition of snapshot listener for Mongo table null
19:26:46.207 [product-inproc://master3_2018-06-13T19:23:01.597+01:00-0] INFO  io.viewserver.datasource.RecordUtils - Scheduling addition to operator /datasources/product/table
19:26:46.207 [product-inproc://master2_2018-06-13T19:23:01.507+01:00-0] INFO  io.viewserver.datasource.RecordUtils - Scheduling addition to operator /datasources/product/table
19:26:46.207 [reactor-inproc://master3_2018-06-13T19:23:01.597+01:00] INFO  io.viewserver.datasource.RecordUtils - Finished adding record rec to operator /datasources/contentType/table
19:26:46.207 [product-inproc://master3_2018-06-13T19:23:01.597+01:00-0] INFO  io.viewserver.adapters.mongo.MongoRecordLoader - GOT DOCUMENT IN SNAPSHOT - 10YardCage - Addition of snapshot listener for Mongo table null
19:26:46.208 [reactor-inproc://master3_2018-06-13T19:23:01.597+01:00] INFO  io.viewserver.datasource.RecordUtils - SCHEDULED - Acually adding record rec to operator /datasources/contentType/table
19:26:46.208 [product-inproc://master3_2018-06-13T19:23:01.597+01:00-0] INFO  io.viewserver.datasource.RecordUtils - Scheduling addition to operator /datasources/product/table
19:26:46.208 [product-inproc://master2_2018-06-13T19:23:01.507+01:00-0] INFO  io.viewserver.adapters.mongo.MongoRecordLoader - GOT DOCUMENT IN SNAPSHOT - DrillHammer110v(2speed) - Addition of snapshot listener for Mongo table null
19:26:46.208 [reactor-inproc://master3_2018-06-13T19:23:01.597+01:00] INFO  io.viewserver.datasource.RecordUtils - Finished adding record rec to operator /datasources/contentType/table
19:26:46.208 [product-inproc://master2_2018-06-13T19:23:01.507+01:00-0] INFO  io.viewserver.datasource.RecordUtils - Scheduling addition to operator /datasources/product/table
19:26:46.208 [reactor-inproc://master3_2018-06-13T19:23:01.597+01:00] INFO  io.viewserver.datasource.RecordUtils - SCHEDULED - Acually adding record rec to operator /datasources/productCategory/table
19:26:46.225 [reactor-inproc://master3_2018-06-13T19:23:01.597+01:00] INFO  io.viewserver.datasource.RecordUtils - Finished adding record rec to operator /datasources/productCategory/table
19:26:46.225 [main] INFO  io.viewserver.server.steps.ShotgunViewServerSteps$TestServer - MILESTONE - Stopping server
19:26:46.225 [reactor-inproc://master3_2018-06-13T19:23:01.597+01:00] INFO  io.viewserver.datasource.RecordUtils - SCHEDULED - Acually adding record rec to operator /datasources/user/table
19:26:46.225 [product-inproc://master2_2018-06-13T19:23:01.507+01:00-0] INFO  io.viewserver.adapters.mongo.MongoRecordLoader - GOT DOCUMENT IN SNAPSHOT - DrillBench240v - Addition of snapshot listener for Mongo table null
19:26:46.225 [product-inproc://master3_2018-06-13T19:23:01.597+01:00-0] INFO  io.viewserver.adapters.mongo.MongoRecordLoader - GOT DOCUMENT IN SNAPSHOT - 75TonneTipper - Addition of snapshot listener for Mongo table null
19:26:46.226 [product-inproc://master2_2018-06-13T19:23:01.507+01:00-0] INFO  io.viewserver.datasource.RecordUtils - Scheduling addition to operator /datasources/product/table
19:26:46.229 [product-inproc://master2_2018-06-13T19:23:01.507+01:00-0] INFO  io.viewserver.adapters.mongo.MongoRecordLoader - GOT DOCUMENT IN SNAPSHOT - DrillCordless - Addition of snapshot listener for Mongo table null
19:26:46.229 [product-inproc://master2_2018-06-13T19:23:01.507+01:00-0] INFO  io.viewserver.datasource.RecordUtils - Scheduling addition to operator /datasources/product/table
19:26:46.229 [product-inproc://master3_2018-06-13T19:23:01.597+01:00-0] INFO  io.viewserver.datasource.RecordUtils - Scheduling addition to operator /datasources/product/table
19:26:46.229 [product-inproc://master2_2018-06-13T19:23:01.507+01:00-0] INFO  io.viewserver.adapters.mongo.MongoRecordLoader - GOT DOCUMENT IN SNAPSHOT - DrillDiamond110v - Addition of snapshot listener for Mongo table null
19:26:46.229 [product-inproc://master3_2018-06-13T19:23:01.597+01:00-0] INFO  io.viewserver.adapters.mongo.MongoRecordLoader - GOT DOCUMENT IN SNAPSHOT - LadderDouble12ft - Addition of snapshot listener for Mongo table null
19:26:46.229 [product-inproc://master2_2018-06-13T19:23:01.507+01:00-0] INFO  io.viewserver.datasource.RecordUtils - Scheduling addition to operator /datasources/product/table
19:26:46.229 [product-inproc://master3_2018-06-13T19:23:01.597+01:00-0] INFO  io.viewserver.datasource.RecordUtils - Scheduling addition to operator /datasources/product/table
19:26:46.229 [product-inproc://master2_2018-06-13T19:23:01.507+01:00-0] INFO  io.viewserver.adapters.mongo.MongoRecordLoader - GOT DOCUMENT IN SNAPSHOT - DrillRightAngle110v - Addition of snapshot listener for Mongo table null
19:26:46.229 [product-inproc://master3_2018-06-13T19:23:01.597+01:00-0] INFO  io.viewserver.adapters.mongo.MongoRecordLoader - GOT DOCUMENT IN SNAPSHOT - LadderTriple11ft - Addition of snapshot listener for Mongo table null
19:26:46.230 [reactor-inproc://master3_2018-06-13T19:23:01.597+01:00] INFO  table-out - RX Subject Handling Add - 0
19:26:46.230 [product-inproc://master3_2018-06-13T19:23:01.597+01:00-0] INFO  io.viewserver.datasource.RecordUtils - Scheduling addition to operator /datasources/product/table
19:26:46.230 [product-inproc://master3_2018-06-13T19:23:01.597+01:00-0] INFO  io.viewserver.adapters.mongo.MongoRecordLoader - GOT DOCUMENT IN SNAPSHOT - LadderTriple17ft - Addition of snapshot listener for Mongo table null
19:26:46.230 [product-inproc://master3_2018-06-13T19:23:01.597+01:00-0] INFO  io.viewserver.datasource.RecordUtils - Scheduling addition to operator /datasources/product/table
19:26:46.230 [product-inproc://master3_2018-06-13T19:23:01.597+01:00-0] INFO  io.viewserver.adapters.mongo.MongoRecordLoader - GOT DOCUMENT IN SNAPSHOT - LadderRoof - Addition of snapshot listener for Mongo table null
19:26:46.230 [product-inproc://master2_2018-06-13T19:23:01.507+01:00-0] INFO  io.viewserver.datasource.RecordUtils - Scheduling addition to operator /datasources/product/table
19:26:46.230 [product-inproc://master3_2018-06-13T19:23:01.597+01:00-0] INFO  io.viewserver.datasource.RecordUtils - Scheduling addition to operator /datasources/product/table
19:26:46.230 [product-inproc://master2_2018-06-13T19:23:01.507+01:00-0] INFO  io.viewserver.adapters.mongo.MongoRecordLoader - GOT DOCUMENT IN SNAPSHOT - DrillSDS110v - Addition of snapshot listener for Mongo table null
19:26:46.230 [product-inproc://master3_2018-06-13T19:23:01.597+01:00-0] INFO  io.viewserver.adapters.mongo.MongoRecordLoader - GOT DOCUMENT IN SNAPSHOT - LadderStay - Addition of snapshot listener for Mongo table null
19:26:46.230 [reactor-inproc://master3_2018-06-13T19:23:01.597+01:00] INFO  com.shotgun.viewserver.servercomponents.UserOrderNotificationComponent - Found for user - 2BBui
19:26:46.230 [product-inproc://master2_2018-06-13T19:23:01.507+01:00-0] INFO  io.viewserver.datasource.RecordUtils - Scheduling addition to operator /datasources/product/table
19:26:46.230 [product-inproc://master3_2018-06-13T19:23:01.597+01:00-0] INFO  io.viewserver.datasource.RecordUtils - Scheduling addition to operator /datasources/product/table
19:26:46.230 [product-inproc://master2_2018-06-13T19:23:01.507+01:00-0] INFO  io.viewserver.adapters.mongo.MongoRecordLoader - GOT DOCUMENT IN SNAPSHOT - DrillPlasterers110v - Addition of snapshot listener for Mongo table null
19:26:46.230 [product-inproc://master3_2018-06-13T19:23:01.597+01:00-0] INFO  io.viewserver.adapters.mongo.MongoRecordLoader - GOT DOCUMENT IN SNAPSHOT - Stepladder6ft(8tread) - Addition of snapshot listener for Mongo table null
19:26:46.230 [product-inproc://master3_2018-06-13T19:23:01.597+01:00-0] INFO  io.viewserver.datasource.RecordUtils - Scheduling addition to operator /datasources/product/table
19:26:46.230 [product-inproc://master2_2018-06-13T19:23:01.507+01:00-0] INFO  io.viewserver.datasource.RecordUtils - Scheduling addition to operator /datasources/product/table
19:26:46.230 [product-inproc://master3_2018-06-13T19:23:01.597+01:00-0] INFO  io.viewserver.adapters.mongo.MongoRecordLoader - GOT DOCUMENT IN SNAPSHOT - Stepladder8ft(10tread) - Addition of snapshot listener for Mongo table null
19:26:46.230 [product-inproc://master3_2018-06-13T19:23:01.597+01:00-0] INFO  io.viewserver.datasource.RecordUtils - Scheduling addition to operator /datasources/product/table
19:26:46.231 [product-inproc://master3_2018-06-13T19:23:01.597+01:00-0] INFO  io.viewserver.adapters.mongo.MongoRecordLoader - GOT DOCUMENT IN SNAPSHOT - Stepladder9ft(12tread) - Addition of snapshot listener for Mongo table null
19:26:46.230 [product-inproc://master2_2018-06-13T19:23:01.507+01:00-0] INFO  io.viewserver.adapters.mongo.MongoRecordLoader - GOT DOCUMENT IN SNAPSHOT - BreakerHeavy110v - Addition of snapshot listener for Mongo table null
19:26:46.231 [product-inproc://master3_2018-06-13T19:23:01.597+01:00-0] INFO  io.viewserver.datasource.RecordUtils - Scheduling addition to operator /datasources/product/table
19:26:46.231 [product-inproc://master3_2018-06-13T19:23:01.597+01:00-0] INFO  io.viewserver.adapters.mongo.MongoRecordLoader - GOT DOCUMENT IN SNAPSHOT - Stepladder10ft(14tread) - Addition of snapshot listener for Mongo table null
19:26:46.231 [product-inproc://master2_2018-06-13T19:23:01.507+01:00-0] INFO  io.viewserver.datasource.RecordUtils - Scheduling addition to operator /datasources/product/table
19:26:46.231 [product-inproc://master3_2018-06-13T19:23:01.597+01:00-0] INFO  io.viewserver.datasource.RecordUtils - Scheduling addition to operator /datasources/product/table
19:26:46.231 [product-inproc://master2_2018-06-13T19:23:01.507+01:00-0] INFO  io.viewserver.adapters.mongo.MongoRecordLoader - GOT DOCUMENT IN SNAPSHOT - BreakerMedium110v - Addition of snapshot listener for Mongo table null
19:26:46.231 [product-inproc://master3_2018-06-13T19:23:01.597+01:00-0] INFO  io.viewserver.adapters.mongo.MongoRecordLoader - GOT DOCUMENT IN SNAPSHOT - LadderCombination(9tread) - Addition of snapshot listener for Mongo table null
19:26:46.231 [product-inproc://master2_2018-06-13T19:23:01.507+01:00-0] INFO  io.viewserver.datasource.RecordUtils - Scheduling addition to operator /datasources/product/table
19:26:46.231 [product-inproc://master3_2018-06-13T19:23:01.597+01:00-0] INFO  io.viewserver.datasource.RecordUtils - Scheduling addition to operator /datasources/product/table
19:26:46.231 [product-inproc://master2_2018-06-13T19:23:01.507+01:00-0] INFO  io.viewserver.adapters.mongo.MongoRecordLoader - GOT DOCUMENT IN SNAPSHOT - CoreDrillTungsten - Addition of snapshot listener for Mongo table null
19:26:46.231 [product-inproc://master3_2018-06-13T19:23:01.597+01:00-0] INFO  io.viewserver.adapters.mongo.MongoRecordLoader - GOT DOCUMENT IN SNAPSHOT - StepladderPodium - Addition of snapshot listener for Mongo table null
19:26:46.231 [product-inproc://master2_2018-06-13T19:23:01.507+01:00-0] INFO  io.viewserver.datasource.RecordUtils - Scheduling addition to operator /datasources/product/table
19:26:46.231 [product-inproc://master3_2018-06-13T19:23:01.597+01:00-0] INFO  io.viewserver.datasource.RecordUtils - Scheduling addition to operator /datasources/product/table
19:26:46.231 [product-inproc://master2_2018-06-13T19:23:01.507+01:00-0] INFO  io.viewserver.adapters.mongo.MongoRecordLoader - GOT DOCUMENT IN SNAPSHOT - CoreDrillDiamond22mm - Addition of snapshot listener for Mongo table null
19:26:46.231 [product-inproc://master3_2018-06-13T19:23:01.597+01:00-0] INFO  io.viewserver.adapters.mongo.MongoRecordLoader - GOT DOCUMENT IN SNAPSHOT - StepladderFibreGlass6ft - Addition of snapshot listener for Mongo table null
19:26:46.231 [product-inproc://master2_2018-06-13T19:23:01.507+01:00-0] INFO  io.viewserver.datasource.RecordUtils - Scheduling addition to operator /datasources/product/table
19:26:46.231 [product-inproc://master3_2018-06-13T19:23:01.597+01:00-0] INFO  io.viewserver.datasource.RecordUtils - Scheduling addition to operator /datasources/product/table
19:26:46.231 [product-inproc://master2_2018-06-13T19:23:01.507+01:00-0] INFO  io.viewserver.adapters.mongo.MongoRecordLoader - GOT DOCUMENT IN SNAPSHOT - CoreDrillDiamond25mm - Addition of snapshot listener for Mongo table null
19:26:46.230 [reactor-inproc://master2_2018-06-13T19:23:01.507+01:00] INFO  com.shotgun.viewserver.servercomponents.UserOrderNotificationComponent - Found for user - 3ABCD23
19:26:46.231 [product-inproc://master3_2018-06-13T19:23:01.597+01:00-0] INFO  io.viewserver.adapters.mongo.MongoRecordLoader - GOT DOCUMENT IN SNAPSHOT - StepladderFibreGlass8ft - Addition of snapshot listener for Mongo table null
19:26:46.231 [product-inproc://master2_2018-06-13T19:23:01.507+01:00-0] INFO  io.viewserver.datasource.RecordUtils - Scheduling addition to operator /datasources/product/table
19:26:46.231 [product-inproc://master3_2018-06-13T19:23:01.597+01:00-0] INFO  io.viewserver.datasource.RecordUtils - Scheduling addition to operator /datasources/product/table
19:26:46.231 [product-inproc://master2_2018-06-13T19:23:01.507+01:00-0] INFO  io.viewserver.adapters.mongo.MongoRecordLoader - GOT DOCUMENT IN SNAPSHOT - CoreDrillDiamond35mm - Addition of snapshot listener for Mongo table null
19:26:46.231 [product-inproc://master2_2018-06-13T19:23:01.507+01:00-0] INFO  io.viewserver.datasource.RecordUtils - Scheduling addition to operator /datasources/product/table
19:26:46.231 [product-inproc://master2_2018-06-13T19:23:01.507+01:00-0] INFO  io.viewserver.adapters.mongo.MongoRecordLoader - GOT DOCUMENT IN SNAPSHOT - CoreDrillDiamond50mm - Addition of snapshot listener for Mongo table null
19:26:46.231 [product-inproc://master3_2018-06-13T19:23:01.597+01:00-0] INFO  io.viewserver.adapters.mongo.MongoRecordLoader - GOT DOCUMENT IN SNAPSHOT - ScaffoldBoard8_10_13ft - Addition of snapshot listener for Mongo table null
19:26:46.232 [reactor-inproc://master3_2018-06-13T19:23:01.597+01:00] INFO  io.viewserver.server.components.DataSourceComponents - COMPLETED FINISHED WAITING order,user,orderWithResponses 
19:26:46.233 [product-inproc://master3_2018-06-13T19:23:01.597+01:00-0] INFO  io.viewserver.datasource.RecordUtils - Scheduling addition to operator /datasources/product/table
19:26:46.233 [product-inproc://master3_2018-06-13T19:23:01.597+01:00-0] INFO  io.viewserver.adapters.mongo.MongoRecordLoader - GOT DOCUMENT IN SNAPSHOT - TowerAluminium - Addition of snapshot listener for Mongo table null
19:26:46.233 [product-inproc://master3_2018-06-13T19:23:01.597+01:00-0] INFO  io.viewserver.datasource.RecordUtils - Scheduling addition to operator /datasources/product/table
19:26:46.233 [product-inproc://master3_2018-06-13T19:23:01.597+01:00-0] INFO  io.viewserver.adapters.mongo.MongoRecordLoader - GOT DOCUMENT IN SNAPSHOT - TrestleBandstand - Addition of snapshot listener for Mongo table null
19:26:46.233 [product-inproc://master3_2018-06-13T19:23:01.597+01:00-0] INFO  io.viewserver.datasource.RecordUtils - Scheduling addition to operator /datasources/product/table
19:26:46.233 [product-inproc://master3_2018-06-13T19:23:01.597+01:00-0] INFO  io.viewserver.adapters.mongo.MongoRecordLoader - GOT DOCUMENT IN SNAPSHOT - Staging12ft - Addition of snapshot listener for Mongo table null
19:26:46.235 [product-inproc://master3_2018-06-13T19:23:01.597+01:00-0] INFO  io.viewserver.datasource.RecordUtils - Scheduling addition to operator /datasources/product/table
19:26:46.235 [product-inproc://master2_2018-06-13T19:23:01.507+01:00-0] INFO  io.viewserver.datasource.RecordUtils - Scheduling addition to operator /datasources/product/table
19:26:46.235 [product-inproc://master3_2018-06-13T19:23:01.597+01:00-0] INFO  io.viewserver.adapters.mongo.MongoRecordLoader - GOT DOCUMENT IN SNAPSHOT - Staging14ft - Addition of snapshot listener for Mongo table null
19:26:46.235 [product-inproc://master2_2018-06-13T19:23:01.507+01:00-0] INFO  io.viewserver.adapters.mongo.MongoRecordLoader - GOT DOCUMENT IN SNAPSHOT - CoreDrillDiamond65mm - Addition of snapshot listener for Mongo table null
19:26:46.235 [product-inproc://master3_2018-06-13T19:23:01.597+01:00-0] INFO  io.viewserver.datasource.RecordUtils - Scheduling addition to operator /datasources/product/table
19:26:46.235 [product-inproc://master2_2018-06-13T19:23:01.507+01:00-0] INFO  io.viewserver.datasource.RecordUtils - Scheduling addition to operator /datasources/product/table
19:26:46.235 [product-inproc://master3_2018-06-13T19:23:01.597+01:00-0] INFO  io.viewserver.adapters.mongo.MongoRecordLoader - GOT DOCUMENT IN SNAPSHOT - Staging16ft - Addition of snapshot listener for Mongo table null
19:26:46.235 [product-inproc://master2_2018-06-13T19:23:01.507+01:00-0] INFO  io.viewserver.adapters.mongo.MongoRecordLoader - GOT DOCUMENT IN SNAPSHOT - CoreDrillDiamond76mm - Addition of snapshot listener for Mongo table null
19:26:46.235 [product-inproc://master3_2018-06-13T19:23:01.597+01:00-0] INFO  io.viewserver.datasource.RecordUtils - Scheduling addition to operator /datasources/product/table
19:26:46.235 [product-inproc://master2_2018-06-13T19:23:01.507+01:00-0] INFO  io.viewserver.datasource.RecordUtils - Scheduling addition to operator /datasources/product/table
19:26:46.235 [product-inproc://master3_2018-06-13T19:23:01.597+01:00-0] INFO  io.viewserver.adapters.mongo.MongoRecordLoader - GOT DOCUMENT IN SNAPSHOT - LadderDouble15ft - Addition of snapshot listener for Mongo table null
19:26:46.235 [product-inproc://master2_2018-06-13T19:23:01.507+01:00-0] INFO  io.viewserver.adapters.mongo.MongoRecordLoader - GOT DOCUMENT IN SNAPSHOT - CoreDrillDiamond102mm - Addition of snapshot listener for Mongo table null
19:26:46.235 [product-inproc://master3_2018-06-13T19:23:01.597+01:00-0] INFO  io.viewserver.datasource.RecordUtils - Scheduling addition to operator /datasources/product/table
19:26:46.235 [product-inproc://master2_2018-06-13T19:23:01.507+01:00-0] INFO  io.viewserver.datasource.RecordUtils - Scheduling addition to operator /datasources/product/table
19:26:46.235 [product-inproc://master3_2018-06-13T19:23:01.597+01:00-0] INFO  io.viewserver.adapters.mongo.MongoRecordLoader - GOT DOCUMENT IN SNAPSHOT - Stepladder4ft(6tread) - Addition of snapshot listener for Mongo table null
19:26:46.235 [product-inproc://master2_2018-06-13T19:23:01.507+01:00-0] INFO  io.viewserver.adapters.mongo.MongoRecordLoader - GOT DOCUMENT IN SNAPSHOT - CoreDrillDiamond127mm - Addition of snapshot listener for Mongo table null
19:26:46.235 [product-inproc://master3_2018-06-13T19:23:01.597+01:00-0] INFO  io.viewserver.datasource.RecordUtils - Scheduling addition to operator /datasources/product/table
19:26:46.235 [reactor-inproc://master3_2018-06-13T19:23:01.597+01:00] INFO  com.shotgun.viewserver.servercomponents.UserOrderNotificationComponent - No products found for user 2BBui no notifications will be sent
19:26:46.235 [product-inproc://master2_2018-06-13T19:23:01.507+01:00-0] INFO  io.viewserver.datasource.RecordUtils - Scheduling addition to operator /datasources/product/table
19:26:46.235 [product-inproc://master3_2018-06-13T19:23:01.597+01:00-0] INFO  io.viewserver.adapters.mongo.MongoRecordLoader - GOT DOCUMENT IN SNAPSHOT - LadderTriple8ft - Addition of snapshot listener for Mongo table null
19:26:46.235 [product-inproc://master2_2018-06-13T19:23:01.507+01:00-0] INFO  io.viewserver.adapters.mongo.MongoRecordLoader - GOT DOCUMENT IN SNAPSHOT - CoreDrillDiamond152mm - Addition of snapshot listener for Mongo table null
19:26:46.235 [product-inproc://master3_2018-06-13T19:23:01.597+01:00-0] INFO  io.viewserver.datasource.RecordUtils - Scheduling addition to operator /datasources/product/table
19:26:46.236 [reactor-inproc://master3_2018-06-13T19:23:01.597+01:00] INFO  io.viewserver.datasource.RecordUtils - Finished adding record rec to operator /datasources/user/table
19:26:46.236 [reactor-inproc://master3_2018-06-13T19:23:01.597+01:00] INFO  io.viewserver.datasource.RecordUtils - SCHEDULED - Acually adding record rec to operator /datasources/user/table
19:26:46.236 [product-inproc://master2_2018-06-13T19:23:01.507+01:00-0] INFO  io.viewserver.datasource.RecordUtils - Scheduling addition to operator /datasources/product/table
19:26:46.236 [product-inproc://master2_2018-06-13T19:23:01.507+01:00-0] INFO  io.viewserver.adapters.mongo.MongoRecordLoader - GOT DOCUMENT IN SNAPSHOT - DrillMagnetic110v12-50mm - Addition of snapshot listener for Mongo table null
19:26:46.236 [product-inproc://master2_2018-06-13T19:23:01.507+01:00-0] INFO  io.viewserver.datasource.RecordUtils - Scheduling addition to operator /datasources/product/table
19:26:46.236 [product-inproc://master2_2018-06-13T19:23:01.507+01:00-0] INFO  io.viewserver.adapters.mongo.MongoRecordLoader - GOT DOCUMENT IN SNAPSHOT - BreakerHydraulic - Addition of snapshot listener for Mongo table null
19:26:46.236 [reactor-inproc://master3_2018-06-13T19:23:01.597+01:00] INFO  table-out - RX Subject Handling Add - 1
19:26:46.236 [product-inproc://master2_2018-06-13T19:23:01.507+01:00-0] INFO  io.viewserver.datasource.RecordUtils - Scheduling addition to operator /datasources/product/table
19:26:46.236 [product-inproc://master2_2018-06-13T19:23:01.507+01:00-0] INFO  io.viewserver.adapters.mongo.MongoRecordLoader - GOT DOCUMENT IN SNAPSHOT - SDSMaxDrillBreaker - Addition of snapshot listener for Mongo table null
19:26:46.236 [product-inproc://master2_2018-06-13T19:23:01.507+01:00-0] INFO  io.viewserver.datasource.RecordUtils - Scheduling addition to operator /datasources/product/table
19:26:46.236 [product-inproc://master3_2018-06-13T19:23:01.597+01:00-0] INFO  io.viewserver.adapters.mongo.MongoRecordLoader - GOT DOCUMENT IN SNAPSHOT - LadderCombination(10tread) - Addition of snapshot listener for Mongo table null
19:26:46.236 [product-inproc://master3_2018-06-13T19:23:01.597+01:00-0] INFO  io.viewserver.datasource.RecordUtils - Scheduling addition to operator /datasources/product/table
19:26:46.236 [product-inproc://master2_2018-06-13T19:23:01.507+01:00-0] INFO  io.viewserver.adapters.mongo.MongoRecordLoader - GOT DOCUMENT IN SNAPSHOT - Acrow0 - Addition of snapshot listener for Mongo table null
19:26:46.236 [product-inproc://master3_2018-06-13T19:23:01.597+01:00-0] INFO  io.viewserver.adapters.mongo.MongoRecordLoader - GOT DOCUMENT IN SNAPSHOT - LadderCombination(14tread) - Addition of snapshot listener for Mongo table null
19:26:46.236 [product-inproc://master2_2018-06-13T19:23:01.507+01:00-0] INFO  io.viewserver.datasource.RecordUtils - Scheduling addition to operator /datasources/product/table
19:26:46.236 [product-inproc://master3_2018-06-13T19:23:01.597+01:00-0] INFO  io.viewserver.datasource.RecordUtils - Scheduling addition to operator /datasources/product/table
19:26:46.236 [product-inproc://master3_2018-06-13T19:23:01.597+01:00-0] INFO  io.viewserver.adapters.mongo.MongoRecordLoader - GOT DOCUMENT IN SNAPSHOT - DrillHammer110v(2speed) - Addition of snapshot listener for Mongo table null
19:26:46.236 [product-inproc://master2_2018-06-13T19:23:01.507+01:00-0] INFO  io.viewserver.adapters.mongo.MongoRecordLoader - GOT DOCUMENT IN SNAPSHOT - Acrow3_4 - Addition of snapshot listener for Mongo table null
19:26:46.236 [product-inproc://master3_2018-06-13T19:23:01.597+01:00-0] INFO  io.viewserver.datasource.RecordUtils - Scheduling addition to operator /datasources/product/table
19:26:46.236 [product-inproc://master2_2018-06-13T19:23:01.507+01:00-0] INFO  io.viewserver.datasource.RecordUtils - Scheduling addition to operator /datasources/product/table
19:26:46.236 [product-inproc://master3_2018-06-13T19:23:01.597+01:00-0] INFO  io.viewserver.adapters.mongo.MongoRecordLoader - GOT DOCUMENT IN SNAPSHOT - DrillBench240v - Addition of snapshot listener for Mongo table null
19:26:46.236 [product-inproc://master2_2018-06-13T19:23:01.507+01:00-0] INFO  io.viewserver.adapters.mongo.MongoRecordLoader - GOT DOCUMENT IN SNAPSHOT - Strongboy - Addition of snapshot listener for Mongo table null
19:26:46.237 [product-inproc://master3_2018-06-13T19:23:01.597+01:00-0] INFO  io.viewserver.datasource.RecordUtils - Scheduling addition to operator /datasources/product/table
19:26:46.237 [product-inproc://master2_2018-06-13T19:23:01.507+01:00-0] INFO  io.viewserver.datasource.RecordUtils - Scheduling addition to operator /datasources/product/table
19:26:46.237 [product-inproc://master2_2018-06-13T19:23:01.507+01:00-0] INFO  io.viewserver.adapters.mongo.MongoRecordLoader - GOT DOCUMENT IN SNAPSHOT - BitumenBoiler - Addition of snapshot listener for Mongo table null
19:26:46.237 [product-inproc://master3_2018-06-13T19:23:01.597+01:00-0] INFO  io.viewserver.adapters.mongo.MongoRecordLoader - GOT DOCUMENT IN SNAPSHOT - DrillCordless - Addition of snapshot listener for Mongo table null
19:26:46.237 [product-inproc://master2_2018-06-13T19:23:01.507+01:00-0] INFO  io.viewserver.datasource.RecordUtils - Scheduling addition to operator /datasources/product/table
19:26:46.237 [product-inproc://master3_2018-06-13T19:23:01.597+01:00-0] INFO  io.viewserver.datasource.RecordUtils - Scheduling addition to operator /datasources/product/table
19:26:46.237 [product-inproc://master2_2018-06-13T19:23:01.507+01:00-0] INFO  io.viewserver.adapters.mongo.MongoRecordLoader - GOT DOCUMENT IN SNAPSHOT - DampMeter - Addition of snapshot listener for Mongo table null
19:26:46.237 [product-inproc://master3_2018-06-13T19:23:01.597+01:00-0] INFO  io.viewserver.adapters.mongo.MongoRecordLoader - GOT DOCUMENT IN SNAPSHOT - DrillDiamond110v - Addition of snapshot listener for Mongo table null
19:26:46.237 [product-inproc://master2_2018-06-13T19:23:01.507+01:00-0] INFO  io.viewserver.datasource.RecordUtils - Scheduling addition to operator /datasources/product/table
19:26:46.237 [product-inproc://master3_2018-06-13T19:23:01.597+01:00-0] INFO  io.viewserver.datasource.RecordUtils - Scheduling addition to operator /datasources/product/table
19:26:46.237 [reactor-inproc://master3_2018-06-13T19:23:01.597+01:00] INFO  com.shotgun.viewserver.servercomponents.UserOrderNotificationComponent - Found for user - 3ABCD24
19:26:46.237 [product-inproc://master2_2018-06-13T19:23:01.507+01:00-0] INFO  io.viewserver.adapters.mongo.MongoRecordLoader - GOT DOCUMENT IN SNAPSHOT - DampProofingInjector110v - Addition of snapshot listener for Mongo table null
19:26:46.237 [product-inproc://master3_2018-06-13T19:23:01.597+01:00-0] INFO  io.viewserver.adapters.mongo.MongoRecordLoader - GOT DOCUMENT IN SNAPSHOT - DrillRightAngle110v - Addition of snapshot listener for Mongo table null
19:26:46.237 [product-inproc://master2_2018-06-13T19:23:01.507+01:00-0] INFO  io.viewserver.datasource.RecordUtils - Scheduling addition to operator /datasources/product/table
19:26:46.237 [product-inproc://master3_2018-06-13T19:23:01.597+01:00-0] INFO  io.viewserver.datasource.RecordUtils - Scheduling addition to operator /datasources/product/table
19:26:46.237 [product-inproc://master2_2018-06-13T19:23:01.507+01:00-0] INFO  io.viewserver.adapters.mongo.MongoRecordLoader - GOT DOCUMENT IN SNAPSHOT - RubbishChute(persection) - Addition of snapshot listener for Mongo table null
19:26:46.237 [product-inproc://master3_2018-06-13T19:23:01.597+01:00-0] INFO  io.viewserver.adapters.mongo.MongoRecordLoader - GOT DOCUMENT IN SNAPSHOT - DrillSDS110v - Addition of snapshot listener for Mongo table null
19:26:46.237 [product-inproc://master2_2018-06-13T19:23:01.507+01:00-0] INFO  io.viewserver.datasource.RecordUtils - Scheduling addition to operator /datasources/product/table
19:26:46.237 [product-inproc://master3_2018-06-13T19:23:01.597+01:00-0] INFO  io.viewserver.datasource.RecordUtils - Scheduling addition to operator /datasources/product/table
19:26:46.237 [product-inproc://master2_2018-06-13T19:23:01.507+01:00-0] INFO  io.viewserver.adapters.mongo.MongoRecordLoader - GOT DOCUMENT IN SNAPSHOT - SiteSafe - Addition of snapshot listener for Mongo table null
19:26:46.237 [product-inproc://master2_2018-06-13T19:23:01.507+01:00-0] INFO  io.viewserver.datasource.RecordUtils - Scheduling addition to operator /datasources/product/table
19:26:46.237 [product-inproc://master2_2018-06-13T19:23:01.507+01:00-0] INFO  io.viewserver.adapters.mongo.MongoRecordLoader - GOT DOCUMENT IN SNAPSHOT - Transformer1.5-3kVa - Addition of snapshot listener for Mongo table null
19:26:46.237 [product-inproc://master2_2018-06-13T19:23:01.507+01:00-0] INFO  io.viewserver.datasource.RecordUtils - Scheduling addition to operator /datasources/product/table
19:26:46.237 [product-inproc://master2_2018-06-13T19:23:01.507+01:00-0] INFO  io.viewserver.adapters.mongo.MongoRecordLoader - GOT DOCUMENT IN SNAPSHOT - Transformer5kVa - Addition of snapshot listener for Mongo table null
19:26:46.237 [product-inproc://master2_2018-06-13T19:23:01.507+01:00-0] INFO  io.viewserver.datasource.RecordUtils - Scheduling addition to operator /datasources/product/table
19:26:46.237 [product-inproc://master2_2018-06-13T19:23:01.507+01:00-0] INFO  io.viewserver.adapters.mongo.MongoRecordLoader - GOT DOCUMENT IN SNAPSHOT - Transformer10kVa(site) - Addition of snapshot listener for Mongo table null
19:26:46.237 [product-inproc://master3_2018-06-13T19:23:01.597+01:00-0] INFO  io.viewserver.adapters.mongo.MongoRecordLoader - GOT DOCUMENT IN SNAPSHOT - DrillPlasterers110v - Addition of snapshot listener for Mongo table null
19:26:46.237 [product-inproc://master3_2018-06-13T19:23:01.597+01:00-0] INFO  io.viewserver.datasource.RecordUtils - Scheduling addition to operator /datasources/product/table
19:26:46.237 [product-inproc://master2_2018-06-13T19:23:01.507+01:00-0] INFO  io.viewserver.datasource.RecordUtils - Scheduling addition to operator /datasources/product/table
19:26:46.238 [product-inproc://master3_2018-06-13T19:23:01.597+01:00-0] INFO  io.viewserver.adapters.mongo.MongoRecordLoader - GOT DOCUMENT IN SNAPSHOT - BreakerHeavy110v - Addition of snapshot listener for Mongo table null
19:26:46.238 [product-inproc://master3_2018-06-13T19:23:01.597+01:00-0] INFO  io.viewserver.datasource.RecordUtils - Scheduling addition to operator /datasources/product/table
19:26:46.238 [product-inproc://master3_2018-06-13T19:23:01.597+01:00-0] INFO  io.viewserver.adapters.mongo.MongoRecordLoader - GOT DOCUMENT IN SNAPSHOT - BreakerMedium110v - Addition of snapshot listener for Mongo table null
19:26:46.238 [product-inproc://master3_2018-06-13T19:23:01.597+01:00-0] INFO  io.viewserver.datasource.RecordUtils - Scheduling addition to operator /datasources/product/table
19:26:46.238 [product-inproc://master3_2018-06-13T19:23:01.597+01:00-0] INFO  io.viewserver.adapters.mongo.MongoRecordLoader - GOT DOCUMENT IN SNAPSHOT - CoreDrillTungsten - Addition of snapshot listener for Mongo table null
19:26:46.238 [product-inproc://master3_2018-06-13T19:23:01.597+01:00-0] INFO  io.viewserver.datasource.RecordUtils - Scheduling addition to operator /datasources/product/table
19:26:46.238 [product-inproc://master3_2018-06-13T19:23:01.597+01:00-0] INFO  io.viewserver.adapters.mongo.MongoRecordLoader - GOT DOCUMENT IN SNAPSHOT - CoreDrillDiamond22mm - Addition of snapshot listener for Mongo table null
19:26:46.238 [reactor-inproc://master3_2018-06-13T19:23:01.597+01:00] INFO  io.viewserver.server.components.DataSourceComponents - COMPLETED FINISHED WAITING order,user,orderWithResponses 
19:26:46.238 [product-inproc://master3_2018-06-13T19:23:01.597+01:00-0] INFO  io.viewserver.datasource.RecordUtils - Scheduling addition to operator /datasources/product/table
19:26:46.238 [product-inproc://master3_2018-06-13T19:23:01.597+01:00-0] INFO  io.viewserver.adapters.mongo.MongoRecordLoader - GOT DOCUMENT IN SNAPSHOT - CoreDrillDiamond25mm - Addition of snapshot listener for Mongo table null
19:26:46.238 [product-inproc://master3_2018-06-13T19:23:01.597+01:00-0] INFO  io.viewserver.datasource.RecordUtils - Scheduling addition to operator /datasources/product/table
19:26:46.238 [product-inproc://master3_2018-06-13T19:23:01.597+01:00-0] INFO  io.viewserver.adapters.mongo.MongoRecordLoader - GOT DOCUMENT IN SNAPSHOT - CoreDrillDiamond35mm - Addition of snapshot listener for Mongo table null
19:26:46.238 [product-inproc://master3_2018-06-13T19:23:01.597+01:00-0] INFO  io.viewserver.datasource.RecordUtils - Scheduling addition to operator /datasources/product/table
19:26:46.238 [product-inproc://master3_2018-06-13T19:23:01.597+01:00-0] INFO  io.viewserver.adapters.mongo.MongoRecordLoader - GOT DOCUMENT IN SNAPSHOT - CoreDrillDiamond50mm - Addition of snapshot listener for Mongo table null
19:26:46.238 [product-inproc://master3_2018-06-13T19:23:01.597+01:00-0] INFO  io.viewserver.datasource.RecordUtils - Scheduling addition to operator /datasources/product/table
19:26:46.238 [product-inproc://master3_2018-06-13T19:23:01.597+01:00-0] INFO  io.viewserver.adapters.mongo.MongoRecordLoader - GOT DOCUMENT IN SNAPSHOT - CoreDrillDiamond65mm - Addition of snapshot listener for Mongo table null
19:26:46.238 [product-inproc://master3_2018-06-13T19:23:01.597+01:00-0] INFO  io.viewserver.datasource.RecordUtils - Scheduling addition to operator /datasources/product/table
19:26:46.238 [product-inproc://master3_2018-06-13T19:23:01.597+01:00-0] INFO  io.viewserver.adapters.mongo.MongoRecordLoader - GOT DOCUMENT IN SNAPSHOT - CoreDrillDiamond76mm - Addition of snapshot listener for Mongo table null
19:26:46.238 [product-inproc://master2_2018-06-13T19:23:01.507+01:00-0] INFO  io.viewserver.adapters.mongo.MongoRecordLoader - GOT DOCUMENT IN SNAPSHOT - Barriers(per2msection) - Addition of snapshot listener for Mongo table null
19:26:46.238 [product-inproc://master3_2018-06-13T19:23:01.597+01:00-0] INFO  io.viewserver.datasource.RecordUtils - Scheduling addition to operator /datasources/product/table
19:26:46.238 [product-inproc://master2_2018-06-13T19:23:01.507+01:00-0] INFO  io.viewserver.datasource.RecordUtils - Scheduling addition to operator /datasources/product/table
19:26:46.238 [product-inproc://master3_2018-06-13T19:23:01.597+01:00-0] INFO  io.viewserver.adapters.mongo.MongoRecordLoader - GOT DOCUMENT IN SNAPSHOT - CoreDrillDiamond102mm - Addition of snapshot listener for Mongo table null
19:26:46.239 [product-inproc://master3_2018-06-13T19:23:01.597+01:00-0] INFO  io.viewserver.datasource.RecordUtils - Scheduling addition to operator /datasources/product/table
19:26:46.239 [product-inproc://master3_2018-06-13T19:23:01.597+01:00-0] INFO  io.viewserver.adapters.mongo.MongoRecordLoader - GOT DOCUMENT IN SNAPSHOT - CoreDrillDiamond127mm - Addition of snapshot listener for Mongo table null
19:26:46.239 [product-inproc://master3_2018-06-13T19:23:01.597+01:00-0] INFO  io.viewserver.datasource.RecordUtils - Scheduling addition to operator /datasources/product/table
19:26:46.239 [product-inproc://master3_2018-06-13T19:23:01.597+01:00-0] INFO  io.viewserver.adapters.mongo.MongoRecordLoader - GOT DOCUMENT IN SNAPSHOT - CoreDrillDiamond152mm - Addition of snapshot listener for Mongo table null
19:26:46.239 [product-inproc://master3_2018-06-13T19:23:01.597+01:00-0] INFO  io.viewserver.datasource.RecordUtils - Scheduling addition to operator /datasources/product/table
19:26:46.239 [product-inproc://master3_2018-06-13T19:23:01.597+01:00-0] INFO  io.viewserver.adapters.mongo.MongoRecordLoader - GOT DOCUMENT IN SNAPSHOT - DrillMagnetic110v12-50mm - Addition of snapshot listener for Mongo table null
19:26:46.239 [product-inproc://master3_2018-06-13T19:23:01.597+01:00-0] INFO  io.viewserver.datasource.RecordUtils - Scheduling addition to operator /datasources/product/table
19:26:46.239 [product-inproc://master3_2018-06-13T19:23:01.597+01:00-0] INFO  io.viewserver.adapters.mongo.MongoRecordLoader - GOT DOCUMENT IN SNAPSHOT - BreakerHydraulic - Addition of snapshot listener for Mongo table null
19:26:46.239 [product-inproc://master2_2018-06-13T19:23:01.507+01:00-0] INFO  io.viewserver.adapters.mongo.MongoRecordLoader - GOT DOCUMENT IN SNAPSHOT - Acrow1_2 - Addition of snapshot listener for Mongo table null
19:26:46.239 [product-inproc://master3_2018-06-13T19:23:01.597+01:00-0] INFO  io.viewserver.datasource.RecordUtils - Scheduling addition to operator /datasources/product/table
19:26:46.239 [product-inproc://master2_2018-06-13T19:23:01.507+01:00-0] INFO  io.viewserver.datasource.RecordUtils - Scheduling addition to operator /datasources/product/table
19:26:46.239 [product-inproc://master3_2018-06-13T19:23:01.597+01:00-0] INFO  io.viewserver.adapters.mongo.MongoRecordLoader - GOT DOCUMENT IN SNAPSHOT - SDSMaxDrillBreaker - Addition of snapshot listener for Mongo table null
19:26:46.239 [product-inproc://master2_2018-06-13T19:23:01.507+01:00-0] INFO  io.viewserver.adapters.mongo.MongoRecordLoader - GOT DOCUMENT IN SNAPSHOT - CarpetCleaner - Addition of snapshot listener for Mongo table null
19:26:46.239 [product-inproc://master3_2018-06-13T19:23:01.597+01:00-0] INFO  io.viewserver.datasource.RecordUtils - Scheduling addition to operator /datasources/product/table
19:26:46.239 [product-inproc://master2_2018-06-13T19:23:01.507+01:00-0] INFO  io.viewserver.datasource.RecordUtils - Scheduling addition to operator /datasources/product/table
19:26:46.239 [product-inproc://master2_2018-06-13T19:23:01.507+01:00-0] INFO  io.viewserver.adapters.mongo.MongoRecordLoader - GOT DOCUMENT IN SNAPSHOT - CarpetStretcher - Addition of snapshot listener for Mongo table null
19:26:46.239 [product-inproc://master3_2018-06-13T19:23:01.597+01:00-0] INFO  io.viewserver.adapters.mongo.MongoRecordLoader - GOT DOCUMENT IN SNAPSHOT - Acrow0 - Addition of snapshot listener for Mongo table null
19:26:46.239 [product-inproc://master2_2018-06-13T19:23:01.507+01:00-0] INFO  io.viewserver.datasource.RecordUtils - Scheduling addition to operator /datasources/product/table
19:26:46.239 [product-inproc://master3_2018-06-13T19:23:01.597+01:00-0] INFO  io.viewserver.datasource.RecordUtils - Scheduling addition to operator /datasources/product/table
19:26:46.239 [product-inproc://master3_2018-06-13T19:23:01.597+01:00-0] INFO  io.viewserver.adapters.mongo.MongoRecordLoader - GOT DOCUMENT IN SNAPSHOT - Acrow3_4 - Addition of snapshot listener for Mongo table null
19:26:46.239 [product-inproc://master2_2018-06-13T19:23:01.507+01:00-0] INFO  io.viewserver.adapters.mongo.MongoRecordLoader - GOT DOCUMENT IN SNAPSHOT - FloorPolisher240v - Addition of snapshot listener for Mongo table null
19:26:46.239 [product-inproc://master3_2018-06-13T19:23:01.597+01:00-0] INFO  io.viewserver.datasource.RecordUtils - Scheduling addition to operator /datasources/product/table
19:26:46.239 [product-inproc://master2_2018-06-13T19:23:01.507+01:00-0] INFO  io.viewserver.datasource.RecordUtils - Scheduling addition to operator /datasources/product/table
19:26:46.239 [product-inproc://master3_2018-06-13T19:23:01.597+01:00-0] INFO  io.viewserver.adapters.mongo.MongoRecordLoader - GOT DOCUMENT IN SNAPSHOT - Strongboy - Addition of snapshot listener for Mongo table null
19:26:46.239 [product-inproc://master3_2018-06-13T19:23:01.597+01:00-0] INFO  io.viewserver.datasource.RecordUtils - Scheduling addition to operator /datasources/product/table
19:26:46.239 [product-inproc://master2_2018-06-13T19:23:01.507+01:00-0] INFO  io.viewserver.adapters.mongo.MongoRecordLoader - GOT DOCUMENT IN SNAPSHOT - FumeExtractor110v - Addition of snapshot listener for Mongo table null
19:26:46.239 [product-inproc://master2_2018-06-13T19:23:01.507+01:00-0] INFO  io.viewserver.datasource.RecordUtils - Scheduling addition to operator /datasources/product/table
19:26:46.239 [product-inproc://master3_2018-06-13T19:23:01.597+01:00-0] INFO  io.viewserver.adapters.mongo.MongoRecordLoader - GOT DOCUMENT IN SNAPSHOT - BitumenBoiler - Addition of snapshot listener for Mongo table null
19:26:46.239 [product-inproc://master2_2018-06-13T19:23:01.507+01:00-0] INFO  io.viewserver.adapters.mongo.MongoRecordLoader - GOT DOCUMENT IN SNAPSHOT - PressureWasher240v1500psi - Addition of snapshot listener for Mongo table null
19:26:46.239 [product-inproc://master3_2018-06-13T19:23:01.597+01:00-0] INFO  io.viewserver.datasource.RecordUtils - Scheduling addition to operator /datasources/product/table
19:26:46.239 [product-inproc://master2_2018-06-13T19:23:01.507+01:00-0] INFO  io.viewserver.datasource.RecordUtils - Scheduling addition to operator /datasources/product/table
19:26:46.239 [product-inproc://master3_2018-06-13T19:23:01.597+01:00-0] INFO  io.viewserver.adapters.mongo.MongoRecordLoader - GOT DOCUMENT IN SNAPSHOT - DampMeter - Addition of snapshot listener for Mongo table null
19:26:46.239 [product-inproc://master2_2018-06-13T19:23:01.507+01:00-0] INFO  io.viewserver.adapters.mongo.MongoRecordLoader - GOT DOCUMENT IN SNAPSHOT - PressureWasher240v2500psi - Addition of snapshot listener for Mongo table null
19:26:46.239 [product-inproc://master3_2018-06-13T19:23:01.597+01:00-0] INFO  io.viewserver.datasource.RecordUtils - Scheduling addition to operator /datasources/product/table
19:26:46.240 [product-inproc://master2_2018-06-13T19:23:01.507+01:00-0] INFO  io.viewserver.datasource.RecordUtils - Scheduling addition to operator /datasources/product/table
19:26:46.240 [product-inproc://master3_2018-06-13T19:23:01.597+01:00-0] INFO  io.viewserver.adapters.mongo.MongoRecordLoader - GOT DOCUMENT IN SNAPSHOT - DampProofingInjector110v - Addition of snapshot listener for Mongo table null
19:26:46.240 [product-inproc://master2_2018-06-13T19:23:01.507+01:00-0] INFO  io.viewserver.adapters.mongo.MongoRecordLoader - GOT DOCUMENT IN SNAPSHOT - VacuumCleanerIndustrial240v - Addition of snapshot listener for Mongo table null
19:26:46.240 [product-inproc://master3_2018-06-13T19:23:01.597+01:00-0] INFO  io.viewserver.datasource.RecordUtils - Scheduling addition to operator /datasources/product/table
19:26:46.240 [product-inproc://master2_2018-06-13T19:23:01.507+01:00-0] INFO  io.viewserver.datasource.RecordUtils - Scheduling addition to operator /datasources/product/table
19:26:46.240 [product-inproc://master3_2018-06-13T19:23:01.597+01:00-0] INFO  io.viewserver.adapters.mongo.MongoRecordLoader - GOT DOCUMENT IN SNAPSHOT - RubbishChute(persection) - Addition of snapshot listener for Mongo table null
19:26:46.240 [product-inproc://master2_2018-06-13T19:23:01.507+01:00-0] INFO  io.viewserver.adapters.mongo.MongoRecordLoader - GOT DOCUMENT IN SNAPSHOT - VacuumCleanerHenry240v - Addition of snapshot listener for Mongo table null
19:26:46.240 [product-inproc://master3_2018-06-13T19:23:01.597+01:00-0] INFO  io.viewserver.datasource.RecordUtils - Scheduling addition to operator /datasources/product/table
19:26:46.240 [product-inproc://master2_2018-06-13T19:23:01.507+01:00-0] INFO  io.viewserver.datasource.RecordUtils - Scheduling addition to operator /datasources/product/table
19:26:46.240 [product-inproc://master3_2018-06-13T19:23:01.597+01:00-0] INFO  io.viewserver.adapters.mongo.MongoRecordLoader - GOT DOCUMENT IN SNAPSHOT - SiteSafe - Addition of snapshot listener for Mongo table null
19:26:46.240 [product-inproc://master2_2018-06-13T19:23:01.507+01:00-0] INFO  io.viewserver.adapters.mongo.MongoRecordLoader - GOT DOCUMENT IN SNAPSHOT - FloorTileRemover - Addition of snapshot listener for Mongo table null
19:26:46.240 [product-inproc://master3_2018-06-13T19:23:01.597+01:00-0] INFO  io.viewserver.datasource.RecordUtils - Scheduling addition to operator /datasources/product/table
19:26:46.240 [product-inproc://master2_2018-06-13T19:23:01.507+01:00-0] INFO  io.viewserver.datasource.RecordUtils - Scheduling addition to operator /datasources/product/table
19:26:46.240 [product-inproc://master3_2018-06-13T19:23:01.597+01:00-0] INFO  io.viewserver.adapters.mongo.MongoRecordLoader - GOT DOCUMENT IN SNAPSHOT - Transformer1.5-3kVa - Addition of snapshot listener for Mongo table null
19:26:46.240 [product-inproc://master2_2018-06-13T19:23:01.507+01:00-0] INFO  io.viewserver.adapters.mongo.MongoRecordLoader - GOT DOCUMENT IN SNAPSHOT - CementMixer240v - Addition of snapshot listener for Mongo table null
19:26:46.240 [product-inproc://master3_2018-06-13T19:23:01.597+01:00-0] INFO  io.viewserver.datasource.RecordUtils - Scheduling addition to operator /datasources/product/table
19:26:46.240 [product-inproc://master2_2018-06-13T19:23:01.507+01:00-0] INFO  io.viewserver.datasource.RecordUtils - Scheduling addition to operator /datasources/product/table
19:26:46.240 [product-inproc://master3_2018-06-13T19:23:01.597+01:00-0] INFO  io.viewserver.adapters.mongo.MongoRecordLoader - GOT DOCUMENT IN SNAPSHOT - Transformer5kVa - Addition of snapshot listener for Mongo table null
19:26:46.240 [product-inproc://master2_2018-06-13T19:23:01.507+01:00-0] INFO  io.viewserver.adapters.mongo.MongoRecordLoader - GOT DOCUMENT IN SNAPSHOT - CementMixer110v - Addition of snapshot listener for Mongo table null
19:26:46.240 [product-inproc://master3_2018-06-13T19:23:01.597+01:00-0] INFO  io.viewserver.datasource.RecordUtils - Scheduling addition to operator /datasources/product/table
19:26:46.240 [product-inproc://master2_2018-06-13T19:23:01.507+01:00-0] INFO  io.viewserver.datasource.RecordUtils - Scheduling addition to operator /datasources/product/table
19:26:46.240 [product-inproc://master3_2018-06-13T19:23:01.597+01:00-0] INFO  io.viewserver.adapters.mongo.MongoRecordLoader - GOT DOCUMENT IN SNAPSHOT - Transformer10kVa(site) - Addition of snapshot listener for Mongo table null
19:26:46.240 [product-inproc://master2_2018-06-13T19:23:01.507+01:00-0] INFO  io.viewserver.adapters.mongo.MongoRecordLoader - GOT DOCUMENT IN SNAPSHOT - CompactorLight - Addition of snapshot listener for Mongo table null
19:26:46.240 [product-inproc://master3_2018-06-13T19:23:01.597+01:00-0] INFO  io.viewserver.datasource.RecordUtils - Scheduling addition to operator /datasources/product/table
19:26:46.240 [product-inproc://master2_2018-06-13T19:23:01.507+01:00-0] INFO  io.viewserver.datasource.RecordUtils - Scheduling addition to operator /datasources/product/table
19:26:46.240 [product-inproc://master3_2018-06-13T19:23:01.597+01:00-0] INFO  io.viewserver.adapters.mongo.MongoRecordLoader - GOT DOCUMENT IN SNAPSHOT - Barriers(per2msection) - Addition of snapshot listener for Mongo table null
19:26:46.240 [product-inproc://master2_2018-06-13T19:23:01.507+01:00-0] INFO  io.viewserver.adapters.mongo.MongoRecordLoader - GOT DOCUMENT IN SNAPSHOT - EasyFloatConcreteFinisher - Addition of snapshot listener for Mongo table null
19:26:46.240 [product-inproc://master3_2018-06-13T19:23:01.597+01:00-0] INFO  io.viewserver.datasource.RecordUtils - Scheduling addition to operator /datasources/product/table
19:26:46.240 [product-inproc://master2_2018-06-13T19:23:01.507+01:00-0] INFO  io.viewserver.datasource.RecordUtils - Scheduling addition to operator /datasources/product/table
19:26:46.240 [product-inproc://master3_2018-06-13T19:23:01.597+01:00-0] INFO  io.viewserver.adapters.mongo.MongoRecordLoader - GOT DOCUMENT IN SNAPSHOT - Acrow1_2 - Addition of snapshot listener for Mongo table null
19:26:46.240 [product-inproc://master2_2018-06-13T19:23:01.507+01:00-0] INFO  io.viewserver.adapters.mongo.MongoRecordLoader - GOT DOCUMENT IN SNAPSHOT - NeedleGun110v - Addition of snapshot listener for Mongo table null
19:26:46.240 [product-inproc://master3_2018-06-13T19:23:01.597+01:00-0] INFO  io.viewserver.datasource.RecordUtils - Scheduling addition to operator /datasources/product/table
19:26:46.240 [product-inproc://master2_2018-06-13T19:23:01.507+01:00-0] INFO  io.viewserver.datasource.RecordUtils - Scheduling addition to operator /datasources/product/table
19:26:46.240 [product-inproc://master3_2018-06-13T19:23:01.597+01:00-0] INFO  io.viewserver.adapters.mongo.MongoRecordLoader - GOT DOCUMENT IN SNAPSHOT - CarpetCleaner - Addition of snapshot listener for Mongo table null
19:26:46.240 [product-inproc://master3_2018-06-13T19:23:01.597+01:00-0] INFO  io.viewserver.datasource.RecordUtils - Scheduling addition to operator /datasources/product/table
19:26:46.240 [product-inproc://master3_2018-06-13T19:23:01.597+01:00-0] INFO  io.viewserver.adapters.mongo.MongoRecordLoader - GOT DOCUMENT IN SNAPSHOT - CarpetStretcher - Addition of snapshot listener for Mongo table null
19:26:46.240 [product-inproc://master3_2018-06-13T19:23:01.597+01:00-0] INFO  io.viewserver.datasource.RecordUtils - Scheduling addition to operator /datasources/product/table
19:26:46.240 [product-inproc://master3_2018-06-13T19:23:01.597+01:00-0] INFO  io.viewserver.adapters.mongo.MongoRecordLoader - GOT DOCUMENT IN SNAPSHOT - FloorPolisher240v - Addition of snapshot listener for Mongo table null
19:26:46.240 [product-inproc://master3_2018-06-13T19:23:01.597+01:00-0] INFO  io.viewserver.datasource.RecordUtils - Scheduling addition to operator /datasources/product/table
19:26:46.241 [product-inproc://master3_2018-06-13T19:23:01.597+01:00-0] INFO  io.viewserver.adapters.mongo.MongoRecordLoader - GOT DOCUMENT IN SNAPSHOT - FumeExtractor110v - Addition of snapshot listener for Mongo table null
19:26:46.241 [product-inproc://master3_2018-06-13T19:23:01.597+01:00-0] INFO  io.viewserver.datasource.RecordUtils - Scheduling addition to operator /datasources/product/table
19:26:46.241 [product-inproc://master3_2018-06-13T19:23:01.597+01:00-0] INFO  io.viewserver.adapters.mongo.MongoRecordLoader - GOT DOCUMENT IN SNAPSHOT - PressureWasher240v1500psi - Addition of snapshot listener for Mongo table null
19:26:46.241 [product-inproc://master3_2018-06-13T19:23:01.597+01:00-0] INFO  io.viewserver.datasource.RecordUtils - Scheduling addition to operator /datasources/product/table
19:26:46.241 [product-inproc://master3_2018-06-13T19:23:01.597+01:00-0] INFO  io.viewserver.adapters.mongo.MongoRecordLoader - GOT DOCUMENT IN SNAPSHOT - PressureWasher240v2500psi - Addition of snapshot listener for Mongo table null
19:26:46.241 [product-inproc://master3_2018-06-13T19:23:01.597+01:00-0] INFO  io.viewserver.datasource.RecordUtils - Scheduling addition to operator /datasources/product/table
19:26:46.241 [product-inproc://master3_2018-06-13T19:23:01.597+01:00-0] INFO  io.viewserver.adapters.mongo.MongoRecordLoader - GOT DOCUMENT IN SNAPSHOT - VacuumCleanerIndustrial240v - Addition of snapshot listener for Mongo table null
19:26:46.241 [product-inproc://master3_2018-06-13T19:23:01.597+01:00-0] INFO  io.viewserver.datasource.RecordUtils - Scheduling addition to operator /datasources/product/table
19:26:46.241 [product-inproc://master3_2018-06-13T19:23:01.597+01:00-0] INFO  io.viewserver.adapters.mongo.MongoRecordLoader - GOT DOCUMENT IN SNAPSHOT - VacuumCleanerHenry240v - Addition of snapshot listener for Mongo table null
19:26:46.241 [product-inproc://master3_2018-06-13T19:23:01.597+01:00-0] INFO  io.viewserver.datasource.RecordUtils - Scheduling addition to operator /datasources/product/table
19:26:46.241 [product-inproc://master3_2018-06-13T19:23:01.597+01:00-0] INFO  io.viewserver.adapters.mongo.MongoRecordLoader - GOT DOCUMENT IN SNAPSHOT - FloorTileRemover - Addition of snapshot listener for Mongo table null
19:26:46.241 [product-inproc://master3_2018-06-13T19:23:01.597+01:00-0] INFO  io.viewserver.datasource.RecordUtils - Scheduling addition to operator /datasources/product/table
19:26:46.241 [product-inproc://master3_2018-06-13T19:23:01.597+01:00-0] INFO  io.viewserver.adapters.mongo.MongoRecordLoader - GOT DOCUMENT IN SNAPSHOT - CementMixer240v - Addition of snapshot listener for Mongo table null
19:26:46.241 [product-inproc://master3_2018-06-13T19:23:01.597+01:00-0] INFO  io.viewserver.datasource.RecordUtils - Scheduling addition to operator /datasources/product/table
19:26:46.241 [product-inproc://master3_2018-06-13T19:23:01.597+01:00-0] INFO  io.viewserver.adapters.mongo.MongoRecordLoader - GOT DOCUMENT IN SNAPSHOT - CementMixer110v - Addition of snapshot listener for Mongo table null
19:26:46.241 [product-inproc://master3_2018-06-13T19:23:01.597+01:00-0] INFO  io.viewserver.datasource.RecordUtils - Scheduling addition to operator /datasources/product/table
19:26:46.241 [product-inproc://master3_2018-06-13T19:23:01.597+01:00-0] INFO  io.viewserver.adapters.mongo.MongoRecordLoader - GOT DOCUMENT IN SNAPSHOT - CompactorLight - Addition of snapshot listener for Mongo table null
19:26:46.241 [product-inproc://master3_2018-06-13T19:23:01.597+01:00-0] INFO  io.viewserver.datasource.RecordUtils - Scheduling addition to operator /datasources/product/table
19:26:46.241 [product-inproc://master3_2018-06-13T19:23:01.597+01:00-0] INFO  io.viewserver.adapters.mongo.MongoRecordLoader - GOT DOCUMENT IN SNAPSHOT - EasyFloatConcreteFinisher - Addition of snapshot listener for Mongo table null
19:26:46.241 [product-inproc://master3_2018-06-13T19:23:01.597+01:00-0] INFO  io.viewserver.datasource.RecordUtils - Scheduling addition to operator /datasources/product/table
19:26:46.241 [product-inproc://master3_2018-06-13T19:23:01.597+01:00-0] INFO  io.viewserver.adapters.mongo.MongoRecordLoader - GOT DOCUMENT IN SNAPSHOT - NeedleGun110v - Addition of snapshot listener for Mongo table null
19:26:46.241 [product-inproc://master3_2018-06-13T19:23:01.597+01:00-0] INFO  io.viewserver.datasource.RecordUtils - Scheduling addition to operator /datasources/product/table
19:26:46.245 [reactor-inproc://master2_2018-06-13T19:23:01.507+01:00] INFO  io.viewserver.server.components.DataSourceComponents - COMPLETED FINISHED WAITING order,user,orderWithResponses 
19:26:46.252 [reactor-monitor] WARN  io.viewserver.reactor.ReactorMonitor - Threads dumped to [3, threadDumps/threadDump-20180613192646]
19:26:47.948 [Thread-3] INFO  io.viewserver.server.steps.ShotgunViewServerSteps$TestServer - MILESTONE - Loop exited
19:26:47.949 [product-inproc://master2_2018-06-13T19:23:01.507+01:00-0] INFO  io.viewserver.adapters.mongo.MongoRecordLoader - GOT DOCUMENT IN SNAPSHOT - PokerVibrator110v - Addition of snapshot listener for Mongo table null
19:26:47.949 [product-inproc://master2_2018-06-13T19:23:01.507+01:00-0] INFO  io.viewserver.datasource.RecordUtils - Scheduling addition to operator /datasources/product/table
19:26:47.949 [product-inproc://master2_2018-06-13T19:23:01.507+01:00-0] INFO  io.viewserver.adapters.mongo.MongoRecordLoader - GOT DOCUMENT IN SNAPSHOT - ConcreteTestMould - Addition of snapshot listener for Mongo table null
19:26:47.949 [product-inproc://master2_2018-06-13T19:23:01.507+01:00-0] INFO  io.viewserver.datasource.RecordUtils - Scheduling addition to operator /datasources/product/table
19:26:47.949 [product-inproc://master2_2018-06-13T19:23:01.507+01:00-0] INFO  io.viewserver.adapters.mongo.MongoRecordLoader - GOT DOCUMENT IN SNAPSHOT - GardenAerator - Addition of snapshot listener for Mongo table null
19:26:47.949 [product-inproc://master2_2018-06-13T19:23:01.507+01:00-0] INFO  io.viewserver.datasource.RecordUtils - Scheduling addition to operator /datasources/product/table
19:26:47.950 [product-inproc://master2_2018-06-13T19:23:01.507+01:00-0] INFO  io.viewserver.adapters.mongo.MongoRecordLoader - GOT DOCUMENT IN SNAPSHOT - GardenHedgeTrimmer240v - Addition of snapshot listener for Mongo table null
19:26:47.950 [product-inproc://master2_2018-06-13T19:23:01.507+01:00-0] INFO  io.viewserver.datasource.RecordUtils - Scheduling addition to operator /datasources/product/table
19:26:47.950 [product-inproc://master3_2018-06-13T19:23:01.597+01:00-0] INFO  io.viewserver.adapters.mongo.MongoRecordLoader - GOT DOCUMENT IN SNAPSHOT - PokerVibrator110v - Addition of snapshot listener for Mongo table null
19:26:47.950 [product-inproc://master2_2018-06-13T19:23:01.507+01:00-0] INFO  io.viewserver.adapters.mongo.MongoRecordLoader - GOT DOCUMENT IN SNAPSHOT - KnapsackSprayer - Addition of snapshot listener for Mongo table null
19:26:47.950 [product-inproc://master3_2018-06-13T19:23:01.597+01:00-0] INFO  io.viewserver.datasource.RecordUtils - Scheduling addition to operator /datasources/product/table
19:26:47.950 [product-inproc://master2_2018-06-13T19:23:01.507+01:00-0] INFO  io.viewserver.datasource.RecordUtils - Scheduling addition to operator /datasources/product/table
19:26:47.950 [product-inproc://master3_2018-06-13T19:23:01.597+01:00-0] INFO  io.viewserver.adapters.mongo.MongoRecordLoader - GOT DOCUMENT IN SNAPSHOT - ConcreteTestMould - Addition of snapshot listener for Mongo table null
19:26:47.950 [product-inproc://master2_2018-06-13T19:23:01.507+01:00-0] INFO  io.viewserver.adapters.mongo.MongoRecordLoader - GOT DOCUMENT IN SNAPSHOT - LawnmowerElectric240v - Addition of snapshot listener for Mongo table null
19:26:47.950 [product-inproc://master3_2018-06-13T19:23:01.597+01:00-0] INFO  io.viewserver.datasource.RecordUtils - Scheduling addition to operator /datasources/product/table
19:26:47.950 [product-inproc://master2_2018-06-13T19:23:01.507+01:00-0] INFO  io.viewserver.datasource.RecordUtils - Scheduling addition to operator /datasources/product/table
19:26:47.950 [product-inproc://master3_2018-06-13T19:23:01.597+01:00-0] INFO  io.viewserver.adapters.mongo.MongoRecordLoader - GOT DOCUMENT IN SNAPSHOT - GardenAerator - Addition of snapshot listener for Mongo table null
19:26:47.950 [product-inproc://master2_2018-06-13T19:23:01.507+01:00-0] INFO  io.viewserver.adapters.mongo.MongoRecordLoader - GOT DOCUMENT IN SNAPSHOT - LawnmowerPetrol - Addition of snapshot listener for Mongo table null
19:26:47.950 [product-inproc://master3_2018-06-13T19:23:01.597+01:00-0] INFO  io.viewserver.datasource.RecordUtils - Scheduling addition to operator /datasources/product/table
19:26:47.950 [product-inproc://master2_2018-06-13T19:23:01.507+01:00-0] INFO  io.viewserver.datasource.RecordUtils - Scheduling addition to operator /datasources/product/table
19:26:47.950 [product-inproc://master3_2018-06-13T19:23:01.597+01:00-0] INFO  io.viewserver.adapters.mongo.MongoRecordLoader - GOT DOCUMENT IN SNAPSHOT - GardenHedgeTrimmer240v - Addition of snapshot listener for Mongo table null
19:26:47.950 [product-inproc://master2_2018-06-13T19:23:01.507+01:00-0] INFO  io.viewserver.adapters.mongo.MongoRecordLoader - GOT DOCUMENT IN SNAPSHOT - LeafBlowerVacuum240v - Addition of snapshot listener for Mongo table null
19:26:47.950 [product-inproc://master3_2018-06-13T19:23:01.597+01:00-0] INFO  io.viewserver.datasource.RecordUtils - Scheduling addition to operator /datasources/product/table
19:26:47.950 [product-inproc://master2_2018-06-13T19:23:01.507+01:00-0] INFO  io.viewserver.datasource.RecordUtils - Scheduling addition to operator /datasources/product/table
19:26:47.950 [product-inproc://master3_2018-06-13T19:23:01.597+01:00-0] INFO  io.viewserver.adapters.mongo.MongoRecordLoader - GOT DOCUMENT IN SNAPSHOT - KnapsackSprayer - Addition of snapshot listener for Mongo table null
19:26:47.950 [product-inproc://master2_2018-06-13T19:23:01.507+01:00-0] INFO  io.viewserver.adapters.mongo.MongoRecordLoader - GOT DOCUMENT IN SNAPSHOT - PostHoleBorer - Addition of snapshot listener for Mongo table null
19:26:47.950 [product-inproc://master3_2018-06-13T19:23:01.597+01:00-0] INFO  io.viewserver.datasource.RecordUtils - Scheduling addition to operator /datasources/product/table
19:26:47.950 [product-inproc://master3_2018-06-13T19:23:01.597+01:00-0] INFO  io.viewserver.adapters.mongo.MongoRecordLoader - GOT DOCUMENT IN SNAPSHOT - LawnmowerElectric240v - Addition of snapshot listener for Mongo table null
19:26:47.950 [product-inproc://master3_2018-06-13T19:23:01.597+01:00-0] INFO  io.viewserver.datasource.RecordUtils - Scheduling addition to operator /datasources/product/table
19:26:47.950 [product-inproc://master3_2018-06-13T19:23:01.597+01:00-0] INFO  io.viewserver.adapters.mongo.MongoRecordLoader - GOT DOCUMENT IN SNAPSHOT - LawnmowerPetrol - Addition of snapshot listener for Mongo table null
19:26:47.950 [product-inproc://master2_2018-06-13T19:23:01.507+01:00-0] INFO  io.viewserver.datasource.RecordUtils - Scheduling addition to operator /datasources/product/table
19:26:47.950 [product-inproc://master3_2018-06-13T19:23:01.597+01:00-0] INFO  io.viewserver.datasource.RecordUtils - Scheduling addition to operator /datasources/product/table
19:26:47.950 [product-inproc://master2_2018-06-13T19:23:01.507+01:00-0] INFO  io.viewserver.adapters.mongo.MongoRecordLoader - GOT DOCUMENT IN SNAPSHOT - GardenPruner - Addition of snapshot listener for Mongo table null
19:26:47.950 [product-inproc://master3_2018-06-13T19:23:01.597+01:00-0] INFO  io.viewserver.adapters.mongo.MongoRecordLoader - GOT DOCUMENT IN SNAPSHOT - LeafBlowerVacuum240v - Addition of snapshot listener for Mongo table null
19:26:47.950 [product-inproc://master2_2018-06-13T19:23:01.507+01:00-0] INFO  io.viewserver.datasource.RecordUtils - Scheduling addition to operator /datasources/product/table
19:26:47.950 [product-inproc://master3_2018-06-13T19:23:01.597+01:00-0] INFO  io.viewserver.datasource.RecordUtils - Scheduling addition to operator /datasources/product/table
19:26:47.950 [product-inproc://master2_2018-06-13T19:23:01.507+01:00-0] INFO  io.viewserver.adapters.mongo.MongoRecordLoader - GOT DOCUMENT IN SNAPSHOT - GardenRoller(waterfilled) - Addition of snapshot listener for Mongo table null
19:26:47.950 [product-inproc://master3_2018-06-13T19:23:01.597+01:00-0] INFO  io.viewserver.adapters.mongo.MongoRecordLoader - GOT DOCUMENT IN SNAPSHOT - PostHoleBorer - Addition of snapshot listener for Mongo table null
19:26:47.950 [product-inproc://master2_2018-06-13T19:23:01.507+01:00-0] INFO  io.viewserver.datasource.RecordUtils - Scheduling addition to operator /datasources/product/table
19:26:47.950 [product-inproc://master3_2018-06-13T19:23:01.597+01:00-0] INFO  io.viewserver.datasource.RecordUtils - Scheduling addition to operator /datasources/product/table
19:26:47.950 [product-inproc://master2_2018-06-13T19:23:01.507+01:00-0] INFO  io.viewserver.adapters.mongo.MongoRecordLoader - GOT DOCUMENT IN SNAPSHOT - GardenRotovator5hp - Addition of snapshot listener for Mongo table null
19:26:47.950 [product-inproc://master3_2018-06-13T19:23:01.597+01:00-0] INFO  io.viewserver.adapters.mongo.MongoRecordLoader - GOT DOCUMENT IN SNAPSHOT - GardenPruner - Addition of snapshot listener for Mongo table null
19:26:47.950 [product-inproc://master2_2018-06-13T19:23:01.507+01:00-0] INFO  io.viewserver.datasource.RecordUtils - Scheduling addition to operator /datasources/product/table
19:26:47.950 [product-inproc://master3_2018-06-13T19:23:01.597+01:00-0] INFO  io.viewserver.datasource.RecordUtils - Scheduling addition to operator /datasources/product/table
19:26:47.950 [product-inproc://master2_2018-06-13T19:23:01.507+01:00-0] INFO  io.viewserver.adapters.mongo.MongoRecordLoader - GOT DOCUMENT IN SNAPSHOT - GardenShoveHoler - Addition of snapshot listener for Mongo table null
19:26:47.950 [product-inproc://master3_2018-06-13T19:23:01.597+01:00-0] INFO  io.viewserver.adapters.mongo.MongoRecordLoader - GOT DOCUMENT IN SNAPSHOT - GardenRoller(waterfilled) - Addition of snapshot listener for Mongo table null
19:26:47.950 [product-inproc://master2_2018-06-13T19:23:01.507+01:00-0] INFO  io.viewserver.datasource.RecordUtils - Scheduling addition to operator /datasources/product/table
19:26:47.951 [product-inproc://master3_2018-06-13T19:23:01.597+01:00-0] INFO  io.viewserver.datasource.RecordUtils - Scheduling addition to operator /datasources/product/table
19:26:47.951 [product-inproc://master3_2018-06-13T19:23:01.597+01:00-0] INFO  io.viewserver.adapters.mongo.MongoRecordLoader - GOT DOCUMENT IN SNAPSHOT - GardenRotovator5hp - Addition of snapshot listener for Mongo table null
19:26:47.951 [product-inproc://master3_2018-06-13T19:23:01.597+01:00-0] INFO  io.viewserver.datasource.RecordUtils - Scheduling addition to operator /datasources/product/table
19:26:47.951 [product-inproc://master3_2018-06-13T19:23:01.597+01:00-0] INFO  io.viewserver.adapters.mongo.MongoRecordLoader - GOT DOCUMENT IN SNAPSHOT - GardenShoveHoler - Addition of snapshot listener for Mongo table null
19:26:47.951 [product-inproc://master3_2018-06-13T19:23:01.597+01:00-0] INFO  io.viewserver.datasource.RecordUtils - Scheduling addition to operator /datasources/product/table
19:26:47.951 [product-inproc://master3_2018-06-13T19:23:01.597+01:00-0] INFO  io.viewserver.adapters.mongo.MongoRecordLoader - GOT DOCUMENT IN SNAPSHOT - GardenShredderPetrol5HP - Addition of snapshot listener for Mongo table null
19:26:47.951 [product-inproc://master3_2018-06-13T19:23:01.597+01:00-0] INFO  io.viewserver.datasource.RecordUtils - Scheduling addition to operator /datasources/product/table
19:26:47.951 [product-inproc://master3_2018-06-13T19:23:01.597+01:00-0] INFO  io.viewserver.adapters.mongo.MongoRecordLoader - GOT DOCUMENT IN SNAPSHOT - GardenStrimmerPetrol - Addition of snapshot listener for Mongo table null
19:26:47.951 [product-inproc://master3_2018-06-13T19:23:01.597+01:00-0] INFO  io.viewserver.datasource.RecordUtils - Scheduling addition to operator /datasources/product/table
19:26:47.951 [product-inproc://master3_2018-06-13T19:23:01.597+01:00-0] INFO  io.viewserver.adapters.mongo.MongoRecordLoader - GOT DOCUMENT IN SNAPSHOT - TurfCutter - Addition of snapshot listener for Mongo table null
19:26:47.951 [product-inproc://master3_2018-06-13T19:23:01.597+01:00-0] INFO  io.viewserver.datasource.RecordUtils - Scheduling addition to operator /datasources/product/table
19:26:47.951 [product-inproc://master3_2018-06-13T19:23:01.597+01:00-0] INFO  io.viewserver.adapters.mongo.MongoRecordLoader - GOT DOCUMENT IN SNAPSHOT - GardenFellingAxe - Addition of snapshot listener for Mongo table null
19:26:47.951 [product-inproc://master3_2018-06-13T19:23:01.597+01:00-0] INFO  io.viewserver.datasource.RecordUtils - Scheduling addition to operator /datasources/product/table
19:26:47.951 [product-inproc://master3_2018-06-13T19:23:01.597+01:00-0] INFO  io.viewserver.adapters.mongo.MongoRecordLoader - GOT DOCUMENT IN SNAPSHOT - GardenGrassRake - Addition of snapshot listener for Mongo table null
19:26:47.951 [product-inproc://master3_2018-06-13T19:23:01.597+01:00-0] INFO  io.viewserver.datasource.RecordUtils - Scheduling addition to operator /datasources/product/table
19:26:47.951 [product-inproc://master3_2018-06-13T19:23:01.597+01:00-0] INFO  io.viewserver.adapters.mongo.MongoRecordLoader - GOT DOCUMENT IN SNAPSHOT - GardenLeafRake - Addition of snapshot listener for Mongo table null
19:26:47.951 [product-inproc://master3_2018-06-13T19:23:01.597+01:00-0] INFO  io.viewserver.datasource.RecordUtils - Scheduling addition to operator /datasources/product/table
19:26:47.951 [product-inproc://master3_2018-06-13T19:23:01.597+01:00-0] INFO  io.viewserver.adapters.mongo.MongoRecordLoader - GOT DOCUMENT IN SNAPSHOT - GardenShears - Addition of snapshot listener for Mongo table null
19:26:47.952 [product-inproc://master3_2018-06-13T19:23:01.597+01:00-0] INFO  io.viewserver.datasource.RecordUtils - Scheduling addition to operator /datasources/product/table
19:26:47.952 [product-inproc://master3_2018-06-13T19:23:01.597+01:00-0] INFO  io.viewserver.adapters.mongo.MongoRecordLoader - GOT DOCUMENT IN SNAPSHOT - GardenSpade - Addition of snapshot listener for Mongo table null
19:26:47.951 [product-inproc://master2_2018-06-13T19:23:01.507+01:00-0] INFO  io.viewserver.adapters.mongo.MongoRecordLoader - GOT DOCUMENT IN SNAPSHOT - GardenShredderPetrol5HP - Addition of snapshot listener for Mongo table null
19:26:48.721 [product-inproc://master3_2018-06-13T19:23:01.597+01:00-0] INFO  io.viewserver.datasource.RecordUtils - Scheduling addition to operator /datasources/product/table
19:26:48.722 [product-inproc://master3_2018-06-13T19:23:01.597+01:00-0] INFO  io.viewserver.adapters.mongo.MongoRecordLoader - GOT DOCUMENT IN SNAPSHOT - GardenHoe - Addition of snapshot listener for Mongo table null
19:26:48.722 [product-inproc://master2_2018-06-13T19:23:01.507+01:00-0] INFO  io.viewserver.datasource.RecordUtils - Scheduling addition to operator /datasources/product/table
19:26:48.722 [product-inproc://master3_2018-06-13T19:23:01.597+01:00-0] INFO  io.viewserver.datasource.RecordUtils - Scheduling addition to operator /datasources/product/table
19:26:48.722 [product-inproc://master2_2018-06-13T19:23:01.507+01:00-0] INFO  io.viewserver.adapters.mongo.MongoRecordLoader - GOT DOCUMENT IN SNAPSHOT - GardenStrimmerPetrol - Addition of snapshot listener for Mongo table null
19:26:48.722 [product-inproc://master3_2018-06-13T19:23:01.597+01:00-0] INFO  io.viewserver.adapters.mongo.MongoRecordLoader - GOT DOCUMENT IN SNAPSHOT - GardenAeratorRotary - Addition of snapshot listener for Mongo table null
19:26:48.722 [product-inproc://master2_2018-06-13T19:23:01.507+01:00-0] INFO  io.viewserver.datasource.RecordUtils - Scheduling addition to operator /datasources/product/table
19:26:48.722 [product-inproc://master3_2018-06-13T19:23:01.597+01:00-0] INFO  io.viewserver.datasource.RecordUtils - Scheduling addition to operator /datasources/product/table
19:26:48.722 [product-inproc://master2_2018-06-13T19:23:01.507+01:00-0] INFO  io.viewserver.adapters.mongo.MongoRecordLoader - GOT DOCUMENT IN SNAPSHOT - TurfCutter - Addition of snapshot listener for Mongo table null
19:26:48.722 [product-inproc://master3_2018-06-13T19:23:01.597+01:00-0] INFO  io.viewserver.adapters.mongo.MongoRecordLoader - GOT DOCUMENT IN SNAPSHOT - LawnmowerPetrolSelf-Propelled - Addition of snapshot listener for Mongo table null
19:26:48.722 [product-inproc://master2_2018-06-13T19:23:01.507+01:00-0] INFO  io.viewserver.datasource.RecordUtils - Scheduling addition to operator /datasources/product/table
19:26:48.722 [product-inproc://master3_2018-06-13T19:23:01.597+01:00-0] INFO  io.viewserver.datasource.RecordUtils - Scheduling addition to operator /datasources/product/table
19:26:48.722 [product-inproc://master2_2018-06-13T19:23:01.507+01:00-0] INFO  io.viewserver.adapters.mongo.MongoRecordLoader - GOT DOCUMENT IN SNAPSHOT - GardenFellingAxe - Addition of snapshot listener for Mongo table null
19:26:48.722 [product-inproc://master3_2018-06-13T19:23:01.597+01:00-0] INFO  io.viewserver.adapters.mongo.MongoRecordLoader - GOT DOCUMENT IN SNAPSHOT - LeafBlower(petrol)(fuelextra) - Addition of snapshot listener for Mongo table null
19:26:48.722 [product-inproc://master2_2018-06-13T19:23:01.507+01:00-0] INFO  io.viewserver.datasource.RecordUtils - Scheduling addition to operator /datasources/product/table
19:26:48.722 [product-inproc://master3_2018-06-13T19:23:01.597+01:00-0] INFO  io.viewserver.datasource.RecordUtils - Scheduling addition to operator /datasources/product/table
19:26:48.722 [product-inproc://master3_2018-06-13T19:23:01.597+01:00-0] INFO  io.viewserver.adapters.mongo.MongoRecordLoader - GOT DOCUMENT IN SNAPSHOT - GardenRotovator8hp - Addition of snapshot listener for Mongo table null
19:26:48.722 [product-inproc://master2_2018-06-13T19:23:01.507+01:00-0] INFO  io.viewserver.adapters.mongo.MongoRecordLoader - GOT DOCUMENT IN SNAPSHOT - GardenGrassRake - Addition of snapshot listener for Mongo table null
19:26:48.722 [product-inproc://master3_2018-06-13T19:23:01.597+01:00-0] INFO  io.viewserver.datasource.RecordUtils - Scheduling addition to operator /datasources/product/table
19:26:48.722 [product-inproc://master2_2018-06-13T19:23:01.507+01:00-0] INFO  io.viewserver.datasource.RecordUtils - Scheduling addition to operator /datasources/product/table
19:26:48.722 [product-inproc://master3_2018-06-13T19:23:01.597+01:00-0] INFO  io.viewserver.adapters.mongo.MongoRecordLoader - GOT DOCUMENT IN SNAPSHOT - GardenHedgeTrimmer(2stroke) - Addition of snapshot listener for Mongo table null
19:26:48.722 [product-inproc://master2_2018-06-13T19:23:01.507+01:00-0] INFO  io.viewserver.adapters.mongo.MongoRecordLoader - GOT DOCUMENT IN SNAPSHOT - GardenLeafRake - Addition of snapshot listener for Mongo table null
19:26:48.722 [product-inproc://master3_2018-06-13T19:23:01.597+01:00-0] INFO  io.viewserver.datasource.RecordUtils - Scheduling addition to operator /datasources/product/table
19:26:48.722 [product-inproc://master2_2018-06-13T19:23:01.507+01:00-0] INFO  io.viewserver.datasource.RecordUtils - Scheduling addition to operator /datasources/product/table
19:26:48.722 [product-inproc://master3_2018-06-13T19:23:01.597+01:00-0] INFO  io.viewserver.adapters.mongo.MongoRecordLoader - GOT DOCUMENT IN SNAPSHOT - GardenHedgeTrimmer(LongReach) - Addition of snapshot listener for Mongo table null
19:26:48.722 [product-inproc://master2_2018-06-13T19:23:01.507+01:00-0] INFO  io.viewserver.adapters.mongo.MongoRecordLoader - GOT DOCUMENT IN SNAPSHOT - GardenShears - Addition of snapshot listener for Mongo table null
19:26:48.722 [product-inproc://master3_2018-06-13T19:23:01.597+01:00-0] INFO  io.viewserver.datasource.RecordUtils - Scheduling addition to operator /datasources/product/table
19:26:48.722 [product-inproc://master2_2018-06-13T19:23:01.507+01:00-0] INFO  io.viewserver.datasource.RecordUtils - Scheduling addition to operator /datasources/product/table
19:26:48.722 [product-inproc://master3_2018-06-13T19:23:01.597+01:00-0] INFO  io.viewserver.adapters.mongo.MongoRecordLoader - GOT DOCUMENT IN SNAPSHOT - DehumidifierSmall - Addition of snapshot listener for Mongo table null
19:26:48.722 [product-inproc://master2_2018-06-13T19:23:01.507+01:00-0] INFO  io.viewserver.adapters.mongo.MongoRecordLoader - GOT DOCUMENT IN SNAPSHOT - GardenSpade - Addition of snapshot listener for Mongo table null
19:26:48.722 [product-inproc://master3_2018-06-13T19:23:01.597+01:00-0] INFO  io.viewserver.datasource.RecordUtils - Scheduling addition to operator /datasources/product/table
19:26:48.722 [product-inproc://master2_2018-06-13T19:23:01.507+01:00-0] INFO  io.viewserver.datasource.RecordUtils - Scheduling addition to operator /datasources/product/table
19:26:48.722 [product-inproc://master3_2018-06-13T19:23:01.597+01:00-0] INFO  io.viewserver.adapters.mongo.MongoRecordLoader - GOT DOCUMENT IN SNAPSHOT - DehumidifierLarge - Addition of snapshot listener for Mongo table null
19:26:48.722 [product-inproc://master2_2018-06-13T19:23:01.507+01:00-0] INFO  io.viewserver.adapters.mongo.MongoRecordLoader - GOT DOCUMENT IN SNAPSHOT - GardenHoe - Addition of snapshot listener for Mongo table null
19:26:48.722 [product-inproc://master3_2018-06-13T19:23:01.597+01:00-0] INFO  io.viewserver.datasource.RecordUtils - Scheduling addition to operator /datasources/product/table
19:26:48.722 [product-inproc://master2_2018-06-13T19:23:01.507+01:00-0] INFO  io.viewserver.datasource.RecordUtils - Scheduling addition to operator /datasources/product/table
19:26:48.723 [product-inproc://master3_2018-06-13T19:23:01.597+01:00-0] INFO  io.viewserver.adapters.mongo.MongoRecordLoader - GOT DOCUMENT IN SNAPSHOT - Fan240v - Addition of snapshot listener for Mongo table null
19:26:48.723 [product-inproc://master3_2018-06-13T19:23:01.597+01:00-0] INFO  io.viewserver.datasource.RecordUtils - Scheduling addition to operator /datasources/product/table
19:26:48.723 [product-inproc://master3_2018-06-13T19:23:01.597+01:00-0] INFO  io.viewserver.adapters.mongo.MongoRecordLoader - GOT DOCUMENT IN SNAPSHOT - HeaterCeramic - Addition of snapshot listener for Mongo table null
19:26:48.723 [product-inproc://master2_2018-06-13T19:23:01.507+01:00-0] INFO  io.viewserver.adapters.mongo.MongoRecordLoader - GOT DOCUMENT IN SNAPSHOT - GardenAeratorRotary - Addition of snapshot listener for Mongo table null
19:26:48.726 [product-inproc://master3_2018-06-13T19:23:01.597+01:00-0] INFO  io.viewserver.datasource.RecordUtils - Scheduling addition to operator /datasources/product/table
19:26:48.726 [product-inproc://master2_2018-06-13T19:23:01.507+01:00-0] INFO  io.viewserver.datasource.RecordUtils - Scheduling addition to operator /datasources/product/table
19:26:48.726 [product-inproc://master2_2018-06-13T19:23:01.507+01:00-0] INFO  io.viewserver.adapters.mongo.MongoRecordLoader - GOT DOCUMENT IN SNAPSHOT - LawnmowerPetrolSelf-Propelled - Addition of snapshot listener for Mongo table null
19:26:48.726 [product-inproc://master3_2018-06-13T19:23:01.597+01:00-0] INFO  io.viewserver.adapters.mongo.MongoRecordLoader - GOT DOCUMENT IN SNAPSHOT - HeaterElectricFan240v2kW - Addition of snapshot listener for Mongo table null
19:26:48.726 [product-inproc://master2_2018-06-13T19:23:01.507+01:00-0] INFO  io.viewserver.datasource.RecordUtils - Scheduling addition to operator /datasources/product/table
19:26:48.731 [product-inproc://master2_2018-06-13T19:23:01.507+01:00-0] INFO  io.viewserver.adapters.mongo.MongoRecordLoader - GOT DOCUMENT IN SNAPSHOT - LeafBlower(petrol)(fuelextra) - Addition of snapshot listener for Mongo table null
19:26:48.732 [product-inproc://master2_2018-06-13T19:23:01.507+01:00-0] INFO  io.viewserver.datasource.RecordUtils - Scheduling addition to operator /datasources/product/table
19:26:48.732 [product-inproc://master2_2018-06-13T19:23:01.507+01:00-0] INFO  io.viewserver.adapters.mongo.MongoRecordLoader - GOT DOCUMENT IN SNAPSHOT - GardenRotovator8hp - Addition of snapshot listener for Mongo table null
19:26:48.732 [product-inproc://master2_2018-06-13T19:23:01.507+01:00-0] INFO  io.viewserver.datasource.RecordUtils - Scheduling addition to operator /datasources/product/table
19:26:48.732 [product-inproc://master2_2018-06-13T19:23:01.507+01:00-0] INFO  io.viewserver.adapters.mongo.MongoRecordLoader - GOT DOCUMENT IN SNAPSHOT - GardenHedgeTrimmer(2stroke) - Addition of snapshot listener for Mongo table null
19:26:48.732 [product-inproc://master2_2018-06-13T19:23:01.507+01:00-0] INFO  io.viewserver.datasource.RecordUtils - Scheduling addition to operator /datasources/product/table
19:26:48.734 [product-inproc://master2_2018-06-13T19:23:01.507+01:00-0] INFO  io.viewserver.adapters.mongo.MongoRecordLoader - GOT DOCUMENT IN SNAPSHOT - GardenHedgeTrimmer(LongReach) - Addition of snapshot listener for Mongo table null
19:26:48.734 [product-inproc://master2_2018-06-13T19:23:01.507+01:00-0] INFO  io.viewserver.datasource.RecordUtils - Scheduling addition to operator /datasources/product/table
19:26:48.734 [product-inproc://master2_2018-06-13T19:23:01.507+01:00-0] INFO  io.viewserver.adapters.mongo.MongoRecordLoader - GOT DOCUMENT IN SNAPSHOT - DehumidifierSmall - Addition of snapshot listener for Mongo table null
19:26:48.734 [product-inproc://master2_2018-06-13T19:23:01.507+01:00-0] INFO  io.viewserver.datasource.RecordUtils - Scheduling addition to operator /datasources/product/table
19:26:48.734 [product-inproc://master2_2018-06-13T19:23:01.507+01:00-0] INFO  io.viewserver.adapters.mongo.MongoRecordLoader - GOT DOCUMENT IN SNAPSHOT - DehumidifierLarge - Addition of snapshot listener for Mongo table null
19:26:48.734 [product-inproc://master2_2018-06-13T19:23:01.507+01:00-0] INFO  io.viewserver.datasource.RecordUtils - Scheduling addition to operator /datasources/product/table
19:26:48.735 [product-inproc://master2_2018-06-13T19:23:01.507+01:00-0] INFO  io.viewserver.adapters.mongo.MongoRecordLoader - GOT DOCUMENT IN SNAPSHOT - Fan240v - Addition of snapshot listener for Mongo table null
19:26:48.735 [product-inproc://master2_2018-06-13T19:23:01.507+01:00-0] INFO  io.viewserver.datasource.RecordUtils - Scheduling addition to operator /datasources/product/table
19:26:48.735 [product-inproc://master2_2018-06-13T19:23:01.507+01:00-0] INFO  io.viewserver.adapters.mongo.MongoRecordLoader - GOT DOCUMENT IN SNAPSHOT - HeaterCeramic - Addition of snapshot listener for Mongo table null
19:26:48.735 [product-inproc://master2_2018-06-13T19:23:01.507+01:00-0] INFO  io.viewserver.datasource.RecordUtils - Scheduling addition to operator /datasources/product/table
19:26:48.735 [product-inproc://master2_2018-06-13T19:23:01.507+01:00-0] INFO  io.viewserver.adapters.mongo.MongoRecordLoader - GOT DOCUMENT IN SNAPSHOT - HeaterElectricFan240v2kW - Addition of snapshot listener for Mongo table null
19:26:48.735 [product-inproc://master2_2018-06-13T19:23:01.507+01:00-0] INFO  io.viewserver.datasource.RecordUtils - Scheduling addition to operator /datasources/product/table
19:26:48.735 [product-inproc://master2_2018-06-13T19:23:01.507+01:00-0] INFO  io.viewserver.adapters.mongo.MongoRecordLoader - GOT DOCUMENT IN SNAPSHOT - HeaterElectricTube240v1.5kW - Addition of snapshot listener for Mongo table null
19:26:48.735 [product-inproc://master2_2018-06-13T19:23:01.507+01:00-0] INFO  io.viewserver.datasource.RecordUtils - Scheduling addition to operator /datasources/product/table
19:26:48.735 [product-inproc://master2_2018-06-13T19:23:01.507+01:00-0] INFO  io.viewserver.adapters.mongo.MongoRecordLoader - GOT DOCUMENT IN SNAPSHOT - HeaterInfraRed - Addition of snapshot listener for Mongo table null
19:26:48.735 [product-inproc://master2_2018-06-13T19:23:01.507+01:00-0] INFO  io.viewserver.datasource.RecordUtils - Scheduling addition to operator /datasources/product/table
19:26:48.735 [product-inproc://master2_2018-06-13T19:23:01.507+01:00-0] INFO  io.viewserver.adapters.mongo.MongoRecordLoader - GOT DOCUMENT IN SNAPSHOT - HeaterSpaceLarge - Addition of snapshot listener for Mongo table null
19:26:48.735 [product-inproc://master2_2018-06-13T19:23:01.507+01:00-0] INFO  io.viewserver.datasource.RecordUtils - Scheduling addition to operator /datasources/product/table
19:26:48.736 [product-inproc://master2_2018-06-13T19:23:01.507+01:00-0] INFO  io.viewserver.adapters.mongo.MongoRecordLoader - GOT DOCUMENT IN SNAPSHOT - HeaterSpaceSmall - Addition of snapshot listener for Mongo table null
19:26:48.736 [product-inproc://master2_2018-06-13T19:23:01.507+01:00-0] INFO  io.viewserver.datasource.RecordUtils - Scheduling addition to operator /datasources/product/table
19:26:48.736 [product-inproc://master2_2018-06-13T19:23:01.507+01:00-0] INFO  io.viewserver.adapters.mongo.MongoRecordLoader - GOT DOCUMENT IN SNAPSHOT - BlockandTackle1ton5m - Addition of snapshot listener for Mongo table null
19:26:48.736 [product-inproc://master2_2018-06-13T19:23:01.507+01:00-0] INFO  io.viewserver.datasource.RecordUtils - Scheduling addition to operator /datasources/product/table
19:26:48.736 [product-inproc://master2_2018-06-13T19:23:01.507+01:00-0] INFO  io.viewserver.adapters.mongo.MongoRecordLoader - GOT DOCUMENT IN SNAPSHOT - BlockandTackle2ton8m - Addition of snapshot listener for Mongo table null
19:26:48.736 [product-inproc://master2_2018-06-13T19:23:01.507+01:00-0] INFO  io.viewserver.datasource.RecordUtils - Scheduling addition to operator /datasources/product/table
19:26:48.736 [product-inproc://master2_2018-06-13T19:23:01.507+01:00-0] INFO  io.viewserver.adapters.mongo.MongoRecordLoader - GOT DOCUMENT IN SNAPSHOT - PalletTruck - Addition of snapshot listener for Mongo table null
19:26:48.736 [product-inproc://master2_2018-06-13T19:23:01.507+01:00-0] INFO  io.viewserver.datasource.RecordUtils - Scheduling addition to operator /datasources/product/table
19:26:48.736 [product-inproc://master2_2018-06-13T19:23:01.507+01:00-0] INFO  io.viewserver.adapters.mongo.MongoRecordLoader - GOT DOCUMENT IN SNAPSHOT - GinWheel - Addition of snapshot listener for Mongo table null
19:26:48.736 [product-inproc://master2_2018-06-13T19:23:01.507+01:00-0] INFO  io.viewserver.datasource.RecordUtils - Scheduling addition to operator /datasources/product/table
19:26:48.736 [product-inproc://master2_2018-06-13T19:23:01.507+01:00-0] INFO  io.viewserver.adapters.mongo.MongoRecordLoader - GOT DOCUMENT IN SNAPSHOT - SackBarrow - Addition of snapshot listener for Mongo table null
19:26:48.736 [product-inproc://master2_2018-06-13T19:23:01.507+01:00-0] INFO  io.viewserver.datasource.RecordUtils - Scheduling addition to operator /datasources/product/table
19:26:48.737 [product-inproc://master2_2018-06-13T19:23:01.507+01:00-0] INFO  io.viewserver.adapters.mongo.MongoRecordLoader - GOT DOCUMENT IN SNAPSHOT - SackBarrowStaircase - Addition of snapshot listener for Mongo table null
19:26:48.737 [product-inproc://master2_2018-06-13T19:23:01.507+01:00-0] INFO  io.viewserver.datasource.RecordUtils - Scheduling addition to operator /datasources/product/table
19:26:48.737 [product-inproc://master2_2018-06-13T19:23:01.507+01:00-0] INFO  io.viewserver.adapters.mongo.MongoRecordLoader - GOT DOCUMENT IN SNAPSHOT - PlasterboardLifter - Addition of snapshot listener for Mongo table null
19:26:48.737 [product-inproc://master2_2018-06-13T19:23:01.507+01:00-0] INFO  io.viewserver.datasource.RecordUtils - Scheduling addition to operator /datasources/product/table
19:26:48.737 [product-inproc://master2_2018-06-13T19:23:01.507+01:00-0] INFO  io.viewserver.adapters.mongo.MongoRecordLoader - GOT DOCUMENT IN SNAPSHOT - GenieLiftSLA103m454kg - Addition of snapshot listener for Mongo table null
19:26:48.737 [product-inproc://master2_2018-06-13T19:23:01.507+01:00-0] INFO  io.viewserver.datasource.RecordUtils - Scheduling addition to operator /datasources/product/table
19:26:48.738 [product-inproc://master2_2018-06-13T19:23:01.507+01:00-0] INFO  io.viewserver.adapters.mongo.MongoRecordLoader - GOT DOCUMENT IN SNAPSHOT - BlowLampSingle - Addition of snapshot listener for Mongo table null
19:26:48.738 [product-inproc://master2_2018-06-13T19:23:01.507+01:00-0] INFO  io.viewserver.datasource.RecordUtils - Scheduling addition to operator /datasources/product/table
19:26:48.739 [product-inproc://master2_2018-06-13T19:23:01.507+01:00-0] INFO  io.viewserver.adapters.mongo.MongoRecordLoader - GOT DOCUMENT IN SNAPSHOT - BlowLampDouble - Addition of snapshot listener for Mongo table null
19:26:48.739 [product-inproc://master2_2018-06-13T19:23:01.507+01:00-0] INFO  io.viewserver.datasource.RecordUtils - Scheduling addition to operator /datasources/product/table
19:26:48.739 [product-inproc://master2_2018-06-13T19:23:01.507+01:00-0] INFO  io.viewserver.adapters.mongo.MongoRecordLoader - GOT DOCUMENT IN SNAPSHOT - HotAirGun240v - Addition of snapshot listener for Mongo table null
19:26:48.732 [product-inproc://master3_2018-06-13T19:23:01.597+01:00-0] INFO  io.viewserver.datasource.RecordUtils - Scheduling addition to operator /datasources/product/table
19:26:48.740 [product-inproc://master3_2018-06-13T19:23:01.597+01:00-0] INFO  io.viewserver.adapters.mongo.MongoRecordLoader - GOT DOCUMENT IN SNAPSHOT - HeaterElectricTube240v1.5kW - Addition of snapshot listener for Mongo table null
19:26:48.740 [product-inproc://master2_2018-06-13T19:23:01.507+01:00-0] INFO  io.viewserver.datasource.RecordUtils - Scheduling addition to operator /datasources/product/table
19:26:48.740 [product-inproc://master3_2018-06-13T19:23:01.597+01:00-0] INFO  io.viewserver.datasource.RecordUtils - Scheduling addition to operator /datasources/product/table
19:26:48.740 [product-inproc://master2_2018-06-13T19:23:01.507+01:00-0] INFO  io.viewserver.adapters.mongo.MongoRecordLoader - GOT DOCUMENT IN SNAPSHOT - PasteTable - Addition of snapshot listener for Mongo table null
19:26:48.740 [product-inproc://master3_2018-06-13T19:23:01.597+01:00-0] INFO  io.viewserver.adapters.mongo.MongoRecordLoader - GOT DOCUMENT IN SNAPSHOT - HeaterInfraRed - Addition of snapshot listener for Mongo table null
19:26:48.740 [product-inproc://master3_2018-06-13T19:23:01.597+01:00-0] INFO  io.viewserver.datasource.RecordUtils - Scheduling addition to operator /datasources/product/table
19:26:48.740 [product-inproc://master2_2018-06-13T19:23:01.507+01:00-0] INFO  io.viewserver.datasource.RecordUtils - Scheduling addition to operator /datasources/product/table
19:26:48.740 [product-inproc://master3_2018-06-13T19:23:01.597+01:00-0] INFO  io.viewserver.adapters.mongo.MongoRecordLoader - GOT DOCUMENT IN SNAPSHOT - HeaterSpaceLarge - Addition of snapshot listener for Mongo table null
19:26:48.740 [product-inproc://master3_2018-06-13T19:23:01.597+01:00-0] INFO  io.viewserver.datasource.RecordUtils - Scheduling addition to operator /datasources/product/table
19:26:48.740 [product-inproc://master3_2018-06-13T19:23:01.597+01:00-0] INFO  io.viewserver.adapters.mongo.MongoRecordLoader - GOT DOCUMENT IN SNAPSHOT - HeaterSpaceSmall - Addition of snapshot listener for Mongo table null
19:26:48.740 [product-inproc://master3_2018-06-13T19:23:01.597+01:00-0] INFO  io.viewserver.datasource.RecordUtils - Scheduling addition to operator /datasources/product/table
19:26:48.740 [product-inproc://master3_2018-06-13T19:23:01.597+01:00-0] INFO  io.viewserver.adapters.mongo.MongoRecordLoader - GOT DOCUMENT IN SNAPSHOT - BlockandTackle1ton5m - Addition of snapshot listener for Mongo table null
19:26:48.740 [product-inproc://master3_2018-06-13T19:23:01.597+01:00-0] INFO  io.viewserver.datasource.RecordUtils - Scheduling addition to operator /datasources/product/table
19:26:48.740 [product-inproc://master3_2018-06-13T19:23:01.597+01:00-0] INFO  io.viewserver.adapters.mongo.MongoRecordLoader - GOT DOCUMENT IN SNAPSHOT - BlockandTackle2ton8m - Addition of snapshot listener for Mongo table null
19:26:48.740 [product-inproc://master3_2018-06-13T19:23:01.597+01:00-0] INFO  io.viewserver.datasource.RecordUtils - Scheduling addition to operator /datasources/product/table
19:26:48.741 [product-inproc://master3_2018-06-13T19:23:01.597+01:00-0] INFO  io.viewserver.adapters.mongo.MongoRecordLoader - GOT DOCUMENT IN SNAPSHOT - PalletTruck - Addition of snapshot listener for Mongo table null
19:26:48.741 [product-inproc://master3_2018-06-13T19:23:01.597+01:00-0] INFO  io.viewserver.datasource.RecordUtils - Scheduling addition to operator /datasources/product/table
19:26:48.741 [product-inproc://master3_2018-06-13T19:23:01.597+01:00-0] INFO  io.viewserver.adapters.mongo.MongoRecordLoader - GOT DOCUMENT IN SNAPSHOT - GinWheel - Addition of snapshot listener for Mongo table null
19:26:48.741 [product-inproc://master3_2018-06-13T19:23:01.597+01:00-0] INFO  io.viewserver.datasource.RecordUtils - Scheduling addition to operator /datasources/product/table
19:26:48.742 [product-inproc://master3_2018-06-13T19:23:01.597+01:00-0] INFO  io.viewserver.adapters.mongo.MongoRecordLoader - GOT DOCUMENT IN SNAPSHOT - SackBarrow - Addition of snapshot listener for Mongo table null
19:26:48.742 [product-inproc://master2_2018-06-13T19:23:01.507+01:00-0] INFO  io.viewserver.adapters.mongo.MongoRecordLoader - GOT DOCUMENT IN SNAPSHOT - TyroleanGun - Addition of snapshot listener for Mongo table null
19:26:48.742 [product-inproc://master2_2018-06-13T19:23:01.507+01:00-0] INFO  io.viewserver.datasource.RecordUtils - Scheduling addition to operator /datasources/product/table
19:26:48.742 [product-inproc://master2_2018-06-13T19:23:01.507+01:00-0] INFO  io.viewserver.adapters.mongo.MongoRecordLoader - GOT DOCUMENT IN SNAPSHOT - WallpaperStripper240v - Addition of snapshot listener for Mongo table null
19:26:48.742 [product-inproc://master2_2018-06-13T19:23:01.507+01:00-0] INFO  io.viewserver.datasource.RecordUtils - Scheduling addition to operator /datasources/product/table
19:26:48.742 [product-inproc://master3_2018-06-13T19:23:01.597+01:00-0] INFO  io.viewserver.datasource.RecordUtils - Scheduling addition to operator /datasources/product/table
19:26:48.742 [product-inproc://master2_2018-06-13T19:23:01.507+01:00-0] INFO  io.viewserver.adapters.mongo.MongoRecordLoader - GOT DOCUMENT IN SNAPSHOT - WallpaperPerforator - Addition of snapshot listener for Mongo table null
19:26:48.742 [product-inproc://master3_2018-06-13T19:23:01.597+01:00-0] INFO  io.viewserver.adapters.mongo.MongoRecordLoader - GOT DOCUMENT IN SNAPSHOT - SackBarrowStaircase - Addition of snapshot listener for Mongo table null
19:26:48.742 [product-inproc://master3_2018-06-13T19:23:01.597+01:00-0] INFO  io.viewserver.datasource.RecordUtils - Scheduling addition to operator /datasources/product/table
19:26:48.742 [product-inproc://master2_2018-06-13T19:23:01.507+01:00-0] INFO  io.viewserver.datasource.RecordUtils - Scheduling addition to operator /datasources/product/table
19:26:48.742 [product-inproc://master3_2018-06-13T19:23:01.597+01:00-0] INFO  io.viewserver.adapters.mongo.MongoRecordLoader - GOT DOCUMENT IN SNAPSHOT - PlasterboardLifter - Addition of snapshot listener for Mongo table null
19:26:48.743 [product-inproc://master2_2018-06-13T19:23:01.507+01:00-0] INFO  io.viewserver.adapters.mongo.MongoRecordLoader - GOT DOCUMENT IN SNAPSHOT - TexturedSurfaceRemover - Addition of snapshot listener for Mongo table null
19:26:48.743 [product-inproc://master3_2018-06-13T19:23:01.597+01:00-0] INFO  io.viewserver.datasource.RecordUtils - Scheduling addition to operator /datasources/product/table
19:26:55.701 [product-inproc://master3_2018-06-13T19:23:01.597+01:00-0] INFO  io.viewserver.adapters.mongo.MongoRecordLoader - GOT DOCUMENT IN SNAPSHOT - GenieLiftSLA103m454kg - Addition of snapshot listener for Mongo table null
19:26:55.701 [product-inproc://master3_2018-06-13T19:23:01.597+01:00-0] INFO  io.viewserver.datasource.RecordUtils - Scheduling addition to operator /datasources/product/table
19:26:55.701 [reactor-client1] INFO  io.viewserver.network.Network - EXECUTING - Connecting to NettyInProcEndpoint{name='master1'} - Failure Count is 6
19:26:55.702 [Thread-3] INFO  io.viewserver.reactor.EventLoopReactor - inproc://master3_2018-06-13T19:23:01.597+01:00 - Received SHUTDOWN
19:26:55.702 [reactor-monitor] WARN  io.viewserver.reactor.ReactorMonitor - Reactor inproc://master2_2018-06-13T19:23:01.507+01:00 did not respond
19:26:55.702 [reactor-monitor] WARN  io.viewserver.reactor.ReactorMonitor - Reactor inproc://master3_2018-06-13T19:23:01.597+01:00 did not respond
19:26:55.713 [product-inproc://master2_2018-06-13T19:23:01.507+01:00-0] INFO  io.viewserver.datasource.RecordUtils - Scheduling addition to operator /datasources/product/table
19:26:55.713 [product-inproc://master3_2018-06-13T19:23:01.597+01:00-0] INFO  io.viewserver.adapters.mongo.MongoRecordLoader - GOT DOCUMENT IN SNAPSHOT - BlowLampSingle - Addition of snapshot listener for Mongo table null
19:26:55.713 [product-inproc://master3_2018-06-13T19:23:01.597+01:00-0] INFO  io.viewserver.datasource.RecordUtils - Scheduling addition to operator /datasources/product/table
19:26:55.713 [product-inproc://master3_2018-06-13T19:23:01.597+01:00-0] INFO  io.viewserver.adapters.mongo.MongoRecordLoader - GOT DOCUMENT IN SNAPSHOT - BlowLampDouble - Addition of snapshot listener for Mongo table null
19:26:55.713 [product-inproc://master3_2018-06-13T19:23:01.597+01:00-0] INFO  io.viewserver.datasource.RecordUtils - Scheduling addition to operator /datasources/product/table
19:26:55.713 [product-inproc://master3_2018-06-13T19:23:01.597+01:00-0] INFO  io.viewserver.adapters.mongo.MongoRecordLoader - GOT DOCUMENT IN SNAPSHOT - HotAirGun240v - Addition of snapshot listener for Mongo table null
19:26:55.714 [product-inproc://master3_2018-06-13T19:23:01.597+01:00-0] INFO  io.viewserver.datasource.RecordUtils - Scheduling addition to operator /datasources/product/table
19:26:55.714 [product-inproc://master3_2018-06-13T19:23:01.597+01:00-0] INFO  io.viewserver.adapters.mongo.MongoRecordLoader - GOT DOCUMENT IN SNAPSHOT - PasteTable - Addition of snapshot listener for Mongo table null
19:26:55.713 [product-inproc://master2_2018-06-13T19:23:01.507+01:00-0] INFO  io.viewserver.adapters.mongo.MongoRecordLoader - GOT DOCUMENT IN SNAPSHOT - PaintSprayer(Airless)110v - Addition of snapshot listener for Mongo table null
19:26:55.715 [product-inproc://master2_2018-06-13T19:23:01.507+01:00-0] INFO  io.viewserver.datasource.RecordUtils - Scheduling addition to operator /datasources/product/table
19:26:55.715 [product-inproc://master2_2018-06-13T19:23:01.507+01:00-0] INFO  io.viewserver.adapters.mongo.MongoRecordLoader - GOT DOCUMENT IN SNAPSHOT - CentralHeatingFlusher110v - Addition of snapshot listener for Mongo table null
04:55:49.377 [product-inproc://master3_2018-06-13T19:23:01.597+01:00-0] INFO  io.viewserver.datasource.RecordUtils - Scheduling addition to operator /datasources/product/table
04:55:49.479 [product-inproc://master3_2018-06-13T19:23:01.597+01:00-0] INFO  io.viewserver.adapters.mongo.MongoRecordLoader - GOT DOCUMENT IN SNAPSHOT - TyroleanGun - Addition of snapshot listener for Mongo table null
04:55:49.480 [product-inproc://master1_2018-06-13T19:22:52.800+01:00-0] INFO  io.viewserver.server.components.InitialDataLoaderComponent - COMPLETED FINISHED WAITING Record loaders - 14
04:55:49.484 [product-inproc://master3_2018-06-13T19:23:01.597+01:00-0] INFO  io.viewserver.datasource.RecordUtils - Scheduling addition to operator /datasources/product/table
04:55:49.485 [product-inproc://master3_2018-06-13T19:23:01.597+01:00-0] INFO  io.viewserver.adapters.mongo.MongoRecordLoader - GOT DOCUMENT IN SNAPSHOT - WallpaperStripper240v - Addition of snapshot listener for Mongo table null
04:55:49.487 [product-inproc://master2_2018-06-13T19:23:01.507+01:00-0] INFO  io.viewserver.datasource.RecordUtils - Scheduling addition to operator /datasources/product/table
java.lang.RuntimeException: java.lang.RuntimeException: Cannot detect server stopped after 10 seconds
04:55:49.491 [product-inproc://master3_2018-06-13T19:23:01.597+01:00-0] INFO  io.viewserver.datasource.RecordUtils - Scheduling addition to operator /datasources/product/table
04:55:49.506 [product-inproc://master3_2018-06-13T19:23:01.597+01:00-0] INFO  io.viewserver.adapters.mongo.MongoRecordLoader - GOT DOCUMENT IN SNAPSHOT - WallpaperPerforator - Addition of snapshot listener for Mongo table null
04:55:49.505 [reactor-client1] ERROR io.viewserver.network.Network - Issue connecting. Scheduling connection to next end point in a second NettyInProcEndpoint{name='master1'} - 1/1 - java.net.ConnectException: connection refused: local:master1
04:55:49.511 [product-inproc://master3_2018-06-13T19:23:01.597+01:00-0] INFO  io.viewserver.datasource.RecordUtils - Scheduling addition to operator /datasources/product/table
04:55:49.512 [product-inproc://master3_2018-06-13T19:23:01.597+01:00-0] INFO  io.viewserver.adapters.mongo.MongoRecordLoader - GOT DOCUMENT IN SNAPSHOT - TexturedSurfaceRemover - Addition of snapshot listener for Mongo table null
04:55:49.512 [product-inproc://master2_2018-06-13T19:23:01.507+01:00-0] INFO  io.viewserver.adapters.mongo.MongoRecordLoader - GOT DOCUMENT IN SNAPSHOT - DrainClearer110v - Addition of snapshot listener for Mongo table null
04:55:49.513 [product-inproc://master2_2018-06-13T19:23:01.507+01:00-0] INFO  io.viewserver.datasource.RecordUtils - Scheduling addition to operator /datasources/product/table
04:55:49.513 [product-inproc://master3_2018-06-13T19:23:01.597+01:00-0] INFO  io.viewserver.datasource.RecordUtils - Scheduling addition to operator /datasources/product/table
04:55:49.515 [product-inproc://master2_2018-06-13T19:23:01.507+01:00-0] INFO  io.viewserver.adapters.mongo.MongoRecordLoader - GOT DOCUMENT IN SNAPSHOT - DrainPlugs - Addition of snapshot listener for Mongo table null
04:55:49.517 [product-inproc://master2_2018-06-13T19:23:01.507+01:00-0] INFO  io.viewserver.datasource.RecordUtils - Scheduling addition to operator /datasources/product/table
04:55:49.518 [product-inproc://master3_2018-06-13T19:23:01.597+01:00-0] INFO  io.viewserver.adapters.mongo.MongoRecordLoader - GOT DOCUMENT IN SNAPSHOT - PaintSprayer(Airless)110v - Addition of snapshot listener for Mongo table null
04:55:49.520 [product-inproc://master2_2018-06-13T19:23:01.507+01:00-0] INFO  io.viewserver.adapters.mongo.MongoRecordLoader - GOT DOCUMENT IN SNAPSHOT - DrainRods - Addition of snapshot listener for Mongo table null
04:55:49.520 [product-inproc://master3_2018-06-13T19:23:01.597+01:00-0] INFO  io.viewserver.datasource.RecordUtils - Scheduling addition to operator /datasources/product/table
04:55:49.521 [product-inproc://master2_2018-06-13T19:23:01.507+01:00-0] INFO  io.viewserver.datasource.RecordUtils - Scheduling addition to operator /datasources/product/table
	at io.viewserver.server.steps.ShotgunViewServerSteps$TestServer.stop(ShotgunViewServerSteps.java:133)
04:55:49.521 [product-inproc://master3_2018-06-13T19:23:01.597+01:00-0] INFO  io.viewserver.adapters.mongo.MongoRecordLoader - GOT DOCUMENT IN SNAPSHOT - CentralHeatingFlusher110v - Addition of snapshot listener for Mongo table null
	at io.viewserver.server.steps.ShotgunViewServerSteps.lambda$afterScenario$0(ShotgunViewServerSteps.java:46)
	at java.util.stream.ForEachOps$ForEachOp$OfRef.accept(ForEachOps.java:184)
	at java.util.HashMap$ValueSpliterator.forEachRemaining(HashMap.java:1625)
	at java.util.stream.AbstractPipeline.copyInto(AbstractPipeline.java:481)
	at java.util.stream.ForEachOps$ForEachTask.compute(ForEachOps.java:291)
	at java.util.concurrent.CountedCompleter.exec(CountedCompleter.java:731)
	at java.util.concurrent.ForkJoinTask.doExec(ForkJoinTask.java:289)
	at java.util.concurrent.ForkJoinPool.helpComplete(ForkJoinPool.java:1870)
	at java.util.concurrent.ForkJoinPool.externalHelpComplete(ForkJoinPool.java:2467)
	at java.util.concurrent.ForkJoinTask.externalAwaitDone(ForkJoinTask.java:324)
04:55:49.522 [product-inproc://master3_2018-06-13T19:23:01.597+01:00-0] INFO  io.viewserver.datasource.RecordUtils - Scheduling addition to operator /datasources/product/table
04:55:49.524 [product-inproc://master2_2018-06-13T19:23:01.507+01:00-0] INFO  io.viewserver.adapters.mongo.MongoRecordLoader - GOT DOCUMENT IN SNAPSHOT - DrainAirBag - Addition of snapshot listener for Mongo table null
04:55:49.525 [product-inproc://master2_2018-06-13T19:23:01.507+01:00-0] INFO  io.viewserver.datasource.RecordUtils - Scheduling addition to operator /datasources/product/table
04:55:49.526 [product-inproc://master3_2018-06-13T19:23:01.597+01:00-0] INFO  io.viewserver.adapters.mongo.MongoRecordLoader - GOT DOCUMENT IN SNAPSHOT - DrainClearer110v - Addition of snapshot listener for Mongo table null
04:55:49.528 [product-inproc://master3_2018-06-13T19:23:01.597+01:00-0] INFO  io.viewserver.datasource.RecordUtils - Scheduling addition to operator /datasources/product/table
04:55:49.529 [product-inproc://master3_2018-06-13T19:23:01.597+01:00-0] INFO  io.viewserver.adapters.mongo.MongoRecordLoader - GOT DOCUMENT IN SNAPSHOT - DrainPlugs - Addition of snapshot listener for Mongo table null
04:55:49.529 [product-inproc://master3_2018-06-13T19:23:01.597+01:00-0] INFO  io.viewserver.datasource.RecordUtils - Scheduling addition to operator /datasources/product/table
04:55:49.530 [product-inproc://master3_2018-06-13T19:23:01.597+01:00-0] INFO  io.viewserver.adapters.mongo.MongoRecordLoader - GOT DOCUMENT IN SNAPSHOT - DrainRods - Addition of snapshot listener for Mongo table null
04:55:49.530 [product-inproc://master3_2018-06-13T19:23:01.597+01:00-0] INFO  io.viewserver.datasource.RecordUtils - Scheduling addition to operator /datasources/product/table
04:55:49.530 [product-inproc://master3_2018-06-13T19:23:01.597+01:00-0] INFO  io.viewserver.adapters.mongo.MongoRecordLoader - GOT DOCUMENT IN SNAPSHOT - DrainAirBag - Addition of snapshot listener for Mongo table null
04:55:49.530 [product-inproc://master3_2018-06-13T19:23:01.597+01:00-0] INFO  io.viewserver.datasource.RecordUtils - Scheduling addition to operator /datasources/product/table
04:55:49.530 [product-inproc://master3_2018-06-13T19:23:01.597+01:00-0] INFO  io.viewserver.adapters.mongo.MongoRecordLoader - GOT DOCUMENT IN SNAPSHOT - DrainAirPump - Addition of snapshot listener for Mongo table null
04:55:49.531 [product-inproc://master2_2018-06-13T19:23:01.507+01:00-0] INFO  io.viewserver.adapters.mongo.MongoRecordLoader - GOT DOCUMENT IN SNAPSHOT - DrainAirPump - Addition of snapshot listener for Mongo table null
04:55:49.532 [product-inproc://master2_2018-06-13T19:23:01.507+01:00-0] INFO  io.viewserver.datasource.RecordUtils - Scheduling addition to operator /datasources/product/table
04:55:49.532 [product-inproc://master2_2018-06-13T19:23:01.507+01:00-0] INFO  io.viewserver.adapters.mongo.MongoRecordLoader - GOT DOCUMENT IN SNAPSHOT - PipeBender - Addition of snapshot listener for Mongo table null
04:55:49.533 [product-inproc://master2_2018-06-13T19:23:01.507+01:00-0] INFO  io.viewserver.datasource.RecordUtils - Scheduling addition to operator /datasources/product/table
04:55:49.532 [product-inproc://master3_2018-06-13T19:23:01.597+01:00-0] INFO  io.viewserver.datasource.RecordUtils - Scheduling addition to operator /datasources/product/table
04:55:49.540 [product-inproc://master3_2018-06-13T19:23:01.597+01:00-0] INFO  io.viewserver.adapters.mongo.MongoRecordLoader - GOT DOCUMENT IN SNAPSHOT - PipeBender - Addition of snapshot listener for Mongo table null
04:55:49.541 [product-inproc://master3_2018-06-13T19:23:01.597+01:00-0] INFO  io.viewserver.datasource.RecordUtils - Scheduling addition to operator /datasources/product/table
04:55:49.540 [product-inproc://master2_2018-06-13T19:23:01.507+01:00-0] INFO  io.viewserver.adapters.mongo.MongoRecordLoader - GOT DOCUMENT IN SNAPSHOT - PipeStockandDieSet - Addition of snapshot listener for Mongo table null
04:55:49.550 [product-inproc://master2_2018-06-13T19:23:01.507+01:00-0] INFO  io.viewserver.datasource.RecordUtils - Scheduling addition to operator /datasources/product/table
04:55:49.551 [product-inproc://master2_2018-06-13T19:23:01.507+01:00-0] INFO  io.viewserver.adapters.mongo.MongoRecordLoader - GOT DOCUMENT IN SNAPSHOT - PipeFreezingKit110v - Addition of snapshot listener for Mongo table null
04:55:49.551 [product-inproc://master3_2018-06-13T19:23:01.597+01:00-0] INFO  io.viewserver.adapters.mongo.MongoRecordLoader - GOT DOCUMENT IN SNAPSHOT - PipeStockandDieSet - Addition of snapshot listener for Mongo table null
04:55:49.551 [product-inproc://master2_2018-06-13T19:23:01.507+01:00-0] INFO  io.viewserver.datasource.RecordUtils - Scheduling addition to operator /datasources/product/table
04:55:49.551 [product-inproc://master3_2018-06-13T19:23:01.597+01:00-0] INFO  io.viewserver.datasource.RecordUtils - Scheduling addition to operator /datasources/product/table
04:55:49.552 [product-inproc://master3_2018-06-13T19:23:01.597+01:00-0] INFO  io.viewserver.adapters.mongo.MongoRecordLoader - GOT DOCUMENT IN SNAPSHOT - PipeFreezingKit110v - Addition of snapshot listener for Mongo table null
04:55:49.552 [product-inproc://master3_2018-06-13T19:23:01.597+01:00-0] INFO  io.viewserver.datasource.RecordUtils - Scheduling addition to operator /datasources/product/table
04:55:49.580 [main] INFO  io.viewserver.server.steps.ShotgunViewServerSteps$TestServer - MILESTONE - Stopping server
	at java.util.concurrent.ForkJoinTask.doInvoke(ForkJoinTask.java:405)
	at java.util.concurrent.ForkJoinTask.invoke(ForkJoinTask.java:734)
	at java.util.stream.ForEachOps$ForEachOp.evaluateParallel(ForEachOps.java:160)
	at java.util.stream.ForEachOps$ForEachOp$OfRef.evaluateParallel(ForEachOps.java:174)
	at java.util.stream.AbstractPipeline.evaluate(AbstractPipeline.java:233)
	at java.util.stream.ReferencePipeline.forEach(ReferencePipeline.java:418)
	at java.util.stream.ReferencePipeline$Head.forEach(ReferencePipeline.java:583)
	at io.viewserver.server.steps.ShotgunViewServerSteps.afterScenario(ShotgunViewServerSteps.java:42)
	at sun.reflect.NativeMethodAccessorImpl.invoke0(Native Method)
	at sun.reflect.NativeMethodAccessorImpl.invoke(NativeMethodAccessorImpl.java:62)
	at sun.reflect.DelegatingMethodAccessorImpl.invoke(DelegatingMethodAccessorImpl.java:43)
	at java.lang.reflect.Method.invoke(Method.java:498)
	at cucumber.runtime.Utils$1.call(Utils.java:40)
	at cucumber.runtime.Timeout.timeout(Timeout.java:16)
	at cucumber.runtime.Utils.invoke(Utils.java:34)
	at cucumber.runtime.java.JavaHookDefinition.execute(JavaHookDefinition.java:60)
	at cucumber.runtime.Runtime.runHookIfTagsMatch(Runtime.java:224)
	at cucumber.runtime.Runtime.runHooks(Runtime.java:212)
	at cucumber.runtime.Runtime.runAfterHooks(Runtime.java:206)
	at cucumber.runtime.model.CucumberScenario.run(CucumberScenario.java:46)
	at cucumber.runtime.model.CucumberFeature.run(CucumberFeature.java:165)
	at cucumber.runtime.Runtime.run(Runtime.java:122)
	at cucumber.api.cli.Main.run(Main.java:36)
	at cucumber.api.cli.Main.main(Main.java:18)
Caused by: java.lang.RuntimeException: Cannot detect server stopped after 10 seconds
	at io.viewserver.server.steps.ShotgunViewServerSteps$TestServer.stop(ShotgunViewServerSteps.java:130)
	... 34 more
04:55:49.595 [product-inproc://master2_2018-06-13T19:23:01.507+01:00-0] INFO  io.viewserver.adapters.mongo.MongoRecordLoader - GOT DOCUMENT IN SNAPSHOT - WaterPump110v - Addition of snapshot listener for Mongo table null
04:55:49.595 [product-inproc://master2_2018-06-13T19:23:01.507+01:00-0] INFO  io.viewserver.datasource.RecordUtils - Scheduling addition to operator /datasources/product/table
04:55:49.595 [product-inproc://master2_2018-06-13T19:23:01.507+01:00-0] INFO  io.viewserver.adapters.mongo.MongoRecordLoader - GOT DOCUMENT IN SNAPSHOT - ImpactDriver110v - Addition of snapshot listener for Mongo table null
04:55:49.596 [product-inproc://master2_2018-06-13T19:23:01.507+01:00-0] INFO  io.viewserver.datasource.RecordUtils - Scheduling addition to operator /datasources/product/table
04:55:49.623 [product-inproc://master2_2018-06-13T19:23:01.507+01:00-0] INFO  io.viewserver.adapters.mongo.MongoRecordLoader - GOT DOCUMENT IN SNAPSHOT - ImpulseGunPaslode - Addition of snapshot listener for Mongo table null
04:55:49.624 [product-inproc://master2_2018-06-13T19:23:01.507+01:00-0] INFO  io.viewserver.datasource.RecordUtils - Scheduling addition to operator /datasources/product/table
04:55:49.624 [product-inproc://master2_2018-06-13T19:23:01.507+01:00-0] INFO  io.viewserver.adapters.mongo.MongoRecordLoader - GOT DOCUMENT IN SNAPSHOT - Portanailer - Addition of snapshot listener for Mongo table null
04:55:49.624 [product-inproc://master2_2018-06-13T19:23:01.507+01:00-0] INFO  io.viewserver.datasource.RecordUtils - Scheduling addition to operator /datasources/product/table
04:55:49.594 [product-inproc://master3_2018-06-13T19:23:01.597+01:00-0] INFO  io.viewserver.adapters.mongo.MongoRecordLoader - GOT DOCUMENT IN SNAPSHOT - WaterPump110v - Addition of snapshot listener for Mongo table null
04:55:49.624 [product-inproc://master2_2018-06-13T19:23:01.507+01:00-0] INFO  io.viewserver.adapters.mongo.MongoRecordLoader - GOT DOCUMENT IN SNAPSHOT - ScrewdriverAutofeed110v - Addition of snapshot listener for Mongo table null
04:55:49.624 [product-inproc://master3_2018-06-13T19:23:01.597+01:00-0] INFO  io.viewserver.datasource.RecordUtils - Scheduling addition to operator /datasources/product/table
04:55:49.624 [product-inproc://master3_2018-06-13T19:23:01.597+01:00-0] INFO  io.viewserver.adapters.mongo.MongoRecordLoader - GOT DOCUMENT IN SNAPSHOT - ImpactDriver110v - Addition of snapshot listener for Mongo table null
04:55:49.624 [product-inproc://master2_2018-06-13T19:23:01.507+01:00-0] INFO  io.viewserver.datasource.RecordUtils - Scheduling addition to operator /datasources/product/table
04:55:49.624 [product-inproc://master2_2018-06-13T19:23:01.507+01:00-0] INFO  io.viewserver.adapters.mongo.MongoRecordLoader - GOT DOCUMENT IN SNAPSHOT - Stapler240v - Addition of snapshot listener for Mongo table null
04:55:49.624 [product-inproc://master2_2018-06-13T19:23:01.507+01:00-0] INFO  io.viewserver.datasource.RecordUtils - Scheduling addition to operator /datasources/product/table
04:55:49.624 [product-inproc://master2_2018-06-13T19:23:01.507+01:00-0] INFO  io.viewserver.adapters.mongo.MongoRecordLoader - GOT DOCUMENT IN SNAPSHOT - SanderBelt4in240v - Addition of snapshot listener for Mongo table null
04:55:49.624 [product-inproc://master2_2018-06-13T19:23:01.507+01:00-0] INFO  io.viewserver.datasource.RecordUtils - Scheduling addition to operator /datasources/product/table
04:55:49.624 [product-inproc://master2_2018-06-13T19:23:01.507+01:00-0] INFO  io.viewserver.adapters.mongo.MongoRecordLoader - GOT DOCUMENT IN SNAPSHOT - SanderDisc7in - Addition of snapshot listener for Mongo table null
04:55:49.624 [product-inproc://master2_2018-06-13T19:23:01.507+01:00-0] INFO  io.viewserver.datasource.RecordUtils - Scheduling addition to operator /datasources/product/table
04:55:49.624 [product-inproc://master2_2018-06-13T19:23:01.507+01:00-0] INFO  io.viewserver.adapters.mongo.MongoRecordLoader - GOT DOCUMENT IN SNAPSHOT - SanderDetail240v - Addition of snapshot listener for Mongo table null
04:55:49.624 [product-inproc://master2_2018-06-13T19:23:01.507+01:00-0] INFO  io.viewserver.datasource.RecordUtils - Scheduling addition to operator /datasources/product/table
04:55:49.625 [product-inproc://master3_2018-06-13T19:23:01.597+01:00-0] INFO  io.viewserver.datasource.RecordUtils - Scheduling addition to operator /datasources/product/table
04:55:49.625 [product-inproc://master3_2018-06-13T19:23:01.597+01:00-0] INFO  io.viewserver.adapters.mongo.MongoRecordLoader - GOT DOCUMENT IN SNAPSHOT - ImpulseGunPaslode - Addition of snapshot listener for Mongo table null
04:55:49.625 [product-inproc://master3_2018-06-13T19:23:01.597+01:00-0] INFO  io.viewserver.datasource.RecordUtils - Scheduling addition to operator /datasources/product/table
04:55:49.625 [product-inproc://master3_2018-06-13T19:23:01.597+01:00-0] INFO  io.viewserver.adapters.mongo.MongoRecordLoader - GOT DOCUMENT IN SNAPSHOT - Portanailer - Addition of snapshot listener for Mongo table null
04:55:49.625 [product-inproc://master3_2018-06-13T19:23:01.597+01:00-0] INFO  io.viewserver.datasource.RecordUtils - Scheduling addition to operator /datasources/product/table
04:55:49.625 [product-inproc://master2_2018-06-13T19:23:01.507+01:00-0] INFO  io.viewserver.adapters.mongo.MongoRecordLoader - GOT DOCUMENT IN SNAPSHOT - SanderOrbital4in - Addition of snapshot listener for Mongo table null
04:55:49.625 [product-inproc://master2_2018-06-13T19:23:01.507+01:00-0] INFO  io.viewserver.datasource.RecordUtils - Scheduling addition to operator /datasources/product/table
04:55:49.625 [product-inproc://master2_2018-06-13T19:23:01.507+01:00-0] INFO  io.viewserver.adapters.mongo.MongoRecordLoader - GOT DOCUMENT IN SNAPSHOT - SanderOrbitalPalm - Addition of snapshot listener for Mongo table null
04:55:49.625 [product-inproc://master3_2018-06-13T19:23:01.597+01:00-0] INFO  io.viewserver.adapters.mongo.MongoRecordLoader - GOT DOCUMENT IN SNAPSHOT - ScrewdriverAutofeed110v - Addition of snapshot listener for Mongo table null
04:55:49.626 [product-inproc://master3_2018-06-13T19:23:01.597+01:00-0] INFO  io.viewserver.datasource.RecordUtils - Scheduling addition to operator /datasources/product/table
04:55:49.626 [product-inproc://master3_2018-06-13T19:23:01.597+01:00-0] INFO  io.viewserver.adapters.mongo.MongoRecordLoader - GOT DOCUMENT IN SNAPSHOT - Stapler240v - Addition of snapshot listener for Mongo table null
04:55:49.625 [product-inproc://master2_2018-06-13T19:23:01.507+01:00-0] INFO  io.viewserver.datasource.RecordUtils - Scheduling addition to operator /datasources/product/table
04:55:49.628 [product-inproc://master2_2018-06-13T19:23:01.507+01:00-0] INFO  io.viewserver.adapters.mongo.MongoRecordLoader - GOT DOCUMENT IN SNAPSHOT - SanderFloor8indrum240v - Addition of snapshot listener for Mongo table null
04:55:49.628 [product-inproc://master3_2018-06-13T19:23:01.597+01:00-0] INFO  io.viewserver.datasource.RecordUtils - Scheduling addition to operator /datasources/product/table
04:55:49.632 [product-inproc://master3_2018-06-13T19:23:01.597+01:00-0] INFO  io.viewserver.adapters.mongo.MongoRecordLoader - GOT DOCUMENT IN SNAPSHOT - SanderBelt4in240v - Addition of snapshot listener for Mongo table null
04:55:49.633 [product-inproc://master2_2018-06-13T19:23:01.507+01:00-0] INFO  io.viewserver.datasource.RecordUtils - Scheduling addition to operator /datasources/product/table
04:55:49.642 [product-inproc://master2_2018-06-13T19:23:01.507+01:00-0] INFO  io.viewserver.adapters.mongo.MongoRecordLoader - GOT DOCUMENT IN SNAPSHOT - SanderEdging240v - Addition of snapshot listener for Mongo table null
04:55:49.642 [product-inproc://master2_2018-06-13T19:23:01.507+01:00-0] INFO  io.viewserver.datasource.RecordUtils - Scheduling addition to operator /datasources/product/table
04:55:49.642 [product-inproc://master3_2018-06-13T19:23:01.597+01:00-0] INFO  io.viewserver.datasource.RecordUtils - Scheduling addition to operator /datasources/product/table
04:55:49.643 [product-inproc://master3_2018-06-13T19:23:01.597+01:00-0] INFO  io.viewserver.adapters.mongo.MongoRecordLoader - GOT DOCUMENT IN SNAPSHOT - SanderDisc7in - Addition of snapshot listener for Mongo table null
04:55:49.644 [product-inproc://master3_2018-06-13T19:23:01.597+01:00-0] INFO  io.viewserver.datasource.RecordUtils - Scheduling addition to operator /datasources/product/table
04:55:49.645 [product-inproc://master3_2018-06-13T19:23:01.597+01:00-0] INFO  io.viewserver.adapters.mongo.MongoRecordLoader - GOT DOCUMENT IN SNAPSHOT - SanderDetail240v - Addition of snapshot listener for Mongo table null
04:55:49.645 [product-inproc://master3_2018-06-13T19:23:01.597+01:00-0] INFO  io.viewserver.datasource.RecordUtils - Scheduling addition to operator /datasources/product/table
04:55:49.645 [product-inproc://master3_2018-06-13T19:23:01.597+01:00-0] INFO  io.viewserver.adapters.mongo.MongoRecordLoader - GOT DOCUMENT IN SNAPSHOT - SanderOrbital4in - Addition of snapshot listener for Mongo table null
04:55:49.645 [product-inproc://master3_2018-06-13T19:23:01.597+01:00-0] INFO  io.viewserver.datasource.RecordUtils - Scheduling addition to operator /datasources/product/table
04:55:49.645 [product-inproc://master3_2018-06-13T19:23:01.597+01:00-0] INFO  io.viewserver.adapters.mongo.MongoRecordLoader - GOT DOCUMENT IN SNAPSHOT - SanderOrbitalPalm - Addition of snapshot listener for Mongo table null
04:55:49.645 [product-inproc://master3_2018-06-13T19:23:01.597+01:00-0] INFO  io.viewserver.datasource.RecordUtils - Scheduling addition to operator /datasources/product/table
04:55:49.645 [product-inproc://master3_2018-06-13T19:23:01.597+01:00-0] INFO  io.viewserver.adapters.mongo.MongoRecordLoader - GOT DOCUMENT IN SNAPSHOT - SanderFloor8indrum240v - Addition of snapshot listener for Mongo table null
04:55:49.645 [product-inproc://master3_2018-06-13T19:23:01.597+01:00-0] INFO  io.viewserver.datasource.RecordUtils - Scheduling addition to operator /datasources/product/table
04:55:49.645 [product-inproc://master3_2018-06-13T19:23:01.597+01:00-0] INFO  io.viewserver.adapters.mongo.MongoRecordLoader - GOT DOCUMENT IN SNAPSHOT - SanderEdging240v - Addition of snapshot listener for Mongo table null
04:55:49.645 [product-inproc://master3_2018-06-13T19:23:01.597+01:00-0] INFO  io.viewserver.datasource.RecordUtils - Scheduling addition to operator /datasources/product/table
04:55:49.646 [product-inproc://master3_2018-06-13T19:23:01.597+01:00-0] INFO  io.viewserver.adapters.mongo.MongoRecordLoader - GOT DOCUMENT IN SNAPSHOT - SanderOrbitalFloor240v - Addition of snapshot listener for Mongo table null
04:55:49.646 [product-inproc://master3_2018-06-13T19:23:01.597+01:00-0] INFO  io.viewserver.datasource.RecordUtils - Scheduling addition to operator /datasources/product/table
04:55:49.646 [product-inproc://master3_2018-06-13T19:23:01.597+01:00-0] INFO  io.viewserver.adapters.mongo.MongoRecordLoader - GOT DOCUMENT IN SNAPSHOT - FloorPreparationMachine110v - Addition of snapshot listener for Mongo table null
04:55:49.646 [product-inproc://master3_2018-06-13T19:23:01.597+01:00-0] INFO  io.viewserver.datasource.RecordUtils - Scheduling addition to operator /datasources/product/table
04:55:49.646 [product-inproc://master3_2018-06-13T19:23:01.597+01:00-0] INFO  io.viewserver.adapters.mongo.MongoRecordLoader - GOT DOCUMENT IN SNAPSHOT - SanderFloor(AdjustableHeight) - Addition of snapshot listener for Mongo table null
04:55:49.646 [product-inproc://master3_2018-06-13T19:23:01.597+01:00-0] INFO  io.viewserver.datasource.RecordUtils - Scheduling addition to operator /datasources/product/table
04:55:49.642 [product-inproc://master2_2018-06-13T19:23:01.507+01:00-0] INFO  io.viewserver.adapters.mongo.MongoRecordLoader - GOT DOCUMENT IN SNAPSHOT - SanderOrbitalFloor240v - Addition of snapshot listener for Mongo table null
04:55:49.648 [product-inproc://master2_2018-06-13T19:23:01.507+01:00-0] INFO  io.viewserver.datasource.RecordUtils - Scheduling addition to operator /datasources/product/table
04:55:49.648 [product-inproc://master2_2018-06-13T19:23:01.507+01:00-0] INFO  io.viewserver.adapters.mongo.MongoRecordLoader - GOT DOCUMENT IN SNAPSHOT - FloorPreparationMachine110v - Addition of snapshot listener for Mongo table null
04:55:49.649 [product-inproc://master2_2018-06-13T19:23:01.507+01:00-0] INFO  io.viewserver.datasource.RecordUtils - Scheduling addition to operator /datasources/product/table
04:55:49.649 [product-inproc://master2_2018-06-13T19:23:01.507+01:00-0] INFO  io.viewserver.adapters.mongo.MongoRecordLoader - GOT DOCUMENT IN SNAPSHOT - SanderFloor(AdjustableHeight) - Addition of snapshot listener for Mongo table null
04:55:49.649 [product-inproc://master2_2018-06-13T19:23:01.507+01:00-0] INFO  io.viewserver.datasource.RecordUtils - Scheduling addition to operator /datasources/product/table
04:55:49.650 [product-inproc://master2_2018-06-13T19:23:01.507+01:00-0] INFO  io.viewserver.adapters.mongo.MongoRecordLoader - GOT DOCUMENT IN SNAPSHOT - BiscuitJointer110v - Addition of snapshot listener for Mongo table null
04:55:49.650 [product-inproc://master2_2018-06-13T19:23:01.507+01:00-0] INFO  io.viewserver.datasource.RecordUtils - Scheduling addition to operator /datasources/product/table
04:55:49.650 [product-inproc://master2_2018-06-13T19:23:01.507+01:00-0] INFO  io.viewserver.adapters.mongo.MongoRecordLoader - GOT DOCUMENT IN SNAPSHOT - BlockSplitter - Addition of snapshot listener for Mongo table null
04:55:49.650 [product-inproc://master2_2018-06-13T19:23:01.507+01:00-0] INFO  io.viewserver.datasource.RecordUtils - Scheduling addition to operator /datasources/product/table
04:55:49.650 [product-inproc://master2_2018-06-13T19:23:01.507+01:00-0] INFO  io.viewserver.adapters.mongo.MongoRecordLoader - GOT DOCUMENT IN SNAPSHOT - GrinderAngle4.5in110v - Addition of snapshot listener for Mongo table null
04:55:49.650 [product-inproc://master2_2018-06-13T19:23:01.507+01:00-0] INFO  io.viewserver.datasource.RecordUtils - Scheduling addition to operator /datasources/product/table
04:55:49.651 [product-inproc://master2_2018-06-13T19:23:01.507+01:00-0] INFO  io.viewserver.adapters.mongo.MongoRecordLoader - GOT DOCUMENT IN SNAPSHOT - GrinderAngle9in110v - Addition of snapshot listener for Mongo table null
04:55:49.651 [product-inproc://master2_2018-06-13T19:23:01.507+01:00-0] INFO  io.viewserver.datasource.RecordUtils - Scheduling addition to operator /datasources/product/table
04:55:49.652 [product-inproc://master2_2018-06-13T19:23:01.507+01:00-0] INFO  io.viewserver.adapters.mongo.MongoRecordLoader - GOT DOCUMENT IN SNAPSHOT - GrinderBench12in110v - Addition of snapshot listener for Mongo table null
04:55:49.652 [product-inproc://master3_2018-06-13T19:23:01.597+01:00-0] INFO  io.viewserver.adapters.mongo.MongoRecordLoader - GOT DOCUMENT IN SNAPSHOT - BiscuitJointer110v - Addition of snapshot listener for Mongo table null
04:55:49.652 [product-inproc://master2_2018-06-13T19:23:01.507+01:00-0] INFO  io.viewserver.datasource.RecordUtils - Scheduling addition to operator /datasources/product/table
04:55:49.652 [product-inproc://master3_2018-06-13T19:23:01.597+01:00-0] INFO  io.viewserver.datasource.RecordUtils - Scheduling addition to operator /datasources/product/table
04:55:49.652 [product-inproc://master2_2018-06-13T19:23:01.507+01:00-0] INFO  io.viewserver.adapters.mongo.MongoRecordLoader - GOT DOCUMENT IN SNAPSHOT - GrinderPetrolCutOff12in - Addition of snapshot listener for Mongo table null
04:55:49.652 [product-inproc://master3_2018-06-13T19:23:01.597+01:00-0] INFO  io.viewserver.adapters.mongo.MongoRecordLoader - GOT DOCUMENT IN SNAPSHOT - BlockSplitter - Addition of snapshot listener for Mongo table null
04:55:49.652 [product-inproc://master2_2018-06-13T19:23:01.507+01:00-0] INFO  io.viewserver.datasource.RecordUtils - Scheduling addition to operator /datasources/product/table
04:55:49.652 [product-inproc://master3_2018-06-13T19:23:01.597+01:00-0] INFO  io.viewserver.datasource.RecordUtils - Scheduling addition to operator /datasources/product/table
04:55:49.652 [product-inproc://master2_2018-06-13T19:23:01.507+01:00-0] INFO  io.viewserver.adapters.mongo.MongoRecordLoader - GOT DOCUMENT IN SNAPSHOT - PlanerElectric240v - Addition of snapshot listener for Mongo table null
04:55:49.652 [product-inproc://master3_2018-06-13T19:23:01.597+01:00-0] INFO  io.viewserver.adapters.mongo.MongoRecordLoader - GOT DOCUMENT IN SNAPSHOT - GrinderAngle4.5in110v - Addition of snapshot listener for Mongo table null
04:55:49.652 [product-inproc://master2_2018-06-13T19:23:01.507+01:00-0] INFO  io.viewserver.datasource.RecordUtils - Scheduling addition to operator /datasources/product/table
04:55:49.652 [product-inproc://master2_2018-06-13T19:23:01.507+01:00-0] INFO  io.viewserver.adapters.mongo.MongoRecordLoader - GOT DOCUMENT IN SNAPSHOT - PlanerElectric110v - Addition of snapshot listener for Mongo table null
04:55:49.652 [product-inproc://master3_2018-06-13T19:23:01.597+01:00-0] INFO  io.viewserver.datasource.RecordUtils - Scheduling addition to operator /datasources/product/table
04:55:49.652 [product-inproc://master2_2018-06-13T19:23:01.507+01:00-0] INFO  io.viewserver.datasource.RecordUtils - Scheduling addition to operator /datasources/product/table
04:55:49.652 [product-inproc://master3_2018-06-13T19:23:01.597+01:00-0] INFO  io.viewserver.adapters.mongo.MongoRecordLoader - GOT DOCUMENT IN SNAPSHOT - GrinderAngle9in110v - Addition of snapshot listener for Mongo table null
04:55:49.652 [product-inproc://master2_2018-06-13T19:23:01.507+01:00-0] INFO  io.viewserver.adapters.mongo.MongoRecordLoader - GOT DOCUMENT IN SNAPSHOT - Router - Addition of snapshot listener for Mongo table null
04:55:49.653 [product-inproc://master3_2018-06-13T19:23:01.597+01:00-0] INFO  io.viewserver.datasource.RecordUtils - Scheduling addition to operator /datasources/product/table
04:55:49.653 [product-inproc://master2_2018-06-13T19:23:01.507+01:00-0] INFO  io.viewserver.datasource.RecordUtils - Scheduling addition to operator /datasources/product/table
04:55:49.653 [product-inproc://master2_2018-06-13T19:23:01.507+01:00-0] INFO  io.viewserver.adapters.mongo.MongoRecordLoader - GOT DOCUMENT IN SNAPSHOT - SawChopsaw110v - Addition of snapshot listener for Mongo table null
04:55:49.653 [product-inproc://master2_2018-06-13T19:23:01.507+01:00-0] INFO  io.viewserver.datasource.RecordUtils - Scheduling addition to operator /datasources/product/table
04:55:49.653 [product-inproc://master2_2018-06-13T19:23:01.507+01:00-0] INFO  io.viewserver.adapters.mongo.MongoRecordLoader - GOT DOCUMENT IN SNAPSHOT - SawCircular110v - Addition of snapshot listener for Mongo table null
04:55:49.653 [product-inproc://master2_2018-06-13T19:23:01.507+01:00-0] INFO  io.viewserver.datasource.RecordUtils - Scheduling addition to operator /datasources/product/table
04:55:49.653 [product-inproc://master2_2018-06-13T19:23:01.507+01:00-0] INFO  io.viewserver.adapters.mongo.MongoRecordLoader - GOT DOCUMENT IN SNAPSHOT - SawPlunge_DoorTrimmer110v - Addition of snapshot listener for Mongo table null
04:55:49.653 [product-inproc://master2_2018-06-13T19:23:01.507+01:00-0] INFO  io.viewserver.datasource.RecordUtils - Scheduling addition to operator /datasources/product/table
04:55:49.653 [product-inproc://master2_2018-06-13T19:23:01.507+01:00-0] INFO  io.viewserver.adapters.mongo.MongoRecordLoader - GOT DOCUMENT IN SNAPSHOT - SawFlipsaw110v - Addition of snapshot listener for Mongo table null
04:55:49.653 [product-inproc://master2_2018-06-13T19:23:01.507+01:00-0] INFO  io.viewserver.datasource.RecordUtils - Scheduling addition to operator /datasources/product/table
04:55:49.653 [product-inproc://master2_2018-06-13T19:23:01.507+01:00-0] INFO  io.viewserver.adapters.mongo.MongoRecordLoader - GOT DOCUMENT IN SNAPSHOT - SawJigsaw110v - Addition of snapshot listener for Mongo table null
04:55:49.653 [product-inproc://master2_2018-06-13T19:23:01.507+01:00-0] INFO  io.viewserver.datasource.RecordUtils - Scheduling addition to operator /datasources/product/table
04:55:49.653 [product-inproc://master2_2018-06-13T19:23:01.507+01:00-0] INFO  io.viewserver.adapters.mongo.MongoRecordLoader - GOT DOCUMENT IN SNAPSHOT - SawReciprocating110v - Addition of snapshot listener for Mongo table null
04:55:49.655 [product-inproc://master2_2018-06-13T19:23:01.507+01:00-0] INFO  io.viewserver.datasource.RecordUtils - Scheduling addition to operator /datasources/product/table
04:55:49.655 [product-inproc://master2_2018-06-13T19:23:01.507+01:00-0] INFO  io.viewserver.adapters.mongo.MongoRecordLoader - GOT DOCUMENT IN SNAPSHOT - TilesawBench110v - Addition of snapshot listener for Mongo table null
04:55:49.655 [product-inproc://master2_2018-06-13T19:23:01.507+01:00-0] INFO  io.viewserver.datasource.RecordUtils - Scheduling addition to operator /datasources/product/table
04:55:49.656 [product-inproc://master3_2018-06-13T19:23:01.597+01:00-0] INFO  io.viewserver.adapters.mongo.MongoRecordLoader - GOT DOCUMENT IN SNAPSHOT - GrinderBench12in110v - Addition of snapshot listener for Mongo table null
04:55:49.656 [product-inproc://master2_2018-06-13T19:23:01.507+01:00-0] INFO  io.viewserver.adapters.mongo.MongoRecordLoader - GOT DOCUMENT IN SNAPSHOT - Tilesaw110v - Addition of snapshot listener for Mongo table null
04:55:49.656 [product-inproc://master2_2018-06-13T19:23:01.507+01:00-0] INFO  io.viewserver.datasource.RecordUtils - Scheduling addition to operator /datasources/product/table
04:55:49.656 [product-inproc://master2_2018-06-13T19:23:01.507+01:00-0] INFO  io.viewserver.adapters.mongo.MongoRecordLoader - GOT DOCUMENT IN SNAPSHOT - TileCutter300mm - Addition of snapshot listener for Mongo table null
04:55:49.656 [product-inproc://master2_2018-06-13T19:23:01.507+01:00-0] INFO  io.viewserver.datasource.RecordUtils - Scheduling addition to operator /datasources/product/table
04:55:49.650 [Thread-2] INFO  io.viewserver.server.steps.ShotgunViewServerSteps$TestServer - MILESTONE - Loop exited
04:55:49.656 [product-inproc://master3_2018-06-13T19:23:01.597+01:00-0] INFO  io.viewserver.datasource.RecordUtils - Scheduling addition to operator /datasources/product/table
04:55:49.656 [product-inproc://master3_2018-06-13T19:23:01.597+01:00-0] INFO  io.viewserver.adapters.mongo.MongoRecordLoader - GOT DOCUMENT IN SNAPSHOT - GrinderPetrolCutOff12in - Addition of snapshot listener for Mongo table null
04:55:49.656 [product-inproc://master3_2018-06-13T19:23:01.597+01:00-0] INFO  io.viewserver.datasource.RecordUtils - Scheduling addition to operator /datasources/product/table
04:55:49.656 [product-inproc://master3_2018-06-13T19:23:01.597+01:00-0] INFO  io.viewserver.adapters.mongo.MongoRecordLoader - GOT DOCUMENT IN SNAPSHOT - PlanerElectric240v - Addition of snapshot listener for Mongo table null
04:55:49.656 [product-inproc://master3_2018-06-13T19:23:01.597+01:00-0] INFO  io.viewserver.datasource.RecordUtils - Scheduling addition to operator /datasources/product/table
04:55:49.656 [product-inproc://master3_2018-06-13T19:23:01.597+01:00-0] INFO  io.viewserver.adapters.mongo.MongoRecordLoader - GOT DOCUMENT IN SNAPSHOT - PlanerElectric110v - Addition of snapshot listener for Mongo table null
04:55:49.656 [product-inproc://master3_2018-06-13T19:23:01.597+01:00-0] INFO  io.viewserver.datasource.RecordUtils - Scheduling addition to operator /datasources/product/table
04:55:49.656 [product-inproc://master3_2018-06-13T19:23:01.597+01:00-0] INFO  io.viewserver.adapters.mongo.MongoRecordLoader - GOT DOCUMENT IN SNAPSHOT - Router - Addition of snapshot listener for Mongo table null
04:55:49.657 [product-inproc://master3_2018-06-13T19:23:01.597+01:00-0] INFO  io.viewserver.datasource.RecordUtils - Scheduling addition to operator /datasources/product/table
04:55:49.657 [product-inproc://master3_2018-06-13T19:23:01.597+01:00-0] INFO  io.viewserver.adapters.mongo.MongoRecordLoader - GOT DOCUMENT IN SNAPSHOT - SawChopsaw110v - Addition of snapshot listener for Mongo table null
04:55:49.657 [product-inproc://master3_2018-06-13T19:23:01.597+01:00-0] INFO  io.viewserver.datasource.RecordUtils - Scheduling addition to operator /datasources/product/table
04:55:49.657 [product-inproc://master3_2018-06-13T19:23:01.597+01:00-0] INFO  io.viewserver.adapters.mongo.MongoRecordLoader - GOT DOCUMENT IN SNAPSHOT - SawCircular110v - Addition of snapshot listener for Mongo table null
04:55:49.657 [product-inproc://master3_2018-06-13T19:23:01.597+01:00-0] INFO  io.viewserver.datasource.RecordUtils - Scheduling addition to operator /datasources/product/table
04:55:49.657 [product-inproc://master3_2018-06-13T19:23:01.597+01:00-0] INFO  io.viewserver.adapters.mongo.MongoRecordLoader - GOT DOCUMENT IN SNAPSHOT - SawPlunge_DoorTrimmer110v - Addition of snapshot listener for Mongo table null
04:55:49.657 [product-inproc://master3_2018-06-13T19:23:01.597+01:00-0] INFO  io.viewserver.datasource.RecordUtils - Scheduling addition to operator /datasources/product/table
04:55:49.657 [product-inproc://master3_2018-06-13T19:23:01.597+01:00-0] INFO  io.viewserver.adapters.mongo.MongoRecordLoader - GOT DOCUMENT IN SNAPSHOT - SawFlipsaw110v - Addition of snapshot listener for Mongo table null
04:55:49.657 [product-inproc://master3_2018-06-13T19:23:01.597+01:00-0] INFO  io.viewserver.datasource.RecordUtils - Scheduling addition to operator /datasources/product/table
04:55:49.657 [product-inproc://master3_2018-06-13T19:23:01.597+01:00-0] INFO  io.viewserver.adapters.mongo.MongoRecordLoader - GOT DOCUMENT IN SNAPSHOT - SawJigsaw110v - Addition of snapshot listener for Mongo table null
04:55:49.657 [product-inproc://master3_2018-06-13T19:23:01.597+01:00-0] INFO  io.viewserver.datasource.RecordUtils - Scheduling addition to operator /datasources/product/table
04:55:49.658 [product-inproc://master3_2018-06-13T19:23:01.597+01:00-0] INFO  io.viewserver.adapters.mongo.MongoRecordLoader - GOT DOCUMENT IN SNAPSHOT - SawReciprocating110v - Addition of snapshot listener for Mongo table null
04:55:49.658 [product-inproc://master3_2018-06-13T19:23:01.597+01:00-0] INFO  io.viewserver.datasource.RecordUtils - Scheduling addition to operator /datasources/product/table
04:55:49.658 [product-inproc://master3_2018-06-13T19:23:01.597+01:00-0] INFO  io.viewserver.adapters.mongo.MongoRecordLoader - GOT DOCUMENT IN SNAPSHOT - TilesawBench110v - Addition of snapshot listener for Mongo table null
04:55:49.658 [product-inproc://master3_2018-06-13T19:23:01.597+01:00-0] INFO  io.viewserver.datasource.RecordUtils - Scheduling addition to operator /datasources/product/table
04:55:49.656 [product-inproc://master2_2018-06-13T19:23:01.507+01:00-0] INFO  io.viewserver.adapters.mongo.MongoRecordLoader - GOT DOCUMENT IN SNAPSHOT - Tile_StoneSaw110v1000mm(Bench) - Addition of snapshot listener for Mongo table null
04:55:49.658 [product-inproc://master3_2018-06-13T19:23:01.597+01:00-0] INFO  io.viewserver.adapters.mongo.MongoRecordLoader - GOT DOCUMENT IN SNAPSHOT - Tilesaw110v - Addition of snapshot listener for Mongo table null
04:55:49.659 [product-inproc://master3_2018-06-13T19:23:01.597+01:00-0] INFO  io.viewserver.datasource.RecordUtils - Scheduling addition to operator /datasources/product/table
04:55:49.663 [Thread-2] INFO  io.viewserver.reactor.EventLoopReactor - inproc://master2_2018-06-13T19:23:01.507+01:00 - Received SHUTDOWN
04:55:49.659 [product-inproc://master2_2018-06-13T19:23:01.507+01:00-0] INFO  io.viewserver.datasource.RecordUtils - Scheduling addition to operator /datasources/product/table
04:55:49.663 [product-inproc://master2_2018-06-13T19:23:01.507+01:00-0] INFO  io.viewserver.adapters.mongo.MongoRecordLoader - GOT DOCUMENT IN SNAPSHOT - PlanerThicknesser110v - Addition of snapshot listener for Mongo table null
04:55:49.664 [product-inproc://master2_2018-06-13T19:23:01.507+01:00-0] INFO  io.viewserver.datasource.RecordUtils - Scheduling addition to operator /datasources/product/table
04:55:49.665 [product-inproc://master2_2018-06-13T19:23:01.507+01:00-0] INFO  io.viewserver.adapters.mongo.MongoRecordLoader - GOT DOCUMENT IN SNAPSHOT - TileCutter600mm - Addition of snapshot listener for Mongo table null
04:55:49.666 [product-inproc://master2_2018-06-13T19:23:01.507+01:00-0] INFO  io.viewserver.datasource.RecordUtils - Scheduling addition to operator /datasources/product/table
04:55:49.666 [product-inproc://master2_2018-06-13T19:23:01.507+01:00-0] INFO  io.viewserver.adapters.mongo.MongoRecordLoader - GOT DOCUMENT IN SNAPSHOT - StoneCutter(marblegranite)110v - Addition of snapshot listener for Mongo table null
04:55:49.666 [product-inproc://master2_2018-06-13T19:23:01.507+01:00-0] INFO  io.viewserver.datasource.RecordUtils - Scheduling addition to operator /datasources/product/table
04:55:49.666 [product-inproc://master2_2018-06-13T19:23:01.507+01:00-0] INFO  io.viewserver.adapters.mongo.MongoRecordLoader - GOT DOCUMENT IN SNAPSHOT - MasonryBenchSaw110v - Addition of snapshot listener for Mongo table null
04:55:49.661 [product-inproc://master3_2018-06-13T19:23:01.597+01:00-0] INFO  io.viewserver.adapters.mongo.MongoRecordLoader - GOT DOCUMENT IN SNAPSHOT - TileCutter300mm - Addition of snapshot listener for Mongo table null
04:55:49.666 [product-inproc://master2_2018-06-13T19:23:01.507+01:00-0] INFO  io.viewserver.datasource.RecordUtils - Scheduling addition to operator /datasources/product/table
04:55:49.666 [product-inproc://master3_2018-06-13T19:23:01.597+01:00-0] INFO  io.viewserver.datasource.RecordUtils - Scheduling addition to operator /datasources/product/table
04:55:49.666 [product-inproc://master2_2018-06-13T19:23:01.507+01:00-0] INFO  io.viewserver.adapters.mongo.MongoRecordLoader - GOT DOCUMENT IN SNAPSHOT - CompoundMitreChopsaw110v - Addition of snapshot listener for Mongo table null
04:55:49.669 [product-inproc://master2_2018-06-13T19:23:01.507+01:00-0] INFO  io.viewserver.datasource.RecordUtils - Scheduling addition to operator /datasources/product/table
04:55:49.671 [product-inproc://master3_2018-06-13T19:23:01.597+01:00-0] INFO  io.viewserver.adapters.mongo.MongoRecordLoader - GOT DOCUMENT IN SNAPSHOT - Tile_StoneSaw110v1000mm(Bench) - Addition of snapshot listener for Mongo table null
04:55:49.671 [product-inproc://master2_2018-06-13T19:23:01.507+01:00-0] INFO  io.viewserver.adapters.mongo.MongoRecordLoader - GOT DOCUMENT IN SNAPSHOT - ConcretePlaner110v - Addition of snapshot listener for Mongo table null
04:55:49.672 [product-inproc://master2_2018-06-13T19:23:01.507+01:00-0] INFO  io.viewserver.datasource.RecordUtils - Scheduling addition to operator /datasources/product/table
04:55:49.673 [product-inproc://master3_2018-06-13T19:23:01.597+01:00-0] INFO  io.viewserver.datasource.RecordUtils - Scheduling addition to operator /datasources/product/table
04:55:49.673 [product-inproc://master3_2018-06-13T19:23:01.597+01:00-0] INFO  io.viewserver.adapters.mongo.MongoRecordLoader - GOT DOCUMENT IN SNAPSHOT - PlanerThicknesser110v - Addition of snapshot listener for Mongo table null
04:55:49.673 [product-inproc://master3_2018-06-13T19:23:01.597+01:00-0] INFO  io.viewserver.datasource.RecordUtils - Scheduling addition to operator /datasources/product/table
04:55:49.673 [product-inproc://master3_2018-06-13T19:23:01.597+01:00-0] INFO  io.viewserver.adapters.mongo.MongoRecordLoader - GOT DOCUMENT IN SNAPSHOT - TileCutter600mm - Addition of snapshot listener for Mongo table null
04:55:49.672 [product-inproc://master2_2018-06-13T19:23:01.507+01:00-0] INFO  io.viewserver.adapters.mongo.MongoRecordLoader - GOT DOCUMENT IN SNAPSHOT - TableSawBench - Addition of snapshot listener for Mongo table null
04:55:49.674 [product-inproc://master2_2018-06-13T19:23:01.507+01:00-0] INFO  io.viewserver.datasource.RecordUtils - Scheduling addition to operator /datasources/product/table
04:55:49.674 [product-inproc://master2_2018-06-13T19:23:01.507+01:00-0] INFO  io.viewserver.adapters.mongo.MongoRecordLoader - GOT DOCUMENT IN SNAPSHOT - CowleyLevel - Addition of snapshot listener for Mongo table null
04:55:49.674 [product-inproc://master2_2018-06-13T19:23:01.507+01:00-0] INFO  io.viewserver.datasource.RecordUtils - Scheduling addition to operator /datasources/product/table
04:55:49.674 [product-inproc://master2_2018-06-13T19:23:01.507+01:00-0] INFO  io.viewserver.adapters.mongo.MongoRecordLoader - GOT DOCUMENT IN SNAPSHOT - DunphyLevel - Addition of snapshot listener for Mongo table null
04:55:49.674 [product-inproc://master3_2018-06-13T19:23:01.597+01:00-0] INFO  io.viewserver.datasource.RecordUtils - Scheduling addition to operator /datasources/product/table
04:55:49.674 [product-inproc://master2_2018-06-13T19:23:01.507+01:00-0] INFO  io.viewserver.datasource.RecordUtils - Scheduling addition to operator /datasources/product/table
04:55:49.674 [product-inproc://master3_2018-06-13T19:23:01.597+01:00-0] INFO  io.viewserver.adapters.mongo.MongoRecordLoader - GOT DOCUMENT IN SNAPSHOT - StoneCutter(marblegranite)110v - Addition of snapshot listener for Mongo table null
04:55:49.674 [product-inproc://master2_2018-06-13T19:23:01.507+01:00-0] INFO  io.viewserver.adapters.mongo.MongoRecordLoader - GOT DOCUMENT IN SNAPSHOT - LaserLevel - Addition of snapshot listener for Mongo table null
04:55:49.674 [product-inproc://master3_2018-06-13T19:23:01.597+01:00-0] INFO  io.viewserver.datasource.RecordUtils - Scheduling addition to operator /datasources/product/table
04:55:49.674 [product-inproc://master2_2018-06-13T19:23:01.507+01:00-0] INFO  io.viewserver.datasource.RecordUtils - Scheduling addition to operator /datasources/product/table
04:55:49.674 [product-inproc://master3_2018-06-13T19:23:01.597+01:00-0] INFO  io.viewserver.adapters.mongo.MongoRecordLoader - GOT DOCUMENT IN SNAPSHOT - MasonryBenchSaw110v - Addition of snapshot listener for Mongo table null
04:55:49.675 [product-inproc://master2_2018-06-13T19:23:01.507+01:00-0] INFO  io.viewserver.adapters.mongo.MongoRecordLoader - GOT DOCUMENT IN SNAPSHOT - WaterLevel - Addition of snapshot listener for Mongo table null
04:55:49.678 [product-inproc://master2_2018-06-13T19:23:01.507+01:00-0] INFO  io.viewserver.datasource.RecordUtils - Scheduling addition to operator /datasources/product/table
04:55:49.675 [product-inproc://master3_2018-06-13T19:23:01.597+01:00-0] INFO  io.viewserver.datasource.RecordUtils - Scheduling addition to operator /datasources/product/table
04:55:49.679 [product-inproc://master3_2018-06-13T19:23:01.597+01:00-0] INFO  io.viewserver.adapters.mongo.MongoRecordLoader - GOT DOCUMENT IN SNAPSHOT - CompoundMitreChopsaw110v - Addition of snapshot listener for Mongo table null
04:55:49.679 [product-inproc://master3_2018-06-13T19:23:01.597+01:00-0] INFO  io.viewserver.datasource.RecordUtils - Scheduling addition to operator /datasources/product/table
04:55:49.679 [product-inproc://master3_2018-06-13T19:23:01.597+01:00-0] INFO  io.viewserver.adapters.mongo.MongoRecordLoader - GOT DOCUMENT IN SNAPSHOT - ConcretePlaner110v - Addition of snapshot listener for Mongo table null
04:55:49.679 [product-inproc://master3_2018-06-13T19:23:01.597+01:00-0] INFO  io.viewserver.datasource.RecordUtils - Scheduling addition to operator /datasources/product/table
04:55:49.679 [product-inproc://master3_2018-06-13T19:23:01.597+01:00-0] INFO  io.viewserver.adapters.mongo.MongoRecordLoader - GOT DOCUMENT IN SNAPSHOT - TableSawBench - Addition of snapshot listener for Mongo table null
04:55:49.679 [product-inproc://master3_2018-06-13T19:23:01.597+01:00-0] INFO  io.viewserver.datasource.RecordUtils - Scheduling addition to operator /datasources/product/table
04:55:49.680 [product-inproc://master3_2018-06-13T19:23:01.597+01:00-0] INFO  io.viewserver.adapters.mongo.MongoRecordLoader - GOT DOCUMENT IN SNAPSHOT - CowleyLevel - Addition of snapshot listener for Mongo table null
04:55:49.680 [product-inproc://master3_2018-06-13T19:23:01.597+01:00-0] INFO  io.viewserver.datasource.RecordUtils - Scheduling addition to operator /datasources/product/table
04:55:49.680 [product-inproc://master2_2018-06-13T19:23:01.507+01:00-0] INFO  io.viewserver.adapters.mongo.MongoRecordLoader - GOT DOCUMENT IN SNAPSHOT - SpiritLevel - Addition of snapshot listener for Mongo table null
04:55:49.680 [product-inproc://master2_2018-06-13T19:23:01.507+01:00-0] INFO  io.viewserver.datasource.RecordUtils - Scheduling addition to operator /datasources/product/table
04:55:49.680 [product-inproc://master2_2018-06-13T19:23:01.507+01:00-0] INFO  io.viewserver.adapters.mongo.MongoRecordLoader - GOT DOCUMENT IN SNAPSHOT - LaserLevel(Rotary) - Addition of snapshot listener for Mongo table null
04:55:49.680 [product-inproc://master2_2018-06-13T19:23:01.507+01:00-0] INFO  io.viewserver.datasource.RecordUtils - Scheduling addition to operator /datasources/product/table
04:55:49.680 [product-inproc://master2_2018-06-13T19:23:01.507+01:00-0] INFO  io.viewserver.adapters.mongo.MongoRecordLoader - GOT DOCUMENT IN SNAPSHOT - Generator2.5kVa - Addition of snapshot listener for Mongo table null
04:55:49.680 [product-inproc://master2_2018-06-13T19:23:01.507+01:00-0] INFO  io.viewserver.datasource.RecordUtils - Scheduling addition to operator /datasources/product/table
04:55:49.682 [product-inproc://master2_2018-06-13T19:23:01.507+01:00-0] INFO  io.viewserver.adapters.mongo.MongoRecordLoader - GOT DOCUMENT IN SNAPSHOT - Generator4kVa - Addition of snapshot listener for Mongo table null
04:55:49.682 [product-inproc://master2_2018-06-13T19:23:01.507+01:00-0] INFO  io.viewserver.datasource.RecordUtils - Scheduling addition to operator /datasources/product/table
04:55:49.682 [product-inproc://master2_2018-06-13T19:23:01.507+01:00-0] INFO  io.viewserver.adapters.mongo.MongoRecordLoader - GOT DOCUMENT IN SNAPSHOT - WelderMiniMig240v - Addition of snapshot listener for Mongo table null
04:55:49.682 [product-inproc://master2_2018-06-13T19:23:01.507+01:00-0] INFO  io.viewserver.datasource.RecordUtils - Scheduling addition to operator /datasources/product/table
04:55:49.682 [product-inproc://master2_2018-06-13T19:23:01.507+01:00-0] INFO  io.viewserver.adapters.mongo.MongoRecordLoader - GOT DOCUMENT IN SNAPSHOT - WelderGenerator - Addition of snapshot listener for Mongo table null
04:55:49.682 [product-inproc://master2_2018-06-13T19:23:01.507+01:00-0] INFO  io.viewserver.datasource.RecordUtils - Scheduling addition to operator /datasources/product/table
04:55:49.682 [product-inproc://master2_2018-06-13T19:23:01.507+01:00-0] INFO  io.viewserver.adapters.mongo.MongoRecordLoader - GOT DOCUMENT IN SNAPSHOT - LightHalogen - Addition of snapshot listener for Mongo table null
04:55:49.682 [product-inproc://master2_2018-06-13T19:23:01.507+01:00-0] INFO  io.viewserver.datasource.RecordUtils - Scheduling addition to operator /datasources/product/table
04:55:49.683 [product-inproc://master2_2018-06-13T19:23:01.507+01:00-0] INFO  io.viewserver.adapters.mongo.MongoRecordLoader - GOT DOCUMENT IN SNAPSHOT - LightFluorescent - Addition of snapshot listener for Mongo table null
04:55:49.683 [product-inproc://master2_2018-06-13T19:23:01.507+01:00-0] INFO  io.viewserver.datasource.RecordUtils - Scheduling addition to operator /datasources/product/table
04:55:49.683 [product-inproc://master2_2018-06-13T19:23:01.507+01:00-0] INFO  io.viewserver.adapters.mongo.MongoRecordLoader - GOT DOCUMENT IN SNAPSHOT - LightStringFestoon - Addition of snapshot listener for Mongo table null
04:55:49.683 [product-inproc://master2_2018-06-13T19:23:01.507+01:00-0] INFO  io.viewserver.datasource.RecordUtils - Scheduling addition to operator /datasources/product/table
04:55:49.683 [product-inproc://master2_2018-06-13T19:23:01.507+01:00-0] INFO  io.viewserver.adapters.mongo.MongoRecordLoader - GOT DOCUMENT IN SNAPSHOT - Compressor240v90litre150psi - Addition of snapshot listener for Mongo table null
04:55:49.683 [product-inproc://master2_2018-06-13T19:23:01.507+01:00-0] INFO  io.viewserver.datasource.RecordUtils - Scheduling addition to operator /datasources/product/table
04:55:49.683 [product-inproc://master2_2018-06-13T19:23:01.507+01:00-0] INFO  io.viewserver.adapters.mongo.MongoRecordLoader - GOT DOCUMENT IN SNAPSHOT - SafetyHarness - Addition of snapshot listener for Mongo table null
04:55:49.681 [product-inproc://master3_2018-06-13T19:23:01.597+01:00-0] INFO  io.viewserver.adapters.mongo.MongoRecordLoader - GOT DOCUMENT IN SNAPSHOT - DunphyLevel - Addition of snapshot listener for Mongo table null
04:55:49.684 [product-inproc://master3_2018-06-13T19:23:01.597+01:00-0] INFO  io.viewserver.datasource.RecordUtils - Scheduling addition to operator /datasources/product/table
04:55:49.686 [product-inproc://master2_2018-06-13T19:23:01.507+01:00-0] INFO  io.viewserver.datasource.RecordUtils - Scheduling addition to operator /datasources/product/table
04:55:49.686 [product-inproc://master2_2018-06-13T19:23:01.507+01:00-0] INFO  io.viewserver.adapters.mongo.MongoRecordLoader - GOT DOCUMENT IN SNAPSHOT - FloorCramp - Addition of snapshot listener for Mongo table null
04:55:49.686 [product-inproc://master2_2018-06-13T19:23:01.507+01:00-0] INFO  io.viewserver.datasource.RecordUtils - Scheduling addition to operator /datasources/product/table
04:55:49.687 [product-inproc://master2_2018-06-13T19:23:01.507+01:00-0] INFO  io.viewserver.adapters.mongo.MongoRecordLoader - GOT DOCUMENT IN SNAPSHOT - SashCramp - Addition of snapshot listener for Mongo table null
04:55:49.687 [product-inproc://master2_2018-06-13T19:23:01.507+01:00-0] INFO  io.viewserver.datasource.RecordUtils - Scheduling addition to operator /datasources/product/table
04:55:49.687 [product-inproc://master2_2018-06-13T19:23:01.507+01:00-0] INFO  io.viewserver.adapters.mongo.MongoRecordLoader - GOT DOCUMENT IN SNAPSHOT - ExtensionLead - Addition of snapshot listener for Mongo table null
04:55:49.687 [product-inproc://master3_2018-06-13T19:23:01.597+01:00-0] INFO  io.viewserver.adapters.mongo.MongoRecordLoader - GOT DOCUMENT IN SNAPSHOT - LaserLevel - Addition of snapshot listener for Mongo table null
04:55:49.687 [product-inproc://master2_2018-06-13T19:23:01.507+01:00-0] INFO  io.viewserver.datasource.RecordUtils - Scheduling addition to operator /datasources/product/table
04:55:49.687 [product-inproc://master3_2018-06-13T19:23:01.597+01:00-0] INFO  io.viewserver.datasource.RecordUtils - Scheduling addition to operator /datasources/product/table
04:55:49.687 [product-inproc://master2_2018-06-13T19:23:01.507+01:00-0] INFO  io.viewserver.adapters.mongo.MongoRecordLoader - GOT DOCUMENT IN SNAPSHOT - ExtensionReel - Addition of snapshot listener for Mongo table null
04:55:49.687 [product-inproc://master3_2018-06-13T19:23:01.597+01:00-0] INFO  io.viewserver.adapters.mongo.MongoRecordLoader - GOT DOCUMENT IN SNAPSHOT - WaterLevel - Addition of snapshot listener for Mongo table null
04:55:49.687 [product-inproc://master2_2018-06-13T19:23:01.507+01:00-0] INFO  io.viewserver.datasource.RecordUtils - Scheduling addition to operator /datasources/product/table
04:55:49.687 [product-inproc://master3_2018-06-13T19:23:01.597+01:00-0] INFO  io.viewserver.datasource.RecordUtils - Scheduling addition to operator /datasources/product/table
04:55:49.687 [product-inproc://master2_2018-06-13T19:23:01.507+01:00-0] INFO  io.viewserver.adapters.mongo.MongoRecordLoader - GOT DOCUMENT IN SNAPSHOT - FourWaySplitter110v - Addition of snapshot listener for Mongo table null
04:55:49.687 [product-inproc://master3_2018-06-13T19:23:01.597+01:00-0] INFO  io.viewserver.adapters.mongo.MongoRecordLoader - GOT DOCUMENT IN SNAPSHOT - SpiritLevel - Addition of snapshot listener for Mongo table null
04:55:49.687 [product-inproc://master2_2018-06-13T19:23:01.507+01:00-0] INFO  io.viewserver.datasource.RecordUtils - Scheduling addition to operator /datasources/product/table
04:55:49.687 [product-inproc://master2_2018-06-13T19:23:01.507+01:00-0] INFO  io.viewserver.adapters.mongo.MongoRecordLoader - GOT DOCUMENT IN SNAPSHOT - GlassSucker - Addition of snapshot listener for Mongo table null
04:55:49.688 [product-inproc://master2_2018-06-13T19:23:01.507+01:00-0] INFO  io.viewserver.datasource.RecordUtils - Scheduling addition to operator /datasources/product/table
04:55:49.688 [product-inproc://master3_2018-06-13T19:23:01.597+01:00-0] INFO  io.viewserver.datasource.RecordUtils - Scheduling addition to operator /datasources/product/table
04:55:49.688 [product-inproc://master2_2018-06-13T19:23:01.507+01:00-0] INFO  io.viewserver.adapters.mongo.MongoRecordLoader - GOT DOCUMENT IN SNAPSHOT - GullyScoop - Addition of snapshot listener for Mongo table null
04:55:49.688 [product-inproc://master3_2018-06-13T19:23:01.597+01:00-0] INFO  io.viewserver.adapters.mongo.MongoRecordLoader - GOT DOCUMENT IN SNAPSHOT - LaserLevel(Rotary) - Addition of snapshot listener for Mongo table null
04:55:49.688 [product-inproc://master2_2018-06-13T19:23:01.507+01:00-0] INFO  io.viewserver.datasource.RecordUtils - Scheduling addition to operator /datasources/product/table
04:55:49.688 [product-inproc://master3_2018-06-13T19:23:01.597+01:00-0] INFO  io.viewserver.datasource.RecordUtils - Scheduling addition to operator /datasources/product/table
04:55:49.691 [product-inproc://master2_2018-06-13T19:23:01.507+01:00-0] INFO  io.viewserver.adapters.mongo.MongoRecordLoader - GOT DOCUMENT IN SNAPSHOT - LockJig - Addition of snapshot listener for Mongo table null
04:55:49.691 [product-inproc://master2_2018-06-13T19:23:01.507+01:00-0] INFO  io.viewserver.datasource.RecordUtils - Scheduling addition to operator /datasources/product/table
04:55:49.692 [product-inproc://master2_2018-06-13T19:23:01.507+01:00-0] INFO  io.viewserver.adapters.mongo.MongoRecordLoader - GOT DOCUMENT IN SNAPSHOT - WallChaser110v - Addition of snapshot listener for Mongo table null
04:55:49.695 [product-inproc://master2_2018-06-13T19:23:01.507+01:00-0] INFO  io.viewserver.datasource.RecordUtils - Scheduling addition to operator /datasources/product/table
04:55:49.695 [product-inproc://master2_2018-06-13T19:23:01.507+01:00-0] INFO  io.viewserver.adapters.mongo.MongoRecordLoader - GOT DOCUMENT IN SNAPSHOT - Wheelbarrow - Addition of snapshot listener for Mongo table null
04:55:49.695 [product-inproc://master2_2018-06-13T19:23:01.507+01:00-0] INFO  io.viewserver.datasource.RecordUtils - Scheduling addition to operator /datasources/product/table
04:55:49.695 [product-inproc://master2_2018-06-13T19:23:01.507+01:00-0] INFO  io.viewserver.adapters.mongo.MongoRecordLoader - GOT DOCUMENT IN SNAPSHOT - WorktopMitre - Addition of snapshot listener for Mongo table null
04:55:49.695 [product-inproc://master2_2018-06-13T19:23:01.507+01:00-0] INFO  io.viewserver.datasource.RecordUtils - Scheduling addition to operator /datasources/product/table
04:55:49.695 [product-inproc://master2_2018-06-13T19:23:01.507+01:00-0] INFO  io.viewserver.adapters.mongo.MongoRecordLoader - GOT DOCUMENT IN SNAPSHOT - Sledgehammer - Addition of snapshot listener for Mongo table null
04:55:49.695 [product-inproc://master2_2018-06-13T19:23:01.507+01:00-0] INFO  io.viewserver.datasource.RecordUtils - Scheduling addition to operator /datasources/product/table
04:55:49.696 [product-inproc://master2_2018-06-13T19:23:01.507+01:00-0] INFO  io.viewserver.adapters.mongo.MongoRecordLoader - GOT DOCUMENT IN SNAPSHOT - Shovel - Addition of snapshot listener for Mongo table null
04:55:49.702 [product-inproc://master2_2018-06-13T19:23:01.507+01:00-0] INFO  io.viewserver.datasource.RecordUtils - Scheduling addition to operator /datasources/product/table
04:55:49.703 [product-inproc://master2_2018-06-13T19:23:01.507+01:00-0] INFO  io.viewserver.adapters.mongo.MongoRecordLoader - GOT DOCUMENT IN SNAPSHOT - PickAxe - Addition of snapshot listener for Mongo table null
04:55:49.703 [product-inproc://master2_2018-06-13T19:23:01.507+01:00-0] INFO  io.viewserver.datasource.RecordUtils - Scheduling addition to operator /datasources/product/table
04:55:49.704 [product-inproc://master2_2018-06-13T19:23:01.507+01:00-0] INFO  io.viewserver.adapters.mongo.MongoRecordLoader - GOT DOCUMENT IN SNAPSHOT - ImmersionSpanner - Addition of snapshot listener for Mongo table null
04:55:49.704 [product-inproc://master2_2018-06-13T19:23:01.507+01:00-0] INFO  io.viewserver.datasource.RecordUtils - Scheduling addition to operator /datasources/product/table
04:55:49.704 [product-inproc://master3_2018-06-13T19:23:01.597+01:00-0] INFO  io.viewserver.adapters.mongo.MongoRecordLoader - GOT DOCUMENT IN SNAPSHOT - Generator2.5kVa - Addition of snapshot listener for Mongo table null
04:55:49.704 [product-inproc://master2_2018-06-13T19:23:01.507+01:00-0] INFO  io.viewserver.adapters.mongo.MongoRecordLoader - GOT DOCUMENT IN SNAPSHOT - Crowbar - Addition of snapshot listener for Mongo table null
04:55:49.704 [product-inproc://master2_2018-06-13T19:23:01.507+01:00-0] INFO  io.viewserver.datasource.RecordUtils - Scheduling addition to operator /datasources/product/table
04:55:49.704 [product-inproc://master3_2018-06-13T19:23:01.597+01:00-0] INFO  io.viewserver.datasource.RecordUtils - Scheduling addition to operator /datasources/product/table
04:55:49.704 [product-inproc://master2_2018-06-13T19:23:01.507+01:00-0] INFO  io.viewserver.adapters.mongo.MongoRecordLoader - GOT DOCUMENT IN SNAPSHOT - Tamper - Addition of snapshot listener for Mongo table null
04:55:49.704 [product-inproc://master3_2018-06-13T19:23:01.597+01:00-0] INFO  io.viewserver.adapters.mongo.MongoRecordLoader - GOT DOCUMENT IN SNAPSHOT - Generator4kVa - Addition of snapshot listener for Mongo table null
04:55:49.704 [product-inproc://master2_2018-06-13T19:23:01.507+01:00-0] INFO  io.viewserver.datasource.RecordUtils - Scheduling addition to operator /datasources/product/table
04:55:49.704 [product-inproc://master3_2018-06-13T19:23:01.597+01:00-0] INFO  io.viewserver.datasource.RecordUtils - Scheduling addition to operator /datasources/product/table
04:55:49.704 [product-inproc://master2_2018-06-13T19:23:01.507+01:00-0] INFO  io.viewserver.adapters.mongo.MongoRecordLoader - GOT DOCUMENT IN SNAPSHOT - Nailbar - Addition of snapshot listener for Mongo table null
04:55:49.704 [product-inproc://master2_2018-06-13T19:23:01.507+01:00-0] INFO  io.viewserver.datasource.RecordUtils - Scheduling addition to operator /datasources/product/table
04:55:49.704 [product-inproc://master3_2018-06-13T19:23:01.597+01:00-0] INFO  io.viewserver.adapters.mongo.MongoRecordLoader - GOT DOCUMENT IN SNAPSHOT - WelderMiniMig240v - Addition of snapshot listener for Mongo table null
04:55:49.704 [product-inproc://master3_2018-06-13T19:23:01.597+01:00-0] INFO  io.viewserver.datasource.RecordUtils - Scheduling addition to operator /datasources/product/table
04:55:49.704 [product-inproc://master2_2018-06-13T19:23:01.507+01:00-0] INFO  io.viewserver.adapters.mongo.MongoRecordLoader - GOT DOCUMENT IN SNAPSHOT - SlateRip - Addition of snapshot listener for Mongo table null
04:55:49.712 [product-inproc://master2_2018-06-13T19:23:01.507+01:00-0] INFO  io.viewserver.datasource.RecordUtils - Scheduling addition to operator /datasources/product/table
04:55:49.712 [product-inproc://master2_2018-06-13T19:23:01.507+01:00-0] INFO  io.viewserver.adapters.mongo.MongoRecordLoader - GOT DOCUMENT IN SNAPSHOT - SlateNibbler - Addition of snapshot listener for Mongo table null
04:55:49.712 [product-inproc://master2_2018-06-13T19:23:01.507+01:00-0] INFO  io.viewserver.datasource.RecordUtils - Scheduling addition to operator /datasources/product/table
04:55:49.712 [product-inproc://master2_2018-06-13T19:23:01.507+01:00-0] INFO  io.viewserver.adapters.mongo.MongoRecordLoader - GOT DOCUMENT IN SNAPSHOT - FloorSqueegee - Addition of snapshot listener for Mongo table null
04:55:49.712 [product-inproc://master2_2018-06-13T19:23:01.507+01:00-0] INFO  io.viewserver.datasource.RecordUtils - Scheduling addition to operator /datasources/product/table
04:55:49.713 [product-inproc://master2_2018-06-13T19:23:01.507+01:00-0] INFO  io.viewserver.adapters.mongo.MongoRecordLoader - GOT DOCUMENT IN SNAPSHOT - Nibbler(Metal)110v - Addition of snapshot listener for Mongo table null
04:55:49.704 [product-inproc://master3_2018-06-13T19:23:01.597+01:00-0] INFO  io.viewserver.adapters.mongo.MongoRecordLoader - GOT DOCUMENT IN SNAPSHOT - WelderGenerator - Addition of snapshot listener for Mongo table null
04:55:49.713 [product-inproc://master2_2018-06-13T19:23:01.507+01:00-0] INFO  io.viewserver.datasource.RecordUtils - Scheduling addition to operator /datasources/product/table
04:55:49.713 [product-inproc://master3_2018-06-13T19:23:01.597+01:00-0] INFO  io.viewserver.datasource.RecordUtils - Scheduling addition to operator /datasources/product/table
04:55:49.713 [product-inproc://master3_2018-06-13T19:23:01.597+01:00-0] INFO  io.viewserver.adapters.mongo.MongoRecordLoader - GOT DOCUMENT IN SNAPSHOT - LightHalogen - Addition of snapshot listener for Mongo table null
04:55:49.714 [product-inproc://master3_2018-06-13T19:23:01.597+01:00-0] INFO  io.viewserver.datasource.RecordUtils - Scheduling addition to operator /datasources/product/table
04:55:49.717 [product-inproc://master3_2018-06-13T19:23:01.597+01:00-0] INFO  io.viewserver.adapters.mongo.MongoRecordLoader - GOT DOCUMENT IN SNAPSHOT - LightFluorescent - Addition of snapshot listener for Mongo table null
04:55:49.717 [product-inproc://master3_2018-06-13T19:23:01.597+01:00-0] INFO  io.viewserver.datasource.RecordUtils - Scheduling addition to operator /datasources/product/table
04:55:49.717 [product-inproc://master3_2018-06-13T19:23:01.597+01:00-0] INFO  io.viewserver.adapters.mongo.MongoRecordLoader - GOT DOCUMENT IN SNAPSHOT - LightStringFestoon - Addition of snapshot listener for Mongo table null
04:55:49.717 [product-inproc://master3_2018-06-13T19:23:01.597+01:00-0] INFO  io.viewserver.datasource.RecordUtils - Scheduling addition to operator /datasources/product/table
04:55:49.717 [product-inproc://master3_2018-06-13T19:23:01.597+01:00-0] INFO  io.viewserver.adapters.mongo.MongoRecordLoader - GOT DOCUMENT IN SNAPSHOT - Compressor240v90litre150psi - Addition of snapshot listener for Mongo table null
04:55:49.717 [product-inproc://master3_2018-06-13T19:23:01.597+01:00-0] INFO  io.viewserver.datasource.RecordUtils - Scheduling addition to operator /datasources/product/table
04:55:49.717 [product-inproc://master3_2018-06-13T19:23:01.597+01:00-0] INFO  io.viewserver.adapters.mongo.MongoRecordLoader - GOT DOCUMENT IN SNAPSHOT - SafetyHarness - Addition of snapshot listener for Mongo table null
04:55:49.717 [product-inproc://master3_2018-06-13T19:23:01.597+01:00-0] INFO  io.viewserver.datasource.RecordUtils - Scheduling addition to operator /datasources/product/table
04:55:49.718 [product-inproc://master3_2018-06-13T19:23:01.597+01:00-0] INFO  io.viewserver.adapters.mongo.MongoRecordLoader - GOT DOCUMENT IN SNAPSHOT - FloorCramp - Addition of snapshot listener for Mongo table null
04:55:49.718 [product-inproc://master3_2018-06-13T19:23:01.597+01:00-0] INFO  io.viewserver.datasource.RecordUtils - Scheduling addition to operator /datasources/product/table
04:55:49.718 [product-inproc://master3_2018-06-13T19:23:01.597+01:00-0] INFO  io.viewserver.adapters.mongo.MongoRecordLoader - GOT DOCUMENT IN SNAPSHOT - SashCramp - Addition of snapshot listener for Mongo table null
04:55:49.718 [product-inproc://master3_2018-06-13T19:23:01.597+01:00-0] INFO  io.viewserver.datasource.RecordUtils - Scheduling addition to operator /datasources/product/table
04:55:49.718 [product-inproc://master3_2018-06-13T19:23:01.597+01:00-0] INFO  io.viewserver.adapters.mongo.MongoRecordLoader - GOT DOCUMENT IN SNAPSHOT - ExtensionLead - Addition of snapshot listener for Mongo table null
04:55:49.718 [product-inproc://master3_2018-06-13T19:23:01.597+01:00-0] INFO  io.viewserver.datasource.RecordUtils - Scheduling addition to operator /datasources/product/table
04:55:49.718 [product-inproc://master3_2018-06-13T19:23:01.597+01:00-0] INFO  io.viewserver.adapters.mongo.MongoRecordLoader - GOT DOCUMENT IN SNAPSHOT - ExtensionReel - Addition of snapshot listener for Mongo table null
04:55:49.718 [product-inproc://master3_2018-06-13T19:23:01.597+01:00-0] INFO  io.viewserver.datasource.RecordUtils - Scheduling addition to operator /datasources/product/table
04:55:49.718 [product-inproc://master3_2018-06-13T19:23:01.597+01:00-0] INFO  io.viewserver.adapters.mongo.MongoRecordLoader - GOT DOCUMENT IN SNAPSHOT - FourWaySplitter110v - Addition of snapshot listener for Mongo table null
04:55:49.718 [product-inproc://master3_2018-06-13T19:23:01.597+01:00-0] INFO  io.viewserver.datasource.RecordUtils - Scheduling addition to operator /datasources/product/table
04:55:49.718 [product-inproc://master3_2018-06-13T19:23:01.597+01:00-0] INFO  io.viewserver.adapters.mongo.MongoRecordLoader - GOT DOCUMENT IN SNAPSHOT - GlassSucker - Addition of snapshot listener for Mongo table null
04:55:49.718 [product-inproc://master3_2018-06-13T19:23:01.597+01:00-0] INFO  io.viewserver.datasource.RecordUtils - Scheduling addition to operator /datasources/product/table
04:55:49.718 [product-inproc://master3_2018-06-13T19:23:01.597+01:00-0] INFO  io.viewserver.adapters.mongo.MongoRecordLoader - GOT DOCUMENT IN SNAPSHOT - GullyScoop - Addition of snapshot listener for Mongo table null
04:55:49.718 [product-inproc://master3_2018-06-13T19:23:01.597+01:00-0] INFO  io.viewserver.datasource.RecordUtils - Scheduling addition to operator /datasources/product/table
04:55:49.718 [product-inproc://master3_2018-06-13T19:23:01.597+01:00-0] INFO  io.viewserver.adapters.mongo.MongoRecordLoader - GOT DOCUMENT IN SNAPSHOT - LockJig - Addition of snapshot listener for Mongo table null
04:55:49.718 [product-inproc://master3_2018-06-13T19:23:01.597+01:00-0] INFO  io.viewserver.datasource.RecordUtils - Scheduling addition to operator /datasources/product/table
04:55:49.718 [product-inproc://master3_2018-06-13T19:23:01.597+01:00-0] INFO  io.viewserver.adapters.mongo.MongoRecordLoader - GOT DOCUMENT IN SNAPSHOT - WallChaser110v - Addition of snapshot listener for Mongo table null
04:55:49.720 [product-inproc://master3_2018-06-13T19:23:01.597+01:00-0] INFO  io.viewserver.datasource.RecordUtils - Scheduling addition to operator /datasources/product/table
04:55:49.721 [product-inproc://master3_2018-06-13T19:23:01.597+01:00-0] INFO  io.viewserver.adapters.mongo.MongoRecordLoader - GOT DOCUMENT IN SNAPSHOT - Wheelbarrow - Addition of snapshot listener for Mongo table null
04:55:49.724 [product-inproc://master3_2018-06-13T19:23:01.597+01:00-0] INFO  io.viewserver.datasource.RecordUtils - Scheduling addition to operator /datasources/product/table
04:55:49.733 [product-inproc://master3_2018-06-13T19:23:01.597+01:00-0] INFO  io.viewserver.adapters.mongo.MongoRecordLoader - GOT DOCUMENT IN SNAPSHOT - WorktopMitre - Addition of snapshot listener for Mongo table null
04:55:49.734 [product-inproc://master3_2018-06-13T19:23:01.597+01:00-0] INFO  io.viewserver.datasource.RecordUtils - Scheduling addition to operator /datasources/product/table
04:55:49.738 [product-inproc://master3_2018-06-13T19:23:01.597+01:00-0] INFO  io.viewserver.adapters.mongo.MongoRecordLoader - GOT DOCUMENT IN SNAPSHOT - Sledgehammer - Addition of snapshot listener for Mongo table null
04:55:49.740 [product-inproc://master3_2018-06-13T19:23:01.597+01:00-0] INFO  io.viewserver.datasource.RecordUtils - Scheduling addition to operator /datasources/product/table
04:55:49.742 [product-inproc://master3_2018-06-13T19:23:01.597+01:00-0] INFO  io.viewserver.adapters.mongo.MongoRecordLoader - GOT DOCUMENT IN SNAPSHOT - Shovel - Addition of snapshot listener for Mongo table null
04:55:49.742 [product-inproc://master3_2018-06-13T19:23:01.597+01:00-0] INFO  io.viewserver.datasource.RecordUtils - Scheduling addition to operator /datasources/product/table
04:55:49.743 [product-inproc://master3_2018-06-13T19:23:01.597+01:00-0] INFO  io.viewserver.adapters.mongo.MongoRecordLoader - GOT DOCUMENT IN SNAPSHOT - PickAxe - Addition of snapshot listener for Mongo table null
04:55:49.747 [product-inproc://master3_2018-06-13T19:23:01.597+01:00-0] INFO  io.viewserver.datasource.RecordUtils - Scheduling addition to operator /datasources/product/table
04:55:49.748 [product-inproc://master3_2018-06-13T19:23:01.597+01:00-0] INFO  io.viewserver.adapters.mongo.MongoRecordLoader - GOT DOCUMENT IN SNAPSHOT - ImmersionSpanner - Addition of snapshot listener for Mongo table null
04:55:49.749 [product-inproc://master3_2018-06-13T19:23:01.597+01:00-0] INFO  io.viewserver.datasource.RecordUtils - Scheduling addition to operator /datasources/product/table
04:55:49.753 [product-inproc://master3_2018-06-13T19:23:01.597+01:00-0] INFO  io.viewserver.adapters.mongo.MongoRecordLoader - GOT DOCUMENT IN SNAPSHOT - Crowbar - Addition of snapshot listener for Mongo table null
04:55:49.754 [product-inproc://master3_2018-06-13T19:23:01.597+01:00-0] INFO  io.viewserver.datasource.RecordUtils - Scheduling addition to operator /datasources/product/table
04:55:49.755 [product-inproc://master3_2018-06-13T19:23:01.597+01:00-0] INFO  io.viewserver.adapters.mongo.MongoRecordLoader - GOT DOCUMENT IN SNAPSHOT - Tamper - Addition of snapshot listener for Mongo table null
04:55:49.757 [product-inproc://master3_2018-06-13T19:23:01.597+01:00-0] INFO  io.viewserver.datasource.RecordUtils - Scheduling addition to operator /datasources/product/table
04:55:49.758 [product-inproc://master3_2018-06-13T19:23:01.597+01:00-0] INFO  io.viewserver.adapters.mongo.MongoRecordLoader - GOT DOCUMENT IN SNAPSHOT - Nailbar - Addition of snapshot listener for Mongo table null
04:55:49.760 [product-inproc://master3_2018-06-13T19:23:01.597+01:00-0] INFO  io.viewserver.datasource.RecordUtils - Scheduling addition to operator /datasources/product/table
04:55:49.760 [product-inproc://master3_2018-06-13T19:23:01.597+01:00-0] INFO  io.viewserver.adapters.mongo.MongoRecordLoader - GOT DOCUMENT IN SNAPSHOT - SlateRip - Addition of snapshot listener for Mongo table null
04:55:49.763 [product-inproc://master3_2018-06-13T19:23:01.597+01:00-0] INFO  io.viewserver.datasource.RecordUtils - Scheduling addition to operator /datasources/product/table
04:55:49.770 [product-inproc://master3_2018-06-13T19:23:01.597+01:00-0] INFO  io.viewserver.adapters.mongo.MongoRecordLoader - GOT DOCUMENT IN SNAPSHOT - SlateNibbler - Addition of snapshot listener for Mongo table null
04:55:49.771 [product-inproc://master3_2018-06-13T19:23:01.597+01:00-0] INFO  io.viewserver.datasource.RecordUtils - Scheduling addition to operator /datasources/product/table
04:55:49.772 [product-inproc://master3_2018-06-13T19:23:01.597+01:00-0] INFO  io.viewserver.adapters.mongo.MongoRecordLoader - GOT DOCUMENT IN SNAPSHOT - FloorSqueegee - Addition of snapshot listener for Mongo table null
04:55:49.774 [product-inproc://master3_2018-06-13T19:23:01.597+01:00-0] INFO  io.viewserver.datasource.RecordUtils - Scheduling addition to operator /datasources/product/table
04:55:49.774 [product-inproc://master3_2018-06-13T19:23:01.597+01:00-0] INFO  io.viewserver.adapters.mongo.MongoRecordLoader - GOT DOCUMENT IN SNAPSHOT - Nibbler(Metal)110v - Addition of snapshot listener for Mongo table null
04:55:49.774 [product-inproc://master3_2018-06-13T19:23:01.597+01:00-0] INFO  io.viewserver.datasource.RecordUtils - Scheduling addition to operator /datasources/product/table
04:55:49.824 [reactor-inproc://master3_2018-06-13T19:23:01.597+01:00] INFO  com.shotgun.viewserver.servercomponents.UserOrderNotificationComponent - Subscribe command for context: {
  "reportName" : "orderRequest",
  "parameterValues" : {
    "showOutOfRange" : [ "true" ],
    "showUnrelated" : [ "true" ],
    "partnerLatitude" : [ 0 ],
    "partnerLongitude" : [ 0 ],
    "maxDistance" : [ 0 ],
    "@userId" : [ "3ABCD24" ]
  },
  "dimensionValues" : [ {
    "name" : "dimension_customerUserId",
    "exclude" : true,
    "values" : [ "3ABCD24" ]
  }, {
    "name" : "dimension_status",
    "exclude" : false,
    "values" : [ "PLACED" ]
  }, {
    "name" : "dimension_productId",
    "exclude" : false,
    "values" : [ "SmallVan", "MediumVan", "BrickLayer", "Carpenter" ]
  } ],
  "childContexts" : [ ]
}
Options: {
  "offset" : 0,
  "limit" : 100,
  "columnsToSort" : [ {
    "name" : "requiredDate",
    "descending" : true
  }, {
    "name" : "lastModified",
    "descending" : true
  } ],
  "filterMode" : "Transparent"
}
04:55:49.825 [reactor-inproc://master2_2018-06-13T19:23:01.507+01:00] INFO  com.shotgun.viewserver.servercomponents.UserOrderNotificationComponent - Subscribe command for context: {
  "reportName" : "orderRequest",
  "parameterValues" : {
    "showOutOfRange" : [ "true" ],
    "showUnrelated" : [ "true" ],
    "partnerLatitude" : [ 0 ],
    "partnerLongitude" : [ 0 ],
    "maxDistance" : [ 0 ],
    "@userId" : [ "3ABCD23" ]
  },
  "dimensionValues" : [ {
    "name" : "dimension_customerUserId",
    "exclude" : true,
    "values" : [ "3ABCD23" ]
  }, {
    "name" : "dimension_status",
    "exclude" : false,
    "values" : [ "PLACED" ]
  }, {
    "name" : "dimension_productId",
    "exclude" : false,
    "values" : [ "SmallVan", "MediumVan", "BrickLayer", "Carpenter" ]
  } ],
  "childContexts" : [ ]
}
Options: {
  "offset" : 0,
  "limit" : 100,
  "columnsToSort" : [ {
    "name" : "requiredDate",
    "descending" : true
  }, {
    "name" : "lastModified",
    "descending" : true
  } ],
  "filterMode" : "Transparent"
}
04:55:49.835 [reactor-inproc://master1_2018-06-13T19:22:52.800+01:00] WARN  io.viewserver.core.ExecutionContext - Slow commit java.lang.ThreadLocal$SuppliedThreadLocal@4a845b36 took 34366365ms
04:55:49.836 [reactor-inproc://master1_2018-06-13T19:22:52.800+01:00] INFO  io.viewserver.datasource.RecordUtils - SCHEDULED - Acually adding record rec to operator /datasources/product/table
04:55:49.837 [reactor-inproc://master1_2018-06-13T19:22:52.800+01:00] INFO  io.viewserver.datasource.RecordUtils - Finished adding record rec to operator /datasources/product/table
04:55:49.838 [reactor-inproc://master1_2018-06-13T19:22:52.800+01:00] INFO  io.viewserver.datasource.RecordUtils - SCHEDULED - Acually adding record rec to operator /datasources/product/table
04:55:49.838 [reactor-inproc://master1_2018-06-13T19:22:52.800+01:00] INFO  io.viewserver.datasource.RecordUtils - Finished adding record rec to operator /datasources/product/table
04:55:49.838 [reactor-inproc://master1_2018-06-13T19:22:52.800+01:00] INFO  io.viewserver.datasource.RecordUtils - SCHEDULED - Acually adding record rec to operator /datasources/product/table
04:55:49.838 [reactor-inproc://master1_2018-06-13T19:22:52.800+01:00] INFO  io.viewserver.datasource.RecordUtils - Finished adding record rec to operator /datasources/product/table
04:55:49.838 [reactor-inproc://master1_2018-06-13T19:22:52.800+01:00] INFO  io.viewserver.datasource.RecordUtils - SCHEDULED - Acually adding record rec to operator /datasources/product/table
04:55:49.838 [reactor-inproc://master1_2018-06-13T19:22:52.800+01:00] INFO  io.viewserver.datasource.RecordUtils - Finished adding record rec to operator /datasources/product/table
04:55:49.838 [reactor-inproc://master1_2018-06-13T19:22:52.800+01:00] INFO  io.viewserver.datasource.RecordUtils - SCHEDULED - Acually adding record rec to operator /datasources/product/table
04:55:49.838 [reactor-inproc://master1_2018-06-13T19:22:52.800+01:00] INFO  io.viewserver.datasource.RecordUtils - Finished adding record rec to operator /datasources/product/table
04:55:49.838 [reactor-inproc://master1_2018-06-13T19:22:52.800+01:00] INFO  io.viewserver.datasource.RecordUtils - SCHEDULED - Acually adding record rec to operator /datasources/product/table
04:55:49.838 [reactor-inproc://master1_2018-06-13T19:22:52.800+01:00] INFO  io.viewserver.datasource.RecordUtils - Finished adding record rec to operator /datasources/product/table
04:55:49.838 [reactor-inproc://master1_2018-06-13T19:22:52.800+01:00] INFO  io.viewserver.datasource.RecordUtils - SCHEDULED - Acually adding record rec to operator /datasources/product/table
04:55:49.838 [reactor-inproc://master1_2018-06-13T19:22:52.800+01:00] INFO  io.viewserver.datasource.RecordUtils - Finished adding record rec to operator /datasources/product/table
04:55:49.838 [reactor-inproc://master1_2018-06-13T19:22:52.800+01:00] INFO  io.viewserver.datasource.RecordUtils - SCHEDULED - Acually adding record rec to operator /datasources/product/table
04:55:49.838 [reactor-inproc://master1_2018-06-13T19:22:52.800+01:00] INFO  io.viewserver.datasource.RecordUtils - Finished adding record rec to operator /datasources/product/table
04:55:49.838 [reactor-inproc://master1_2018-06-13T19:22:52.800+01:00] INFO  io.viewserver.datasource.RecordUtils - SCHEDULED - Acually adding record rec to operator /datasources/product/table
04:55:49.838 [reactor-inproc://master1_2018-06-13T19:22:52.800+01:00] INFO  io.viewserver.datasource.RecordUtils - Finished adding record rec to operator /datasources/product/table
04:55:49.838 [reactor-inproc://master1_2018-06-13T19:22:52.800+01:00] INFO  io.viewserver.datasource.RecordUtils - SCHEDULED - Acually adding record rec to operator /datasources/product/table
04:55:49.845 [reactor-inproc://master1_2018-06-13T19:22:52.800+01:00] INFO  io.viewserver.datasource.RecordUtils - Finished adding record rec to operator /datasources/product/table
04:55:49.845 [reactor-inproc://master1_2018-06-13T19:22:52.800+01:00] INFO  io.viewserver.datasource.RecordUtils - SCHEDULED - Acually adding record rec to operator /datasources/product/table
04:55:49.845 [reactor-inproc://master1_2018-06-13T19:22:52.800+01:00] INFO  io.viewserver.datasource.RecordUtils - Finished adding record rec to operator /datasources/product/table
04:55:49.845 [reactor-inproc://master1_2018-06-13T19:22:52.800+01:00] INFO  io.viewserver.datasource.RecordUtils - SCHEDULED - Acually adding record rec to operator /datasources/product/table
04:55:49.845 [reactor-inproc://master1_2018-06-13T19:22:52.800+01:00] INFO  io.viewserver.datasource.RecordUtils - Finished adding record rec to operator /datasources/product/table
04:55:49.845 [reactor-inproc://master1_2018-06-13T19:22:52.800+01:00] INFO  io.viewserver.datasource.RecordUtils - SCHEDULED - Acually adding record rec to operator /datasources/product/table
04:55:49.845 [reactor-inproc://master1_2018-06-13T19:22:52.800+01:00] INFO  io.viewserver.datasource.RecordUtils - Finished adding record rec to operator /datasources/product/table
04:55:49.845 [reactor-inproc://master1_2018-06-13T19:22:52.800+01:00] INFO  io.viewserver.datasource.RecordUtils - SCHEDULED - Acually adding record rec to operator /datasources/product/table
04:55:49.846 [reactor-inproc://master1_2018-06-13T19:22:52.800+01:00] INFO  io.viewserver.datasource.RecordUtils - Finished adding record rec to operator /datasources/product/table
04:55:49.847 [reactor-inproc://master1_2018-06-13T19:22:52.800+01:00] INFO  io.viewserver.datasource.RecordUtils - SCHEDULED - Acually adding record rec to operator /datasources/product/table
04:55:49.848 [reactor-inproc://master1_2018-06-13T19:22:52.800+01:00] INFO  io.viewserver.datasource.RecordUtils - Finished adding record rec to operator /datasources/product/table
04:55:49.849 [reactor-inproc://master1_2018-06-13T19:22:52.800+01:00] INFO  io.viewserver.datasource.RecordUtils - SCHEDULED - Acually adding record rec to operator /datasources/product/table
04:55:49.852 [reactor-inproc://master1_2018-06-13T19:22:52.800+01:00] INFO  io.viewserver.datasource.RecordUtils - Finished adding record rec to operator /datasources/product/table
04:55:49.852 [reactor-inproc://master1_2018-06-13T19:22:52.800+01:00] INFO  io.viewserver.datasource.RecordUtils - SCHEDULED - Acually adding record rec to operator /datasources/product/table
04:55:49.852 [reactor-inproc://master1_2018-06-13T19:22:52.800+01:00] INFO  io.viewserver.datasource.RecordUtils - Finished adding record rec to operator /datasources/product/table
04:55:49.852 [reactor-inproc://master1_2018-06-13T19:22:52.800+01:00] INFO  io.viewserver.datasource.RecordUtils - SCHEDULED - Acually adding record rec to operator /datasources/product/table
04:55:49.852 [reactor-inproc://master1_2018-06-13T19:22:52.800+01:00] INFO  io.viewserver.datasource.RecordUtils - Finished adding record rec to operator /datasources/product/table
04:55:49.852 [reactor-inproc://master1_2018-06-13T19:22:52.800+01:00] INFO  io.viewserver.datasource.RecordUtils - SCHEDULED - Acually adding record rec to operator /datasources/product/table
04:55:49.852 [reactor-inproc://master1_2018-06-13T19:22:52.800+01:00] INFO  io.viewserver.datasource.RecordUtils - Finished adding record rec to operator /datasources/product/table
04:55:49.852 [reactor-inproc://master1_2018-06-13T19:22:52.800+01:00] INFO  io.viewserver.datasource.RecordUtils - SCHEDULED - Acually adding record rec to operator /datasources/product/table
04:55:49.852 [reactor-inproc://master1_2018-06-13T19:22:52.800+01:00] INFO  io.viewserver.datasource.RecordUtils - Finished adding record rec to operator /datasources/product/table
04:55:49.852 [reactor-inproc://master1_2018-06-13T19:22:52.800+01:00] INFO  io.viewserver.datasource.RecordUtils - SCHEDULED - Acually adding record rec to operator /datasources/product/table
04:55:49.853 [reactor-inproc://master1_2018-06-13T19:22:52.800+01:00] INFO  io.viewserver.datasource.RecordUtils - Finished adding record rec to operator /datasources/product/table
04:55:49.853 [reactor-inproc://master1_2018-06-13T19:22:52.800+01:00] INFO  io.viewserver.datasource.RecordUtils - SCHEDULED - Acually adding record rec to operator /datasources/product/table
04:55:49.853 [reactor-inproc://master1_2018-06-13T19:22:52.800+01:00] INFO  io.viewserver.datasource.RecordUtils - Finished adding record rec to operator /datasources/product/table
04:55:49.853 [reactor-inproc://master1_2018-06-13T19:22:52.800+01:00] INFO  io.viewserver.datasource.RecordUtils - SCHEDULED - Acually adding record rec to operator /datasources/product/table
04:55:49.853 [reactor-inproc://master1_2018-06-13T19:22:52.800+01:00] INFO  io.viewserver.datasource.RecordUtils - Finished adding record rec to operator /datasources/product/table
04:55:49.853 [reactor-inproc://master1_2018-06-13T19:22:52.800+01:00] INFO  io.viewserver.datasource.RecordUtils - SCHEDULED - Acually adding record rec to operator /datasources/product/table
04:55:49.853 [reactor-inproc://master1_2018-06-13T19:22:52.800+01:00] INFO  io.viewserver.datasource.RecordUtils - Finished adding record rec to operator /datasources/product/table
04:55:49.853 [reactor-inproc://master1_2018-06-13T19:22:52.800+01:00] INFO  io.viewserver.datasource.RecordUtils - SCHEDULED - Acually adding record rec to operator /datasources/product/table
04:55:49.853 [reactor-inproc://master1_2018-06-13T19:22:52.800+01:00] INFO  io.viewserver.datasource.RecordUtils - Finished adding record rec to operator /datasources/product/table
04:55:49.853 [reactor-inproc://master1_2018-06-13T19:22:52.800+01:00] INFO  io.viewserver.datasource.RecordUtils - SCHEDULED - Acually adding record rec to operator /datasources/product/table
04:55:49.853 [reactor-inproc://master1_2018-06-13T19:22:52.800+01:00] INFO  io.viewserver.datasource.RecordUtils - Finished adding record rec to operator /datasources/product/table
04:55:49.853 [reactor-inproc://master1_2018-06-13T19:22:52.800+01:00] INFO  io.viewserver.datasource.RecordUtils - SCHEDULED - Acually adding record rec to operator /datasources/product/table
04:55:49.853 [reactor-inproc://master1_2018-06-13T19:22:52.800+01:00] INFO  io.viewserver.datasource.RecordUtils - Finished adding record rec to operator /datasources/product/table
04:55:49.854 [reactor-inproc://master1_2018-06-13T19:22:52.800+01:00] INFO  io.viewserver.datasource.RecordUtils - SCHEDULED - Acually adding record rec to operator /datasources/product/table
04:55:49.854 [reactor-inproc://master1_2018-06-13T19:22:52.800+01:00] INFO  io.viewserver.datasource.RecordUtils - Finished adding record rec to operator /datasources/product/table
04:55:49.854 [reactor-inproc://master1_2018-06-13T19:22:52.800+01:00] INFO  io.viewserver.datasource.RecordUtils - SCHEDULED - Acually adding record rec to operator /datasources/product/table
04:55:49.854 [reactor-inproc://master1_2018-06-13T19:22:52.800+01:00] INFO  io.viewserver.datasource.RecordUtils - Finished adding record rec to operator /datasources/product/table
04:55:49.854 [reactor-inproc://master1_2018-06-13T19:22:52.800+01:00] INFO  io.viewserver.datasource.RecordUtils - SCHEDULED - Acually adding record rec to operator /datasources/product/table
04:55:49.855 [reactor-inproc://master1_2018-06-13T19:22:52.800+01:00] INFO  io.viewserver.datasource.RecordUtils - Finished adding record rec to operator /datasources/product/table
04:55:49.855 [reactor-inproc://master1_2018-06-13T19:22:52.800+01:00] INFO  io.viewserver.datasource.RecordUtils - SCHEDULED - Acually adding record rec to operator /datasources/product/table
04:55:49.855 [reactor-inproc://master1_2018-06-13T19:22:52.800+01:00] INFO  io.viewserver.datasource.RecordUtils - Finished adding record rec to operator /datasources/product/table
04:55:49.855 [reactor-inproc://master1_2018-06-13T19:22:52.800+01:00] INFO  io.viewserver.datasource.RecordUtils - SCHEDULED - Acually adding record rec to operator /datasources/product/table
04:55:49.855 [reactor-inproc://master1_2018-06-13T19:22:52.800+01:00] INFO  io.viewserver.datasource.RecordUtils - Finished adding record rec to operator /datasources/product/table
04:55:49.856 [reactor-inproc://master1_2018-06-13T19:22:52.800+01:00] INFO  io.viewserver.datasource.RecordUtils - SCHEDULED - Acually adding record rec to operator /datasources/product/table
04:55:49.857 [reactor-inproc://master1_2018-06-13T19:22:52.800+01:00] INFO  io.viewserver.datasource.RecordUtils - Finished adding record rec to operator /datasources/product/table
04:55:49.857 [reactor-inproc://master1_2018-06-13T19:22:52.800+01:00] INFO  io.viewserver.datasource.RecordUtils - SCHEDULED - Acually adding record rec to operator /datasources/product/table
04:55:49.857 [reactor-inproc://master1_2018-06-13T19:22:52.800+01:00] INFO  io.viewserver.datasource.RecordUtils - Finished adding record rec to operator /datasources/product/table
04:55:49.857 [reactor-inproc://master1_2018-06-13T19:22:52.800+01:00] INFO  io.viewserver.datasource.RecordUtils - SCHEDULED - Acually adding record rec to operator /datasources/product/table
04:55:49.857 [reactor-inproc://master1_2018-06-13T19:22:52.800+01:00] INFO  io.viewserver.datasource.RecordUtils - Finished adding record rec to operator /datasources/product/table
04:55:49.857 [reactor-inproc://master1_2018-06-13T19:22:52.800+01:00] INFO  io.viewserver.datasource.RecordUtils - SCHEDULED - Acually adding record rec to operator /datasources/product/table
04:55:49.858 [reactor-inproc://master1_2018-06-13T19:22:52.800+01:00] INFO  io.viewserver.datasource.RecordUtils - Finished adding record rec to operator /datasources/product/table
04:55:49.858 [reactor-inproc://master1_2018-06-13T19:22:52.800+01:00] INFO  io.viewserver.datasource.RecordUtils - SCHEDULED - Acually adding record rec to operator /datasources/product/table
04:55:49.858 [reactor-inproc://master1_2018-06-13T19:22:52.800+01:00] INFO  io.viewserver.datasource.RecordUtils - Finished adding record rec to operator /datasources/product/table
04:55:49.858 [reactor-inproc://master1_2018-06-13T19:22:52.800+01:00] INFO  io.viewserver.datasource.RecordUtils - SCHEDULED - Acually adding record rec to operator /datasources/product/table
04:55:49.858 [reactor-inproc://master1_2018-06-13T19:22:52.800+01:00] INFO  io.viewserver.datasource.RecordUtils - Finished adding record rec to operator /datasources/product/table
04:55:49.858 [reactor-inproc://master1_2018-06-13T19:22:52.800+01:00] INFO  io.viewserver.datasource.RecordUtils - SCHEDULED - Acually adding record rec to operator /datasources/product/table
04:55:49.858 [reactor-inproc://master1_2018-06-13T19:22:52.800+01:00] INFO  io.viewserver.datasource.RecordUtils - Finished adding record rec to operator /datasources/product/table
04:55:49.858 [reactor-inproc://master1_2018-06-13T19:22:52.800+01:00] INFO  io.viewserver.datasource.RecordUtils - SCHEDULED - Acually adding record rec to operator /datasources/product/table
04:55:49.858 [reactor-inproc://master1_2018-06-13T19:22:52.800+01:00] INFO  io.viewserver.datasource.RecordUtils - Finished adding record rec to operator /datasources/product/table
04:55:49.858 [reactor-inproc://master1_2018-06-13T19:22:52.800+01:00] INFO  io.viewserver.datasource.RecordUtils - SCHEDULED - Acually adding record rec to operator /datasources/product/table
04:55:49.858 [reactor-inproc://master1_2018-06-13T19:22:52.800+01:00] INFO  io.viewserver.datasource.RecordUtils - Finished adding record rec to operator /datasources/product/table
04:55:49.858 [reactor-inproc://master1_2018-06-13T19:22:52.800+01:00] INFO  io.viewserver.datasource.RecordUtils - SCHEDULED - Acually adding record rec to operator /datasources/product/table
04:55:49.858 [reactor-inproc://master1_2018-06-13T19:22:52.800+01:00] INFO  io.viewserver.datasource.RecordUtils - Finished adding record rec to operator /datasources/product/table
04:55:49.858 [reactor-inproc://master1_2018-06-13T19:22:52.800+01:00] INFO  io.viewserver.datasource.RecordUtils - SCHEDULED - Acually adding record rec to operator /datasources/product/table
04:55:49.858 [reactor-inproc://master1_2018-06-13T19:22:52.800+01:00] INFO  io.viewserver.datasource.RecordUtils - Finished adding record rec to operator /datasources/product/table
04:55:49.858 [reactor-inproc://master1_2018-06-13T19:22:52.800+01:00] INFO  io.viewserver.datasource.RecordUtils - SCHEDULED - Acually adding record rec to operator /datasources/product/table
04:55:49.858 [reactor-inproc://master1_2018-06-13T19:22:52.800+01:00] INFO  io.viewserver.datasource.RecordUtils - Finished adding record rec to operator /datasources/product/table
04:55:49.858 [reactor-inproc://master1_2018-06-13T19:22:52.800+01:00] INFO  io.viewserver.datasource.RecordUtils - SCHEDULED - Acually adding record rec to operator /datasources/product/table
04:55:49.858 [reactor-inproc://master1_2018-06-13T19:22:52.800+01:00] INFO  io.viewserver.datasource.RecordUtils - Finished adding record rec to operator /datasources/product/table
04:55:49.858 [reactor-inproc://master1_2018-06-13T19:22:52.800+01:00] INFO  io.viewserver.datasource.RecordUtils - SCHEDULED - Acually adding record rec to operator /datasources/product/table
04:55:49.858 [reactor-inproc://master1_2018-06-13T19:22:52.800+01:00] INFO  io.viewserver.datasource.RecordUtils - Finished adding record rec to operator /datasources/product/table
04:55:49.858 [reactor-inproc://master1_2018-06-13T19:22:52.800+01:00] INFO  io.viewserver.datasource.RecordUtils - SCHEDULED - Acually adding record rec to operator /datasources/product/table
04:55:49.859 [reactor-inproc://master1_2018-06-13T19:22:52.800+01:00] INFO  io.viewserver.datasource.RecordUtils - Finished adding record rec to operator /datasources/product/table
04:55:49.859 [reactor-inproc://master1_2018-06-13T19:22:52.800+01:00] INFO  io.viewserver.datasource.RecordUtils - SCHEDULED - Acually adding record rec to operator /datasources/product/table
04:55:49.859 [reactor-inproc://master1_2018-06-13T19:22:52.800+01:00] INFO  io.viewserver.datasource.RecordUtils - Finished adding record rec to operator /datasources/product/table
04:55:49.859 [reactor-inproc://master1_2018-06-13T19:22:52.800+01:00] INFO  io.viewserver.datasource.RecordUtils - SCHEDULED - Acually adding record rec to operator /datasources/product/table
04:55:49.859 [reactor-inproc://master1_2018-06-13T19:22:52.800+01:00] INFO  io.viewserver.datasource.RecordUtils - Finished adding record rec to operator /datasources/product/table
04:55:49.859 [reactor-inproc://master1_2018-06-13T19:22:52.800+01:00] INFO  io.viewserver.datasource.RecordUtils - SCHEDULED - Acually adding record rec to operator /datasources/product/table
04:55:49.859 [reactor-inproc://master1_2018-06-13T19:22:52.800+01:00] INFO  io.viewserver.datasource.RecordUtils - Finished adding record rec to operator /datasources/product/table
04:55:49.859 [reactor-inproc://master1_2018-06-13T19:22:52.800+01:00] INFO  io.viewserver.datasource.RecordUtils - SCHEDULED - Acually adding record rec to operator /datasources/product/table
04:55:49.859 [reactor-inproc://master1_2018-06-13T19:22:52.800+01:00] INFO  io.viewserver.datasource.RecordUtils - Finished adding record rec to operator /datasources/product/table
04:55:49.859 [reactor-inproc://master1_2018-06-13T19:22:52.800+01:00] INFO  io.viewserver.datasource.RecordUtils - SCHEDULED - Acually adding record rec to operator /datasources/product/table
04:55:49.859 [reactor-inproc://master1_2018-06-13T19:22:52.800+01:00] INFO  io.viewserver.datasource.RecordUtils - Finished adding record rec to operator /datasources/product/table
04:55:49.859 [reactor-inproc://master1_2018-06-13T19:22:52.800+01:00] INFO  io.viewserver.datasource.RecordUtils - SCHEDULED - Acually adding record rec to operator /datasources/product/table
04:55:49.859 [reactor-inproc://master1_2018-06-13T19:22:52.800+01:00] INFO  io.viewserver.datasource.RecordUtils - Finished adding record rec to operator /datasources/product/table
04:55:49.859 [reactor-inproc://master1_2018-06-13T19:22:52.800+01:00] INFO  io.viewserver.datasource.RecordUtils - SCHEDULED - Acually adding record rec to operator /datasources/product/table
04:55:49.860 [reactor-inproc://master1_2018-06-13T19:22:52.800+01:00] INFO  io.viewserver.datasource.RecordUtils - Finished adding record rec to operator /datasources/product/table
04:55:49.860 [reactor-inproc://master1_2018-06-13T19:22:52.800+01:00] INFO  io.viewserver.datasource.RecordUtils - SCHEDULED - Acually adding record rec to operator /datasources/product/table
04:55:49.860 [reactor-inproc://master1_2018-06-13T19:22:52.800+01:00] INFO  io.viewserver.datasource.RecordUtils - Finished adding record rec to operator /datasources/product/table
04:55:49.860 [reactor-inproc://master1_2018-06-13T19:22:52.800+01:00] INFO  io.viewserver.datasource.RecordUtils - SCHEDULED - Acually adding record rec to operator /datasources/product/table
04:55:49.860 [reactor-inproc://master1_2018-06-13T19:22:52.800+01:00] INFO  io.viewserver.datasource.RecordUtils - Finished adding record rec to operator /datasources/product/table
04:55:49.860 [reactor-inproc://master1_2018-06-13T19:22:52.800+01:00] INFO  io.viewserver.datasource.RecordUtils - SCHEDULED - Acually adding record rec to operator /datasources/product/table
04:55:49.860 [reactor-inproc://master1_2018-06-13T19:22:52.800+01:00] INFO  io.viewserver.datasource.RecordUtils - Finished adding record rec to operator /datasources/product/table
04:55:49.860 [reactor-inproc://master1_2018-06-13T19:22:52.800+01:00] INFO  io.viewserver.datasource.RecordUtils - SCHEDULED - Acually adding record rec to operator /datasources/product/table
04:55:49.860 [reactor-inproc://master1_2018-06-13T19:22:52.800+01:00] INFO  io.viewserver.datasource.RecordUtils - Finished adding record rec to operator /datasources/product/table
04:55:49.860 [reactor-inproc://master1_2018-06-13T19:22:52.800+01:00] INFO  io.viewserver.datasource.RecordUtils - SCHEDULED - Acually adding record rec to operator /datasources/product/table
04:55:49.860 [reactor-inproc://master1_2018-06-13T19:22:52.800+01:00] INFO  io.viewserver.datasource.RecordUtils - Finished adding record rec to operator /datasources/product/table
04:55:49.860 [reactor-inproc://master1_2018-06-13T19:22:52.800+01:00] INFO  io.viewserver.datasource.RecordUtils - SCHEDULED - Acually adding record rec to operator /datasources/product/table
04:55:49.860 [reactor-inproc://master1_2018-06-13T19:22:52.800+01:00] INFO  io.viewserver.datasource.RecordUtils - Finished adding record rec to operator /datasources/product/table
04:55:49.860 [reactor-inproc://master1_2018-06-13T19:22:52.800+01:00] INFO  io.viewserver.datasource.RecordUtils - SCHEDULED - Acually adding record rec to operator /datasources/product/table
04:55:49.860 [reactor-inproc://master1_2018-06-13T19:22:52.800+01:00] INFO  io.viewserver.datasource.RecordUtils - Finished adding record rec to operator /datasources/product/table
04:55:49.861 [reactor-inproc://master1_2018-06-13T19:22:52.800+01:00] INFO  io.viewserver.datasource.RecordUtils - SCHEDULED - Acually adding record rec to operator /datasources/product/table
04:55:49.861 [reactor-inproc://master1_2018-06-13T19:22:52.800+01:00] INFO  io.viewserver.datasource.RecordUtils - Finished adding record rec to operator /datasources/product/table
04:55:49.862 [reactor-inproc://master1_2018-06-13T19:22:52.800+01:00] INFO  io.viewserver.datasource.RecordUtils - SCHEDULED - Acually adding record rec to operator /datasources/product/table
04:55:49.862 [reactor-inproc://master1_2018-06-13T19:22:52.800+01:00] INFO  io.viewserver.datasource.RecordUtils - Finished adding record rec to operator /datasources/product/table
04:55:49.862 [reactor-inproc://master1_2018-06-13T19:22:52.800+01:00] INFO  io.viewserver.datasource.RecordUtils - SCHEDULED - Acually adding record rec to operator /datasources/product/table
04:55:49.862 [reactor-inproc://master1_2018-06-13T19:22:52.800+01:00] INFO  io.viewserver.datasource.RecordUtils - Finished adding record rec to operator /datasources/product/table
04:55:49.862 [reactor-inproc://master1_2018-06-13T19:22:52.800+01:00] INFO  io.viewserver.datasource.RecordUtils - SCHEDULED - Acually adding record rec to operator /datasources/product/table
04:55:49.862 [reactor-inproc://master1_2018-06-13T19:22:52.800+01:00] INFO  io.viewserver.datasource.RecordUtils - Finished adding record rec to operator /datasources/product/table
04:55:49.862 [reactor-inproc://master1_2018-06-13T19:22:52.800+01:00] INFO  io.viewserver.datasource.RecordUtils - SCHEDULED - Acually adding record rec to operator /datasources/product/table
04:55:49.862 [reactor-inproc://master1_2018-06-13T19:22:52.800+01:00] INFO  io.viewserver.datasource.RecordUtils - Finished adding record rec to operator /datasources/product/table
04:55:49.862 [reactor-inproc://master1_2018-06-13T19:22:52.800+01:00] INFO  io.viewserver.datasource.RecordUtils - SCHEDULED - Acually adding record rec to operator /datasources/product/table
04:55:49.862 [reactor-inproc://master1_2018-06-13T19:22:52.800+01:00] INFO  io.viewserver.datasource.RecordUtils - Finished adding record rec to operator /datasources/product/table
04:55:49.862 [reactor-inproc://master1_2018-06-13T19:22:52.800+01:00] INFO  io.viewserver.datasource.RecordUtils - SCHEDULED - Acually adding record rec to operator /datasources/product/table
04:55:49.862 [reactor-inproc://master1_2018-06-13T19:22:52.800+01:00] INFO  io.viewserver.datasource.RecordUtils - Finished adding record rec to operator /datasources/product/table
04:55:49.862 [reactor-inproc://master1_2018-06-13T19:22:52.800+01:00] INFO  io.viewserver.datasource.RecordUtils - SCHEDULED - Acually adding record rec to operator /datasources/product/table
04:55:49.862 [reactor-inproc://master1_2018-06-13T19:22:52.800+01:00] INFO  io.viewserver.datasource.RecordUtils - Finished adding record rec to operator /datasources/product/table
04:55:49.862 [reactor-inproc://master1_2018-06-13T19:22:52.800+01:00] INFO  io.viewserver.datasource.RecordUtils - SCHEDULED - Acually adding record rec to operator /datasources/product/table
04:55:49.862 [reactor-inproc://master1_2018-06-13T19:22:52.800+01:00] INFO  io.viewserver.datasource.RecordUtils - Finished adding record rec to operator /datasources/product/table
04:55:49.862 [reactor-inproc://master1_2018-06-13T19:22:52.800+01:00] INFO  io.viewserver.datasource.RecordUtils - SCHEDULED - Acually adding record rec to operator /datasources/product/table
04:55:49.862 [reactor-inproc://master1_2018-06-13T19:22:52.800+01:00] INFO  io.viewserver.datasource.RecordUtils - Finished adding record rec to operator /datasources/product/table
04:55:49.862 [reactor-inproc://master1_2018-06-13T19:22:52.800+01:00] INFO  io.viewserver.datasource.RecordUtils - SCHEDULED - Acually adding record rec to operator /datasources/product/table
04:55:49.863 [reactor-inproc://master1_2018-06-13T19:22:52.800+01:00] INFO  io.viewserver.datasource.RecordUtils - Finished adding record rec to operator /datasources/product/table
04:55:49.863 [reactor-inproc://master1_2018-06-13T19:22:52.800+01:00] INFO  io.viewserver.datasource.RecordUtils - SCHEDULED - Acually adding record rec to operator /datasources/product/table
04:55:49.863 [reactor-inproc://master1_2018-06-13T19:22:52.800+01:00] INFO  io.viewserver.datasource.RecordUtils - Finished adding record rec to operator /datasources/product/table
04:55:49.863 [reactor-inproc://master1_2018-06-13T19:22:52.800+01:00] INFO  io.viewserver.datasource.RecordUtils - SCHEDULED - Acually adding record rec to operator /datasources/product/table
04:55:49.863 [reactor-inproc://master1_2018-06-13T19:22:52.800+01:00] INFO  io.viewserver.datasource.RecordUtils - Finished adding record rec to operator /datasources/product/table
04:55:49.863 [reactor-inproc://master1_2018-06-13T19:22:52.800+01:00] INFO  io.viewserver.datasource.RecordUtils - SCHEDULED - Acually adding record rec to operator /datasources/product/table
04:55:49.863 [reactor-inproc://master1_2018-06-13T19:22:52.800+01:00] INFO  io.viewserver.datasource.RecordUtils - Finished adding record rec to operator /datasources/product/table
04:55:49.863 [reactor-inproc://master1_2018-06-13T19:22:52.800+01:00] INFO  io.viewserver.datasource.RecordUtils - SCHEDULED - Acually adding record rec to operator /datasources/product/table
04:55:49.863 [reactor-inproc://master1_2018-06-13T19:22:52.800+01:00] INFO  io.viewserver.datasource.RecordUtils - Finished adding record rec to operator /datasources/product/table
04:55:49.863 [reactor-inproc://master1_2018-06-13T19:22:52.800+01:00] INFO  io.viewserver.datasource.RecordUtils - SCHEDULED - Acually adding record rec to operator /datasources/product/table
04:55:49.863 [reactor-inproc://master1_2018-06-13T19:22:52.800+01:00] INFO  io.viewserver.datasource.RecordUtils - Finished adding record rec to operator /datasources/product/table
04:55:49.863 [reactor-inproc://master1_2018-06-13T19:22:52.800+01:00] INFO  io.viewserver.datasource.RecordUtils - SCHEDULED - Acually adding record rec to operator /datasources/product/table
04:55:49.863 [reactor-inproc://master1_2018-06-13T19:22:52.800+01:00] INFO  io.viewserver.datasource.RecordUtils - Finished adding record rec to operator /datasources/product/table
04:55:49.863 [reactor-inproc://master1_2018-06-13T19:22:52.800+01:00] INFO  io.viewserver.datasource.RecordUtils - SCHEDULED - Acually adding record rec to operator /datasources/product/table
04:55:49.864 [reactor-inproc://master1_2018-06-13T19:22:52.800+01:00] INFO  io.viewserver.datasource.RecordUtils - Finished adding record rec to operator /datasources/product/table
04:55:49.864 [reactor-inproc://master1_2018-06-13T19:22:52.800+01:00] INFO  io.viewserver.datasource.RecordUtils - SCHEDULED - Acually adding record rec to operator /datasources/product/table
04:55:49.864 [reactor-inproc://master1_2018-06-13T19:22:52.800+01:00] INFO  io.viewserver.datasource.RecordUtils - Finished adding record rec to operator /datasources/product/table
04:55:49.865 [reactor-inproc://master1_2018-06-13T19:22:52.800+01:00] INFO  io.viewserver.datasource.RecordUtils - SCHEDULED - Acually adding record rec to operator /datasources/product/table
04:55:49.866 [reactor-inproc://master1_2018-06-13T19:22:52.800+01:00] INFO  io.viewserver.datasource.RecordUtils - Finished adding record rec to operator /datasources/product/table
04:55:49.868 [reactor-monitor] WARN  io.viewserver.reactor.ReactorMonitor - Threads dumped to [1, threadDumps/threadDump-20180614045549]
04:55:49.867 [reactor-inproc://master1_2018-06-13T19:22:52.800+01:00] INFO  io.viewserver.datasource.RecordUtils - SCHEDULED - Acually adding record rec to operator /datasources/product/table
04:55:49.869 [reactor-inproc://master1_2018-06-13T19:22:52.800+01:00] INFO  io.viewserver.datasource.RecordUtils - Finished adding record rec to operator /datasources/product/table
04:55:49.870 [reactor-inproc://master1_2018-06-13T19:22:52.800+01:00] INFO  io.viewserver.datasource.RecordUtils - SCHEDULED - Acually adding record rec to operator /datasources/product/table
04:55:49.870 [reactor-inproc://master1_2018-06-13T19:22:52.800+01:00] INFO  io.viewserver.datasource.RecordUtils - Finished adding record rec to operator /datasources/product/table
04:55:49.870 [reactor-inproc://master1_2018-06-13T19:22:52.800+01:00] INFO  io.viewserver.datasource.RecordUtils - SCHEDULED - Acually adding record rec to operator /datasources/product/table
04:55:49.870 [reactor-inproc://master1_2018-06-13T19:22:52.800+01:00] INFO  io.viewserver.datasource.RecordUtils - Finished adding record rec to operator /datasources/product/table
04:55:49.870 [reactor-inproc://master1_2018-06-13T19:22:52.800+01:00] INFO  io.viewserver.datasource.RecordUtils - SCHEDULED - Acually adding record rec to operator /datasources/product/table
04:55:49.870 [reactor-inproc://master1_2018-06-13T19:22:52.800+01:00] INFO  io.viewserver.datasource.RecordUtils - Finished adding record rec to operator /datasources/product/table
04:55:49.870 [reactor-inproc://master1_2018-06-13T19:22:52.800+01:00] INFO  io.viewserver.datasource.RecordUtils - SCHEDULED - Acually adding record rec to operator /datasources/product/table
04:55:49.870 [reactor-inproc://master1_2018-06-13T19:22:52.800+01:00] INFO  io.viewserver.datasource.RecordUtils - Finished adding record rec to operator /datasources/product/table
04:55:49.870 [reactor-inproc://master1_2018-06-13T19:22:52.800+01:00] INFO  io.viewserver.datasource.RecordUtils - SCHEDULED - Acually adding record rec to operator /datasources/product/table
04:55:49.870 [reactor-inproc://master1_2018-06-13T19:22:52.800+01:00] INFO  io.viewserver.datasource.RecordUtils - Finished adding record rec to operator /datasources/product/table
04:55:49.870 [reactor-inproc://master1_2018-06-13T19:22:52.800+01:00] INFO  io.viewserver.datasource.RecordUtils - SCHEDULED - Acually adding record rec to operator /datasources/product/table
04:55:49.870 [reactor-inproc://master1_2018-06-13T19:22:52.800+01:00] INFO  io.viewserver.datasource.RecordUtils - Finished adding record rec to operator /datasources/product/table
04:55:49.870 [reactor-inproc://master1_2018-06-13T19:22:52.800+01:00] INFO  io.viewserver.datasource.RecordUtils - SCHEDULED - Acually adding record rec to operator /datasources/product/table
04:55:49.870 [reactor-inproc://master1_2018-06-13T19:22:52.800+01:00] INFO  io.viewserver.datasource.RecordUtils - Finished adding record rec to operator /datasources/product/table
04:55:49.871 [reactor-inproc://master1_2018-06-13T19:22:52.800+01:00] INFO  io.viewserver.datasource.RecordUtils - SCHEDULED - Acually adding record rec to operator /datasources/product/table
04:55:49.871 [reactor-inproc://master1_2018-06-13T19:22:52.800+01:00] INFO  io.viewserver.datasource.RecordUtils - Finished adding record rec to operator /datasources/product/table
04:55:49.871 [reactor-inproc://master1_2018-06-13T19:22:52.800+01:00] INFO  io.viewserver.datasource.RecordUtils - SCHEDULED - Acually adding record rec to operator /datasources/product/table
04:55:49.871 [reactor-inproc://master1_2018-06-13T19:22:52.800+01:00] INFO  io.viewserver.datasource.RecordUtils - Finished adding record rec to operator /datasources/product/table
04:55:49.871 [reactor-inproc://master1_2018-06-13T19:22:52.800+01:00] INFO  io.viewserver.datasource.RecordUtils - SCHEDULED - Acually adding record rec to operator /datasources/product/table
04:55:49.871 [reactor-inproc://master1_2018-06-13T19:22:52.800+01:00] INFO  io.viewserver.datasource.RecordUtils - Finished adding record rec to operator /datasources/product/table
04:55:49.871 [reactor-inproc://master1_2018-06-13T19:22:52.800+01:00] INFO  io.viewserver.datasource.RecordUtils - SCHEDULED - Acually adding record rec to operator /datasources/product/table
04:55:49.871 [reactor-inproc://master1_2018-06-13T19:22:52.800+01:00] INFO  io.viewserver.datasource.RecordUtils - Finished adding record rec to operator /datasources/product/table
04:55:49.871 [reactor-inproc://master1_2018-06-13T19:22:52.800+01:00] INFO  io.viewserver.datasource.RecordUtils - SCHEDULED - Acually adding record rec to operator /datasources/product/table
04:55:49.871 [reactor-inproc://master1_2018-06-13T19:22:52.800+01:00] INFO  io.viewserver.datasource.RecordUtils - Finished adding record rec to operator /datasources/product/table
04:55:49.871 [reactor-inproc://master1_2018-06-13T19:22:52.800+01:00] INFO  io.viewserver.datasource.RecordUtils - SCHEDULED - Acually adding record rec to operator /datasources/product/table
04:55:49.871 [reactor-inproc://master1_2018-06-13T19:22:52.800+01:00] INFO  io.viewserver.datasource.RecordUtils - Finished adding record rec to operator /datasources/product/table
04:55:49.871 [reactor-inproc://master1_2018-06-13T19:22:52.800+01:00] INFO  io.viewserver.datasource.RecordUtils - SCHEDULED - Acually adding record rec to operator /datasources/product/table
04:55:49.871 [reactor-inproc://master1_2018-06-13T19:22:52.800+01:00] INFO  io.viewserver.datasource.RecordUtils - Finished adding record rec to operator /datasources/product/table
04:55:49.871 [reactor-inproc://master1_2018-06-13T19:22:52.800+01:00] INFO  io.viewserver.datasource.RecordUtils - SCHEDULED - Acually adding record rec to operator /datasources/product/table
04:55:49.871 [reactor-inproc://master1_2018-06-13T19:22:52.800+01:00] INFO  io.viewserver.datasource.RecordUtils - Finished adding record rec to operator /datasources/product/table
04:55:49.871 [reactor-inproc://master1_2018-06-13T19:22:52.800+01:00] INFO  io.viewserver.datasource.RecordUtils - SCHEDULED - Acually adding record rec to operator /datasources/product/table
04:55:49.871 [reactor-inproc://master1_2018-06-13T19:22:52.800+01:00] INFO  io.viewserver.datasource.RecordUtils - Finished adding record rec to operator /datasources/product/table
04:55:49.872 [reactor-inproc://master1_2018-06-13T19:22:52.800+01:00] INFO  io.viewserver.datasource.RecordUtils - SCHEDULED - Acually adding record rec to operator /datasources/product/table
04:55:49.872 [reactor-inproc://master1_2018-06-13T19:22:52.800+01:00] INFO  io.viewserver.datasource.RecordUtils - Finished adding record rec to operator /datasources/product/table
04:55:49.872 [reactor-inproc://master1_2018-06-13T19:22:52.800+01:00] INFO  io.viewserver.datasource.RecordUtils - SCHEDULED - Acually adding record rec to operator /datasources/product/table
04:55:49.872 [reactor-inproc://master1_2018-06-13T19:22:52.800+01:00] INFO  io.viewserver.datasource.RecordUtils - Finished adding record rec to operator /datasources/product/table
04:55:49.872 [reactor-inproc://master1_2018-06-13T19:22:52.800+01:00] INFO  io.viewserver.datasource.RecordUtils - SCHEDULED - Acually adding record rec to operator /datasources/product/table
04:55:49.872 [reactor-inproc://master1_2018-06-13T19:22:52.800+01:00] INFO  io.viewserver.datasource.RecordUtils - Finished adding record rec to operator /datasources/product/table
04:55:49.872 [reactor-inproc://master1_2018-06-13T19:22:52.800+01:00] INFO  io.viewserver.datasource.RecordUtils - SCHEDULED - Acually adding record rec to operator /datasources/product/table
04:55:49.872 [reactor-inproc://master1_2018-06-13T19:22:52.800+01:00] INFO  io.viewserver.datasource.RecordUtils - Finished adding record rec to operator /datasources/product/table
04:55:49.872 [reactor-inproc://master1_2018-06-13T19:22:52.800+01:00] INFO  io.viewserver.datasource.RecordUtils - SCHEDULED - Acually adding record rec to operator /datasources/product/table
04:55:49.872 [reactor-inproc://master1_2018-06-13T19:22:52.800+01:00] INFO  io.viewserver.datasource.RecordUtils - Finished adding record rec to operator /datasources/product/table
04:55:49.872 [reactor-inproc://master1_2018-06-13T19:22:52.800+01:00] INFO  io.viewserver.datasource.RecordUtils - SCHEDULED - Acually adding record rec to operator /datasources/product/table
04:55:49.872 [reactor-inproc://master1_2018-06-13T19:22:52.800+01:00] INFO  io.viewserver.datasource.RecordUtils - Finished adding record rec to operator /datasources/product/table
04:55:49.872 [reactor-inproc://master1_2018-06-13T19:22:52.800+01:00] INFO  io.viewserver.datasource.RecordUtils - SCHEDULED - Acually adding record rec to operator /datasources/product/table
04:55:49.873 [reactor-inproc://master1_2018-06-13T19:22:52.800+01:00] INFO  io.viewserver.datasource.RecordUtils - Finished adding record rec to operator /datasources/product/table
04:55:49.873 [reactor-inproc://master1_2018-06-13T19:22:52.800+01:00] INFO  io.viewserver.datasource.RecordUtils - SCHEDULED - Acually adding record rec to operator /datasources/product/table
04:55:49.873 [reactor-inproc://master1_2018-06-13T19:22:52.800+01:00] INFO  io.viewserver.datasource.RecordUtils - Finished adding record rec to operator /datasources/product/table
04:55:49.873 [reactor-inproc://master1_2018-06-13T19:22:52.800+01:00] INFO  io.viewserver.datasource.RecordUtils - SCHEDULED - Acually adding record rec to operator /datasources/product/table
04:55:49.873 [reactor-inproc://master1_2018-06-13T19:22:52.800+01:00] INFO  io.viewserver.datasource.RecordUtils - Finished adding record rec to operator /datasources/product/table
04:55:49.873 [reactor-inproc://master1_2018-06-13T19:22:52.800+01:00] INFO  io.viewserver.datasource.RecordUtils - SCHEDULED - Acually adding record rec to operator /datasources/product/table
04:55:49.875 [reactor-inproc://master1_2018-06-13T19:22:52.800+01:00] INFO  io.viewserver.datasource.RecordUtils - Finished adding record rec to operator /datasources/product/table
04:55:49.876 [reactor-inproc://master1_2018-06-13T19:22:52.800+01:00] INFO  io.viewserver.datasource.RecordUtils - SCHEDULED - Acually adding record rec to operator /datasources/product/table
04:55:49.876 [reactor-inproc://master1_2018-06-13T19:22:52.800+01:00] INFO  io.viewserver.datasource.RecordUtils - Finished adding record rec to operator /datasources/product/table
04:55:49.877 [reactor-inproc://master1_2018-06-13T19:22:52.800+01:00] INFO  io.viewserver.datasource.RecordUtils - SCHEDULED - Acually adding record rec to operator /datasources/product/table
04:55:49.878 [reactor-inproc://master1_2018-06-13T19:22:52.800+01:00] INFO  io.viewserver.datasource.RecordUtils - Finished adding record rec to operator /datasources/product/table
04:55:49.879 [reactor-inproc://master1_2018-06-13T19:22:52.800+01:00] INFO  io.viewserver.datasource.RecordUtils - SCHEDULED - Acually adding record rec to operator /datasources/product/table
04:55:49.879 [reactor-inproc://master1_2018-06-13T19:22:52.800+01:00] INFO  io.viewserver.datasource.RecordUtils - Finished adding record rec to operator /datasources/product/table
04:55:49.880 [reactor-inproc://master1_2018-06-13T19:22:52.800+01:00] INFO  io.viewserver.datasource.RecordUtils - SCHEDULED - Acually adding record rec to operator /datasources/product/table
04:55:49.880 [reactor-inproc://master1_2018-06-13T19:22:52.800+01:00] INFO  io.viewserver.datasource.RecordUtils - Finished adding record rec to operator /datasources/product/table
04:55:49.880 [reactor-inproc://master1_2018-06-13T19:22:52.800+01:00] INFO  io.viewserver.datasource.RecordUtils - SCHEDULED - Acually adding record rec to operator /datasources/product/table
04:55:49.881 [reactor-inproc://master1_2018-06-13T19:22:52.800+01:00] INFO  io.viewserver.datasource.RecordUtils - Finished adding record rec to operator /datasources/product/table
04:55:49.881 [reactor-inproc://master1_2018-06-13T19:22:52.800+01:00] INFO  io.viewserver.datasource.RecordUtils - SCHEDULED - Acually adding record rec to operator /datasources/product/table
04:55:49.881 [reactor-inproc://master1_2018-06-13T19:22:52.800+01:00] INFO  io.viewserver.datasource.RecordUtils - Finished adding record rec to operator /datasources/product/table
04:55:49.884 [reactor-inproc://master1_2018-06-13T19:22:52.800+01:00] INFO  io.viewserver.datasource.RecordUtils - SCHEDULED - Acually adding record rec to operator /datasources/product/table
04:55:49.885 [reactor-inproc://master1_2018-06-13T19:22:52.800+01:00] INFO  io.viewserver.datasource.RecordUtils - Finished adding record rec to operator /datasources/product/table
04:55:49.886 [reactor-inproc://master1_2018-06-13T19:22:52.800+01:00] INFO  io.viewserver.datasource.RecordUtils - SCHEDULED - Acually adding record rec to operator /datasources/product/table
04:55:49.886 [reactor-inproc://master1_2018-06-13T19:22:52.800+01:00] INFO  io.viewserver.datasource.RecordUtils - Finished adding record rec to operator /datasources/product/table
04:55:49.886 [reactor-inproc://master1_2018-06-13T19:22:52.800+01:00] INFO  io.viewserver.datasource.RecordUtils - SCHEDULED - Acually adding record rec to operator /datasources/product/table
04:55:49.886 [reactor-inproc://master1_2018-06-13T19:22:52.800+01:00] INFO  io.viewserver.datasource.RecordUtils - Finished adding record rec to operator /datasources/product/table
04:55:49.886 [reactor-inproc://master1_2018-06-13T19:22:52.800+01:00] INFO  io.viewserver.datasource.RecordUtils - SCHEDULED - Acually adding record rec to operator /datasources/product/table
04:55:49.888 [reactor-inproc://master1_2018-06-13T19:22:52.800+01:00] INFO  io.viewserver.datasource.RecordUtils - Finished adding record rec to operator /datasources/product/table
04:55:49.888 [reactor-inproc://master1_2018-06-13T19:22:52.800+01:00] INFO  io.viewserver.datasource.RecordUtils - SCHEDULED - Acually adding record rec to operator /datasources/product/table
04:55:49.888 [reactor-inproc://master1_2018-06-13T19:22:52.800+01:00] INFO  io.viewserver.datasource.RecordUtils - Finished adding record rec to operator /datasources/product/table
04:55:49.889 [reactor-inproc://master1_2018-06-13T19:22:52.800+01:00] INFO  io.viewserver.datasource.RecordUtils - SCHEDULED - Acually adding record rec to operator /datasources/product/table
04:55:49.889 [reactor-inproc://master1_2018-06-13T19:22:52.800+01:00] INFO  io.viewserver.datasource.RecordUtils - Finished adding record rec to operator /datasources/product/table
04:55:49.889 [reactor-inproc://master1_2018-06-13T19:22:52.800+01:00] INFO  io.viewserver.datasource.RecordUtils - SCHEDULED - Acually adding record rec to operator /datasources/product/table
04:55:49.889 [reactor-inproc://master1_2018-06-13T19:22:52.800+01:00] INFO  io.viewserver.datasource.RecordUtils - Finished adding record rec to operator /datasources/product/table
04:55:49.889 [reactor-inproc://master1_2018-06-13T19:22:52.800+01:00] INFO  io.viewserver.datasource.RecordUtils - SCHEDULED - Acually adding record rec to operator /datasources/product/table
04:55:49.889 [reactor-inproc://master1_2018-06-13T19:22:52.800+01:00] INFO  io.viewserver.datasource.RecordUtils - Finished adding record rec to operator /datasources/product/table
04:55:49.889 [reactor-inproc://master1_2018-06-13T19:22:52.800+01:00] INFO  io.viewserver.datasource.RecordUtils - SCHEDULED - Acually adding record rec to operator /datasources/product/table
04:55:49.889 [reactor-inproc://master1_2018-06-13T19:22:52.800+01:00] INFO  io.viewserver.datasource.RecordUtils - Finished adding record rec to operator /datasources/product/table
04:55:49.890 [reactor-inproc://master1_2018-06-13T19:22:52.800+01:00] INFO  io.viewserver.datasource.RecordUtils - SCHEDULED - Acually adding record rec to operator /datasources/product/table
04:55:49.890 [reactor-inproc://master1_2018-06-13T19:22:52.800+01:00] INFO  io.viewserver.datasource.RecordUtils - Finished adding record rec to operator /datasources/product/table
04:55:49.890 [reactor-inproc://master1_2018-06-13T19:22:52.800+01:00] INFO  io.viewserver.datasource.RecordUtils - SCHEDULED - Acually adding record rec to operator /datasources/product/table
04:55:49.890 [reactor-inproc://master1_2018-06-13T19:22:52.800+01:00] INFO  io.viewserver.datasource.RecordUtils - Finished adding record rec to operator /datasources/product/table
04:55:49.890 [reactor-inproc://master1_2018-06-13T19:22:52.800+01:00] INFO  io.viewserver.datasource.RecordUtils - SCHEDULED - Acually adding record rec to operator /datasources/product/table
04:55:49.890 [reactor-inproc://master1_2018-06-13T19:22:52.800+01:00] INFO  io.viewserver.datasource.RecordUtils - Finished adding record rec to operator /datasources/product/table
04:55:49.890 [reactor-inproc://master1_2018-06-13T19:22:52.800+01:00] INFO  io.viewserver.datasource.RecordUtils - SCHEDULED - Acually adding record rec to operator /datasources/product/table
04:55:49.891 [reactor-inproc://master1_2018-06-13T19:22:52.800+01:00] INFO  io.viewserver.datasource.RecordUtils - Finished adding record rec to operator /datasources/product/table
04:55:49.891 [reactor-inproc://master1_2018-06-13T19:22:52.800+01:00] INFO  io.viewserver.datasource.RecordUtils - SCHEDULED - Acually adding record rec to operator /datasources/product/table
04:55:49.891 [reactor-inproc://master1_2018-06-13T19:22:52.800+01:00] INFO  io.viewserver.datasource.RecordUtils - Finished adding record rec to operator /datasources/product/table
04:55:49.891 [reactor-inproc://master1_2018-06-13T19:22:52.800+01:00] INFO  io.viewserver.datasource.RecordUtils - SCHEDULED - Acually adding record rec to operator /datasources/product/table
04:55:49.859 [reactor-inproc://master3_2018-06-13T19:23:01.597+01:00] ERROR com.shotgun.viewserver.servercomponents.UserOrderNotificationComponent - Issue subscribing to report output
java.util.concurrent.RejectedExecutionException: Task java.util.concurrent.ScheduledThreadPoolExecutor$ScheduledFutureTask@3f17761b rejected from java.util.concurrent.ScheduledThreadPoolExecutor@7209aad8[Shutting down, pool size = 1, active threads = 1, queued tasks = 0, completed tasks = 16]
	at java.util.concurrent.ThreadPoolExecutor$AbortPolicy.rejectedExecution(ThreadPoolExecutor.java:2063) ~[?:1.8.0_171]
	at java.util.concurrent.ThreadPoolExecutor.reject(ThreadPoolExecutor.java:830) ~[?:1.8.0_171]
	at java.util.concurrent.ScheduledThreadPoolExecutor.delayedExecute(ScheduledThreadPoolExecutor.java:326) ~[?:1.8.0_171]
	at java.util.concurrent.ScheduledThreadPoolExecutor.schedule(ScheduledThreadPoolExecutor.java:533) ~[?:1.8.0_171]
	at java.util.concurrent.ScheduledThreadPoolExecutor.execute(ScheduledThreadPoolExecutor.java:622) ~[?:1.8.0_171]
	at java.util.concurrent.Executors$DelegatedExecutorService.execute(Executors.java:668) ~[?:1.8.0_171]
	at com.google.common.util.concurrent.MoreExecutors$ListeningDecorator.execute(MoreExecutors.java:530) ~[guava-20.0.jar:?]
	at rx.internal.schedulers.ExecutorScheduler$ExecutorSchedulerWorker.schedule(ExecutorScheduler.java:79) ~[rxjava-1.3.4.jar:1.3.4]
	at rx.internal.operators.OperatorSubscribeOn.call(OperatorSubscribeOn.java:50) ~[rxjava-1.3.4.jar:1.3.4]
	at rx.internal.operators.OperatorSubscribeOn.call(OperatorSubscribeOn.java:30) ~[rxjava-1.3.4.jar:1.3.4]
	at rx.Observable.subscribe(Observable.java:10352) ~[rxjava-1.3.4.jar:1.3.4]
	at rx.Observable.subscribe(Observable.java:10319) ~[rxjava-1.3.4.jar:1.3.4]
	at rx.Observable.subscribe(Observable.java:10159) ~[rxjava-1.3.4.jar:1.3.4]
	at com.shotgun.viewserver.servercomponents.UserOrderNotificationComponent.lambda$null$11(UserOrderNotificationComponent.java:141) ~[classes/:?]
	at rx.internal.util.ActionSubscriber.onNext(ActionSubscriber.java:39) ~[rxjava-1.3.4.jar:1.3.4]
	at rx.observers.SafeSubscriber.onNext(SafeSubscriber.java:134) ~[rxjava-1.3.4.jar:1.3.4]
	at rx.observers.Subscribers$5.onNext(Subscribers.java:235) ~[rxjava-1.3.4.jar:1.3.4]
	at rx.internal.util.ScalarSynchronousObservable$WeakSingleProducer.request(ScalarSynchronousObservable.java:276) ~[rxjava-1.3.4.jar:1.3.4]
	at rx.Subscriber.setProducer(Subscriber.java:209) ~[rxjava-1.3.4.jar:1.3.4]
	at rx.Subscriber.setProducer(Subscriber.java:205) ~[rxjava-1.3.4.jar:1.3.4]
	at rx.Subscriber.setProducer(Subscriber.java:205) ~[rxjava-1.3.4.jar:1.3.4]
	at rx.internal.util.ScalarSynchronousObservable$3.call(ScalarSynchronousObservable.java:233) ~[rxjava-1.3.4.jar:1.3.4]
	at rx.internal.util.ScalarSynchronousObservable$3.call(ScalarSynchronousObservable.java:228) ~[rxjava-1.3.4.jar:1.3.4]
	at rx.Observable.unsafeSubscribe(Observable.java:10256) ~[rxjava-1.3.4.jar:1.3.4]
	at rx.internal.util.ScalarSynchronousObservable$3.call(ScalarSynchronousObservable.java:235) ~[rxjava-1.3.4.jar:1.3.4]
	at rx.internal.util.ScalarSynchronousObservable$3.call(ScalarSynchronousObservable.java:228) ~[rxjava-1.3.4.jar:1.3.4]
	at rx.Observable.subscribe(Observable.java:10352) ~[rxjava-1.3.4.jar:1.3.4]
	at rx.Observable.subscribe(Observable.java:10319) ~[rxjava-1.3.4.jar:1.3.4]
	at rx.Observable.subscribe(Observable.java:10159) ~[rxjava-1.3.4.jar:1.3.4]
	at com.shotgun.viewserver.servercomponents.UserOrderNotificationComponent.lambda$listenForUserProducts$13(UserOrderNotificationComponent.java:140) ~[classes/:?]
	at rx.internal.util.ActionSubscriber.onNext(ActionSubscriber.java:39) ~[rxjava-1.3.4.jar:1.3.4]
	at rx.observers.SafeSubscriber.onNext(SafeSubscriber.java:134) ~[rxjava-1.3.4.jar:1.3.4]
	at rx.internal.operators.OperatorZip$Zip.tick(OperatorZip.java:252) ~[rxjava-1.3.4.jar:1.3.4]
	at rx.internal.operators.OperatorZip$Zip$InnerSubscriber.onNext(OperatorZip.java:323) ~[rxjava-1.3.4.jar:1.3.4]
	at rx.internal.operators.OperatorTake$1.onNext(OperatorTake.java:76) ~[rxjava-1.3.4.jar:1.3.4]
	at rx.internal.operators.OnSubscribeFilter$FilterSubscriber.onNext(OnSubscribeFilter.java:76) ~[rxjava-1.3.4.jar:1.3.4]
	at rx.internal.operators.OperatorObserveOn$ObserveOnSubscriber.call(OperatorObserveOn.java:224) ~[rxjava-1.3.4.jar:1.3.4]
	at rx.internal.schedulers.ScheduledAction.run(ScheduledAction.java:55) ~[rxjava-1.3.4.jar:1.3.4]
	at rx.internal.schedulers.ExecutorScheduler$ExecutorSchedulerWorker.run(ExecutorScheduler.java:107) ~[rxjava-1.3.4.jar:1.3.4]
	at io.viewserver.core.ExecutionContext$1.execute(ExecutionContext.java:198) ~[classes/:?]
	at io.viewserver.reactor.EventLoopReactor.scheduleTask(EventLoopReactor.java:263) ~[classes/:?]
	at io.viewserver.core.ExecutionContext.submit(ExecutionContext.java:195) ~[classes/:?]
	at io.viewserver.operators.rx.RxUtils$1.execute(RxUtils.java:34) ~[classes/:?]
	at rx.internal.schedulers.ExecutorScheduler$ExecutorSchedulerWorker.schedule(ExecutorScheduler.java:79) ~[rxjava-1.3.4.jar:1.3.4]
	at rx.internal.operators.OperatorObserveOn$ObserveOnSubscriber.schedule(OperatorObserveOn.java:188) ~[rxjava-1.3.4.jar:1.3.4]
	at rx.internal.operators.OperatorObserveOn$ObserveOnSubscriber.onNext(OperatorObserveOn.java:163) ~[rxjava-1.3.4.jar:1.3.4]
	at rx.subjects.ReplaySubject$ReplayUnboundedBuffer.drain(ReplaySubject.java:644) ~[rxjava-1.3.4.jar:1.3.4]
	at rx.subjects.ReplaySubject$ReplayProducer.request(ReplaySubject.java:1268) ~[rxjava-1.3.4.jar:1.3.4]
	at rx.Subscriber.setProducer(Subscriber.java:211) ~[rxjava-1.3.4.jar:1.3.4]
	at rx.subjects.ReplaySubject$ReplayState.call(ReplaySubject.java:384) ~[rxjava-1.3.4.jar:1.3.4]
	at rx.subjects.ReplaySubject$ReplayState.call(ReplaySubject.java:360) ~[rxjava-1.3.4.jar:1.3.4]
	at rx.internal.operators.OnSubscribeLift.call(OnSubscribeLift.java:48) ~[rxjava-1.3.4.jar:1.3.4]
	at rx.internal.operators.OnSubscribeLift.call(OnSubscribeLift.java:30) ~[rxjava-1.3.4.jar:1.3.4]
	at rx.Observable.unsafeSubscribe(Observable.java:10256) ~[rxjava-1.3.4.jar:1.3.4]
	at rx.internal.operators.OnSubscribeFilter.call(OnSubscribeFilter.java:45) ~[rxjava-1.3.4.jar:1.3.4]
	at rx.internal.operators.OnSubscribeFilter.call(OnSubscribeFilter.java:30) ~[rxjava-1.3.4.jar:1.3.4]
	at rx.internal.operators.OnSubscribeLift.call(OnSubscribeLift.java:48) ~[rxjava-1.3.4.jar:1.3.4]
	at rx.internal.operators.OnSubscribeLift.call(OnSubscribeLift.java:30) ~[rxjava-1.3.4.jar:1.3.4]
	at rx.Observable.unsafeSubscribe(Observable.java:10256) ~[rxjava-1.3.4.jar:1.3.4]
	at rx.internal.operators.OperatorZip$Zip.start(OperatorZip.java:202) ~[rxjava-1.3.4.jar:1.3.4]
	at rx.internal.operators.OperatorZip$ZipSubscriber.onNext(OperatorZip.java:143) ~[rxjava-1.3.4.jar:1.3.4]
	at rx.internal.operators.OperatorZip$ZipSubscriber.onNext(OperatorZip.java:109) ~[rxjava-1.3.4.jar:1.3.4]
	at rx.internal.util.ScalarSynchronousObservable$WeakSingleProducer.request(ScalarSynchronousObservable.java:276) ~[rxjava-1.3.4.jar:1.3.4]
	at rx.Subscriber.setProducer(Subscriber.java:209) ~[rxjava-1.3.4.jar:1.3.4]
	at rx.internal.util.ScalarSynchronousObservable$JustOnSubscribe.call(ScalarSynchronousObservable.java:138) ~[rxjava-1.3.4.jar:1.3.4]
	at rx.internal.util.ScalarSynchronousObservable$JustOnSubscribe.call(ScalarSynchronousObservable.java:129) ~[rxjava-1.3.4.jar:1.3.4]
	at rx.internal.operators.OnSubscribeLift.call(OnSubscribeLift.java:48) ~[rxjava-1.3.4.jar:1.3.4]
	at rx.internal.operators.OnSubscribeLift.call(OnSubscribeLift.java:30) ~[rxjava-1.3.4.jar:1.3.4]
	at rx.Observable.subscribe(Observable.java:10352) ~[rxjava-1.3.4.jar:1.3.4]
	at rx.Observable.subscribe(Observable.java:10319) ~[rxjava-1.3.4.jar:1.3.4]
	at rx.Observable.subscribe(Observable.java:10124) ~[rxjava-1.3.4.jar:1.3.4]
	at com.shotgun.viewserver.servercomponents.UserOrderNotificationComponent.listenForUserProducts(UserOrderNotificationComponent.java:132) ~[classes/:?]
	at com.shotgun.viewserver.servercomponents.UserOrderNotificationComponent.onUserAdded(UserOrderNotificationComponent.java:119) ~[classes/:?]
	at com.shotgun.viewserver.servercomponents.UserOrderNotificationComponent.lambda$listenForUsers$2(UserOrderNotificationComponent.java:97) ~[classes/:?]
	at rx.internal.util.ActionSubscriber.onNext(ActionSubscriber.java:39) ~[rxjava-1.3.4.jar:1.3.4]
	at rx.observers.SafeSubscriber.onNext(SafeSubscriber.java:134) ~[rxjava-1.3.4.jar:1.3.4]
	at rx.internal.operators.OnSubscribeFilter$FilterSubscriber.onNext(OnSubscribeFilter.java:76) ~[rxjava-1.3.4.jar:1.3.4]
	at rx.observers.SerializedObserver.onNext(SerializedObserver.java:91) ~[rxjava-1.3.4.jar:1.3.4]
	at rx.observers.SerializedSubscriber.onNext(SerializedSubscriber.java:94) ~[rxjava-1.3.4.jar:1.3.4]
	at rx.internal.operators.OnSubscribeConcatMap$ConcatMapSubscriber.innerNext(OnSubscribeConcatMap.java:182) ~[rxjava-1.3.4.jar:1.3.4]
	at rx.internal.operators.OnSubscribeConcatMap$ConcatMapInnerSubscriber.onNext(OnSubscribeConcatMap.java:335) ~[rxjava-1.3.4.jar:1.3.4]
	at rx.internal.operators.NotificationLite.accept(NotificationLite.java:135) ~[rxjava-1.3.4.jar:1.3.4]
	at rx.internal.operators.OperatorOnBackpressureBuffer$BufferSubscriber.accept(OperatorOnBackpressureBuffer.java:156) ~[rxjava-1.3.4.jar:1.3.4]
	at rx.internal.util.BackpressureDrainManager.drain(BackpressureDrainManager.java:198) ~[rxjava-1.3.4.jar:1.3.4]
	at rx.internal.operators.OperatorOnBackpressureBuffer$BufferSubscriber.onNext(OperatorOnBackpressureBuffer.java:151) ~[rxjava-1.3.4.jar:1.3.4]
	at rx.subjects.PublishSubject$PublishSubjectProducer.onNext(PublishSubject.java:304) ~[rxjava-1.3.4.jar:1.3.4]
	at rx.subjects.PublishSubject$PublishSubjectState.onNext(PublishSubject.java:219) ~[rxjava-1.3.4.jar:1.3.4]
	at rx.subjects.PublishSubject.onNext(PublishSubject.java:72) ~[rxjava-1.3.4.jar:1.3.4]
	at io.viewserver.operators.OutputBase.handleAdd(OutputBase.java:139) ~[classes/:?]
	at io.viewserver.operators.table.Table.addRow(Table.java:81) ~[classes/:?]
	at io.viewserver.operators.table.KeyedTable.addRow(KeyedTable.java:92) ~[classes/:?]
	at io.viewserver.datasource.RecordUtils.actualyAddRecord(RecordUtils.java:51) ~[classes/:?]
	at io.viewserver.datasource.RecordUtils.lambda$addRecordToTableOperator$1(RecordUtils.java:22) ~[classes/:?]
	at io.viewserver.core.ExecutionContext$1.execute(ExecutionContext.java:198) ~[classes/:?]
	at io.viewserver.reactor.EventLoopReactor.executeQueuedJobs(EventLoopReactor.java:185) ~[classes/:?]
	at io.viewserver.reactor.EventLoopReactor.loop(EventLoopReactor.java:157) ~[classes/:?]
	at io.viewserver.reactor.EventLoopReactor.lambda$scheduleLoop$3(EventLoopReactor.java:149) ~[classes/:?]
	at java.util.concurrent.Executors$RunnableAdapter.call(Executors.java:511) [?:1.8.0_171]
	at com.google.common.util.concurrent.TrustedListenableFutureTask$TrustedFutureInterruptibleTask.runInterruptibly(TrustedListenableFutureTask.java:111) [guava-20.0.jar:?]
	at com.google.common.util.concurrent.InterruptibleTask.run(InterruptibleTask.java:58) [guava-20.0.jar:?]
	at com.google.common.util.concurrent.TrustedListenableFutureTask.run(TrustedListenableFutureTask.java:75) [guava-20.0.jar:?]
	at java.util.concurrent.Executors$RunnableAdapter.call(Executors.java:511) [?:1.8.0_171]
	at java.util.concurrent.FutureTask.run$$$capture(FutureTask.java:266) [?:1.8.0_171]
	at java.util.concurrent.FutureTask.run(FutureTask.java) [?:1.8.0_171]
	at java.util.concurrent.ScheduledThreadPoolExecutor$ScheduledFutureTask.access$201(ScheduledThreadPoolExecutor.java:180) [?:1.8.0_171]
	at java.util.concurrent.ScheduledThreadPoolExecutor$ScheduledFutureTask.run(ScheduledThreadPoolExecutor.java:293) [?:1.8.0_171]
	at java.util.concurrent.ThreadPoolExecutor.runWorker(ThreadPoolExecutor.java:1149) [?:1.8.0_171]
	at java.util.concurrent.ThreadPoolExecutor$Worker.run(ThreadPoolExecutor.java:624) [?:1.8.0_171]
	at java.lang.Thread.run(Thread.java:748) [?:1.8.0_171]
04:55:49.891 [reactor-inproc://master1_2018-06-13T19:22:52.800+01:00] INFO  io.viewserver.datasource.RecordUtils - Finished adding record rec to operator /datasources/product/table
04:55:49.891 [reactor-inproc://master1_2018-06-13T19:22:52.800+01:00] INFO  io.viewserver.datasource.RecordUtils - SCHEDULED - Acually adding record rec to operator /datasources/product/table
04:55:49.891 [reactor-inproc://master1_2018-06-13T19:22:52.800+01:00] INFO  io.viewserver.datasource.RecordUtils - Finished adding record rec to operator /datasources/product/table
04:55:49.891 [reactor-inproc://master1_2018-06-13T19:22:52.800+01:00] INFO  io.viewserver.datasource.RecordUtils - SCHEDULED - Acually adding record rec to operator /datasources/product/table
04:55:49.892 [reactor-inproc://master1_2018-06-13T19:22:52.800+01:00] INFO  io.viewserver.datasource.RecordUtils - Finished adding record rec to operator /datasources/product/table
04:55:49.892 [reactor-inproc://master1_2018-06-13T19:22:52.800+01:00] INFO  io.viewserver.datasource.RecordUtils - SCHEDULED - Acually adding record rec to operator /datasources/product/table
04:55:49.892 [reactor-inproc://master1_2018-06-13T19:22:52.800+01:00] INFO  io.viewserver.datasource.RecordUtils - Finished adding record rec to operator /datasources/product/table
04:55:49.892 [reactor-inproc://master1_2018-06-13T19:22:52.800+01:00] INFO  io.viewserver.datasource.RecordUtils - SCHEDULED - Acually adding record rec to operator /datasources/product/table
04:55:49.892 [reactor-inproc://master1_2018-06-13T19:22:52.800+01:00] INFO  io.viewserver.datasource.RecordUtils - Finished adding record rec to operator /datasources/product/table
04:55:49.892 [reactor-inproc://master1_2018-06-13T19:22:52.800+01:00] INFO  io.viewserver.datasource.RecordUtils - SCHEDULED - Acually adding record rec to operator /datasources/product/table
04:55:49.892 [reactor-inproc://master1_2018-06-13T19:22:52.800+01:00] INFO  io.viewserver.datasource.RecordUtils - Finished adding record rec to operator /datasources/product/table
04:55:49.892 [reactor-inproc://master1_2018-06-13T19:22:52.800+01:00] INFO  io.viewserver.datasource.RecordUtils - SCHEDULED - Acually adding record rec to operator /datasources/product/table
04:55:49.892 [reactor-inproc://master1_2018-06-13T19:22:52.800+01:00] INFO  io.viewserver.datasource.RecordUtils - Finished adding record rec to operator /datasources/product/table
04:55:49.892 [reactor-inproc://master1_2018-06-13T19:22:52.800+01:00] INFO  io.viewserver.datasource.RecordUtils - SCHEDULED - Acually adding record rec to operator /datasources/product/table
04:55:49.892 [reactor-inproc://master1_2018-06-13T19:22:52.800+01:00] INFO  io.viewserver.datasource.RecordUtils - Finished adding record rec to operator /datasources/product/table
04:55:49.859 [reactor-inproc://master2_2018-06-13T19:23:01.507+01:00] ERROR com.shotgun.viewserver.servercomponents.UserOrderNotificationComponent - Issue subscribing to report output
java.util.concurrent.RejectedExecutionException: Task java.util.concurrent.ScheduledThreadPoolExecutor$ScheduledFutureTask@23a673ec rejected from java.util.concurrent.ScheduledThreadPoolExecutor@23ae8000[Shutting down, pool size = 1, active threads = 1, queued tasks = 0, completed tasks = 14]
	at java.util.concurrent.ThreadPoolExecutor$AbortPolicy.rejectedExecution(ThreadPoolExecutor.java:2063) ~[?:1.8.0_171]
	at java.util.concurrent.ThreadPoolExecutor.reject(ThreadPoolExecutor.java:830) ~[?:1.8.0_171]
	at java.util.concurrent.ScheduledThreadPoolExecutor.delayedExecute(ScheduledThreadPoolExecutor.java:326) ~[?:1.8.0_171]
	at java.util.concurrent.ScheduledThreadPoolExecutor.schedule(ScheduledThreadPoolExecutor.java:533) ~[?:1.8.0_171]
	at java.util.concurrent.ScheduledThreadPoolExecutor.execute(ScheduledThreadPoolExecutor.java:622) ~[?:1.8.0_171]
	at java.util.concurrent.Executors$DelegatedExecutorService.execute(Executors.java:668) ~[?:1.8.0_171]
	at com.google.common.util.concurrent.MoreExecutors$ListeningDecorator.execute(MoreExecutors.java:530) ~[guava-20.0.jar:?]
	at rx.internal.schedulers.ExecutorScheduler$ExecutorSchedulerWorker.schedule(ExecutorScheduler.java:79) ~[rxjava-1.3.4.jar:1.3.4]
	at rx.internal.operators.OperatorSubscribeOn.call(OperatorSubscribeOn.java:50) ~[rxjava-1.3.4.jar:1.3.4]
	at rx.internal.operators.OperatorSubscribeOn.call(OperatorSubscribeOn.java:30) ~[rxjava-1.3.4.jar:1.3.4]
	at rx.Observable.subscribe(Observable.java:10352) ~[rxjava-1.3.4.jar:1.3.4]
	at rx.Observable.subscribe(Observable.java:10319) ~[rxjava-1.3.4.jar:1.3.4]
	at rx.Observable.subscribe(Observable.java:10159) ~[rxjava-1.3.4.jar:1.3.4]
	at com.shotgun.viewserver.servercomponents.UserOrderNotificationComponent.lambda$null$11(UserOrderNotificationComponent.java:141) ~[classes/:?]
	at rx.internal.util.ActionSubscriber.onNext(ActionSubscriber.java:39) ~[rxjava-1.3.4.jar:1.3.4]
	at rx.observers.SafeSubscriber.onNext(SafeSubscriber.java:134) ~[rxjava-1.3.4.jar:1.3.4]
	at rx.observers.Subscribers$5.onNext(Subscribers.java:235) ~[rxjava-1.3.4.jar:1.3.4]
	at rx.internal.util.ScalarSynchronousObservable$WeakSingleProducer.request(ScalarSynchronousObservable.java:276) ~[rxjava-1.3.4.jar:1.3.4]
	at rx.Subscriber.setProducer(Subscriber.java:209) ~[rxjava-1.3.4.jar:1.3.4]
	at rx.Subscriber.setProducer(Subscriber.java:205) ~[rxjava-1.3.4.jar:1.3.4]
	at rx.Subscriber.setProducer(Subscriber.java:205) ~[rxjava-1.3.4.jar:1.3.4]
	at rx.internal.util.ScalarSynchronousObservable$3.call(ScalarSynchronousObservable.java:233) ~[rxjava-1.3.4.jar:1.3.4]
	at rx.internal.util.ScalarSynchronousObservable$3.call(ScalarSynchronousObservable.java:228) ~[rxjava-1.3.4.jar:1.3.4]
	at rx.Observable.unsafeSubscribe(Observable.java:10256) ~[rxjava-1.3.4.jar:1.3.4]
	at rx.internal.util.ScalarSynchronousObservable$3.call(ScalarSynchronousObservable.java:235) ~[rxjava-1.3.4.jar:1.3.4]
	at rx.internal.util.ScalarSynchronousObservable$3.call(ScalarSynchronousObservable.java:228) ~[rxjava-1.3.4.jar:1.3.4]
	at rx.Observable.subscribe(Observable.java:10352) ~[rxjava-1.3.4.jar:1.3.4]
	at rx.Observable.subscribe(Observable.java:10319) ~[rxjava-1.3.4.jar:1.3.4]
	at rx.Observable.subscribe(Observable.java:10159) ~[rxjava-1.3.4.jar:1.3.4]
	at com.shotgun.viewserver.servercomponents.UserOrderNotificationComponent.lambda$listenForUserProducts$13(UserOrderNotificationComponent.java:140) ~[classes/:?]
	at rx.internal.util.ActionSubscriber.onNext(ActionSubscriber.java:39) ~[rxjava-1.3.4.jar:1.3.4]
	at rx.observers.SafeSubscriber.onNext(SafeSubscriber.java:134) ~[rxjava-1.3.4.jar:1.3.4]
	at rx.internal.operators.OperatorZip$Zip.tick(OperatorZip.java:252) ~[rxjava-1.3.4.jar:1.3.4]
	at rx.internal.operators.OperatorZip$Zip$InnerSubscriber.onNext(OperatorZip.java:323) ~[rxjava-1.3.4.jar:1.3.4]
	at rx.internal.operators.OperatorTake$1.onNext(OperatorTake.java:76) ~[rxjava-1.3.4.jar:1.3.4]
	at rx.internal.operators.OnSubscribeFilter$FilterSubscriber.onNext(OnSubscribeFilter.java:76) ~[rxjava-1.3.4.jar:1.3.4]
	at rx.internal.operators.OperatorObserveOn$ObserveOnSubscriber.call(OperatorObserveOn.java:224) ~[rxjava-1.3.4.jar:1.3.4]
	at rx.internal.schedulers.ScheduledAction.run(ScheduledAction.java:55) ~[rxjava-1.3.4.jar:1.3.4]
	at rx.internal.schedulers.ExecutorScheduler$ExecutorSchedulerWorker.run(ExecutorScheduler.java:107) ~[rxjava-1.3.4.jar:1.3.4]
	at io.viewserver.core.ExecutionContext$1.execute(ExecutionContext.java:198) ~[classes/:?]
	at io.viewserver.reactor.EventLoopReactor.scheduleTask(EventLoopReactor.java:263) ~[classes/:?]
	at io.viewserver.core.ExecutionContext.submit(ExecutionContext.java:195) ~[classes/:?]
	at io.viewserver.operators.rx.RxUtils$1.execute(RxUtils.java:34) ~[classes/:?]
	at rx.internal.schedulers.ExecutorScheduler$ExecutorSchedulerWorker.schedule(ExecutorScheduler.java:79) ~[rxjava-1.3.4.jar:1.3.4]
	at rx.internal.operators.OperatorObserveOn$ObserveOnSubscriber.schedule(OperatorObserveOn.java:188) ~[rxjava-1.3.4.jar:1.3.4]
	at rx.internal.operators.OperatorObserveOn$ObserveOnSubscriber.onNext(OperatorObserveOn.java:163) ~[rxjava-1.3.4.jar:1.3.4]
	at rx.subjects.ReplaySubject$ReplayUnboundedBuffer.drain(ReplaySubject.java:644) ~[rxjava-1.3.4.jar:1.3.4]
	at rx.subjects.ReplaySubject$ReplayProducer.request(ReplaySubject.java:1268) ~[rxjava-1.3.4.jar:1.3.4]
	at rx.Subscriber.setProducer(Subscriber.java:211) ~[rxjava-1.3.4.jar:1.3.4]
	at rx.subjects.ReplaySubject$ReplayState.call(ReplaySubject.java:384) ~[rxjava-1.3.4.jar:1.3.4]
	at rx.subjects.ReplaySubject$ReplayState.call(ReplaySubject.java:360) ~[rxjava-1.3.4.jar:1.3.4]
	at rx.internal.operators.OnSubscribeLift.call(OnSubscribeLift.java:48) ~[rxjava-1.3.4.jar:1.3.4]
	at rx.internal.operators.OnSubscribeLift.call(OnSubscribeLift.java:30) ~[rxjava-1.3.4.jar:1.3.4]
	at rx.Observable.unsafeSubscribe(Observable.java:10256) ~[rxjava-1.3.4.jar:1.3.4]
	at rx.internal.operators.OnSubscribeFilter.call(OnSubscribeFilter.java:45) ~[rxjava-1.3.4.jar:1.3.4]
	at rx.internal.operators.OnSubscribeFilter.call(OnSubscribeFilter.java:30) ~[rxjava-1.3.4.jar:1.3.4]
	at rx.internal.operators.OnSubscribeLift.call(OnSubscribeLift.java:48) ~[rxjava-1.3.4.jar:1.3.4]
	at rx.internal.operators.OnSubscribeLift.call(OnSubscribeLift.java:30) ~[rxjava-1.3.4.jar:1.3.4]
	at rx.Observable.unsafeSubscribe(Observable.java:10256) ~[rxjava-1.3.4.jar:1.3.4]
	at rx.internal.operators.OperatorZip$Zip.start(OperatorZip.java:202) ~[rxjava-1.3.4.jar:1.3.4]
	at rx.internal.operators.OperatorZip$ZipSubscriber.onNext(OperatorZip.java:143) ~[rxjava-1.3.4.jar:1.3.4]
	at rx.internal.operators.OperatorZip$ZipSubscriber.onNext(OperatorZip.java:109) ~[rxjava-1.3.4.jar:1.3.4]
	at rx.internal.util.ScalarSynchronousObservable$WeakSingleProducer.request(ScalarSynchronousObservable.java:276) ~[rxjava-1.3.4.jar:1.3.4]
	at rx.Subscriber.setProducer(Subscriber.java:209) ~[rxjava-1.3.4.jar:1.3.4]
	at rx.internal.util.ScalarSynchronousObservable$JustOnSubscribe.call(ScalarSynchronousObservable.java:138) ~[rxjava-1.3.4.jar:1.3.4]
	at rx.internal.util.ScalarSynchronousObservable$JustOnSubscribe.call(ScalarSynchronousObservable.java:129) ~[rxjava-1.3.4.jar:1.3.4]
	at rx.internal.operators.OnSubscribeLift.call(OnSubscribeLift.java:48) ~[rxjava-1.3.4.jar:1.3.4]
	at rx.internal.operators.OnSubscribeLift.call(OnSubscribeLift.java:30) ~[rxjava-1.3.4.jar:1.3.4]
	at rx.Observable.subscribe(Observable.java:10352) ~[rxjava-1.3.4.jar:1.3.4]
	at rx.Observable.subscribe(Observable.java:10319) ~[rxjava-1.3.4.jar:1.3.4]
	at rx.Observable.subscribe(Observable.java:10124) ~[rxjava-1.3.4.jar:1.3.4]
	at com.shotgun.viewserver.servercomponents.UserOrderNotificationComponent.listenForUserProducts(UserOrderNotificationComponent.java:132) ~[classes/:?]
	at com.shotgun.viewserver.servercomponents.UserOrderNotificationComponent.onUserAdded(UserOrderNotificationComponent.java:119) ~[classes/:?]
	at com.shotgun.viewserver.servercomponents.UserOrderNotificationComponent.lambda$listenForUsers$2(UserOrderNotificationComponent.java:97) ~[classes/:?]
	at rx.internal.util.ActionSubscriber.onNext(ActionSubscriber.java:39) ~[rxjava-1.3.4.jar:1.3.4]
	at rx.observers.SafeSubscriber.onNext(SafeSubscriber.java:134) ~[rxjava-1.3.4.jar:1.3.4]
	at rx.internal.operators.OnSubscribeFilter$FilterSubscriber.onNext(OnSubscribeFilter.java:76) ~[rxjava-1.3.4.jar:1.3.4]
	at rx.observers.SerializedObserver.onNext(SerializedObserver.java:91) ~[rxjava-1.3.4.jar:1.3.4]
	at rx.observers.SerializedSubscriber.onNext(SerializedSubscriber.java:94) ~[rxjava-1.3.4.jar:1.3.4]
	at rx.internal.operators.OnSubscribeConcatMap$ConcatMapSubscriber.innerNext(OnSubscribeConcatMap.java:182) ~[rxjava-1.3.4.jar:1.3.4]
	at rx.internal.operators.OnSubscribeConcatMap$ConcatMapInnerSubscriber.onNext(OnSubscribeConcatMap.java:335) ~[rxjava-1.3.4.jar:1.3.4]
	at rx.internal.operators.NotificationLite.accept(NotificationLite.java:135) ~[rxjava-1.3.4.jar:1.3.4]
	at rx.internal.operators.OperatorOnBackpressureBuffer$BufferSubscriber.accept(OperatorOnBackpressureBuffer.java:156) ~[rxjava-1.3.4.jar:1.3.4]
	at rx.internal.util.BackpressureDrainManager.drain(BackpressureDrainManager.java:198) ~[rxjava-1.3.4.jar:1.3.4]
	at rx.internal.operators.OperatorOnBackpressureBuffer$BufferSubscriber.onNext(OperatorOnBackpressureBuffer.java:151) ~[rxjava-1.3.4.jar:1.3.4]
	at rx.subjects.PublishSubject$PublishSubjectProducer.onNext(PublishSubject.java:304) ~[rxjava-1.3.4.jar:1.3.4]
	at rx.subjects.PublishSubject$PublishSubjectState.onNext(PublishSubject.java:219) ~[rxjava-1.3.4.jar:1.3.4]
	at rx.subjects.PublishSubject.onNext(PublishSubject.java:72) ~[rxjava-1.3.4.jar:1.3.4]
	at io.viewserver.operators.OutputBase.handleAdd(OutputBase.java:139) ~[classes/:?]
	at io.viewserver.operators.table.Table.addRow(Table.java:81) ~[classes/:?]
	at io.viewserver.operators.table.KeyedTable.addRow(KeyedTable.java:92) ~[classes/:?]
	at io.viewserver.datasource.RecordUtils.actualyAddRecord(RecordUtils.java:51) ~[classes/:?]
	at io.viewserver.datasource.RecordUtils.lambda$addRecordToTableOperator$1(RecordUtils.java:22) ~[classes/:?]
	at io.viewserver.core.ExecutionContext$1.execute(ExecutionContext.java:198) ~[classes/:?]
	at io.viewserver.reactor.EventLoopReactor.executeQueuedJobs(EventLoopReactor.java:185) ~[classes/:?]
	at io.viewserver.reactor.EventLoopReactor.loop(EventLoopReactor.java:157) ~[classes/:?]
	at io.viewserver.reactor.EventLoopReactor.lambda$scheduleLoop$3(EventLoopReactor.java:149) ~[classes/:?]
	at java.util.concurrent.Executors$RunnableAdapter.call(Executors.java:511) [?:1.8.0_171]
	at com.google.common.util.concurrent.TrustedListenableFutureTask$TrustedFutureInterruptibleTask.runInterruptibly(TrustedListenableFutureTask.java:111) [guava-20.0.jar:?]
	at com.google.common.util.concurrent.InterruptibleTask.run(InterruptibleTask.java:58) [guava-20.0.jar:?]
	at com.google.common.util.concurrent.TrustedListenableFutureTask.run(TrustedListenableFutureTask.java:75) [guava-20.0.jar:?]
	at java.util.concurrent.Executors$RunnableAdapter.call(Executors.java:511) [?:1.8.0_171]
	at java.util.concurrent.FutureTask.run$$$capture(FutureTask.java:266) [?:1.8.0_171]
	at java.util.concurrent.FutureTask.run(FutureTask.java) [?:1.8.0_171]
	at java.util.concurrent.ScheduledThreadPoolExecutor$ScheduledFutureTask.access$201(ScheduledThreadPoolExecutor.java:180) [?:1.8.0_171]
	at java.util.concurrent.ScheduledThreadPoolExecutor$ScheduledFutureTask.run(ScheduledThreadPoolExecutor.java:293) [?:1.8.0_171]
	at java.util.concurrent.ThreadPoolExecutor.runWorker(ThreadPoolExecutor.java:1149) [?:1.8.0_171]
	at java.util.concurrent.ThreadPoolExecutor$Worker.run(ThreadPoolExecutor.java:624) [?:1.8.0_171]
	at java.lang.Thread.run(Thread.java:748) [?:1.8.0_171]
04:55:49.901 [reactor-inproc://master3_2018-06-13T19:23:01.597+01:00] INFO  io.viewserver.datasource.RecordUtils - Finished adding record rec to operator /datasources/user/table
04:55:49.901 [reactor-inproc://master2_2018-06-13T19:23:01.507+01:00] INFO  io.viewserver.datasource.RecordUtils - Finished adding record rec to operator /datasources/user/table
04:55:49.892 [reactor-inproc://master1_2018-06-13T19:22:52.800+01:00] INFO  io.viewserver.datasource.RecordUtils - SCHEDULED - Acually adding record rec to operator /datasources/product/table
04:55:49.903 [reactor-inproc://master1_2018-06-13T19:22:52.800+01:00] INFO  io.viewserver.datasource.RecordUtils - Finished adding record rec to operator /datasources/product/table
04:55:49.903 [reactor-inproc://master1_2018-06-13T19:22:52.800+01:00] INFO  io.viewserver.datasource.RecordUtils - SCHEDULED - Acually adding record rec to operator /datasources/product/table
04:55:49.904 [reactor-inproc://master1_2018-06-13T19:22:52.800+01:00] INFO  io.viewserver.datasource.RecordUtils - Finished adding record rec to operator /datasources/product/table
04:55:49.904 [reactor-inproc://master1_2018-06-13T19:22:52.800+01:00] INFO  io.viewserver.datasource.RecordUtils - SCHEDULED - Acually adding record rec to operator /datasources/product/table
04:55:49.904 [reactor-inproc://master1_2018-06-13T19:22:52.800+01:00] INFO  io.viewserver.datasource.RecordUtils - Finished adding record rec to operator /datasources/product/table
04:55:49.904 [reactor-inproc://master1_2018-06-13T19:22:52.800+01:00] INFO  io.viewserver.datasource.RecordUtils - SCHEDULED - Acually adding record rec to operator /datasources/product/table
04:55:49.904 [reactor-inproc://master1_2018-06-13T19:22:52.800+01:00] INFO  io.viewserver.datasource.RecordUtils - Finished adding record rec to operator /datasources/product/table
04:55:49.904 [reactor-inproc://master1_2018-06-13T19:22:52.800+01:00] INFO  io.viewserver.datasource.RecordUtils - SCHEDULED - Acually adding record rec to operator /datasources/product/table
04:55:49.904 [reactor-inproc://master1_2018-06-13T19:22:52.800+01:00] INFO  io.viewserver.datasource.RecordUtils - Finished adding record rec to operator /datasources/product/table
04:55:49.905 [reactor-inproc://master1_2018-06-13T19:22:52.800+01:00] INFO  io.viewserver.datasource.RecordUtils - SCHEDULED - Acually adding record rec to operator /datasources/product/table
04:55:49.905 [reactor-inproc://master1_2018-06-13T19:22:52.800+01:00] INFO  io.viewserver.datasource.RecordUtils - Finished adding record rec to operator /datasources/product/table
04:55:49.905 [reactor-inproc://master1_2018-06-13T19:22:52.800+01:00] INFO  io.viewserver.reactor.ReactorMonitor - Reactor inproc://master1_2018-06-13T19:22:52.800+01:00 came back!
04:55:49.906 [reactor-inproc://master1_2018-06-13T19:22:52.800+01:00] INFO  io.viewserver.server.components.NettyBasicServerComponent - Memory used: 79118992; Free memory: 157334896; Max memory: 1908932608
